-- The C compiler identification is GNU 11.4.0
-- The CXX compiler identification is GNU 11.4.0
-- Detecting C compiler ABI info
-- Detecting C compiler ABI info - done
-- Check for working C compiler: /usr/bin/cc - skipped
-- Detecting C compile features
-- Detecting C compile features - done
-- Detecting CXX compiler ABI info
-- Detecting CXX compiler ABI info - done
-- Check for working CXX compiler: /usr/bin/c++ - skipped
-- Detecting CXX compile features
-- Detecting CXX compile features - done
-- Found ament_cmake: 1.3.12 (/opt/ros/humble/share/ament_cmake/cmake)
-- Found Python3: /usr/bin/python3 (found version "3.10.12") found components: Interpreter 
-- Override CMake install command with custom implementation using symlinks instead of copying resources
-- Found rclcpp: 16.0.15 (/opt/ros/humble/share/rclcpp/cmake)
-- Found rosidl_generator_c: 3.1.7 (/opt/ros/humble/share/rosidl_generator_c/cmake)
-- Found rosidl_adapter: 3.1.7 (/opt/ros/humble/share/rosidl_adapter/cmake)
-- Found rosidl_generator_cpp: 3.1.7 (/opt/ros/humble/share/rosidl_generator_cpp/cmake)
-- Using all available rosidl_typesupport_c: rosidl_typesupport_fastrtps_c;rosidl_typesupport_introspection_c
-- Using all available rosidl_typesupport_cpp: rosidl_typesupport_fastrtps_cpp;rosidl_typesupport_introspection_cpp
-- Found rmw_implementation_cmake: 6.1.2 (/opt/ros/humble/share/rmw_implementation_cmake/cmake)
-- Found rmw_fastrtps_cpp: 6.2.8 (/opt/ros/humble/share/rmw_fastrtps_cpp/cmake)
-- Found OpenSSL: /usr/lib/x86_64-linux-gnu/libcrypto.so (found version "3.0.2")  
-- Found FastRTPS: /opt/ros/humble/include  
-- Using RMW implementation 'rmw_fastrtps_cpp' as default
-- Looking for pthread.h
-- Looking for pthread.h - found
-- Performing Test CMAKE_HAVE_LIBC_PTHREAD
-- Performing Test CMAKE_HAVE_LIBC_PTHREAD - Success
-- Found Threads: TRUE  
-- Found ad_msgs: 0.0.0 (/home/joon/mission_hard/mission_hard/install/ad_msgs/share/ad_msgs/cmake)
-- Found tf2: 0.25.16 (/opt/ros/humble/share/tf2/cmake)
-- Found tf2_ros: 0.25.16 (/opt/ros/humble/share/tf2_ros/cmake)
-- Configuring done
-- Generating done
-- Build files have been written to: /home/joon/mission_hard/mission_hard/build/autonomous_driving
[ 33%] [32mBuilding CXX object CMakeFiles/autonomous_driving.dir/src/autonomous_driving_node.cpp.o[0m
[ 66%] [32mBuilding CXX object CMakeFiles/autonomous_driving.dir/src/lane_processor.cpp.o[0m
[01m[K/home/joon/mission_hard/mission_hard/src/app/autonomous_driving/src/lane_processor.cpp:[m[K In member function ‘[01m[Kinterface::PolyfitLanes lane_processor::LaneProcessor::ProcessRecoveryMode(const interface::Lane&, const interface::VehicleState&)[m[K’:
[01m[K/home/joon/mission_hard/mission_hard/src/app/autonomous_driving/src/lane_processor.cpp:441:26:[m[K [01;31m[Kerror: [m[K‘[01m[Kstruct interface::PolyfitLane[m[K’ has no member named ‘[01m[Kx_start[m[K’
  441 |         ego_center_lane_.[01;31m[Kx_start[m[K =
      |                          [01;31m[K^~~~~~~[m[K
[01m[K/home/joon/mission_hard/mission_hard/src/app/autonomous_driving/src/lane_processor.cpp:442:37:[m[K [01;31m[Kerror: [m[K‘[01m[Kstruct interface::PolyfitLane[m[K’ has no member named ‘[01m[Kx_start[m[K’
  442 |             std::max(lane2_polyfit_.[01;31m[Kx_start[m[K, lane3_polyfit_.x_start);
      |                                     [01;31m[K^~~~~~~[m[K
[01m[K/home/joon/mission_hard/mission_hard/src/app/autonomous_driving/src/lane_processor.cpp:442:61:[m[K [01;31m[Kerror: [m[K‘[01m[Kstruct interface::PolyfitLane[m[K’ has no member named ‘[01m[Kx_start[m[K’
  442 |             std::max(lane2_polyfit_.x_start, lane3_polyfit_.[01;31m[Kx_start[m[K);
      |                                                             [01;31m[K^~~~~~~[m[K
[01m[K/home/joon/mission_hard/mission_hard/src/app/autonomous_driving/src/lane_processor.cpp:443:26:[m[K [01;31m[Kerror: [m[K‘[01m[Kstruct interface::PolyfitLane[m[K’ has no member named ‘[01m[Kx_end[m[K’
  443 |         ego_center_lane_.[01;31m[Kx_end[m[K =
      |                          [01;31m[K^~~~~[m[K
[01m[K/home/joon/mission_hard/mission_hard/src/app/autonomous_driving/src/lane_processor.cpp:444:37:[m[K [01;31m[Kerror: [m[K‘[01m[Kstruct interface::PolyfitLane[m[K’ has no member named ‘[01m[Kx_end[m[K’
  444 |             std::min(lane2_polyfit_.[01;31m[Kx_end[m[K, lane3_polyfit_.x_end);
      |                                     [01;31m[K^~~~~[m[K
[01m[K/home/joon/mission_hard/mission_hard/src/app/autonomous_driving/src/lane_processor.cpp:444:59:[m[K [01;31m[Kerror: [m[K‘[01m[Kstruct interface::PolyfitLane[m[K’ has no member named ‘[01m[Kx_end[m[K’
  444 |             std::min(lane2_polyfit_.x_end, lane3_polyfit_.[01;31m[Kx_end[m[K);
      |                                                           [01;31m[K^~~~~[m[K
[01m[K/home/joon/mission_hard/mission_hard/src/app/autonomous_driving/src/lane_processor.cpp:[m[K In member function ‘[01m[Kvoid lane_processor::LaneProcessor::ExtrapolateLane(const interface::PolyfitLane&, const interface::PolyfitLane&, interface::PolyfitLane&)[m[K’:
[01m[K/home/joon/mission_hard/mission_hard/src/app/autonomous_driving/src/lane_processor.cpp:795:47:[m[K [01;31m[Kerror: [m[K‘[01m[Kconst struct interface::PolyfitLane[m[K’ has no member named ‘[01m[Kx_start[m[K’
  795 |     double x_range_start = std::max(base_lane.[01;31m[Kx_start[m[K, reference_lane.x_start);
      |                                               [01;31m[K^~~~~~~[m[K
[01m[K/home/joon/mission_hard/mission_hard/src/app/autonomous_driving/src/lane_processor.cpp:795:71:[m[K [01;31m[Kerror: [m[K‘[01m[Kconst struct interface::PolyfitLane[m[K’ has no member named ‘[01m[Kx_start[m[K’
  795 |     double x_range_start = std::max(base_lane.x_start, reference_lane.[01;31m[Kx_start[m[K);
      |                                                                       [01;31m[K^~~~~~~[m[K
[01m[K/home/joon/mission_hard/mission_hard/src/app/autonomous_driving/src/lane_processor.cpp:796:45:[m[K [01;31m[Kerror: [m[K‘[01m[Kconst struct interface::PolyfitLane[m[K’ has no member named ‘[01m[Kx_end[m[K’
  796 |     double x_range_end = std::min(base_lane.[01;31m[Kx_end[m[K, reference_lane.x_end);
      |                                             [01;31m[K^~~~~[m[K
[01m[K/home/joon/mission_hard/mission_hard/src/app/autonomous_driving/src/lane_processor.cpp:796:67:[m[K [01;31m[Kerror: [m[K‘[01m[Kconst struct interface::PolyfitLane[m[K’ has no member named ‘[01m[Kx_end[m[K’
  796 |     double x_range_end = std::min(base_lane.x_end, reference_lane.[01;31m[Kx_end[m[K);
      |                                                                   [01;31m[K^~~~~[m[K
[01m[K/home/joon/mission_hard/mission_hard/src/app/autonomous_driving/src/lane_processor.cpp:801:44:[m[K [01;31m[Kerror: [m[K‘[01m[Kconst struct interface::PolyfitLane[m[K’ has no member named ‘[01m[Kx_start[m[K’
  801 |         x_range_start = std::min(base_lane.[01;31m[Kx_start[m[K, reference_lane.x_start);
      |                                            [01;31m[K^~~~~~~[m[K
[01m[K/home/joon/mission_hard/mission_hard/src/app/autonomous_driving/src/lane_processor.cpp:801:68:[m[K [01;31m[Kerror: [m[K‘[01m[Kconst struct interface::PolyfitLane[m[K’ has no member named ‘[01m[Kx_start[m[K’
  801 |         x_range_start = std::min(base_lane.x_start, reference_lane.[01;31m[Kx_start[m[K);
      |                                                                    [01;31m[K^~~~~~~[m[K
[01m[K/home/joon/mission_hard/mission_hard/src/app/autonomous_driving/src/lane_processor.cpp:802:42:[m[K [01;31m[Kerror: [m[K‘[01m[Kconst struct interface::PolyfitLane[m[K’ has no member named ‘[01m[Kx_end[m[K’
  802 |         x_range_end = std::max(base_lane.[01;31m[Kx_end[m[K, reference_lane.x_end);
      |                                          [01;31m[K^~~~~[m[K
[01m[K/home/joon/mission_hard/mission_hard/src/app/autonomous_driving/src/lane_processor.cpp:802:64:[m[K [01;31m[Kerror: [m[K‘[01m[Kconst struct interface::PolyfitLane[m[K’ has no member named ‘[01m[Kx_end[m[K’
  802 |         x_range_end = std::max(base_lane.x_end, reference_lane.[01;31m[Kx_end[m[K);
      |                                                                [01;31m[K^~~~~[m[K
[01m[K/home/joon/mission_hard/mission_hard/src/app/autonomous_driving/src/lane_processor.cpp:805:17:[m[K [01;31m[Kerror: [m[K‘[01m[Kstruct interface::PolyfitLane[m[K’ has no member named ‘[01m[Kx_start[m[K’
  805 |     target_lane.[01;31m[Kx_start[m[K = x_range_start;
      |                 [01;31m[K^~~~~~~[m[K
[01m[K/home/joon/mission_hard/mission_hard/src/app/autonomous_driving/src/lane_processor.cpp:806:17:[m[K [01;31m[Kerror: [m[K‘[01m[Kstruct interface::PolyfitLane[m[K’ has no member named ‘[01m[Kx_end[m[K’
  806 |     target_lane.[01;31m[Kx_end[m[K = x_range_end;
      |                 [01;31m[K^~~~~[m[K
[01m[K/home/joon/mission_hard/mission_hard/src/app/autonomous_driving/src/lane_processor.cpp:[m[K In member function ‘[01m[Kvoid lane_processor::LaneProcessor::ExtrapolateLane2(const interface::PolyfitLane&, const interface::PolyfitLane&, interface::PolyfitLane&)[m[K’:
[01m[K/home/joon/mission_hard/mission_hard/src/app/autonomous_driving/src/lane_processor.cpp:837:47:[m[K [01;31m[Kerror: [m[K‘[01m[Kconst struct interface::PolyfitLane[m[K’ has no member named ‘[01m[Kx_start[m[K’
  837 |     double x_range_start = std::max(base_lane.[01;31m[Kx_start[m[K, reference_lane.x_start);
      |                                               [01;31m[K^~~~~~~[m[K
[01m[K/home/joon/mission_hard/mission_hard/src/app/autonomous_driving/src/lane_processor.cpp:837:71:[m[K [01;31m[Kerror: [m[K‘[01m[Kconst struct interface::PolyfitLane[m[K’ has no member named ‘[01m[Kx_start[m[K’
  837 |     double x_range_start = std::max(base_lane.x_start, reference_lane.[01;31m[Kx_start[m[K);
      |                                                                       [01;31m[K^~~~~~~[m[K
[01m[K/home/joon/mission_hard/mission_hard/src/app/autonomous_driving/src/lane_processor.cpp:838:45:[m[K [01;31m[Kerror: [m[K‘[01m[Kconst struct interface::PolyfitLane[m[K’ has no member named ‘[01m[Kx_end[m[K’
  838 |     double x_range_end = std::min(base_lane.[01;31m[Kx_end[m[K, reference_lane.x_end);
      |                                             [01;31m[K^~~~~[m[K
[01m[K/home/joon/mission_hard/mission_hard/src/app/autonomous_driving/src/lane_processor.cpp:838:67:[m[K [01;31m[Kerror: [m[K‘[01m[Kconst struct interface::PolyfitLane[m[K’ has no member named ‘[01m[Kx_end[m[K’
  838 |     double x_range_end = std::min(base_lane.x_end, reference_lane.[01;31m[Kx_end[m[K);
      |                                                                   [01;31m[K^~~~~[m[K
[01m[K/home/joon/mission_hard/mission_hard/src/app/autonomous_driving/src/lane_processor.cpp:843:44:[m[K [01;31m[Kerror: [m[K‘[01m[Kconst struct interface::PolyfitLane[m[K’ has no member named ‘[01m[Kx_start[m[K’
  843 |         x_range_start = std::min(base_lane.[01;31m[Kx_start[m[K, reference_lane.x_start);
      |                                            [01;31m[K^~~~~~~[m[K
[01m[K/home/joon/mission_hard/mission_hard/src/app/autonomous_driving/src/lane_processor.cpp:843:68:[m[K [01;31m[Kerror: [m[K‘[01m[Kconst struct interface::PolyfitLane[m[K’ has no member named ‘[01m[Kx_start[m[K’
  843 |         x_range_start = std::min(base_lane.x_start, reference_lane.[01;31m[Kx_start[m[K);
      |                                                                    [01;31m[K^~~~~~~[m[K
[01m[K/home/joon/mission_hard/mission_hard/src/app/autonomous_driving/src/lane_processor.cpp:844:42:[m[K [01;31m[Kerror: [m[K‘[01m[Kconst struct interface::PolyfitLane[m[K’ has no member named ‘[01m[Kx_end[m[K’
  844 |         x_range_end = std::max(base_lane.[01;31m[Kx_end[m[K, reference_lane.x_end);
      |                                          [01;31m[K^~~~~[m[K
[01m[K/home/joon/mission_hard/mission_hard/src/app/autonomous_driving/src/lane_processor.cpp:844:64:[m[K [01;31m[Kerror: [m[K‘[01m[Kconst struct interface::PolyfitLane[m[K’ has no member named ‘[01m[Kx_end[m[K’
  844 |         x_range_end = std::max(base_lane.x_end, reference_lane.[01;31m[Kx_end[m[K);
      |                                                                [01;31m[K^~~~~[m[K
[01m[K/home/joon/mission_hard/mission_hard/src/app/autonomous_driving/src/lane_processor.cpp:847:17:[m[K [01;31m[Kerror: [m[K‘[01m[Kstruct interface::PolyfitLane[m[K’ has no member named ‘[01m[Kx_start[m[K’
  847 |     target_lane.[01;31m[Kx_start[m[K = x_range_start;
      |                 [01;31m[K^~~~~~~[m[K
[01m[K/home/joon/mission_hard/mission_hard/src/app/autonomous_driving/src/lane_processor.cpp:848:17:[m[K [01;31m[Kerror: [m[K‘[01m[Kstruct interface::PolyfitLane[m[K’ has no member named ‘[01m[Kx_end[m[K’
  848 |     target_lane.[01;31m[Kx_end[m[K = x_range_end;
      |                 [01;31m[K^~~~~[m[K
[01m[K/home/joon/mission_hard/mission_hard/src/app/autonomous_driving/src/lane_processor.cpp:[m[K In member function ‘[01m[Kvoid lane_processor::LaneProcessor::FitLanePolynomials(const interface::VehicleState&)[m[K’:
[01m[K/home/joon/mission_hard/mission_hard/src/app/autonomous_driving/src/lane_processor.cpp:1248:28:[m[K [01;31m[Kerror: [m[K‘[01m[Kstruct interface::PolyfitLane[m[K’ has no member named ‘[01m[Kx_start[m[K’
 1248 |             lane2_polyfit_.[01;31m[Kx_start[m[K = std::max(lane1_polyfit_.x_start, lane3_polyfit_.x_start);
      |                            [01;31m[K^~~~~~~[m[K
[01m[K/home/joon/mission_hard/mission_hard/src/app/autonomous_driving/src/lane_processor.cpp:1248:62:[m[K [01;31m[Kerror: [m[K‘[01m[Kstruct interface::PolyfitLane[m[K’ has no member named ‘[01m[Kx_start[m[K’
 1248 |             lane2_polyfit_.x_start = std::max(lane1_polyfit_.[01;31m[Kx_start[m[K, lane3_polyfit_.x_start);
      |                                                              [01;31m[K^~~~~~~[m[K
[01m[K/home/joon/mission_hard/mission_hard/src/app/autonomous_driving/src/lane_processor.cpp:1248:86:[m[K [01;31m[Kerror: [m[K‘[01m[Kstruct interface::PolyfitLane[m[K’ has no member named ‘[01m[Kx_start[m[K’
 1248 |             lane2_polyfit_.x_start = std::max(lane1_polyfit_.x_start, lane3_polyfit_.[01;31m[Kx_start[m[K);
      |                                                                                      [01;31m[K^~~~~~~[m[K
[01m[K/home/joon/mission_hard/mission_hard/src/app/autonomous_driving/src/lane_processor.cpp:1249:28:[m[K [01;31m[Kerror: [m[K‘[01m[Kstruct interface::PolyfitLane[m[K’ has no member named ‘[01m[Kx_end[m[K’
 1249 |             lane2_polyfit_.[01;31m[Kx_end[m[K = std::min(lane1_polyfit_.x_end, lane3_polyfit_.x_end);
      |                            [01;31m[K^~~~~[m[K
[01m[K/home/joon/mission_hard/mission_hard/src/app/autonomous_driving/src/lane_processor.cpp:1249:60:[m[K [01;31m[Kerror: [m[K‘[01m[Kstruct interface::PolyfitLane[m[K’ has no member named ‘[01m[Kx_end[m[K’
 1249 |             lane2_polyfit_.x_end = std::min(lane1_polyfit_.[01;31m[Kx_end[m[K, lane3_polyfit_.x_end);
      |                                                            [01;31m[K^~~~~[m[K
[01m[K/home/joon/mission_hard/mission_hard/src/app/autonomous_driving/src/lane_processor.cpp:1249:82:[m[K [01;31m[Kerror: [m[K‘[01m[Kstruct interface::PolyfitLane[m[K’ has no member named ‘[01m[Kx_end[m[K’
 1249 |             lane2_polyfit_.x_end = std::min(lane1_polyfit_.x_end, lane3_polyfit_.[01;31m[Kx_end[m[K);
      |                                                                                  [01;31m[K^~~~~[m[K
[01m[K/home/joon/mission_hard/mission_hard/src/app/autonomous_driving/src/lane_processor.cpp:1270:28:[m[K [01;31m[Kerror: [m[K‘[01m[Kstruct interface::PolyfitLane[m[K’ has no member named ‘[01m[Kx_start[m[K’
 1270 |             lane3_polyfit_.[01;31m[Kx_start[m[K = std::max(lane2_polyfit_.x_start, lane4_polyfit_.x_start);
      |                            [01;31m[K^~~~~~~[m[K
[01m[K/home/joon/mission_hard/mission_hard/src/app/autonomous_driving/src/lane_processor.cpp:1270:62:[m[K [01;31m[Kerror: [m[K‘[01m[Kstruct interface::PolyfitLane[m[K’ has no member named ‘[01m[Kx_start[m[K’
 1270 |             lane3_polyfit_.x_start = std::max(lane2_polyfit_.[01;31m[Kx_start[m[K, lane4_polyfit_.x_start);
      |                                                              [01;31m[K^~~~~~~[m[K
[01m[K/home/joon/mission_hard/mission_hard/src/app/autonomous_driving/src/lane_processor.cpp:1270:86:[m[K [01;31m[Kerror: [m[K‘[01m[Kstruct interface::PolyfitLane[m[K’ has no member named ‘[01m[Kx_start[m[K’
 1270 |             lane3_polyfit_.x_start = std::max(lane2_polyfit_.x_start, lane4_polyfit_.[01;31m[Kx_start[m[K);
      |                                                                                      [01;31m[K^~~~~~~[m[K
[01m[K/home/joon/mission_hard/mission_hard/src/app/autonomous_driving/src/lane_processor.cpp:1271:28:[m[K [01;31m[Kerror: [m[K‘[01m[Kstruct interface::PolyfitLane[m[K’ has no member named ‘[01m[Kx_end[m[K’
 1271 |             lane3_polyfit_.[01;31m[Kx_end[m[K = std::min(lane2_polyfit_.x_end, lane4_polyfit_.x_end);
      |                            [01;31m[K^~~~~[m[K
[01m[K/home/joon/mission_hard/mission_hard/src/app/autonomous_driving/src/lane_processor.cpp:1271:60:[m[K [01;31m[Kerror: [m[K‘[01m[Kstruct interface::PolyfitLane[m[K’ has no member named ‘[01m[Kx_end[m[K’
 1271 |             lane3_polyfit_.x_end = std::min(lane2_polyfit_.[01;31m[Kx_end[m[K, lane4_polyfit_.x_end);
      |                                                            [01;31m[K^~~~~[m[K
[01m[K/home/joon/mission_hard/mission_hard/src/app/autonomous_driving/src/lane_processor.cpp:1271:82:[m[K [01;31m[Kerror: [m[K‘[01m[Kstruct interface::PolyfitLane[m[K’ has no member named ‘[01m[Kx_end[m[K’
 1271 |             lane3_polyfit_.x_end = std::min(lane2_polyfit_.x_end, lane4_polyfit_.[01;31m[Kx_end[m[K);
      |                                                                                  [01;31m[K^~~~~[m[K
[01m[K/home/joon/mission_hard/mission_hard/src/app/autonomous_driving/src/lane_processor.cpp:1282:28:[m[K [01;31m[Kerror: [m[K‘[01m[Kstruct interface::PolyfitLane[m[K’ has no member named ‘[01m[Kx_start[m[K’
 1282 |             lane2_polyfit_.[01;31m[Kx_start[m[K = std::max(lane1_polyfit_.x_start, lane4_polyfit_.x_start);
      |                            [01;31m[K^~~~~~~[m[K
[01m[K/home/joon/mission_hard/mission_hard/src/app/autonomous_driving/src/lane_processor.cpp:1282:62:[m[K [01;31m[Kerror: [m[K‘[01m[Kstruct interface::PolyfitLane[m[K’ has no member named ‘[01m[Kx_start[m[K’
 1282 |             lane2_polyfit_.x_start = std::max(lane1_polyfit_.[01;31m[Kx_start[m[K, lane4_polyfit_.x_start);
      |                                                              [01;31m[K^~~~~~~[m[K
[01m[K/home/joon/mission_hard/mission_hard/src/app/autonomous_driving/src/lane_processor.cpp:1282:86:[m[K [01;31m[Kerror: [m[K‘[01m[Kstruct interface::PolyfitLane[m[K’ has no member named ‘[01m[Kx_start[m[K’
 1282 |             lane2_polyfit_.x_start = std::max(lane1_polyfit_.x_start, lane4_polyfit_.[01;31m[Kx_start[m[K);
      |                                                                                      [01;31m[K^~~~~~~[m[K
[01m[K/home/joon/mission_hard/mission_hard/src/app/autonomous_driving/src/lane_processor.cpp:1283:28:[m[K [01;31m[Kerror: [m[K‘[01m[Kstruct interface::PolyfitLane[m[K’ has no member named ‘[01m[Kx_end[m[K’
 1283 |             lane2_polyfit_.[01;31m[Kx_end[m[K = std::min(lane1_polyfit_.x_end, lane4_polyfit_.x_end);
      |                            [01;31m[K^~~~~[m[K
[01m[K/home/joon/mission_hard/mission_hard/src/app/autonomous_driving/src/lane_processor.cpp:1283:60:[m[K [01;31m[Kerror: [m[K‘[01m[Kstruct interface::PolyfitLane[m[K’ has no member named ‘[01m[Kx_end[m[K’
 1283 |             lane2_polyfit_.x_end = std::min(lane1_polyfit_.[01;31m[Kx_end[m[K, lane4_polyfit_.x_end);
      |                                                            [01;31m[K^~~~~[m[K
[01m[K/home/joon/mission_hard/mission_hard/src/app/autonomous_driving/src/lane_processor.cpp:1283:82:[m[K [01;31m[Kerror: [m[K‘[01m[Kstruct interface::PolyfitLane[m[K’ has no member named ‘[01m[Kx_end[m[K’
 1283 |             lane2_polyfit_.x_end = std::min(lane1_polyfit_.x_end, lane4_polyfit_.[01;31m[Kx_end[m[K);
      |                                                                                  [01;31m[K^~~~~[m[K
[01m[K/home/joon/mission_hard/mission_hard/src/app/autonomous_driving/src/lane_processor.cpp:1291:28:[m[K [01;31m[Kerror: [m[K‘[01m[Kstruct interface::PolyfitLane[m[K’ has no member named ‘[01m[Kx_start[m[K’
 1291 |             lane3_polyfit_.[01;31m[Kx_start[m[K = std::max(lane1_polyfit_.x_start, lane4_polyfit_.x_start);
      |                            [01;31m[K^~~~~~~[m[K
[01m[K/home/joon/mission_hard/mission_hard/src/app/autonomous_driving/src/lane_processor.cpp:1291:62:[m[K [01;31m[Kerror: [m[K‘[01m[Kstruct interface::PolyfitLane[m[K’ has no member named ‘[01m[Kx_start[m[K’
 1291 |             lane3_polyfit_.x_start = std::max(lane1_polyfit_.[01;31m[Kx_start[m[K, lane4_polyfit_.x_start);
      |                                                              [01;31m[K^~~~~~~[m[K
[01m[K/home/joon/mission_hard/mission_hard/src/app/autonomous_driving/src/lane_processor.cpp:1291:86:[m[K [01;31m[Kerror: [m[K‘[01m[Kstruct interface::PolyfitLane[m[K’ has no member named ‘[01m[Kx_start[m[K’
 1291 |             lane3_polyfit_.x_start = std::max(lane1_polyfit_.x_start, lane4_polyfit_.[01;31m[Kx_start[m[K);
      |                                                                                      [01;31m[K^~~~~~~[m[K
[01m[K/home/joon/mission_hard/mission_hard/src/app/autonomous_driving/src/lane_processor.cpp:1292:28:[m[K [01;31m[Kerror: [m[K‘[01m[Kstruct interface::PolyfitLane[m[K’ has no member named ‘[01m[Kx_end[m[K’
 1292 |             lane3_polyfit_.[01;31m[Kx_end[m[K = std::min(lane1_polyfit_.x_end, lane4_polyfit_.x_end);
      |                            [01;31m[K^~~~~[m[K
[01m[K/home/joon/mission_hard/mission_hard/src/app/autonomous_driving/src/lane_processor.cpp:1292:60:[m[K [01;31m[Kerror: [m[K‘[01m[Kstruct interface::PolyfitLane[m[K’ has no member named ‘[01m[Kx_end[m[K’
 1292 |             lane3_polyfit_.x_end = std::min(lane1_polyfit_.[01;31m[Kx_end[m[K, lane4_polyfit_.x_end);
      |                                                            [01;31m[K^~~~~[m[K
[01m[K/home/joon/mission_hard/mission_hard/src/app/autonomous_driving/src/lane_processor.cpp:1292:82:[m[K [01;31m[Kerror: [m[K‘[01m[Kstruct interface::PolyfitLane[m[K’ has no member named ‘[01m[Kx_end[m[K’
 1292 |             lane3_polyfit_.x_end = std::min(lane1_polyfit_.x_end, lane4_polyfit_.[01;31m[Kx_end[m[K);
      |                                                                                  [01;31m[K^~~~~[m[K
[01m[K/home/joon/mission_hard/mission_hard/src/app/autonomous_driving/src/lane_processor.cpp:[m[K In member function ‘[01m[Kvoid lane_processor::LaneProcessor::GenerateEgoCenterLane()[m[K’:
[01m[K/home/joon/mission_hard/mission_hard/src/app/autonomous_driving/src/lane_processor.cpp:1838:26:[m[K [01;31m[Kerror: [m[K‘[01m[Kstruct interface::PolyfitLane[m[K’ has no member named ‘[01m[Kx_start[m[K’
 1838 |         ego_center_lane_.[01;31m[Kx_start[m[K =
      |                          [01;31m[K^~~~~~~[m[K
[01m[K/home/joon/mission_hard/mission_hard/src/app/autonomous_driving/src/lane_processor.cpp:1839:37:[m[K [01;31m[Kerror: [m[K‘[01m[Kstruct interface::PolyfitLane[m[K’ has no member named ‘[01m[Kx_start[m[K’
 1839 |             std::max(lane1_polyfit_.[01;31m[Kx_start[m[K, lane2_polyfit_.x_start);
      |                                     [01;31m[K^~~~~~~[m[K
[01m[K/home/joon/mission_hard/mission_hard/src/app/autonomous_driving/src/lane_processor.cpp:1839:61:[m[K [01;31m[Kerror: [m[K‘[01m[Kstruct interface::PolyfitLane[m[K’ has no member named ‘[01m[Kx_start[m[K’
 1839 |             std::max(lane1_polyfit_.x_start, lane2_polyfit_.[01;31m[Kx_start[m[K);
      |                                                             [01;31m[K^~~~~~~[m[K
[01m[K/home/joon/mission_hard/mission_hard/src/app/autonomous_driving/src/lane_processor.cpp:1840:26:[m[K [01;31m[Kerror: [m[K‘[01m[Kstruct interface::PolyfitLane[m[K’ has no member named ‘[01m[Kx_end[m[K’
 1840 |         ego_center_lane_.[01;31m[Kx_end[m[K =
      |                          [01;31m[K^~~~~[m[K
[01m[K/home/joon/mission_hard/mission_hard/src/app/autonomous_driving/src/lane_processor.cpp:1841:37:[m[K [01;31m[Kerror: [m[K‘[01m[Kstruct interface::PolyfitLane[m[K’ has no member named ‘[01m[Kx_end[m[K’
 1841 |             std::min(lane1_polyfit_.[01;31m[Kx_end[m[K, lane2_polyfit_.x_end);
      |                                     [01;31m[K^~~~~[m[K
[01m[K/home/joon/mission_hard/mission_hard/src/app/autonomous_driving/src/lane_processor.cpp:1841:59:[m[K [01;31m[Kerror: [m[K‘[01m[Kstruct interface::PolyfitLane[m[K’ has no member named ‘[01m[Kx_end[m[K’
 1841 |             std::min(lane1_polyfit_.x_end, lane2_polyfit_.[01;31m[Kx_end[m[K);
      |                                                           [01;31m[K^~~~~[m[K
[01m[K/home/joon/mission_hard/mission_hard/src/app/autonomous_driving/src/lane_processor.cpp:1849:26:[m[K [01;31m[Kerror: [m[K‘[01m[Kstruct interface::PolyfitLane[m[K’ has no member named ‘[01m[Kx_start[m[K’
 1849 |         ego_center_lane_.[01;31m[Kx_start[m[K =
      |                          [01;31m[K^~~~~~~[m[K
[01m[K/home/joon/mission_hard/mission_hard/src/app/autonomous_driving/src/lane_processor.cpp:1850:37:[m[K [01;31m[Kerror: [m[K‘[01m[Kstruct interface::PolyfitLane[m[K’ has no member named ‘[01m[Kx_start[m[K’
 1850 |             std::max(lane2_polyfit_.[01;31m[Kx_start[m[K, lane3_polyfit_.x_start);
      |                                     [01;31m[K^~~~~~~[m[K
[01m[K/home/joon/mission_hard/mission_hard/src/app/autonomous_driving/src/lane_processor.cpp:1850:61:[m[K [01;31m[Kerror: [m[K‘[01m[Kstruct interface::PolyfitLane[m[K’ has no member named ‘[01m[Kx_start[m[K’
 1850 |             std::max(lane2_polyfit_.x_start, lane3_polyfit_.[01;31m[Kx_start[m[K);
      |                                                             [01;31m[K^~~~~~~[m[K
[01m[K/home/joon/mission_hard/mission_hard/src/app/autonomous_driving/src/lane_processor.cpp:1851:26:[m[K [01;31m[Kerror: [m[K‘[01m[Kstruct interface::PolyfitLane[m[K’ has no member named ‘[01m[Kx_end[m[K’
 1851 |         ego_center_lane_.[01;31m[Kx_end[m[K =
      |                          [01;31m[K^~~~~[m[K
[01m[K/home/joon/mission_hard/mission_hard/src/app/autonomous_driving/src/lane_processor.cpp:1852:37:[m[K [01;31m[Kerror: [m[K‘[01m[Kstruct interface::PolyfitLane[m[K’ has no member named ‘[01m[Kx_end[m[K’
 1852 |             std::min(lane2_polyfit_.[01;31m[Kx_end[m[K, lane3_polyfit_.x_end);
      |                                     [01;31m[K^~~~~[m[K
[01m[K/home/joon/mission_hard/mission_hard/src/app/autonomous_driving/src/lane_processor.cpp:1852:59:[m[K [01;31m[Kerror: [m[K‘[01m[Kstruct interface::PolyfitLane[m[K’ has no member named ‘[01m[Kx_end[m[K’
 1852 |             std::min(lane2_polyfit_.x_end, lane3_polyfit_.[01;31m[Kx_end[m[K);
      |                                                           [01;31m[K^~~~~[m[K
[01m[K/home/joon/mission_hard/mission_hard/src/app/autonomous_driving/src/lane_processor.cpp:1860:26:[m[K [01;31m[Kerror: [m[K‘[01m[Kstruct interface::PolyfitLane[m[K’ has no member named ‘[01m[Kx_start[m[K’
 1860 |         ego_center_lane_.[01;31m[Kx_start[m[K =
      |                          [01;31m[K^~~~~~~[m[K
[01m[K/home/joon/mission_hard/mission_hard/src/app/autonomous_driving/src/lane_processor.cpp:1861:37:[m[K [01;31m[Kerror: [m[K‘[01m[Kstruct interface::PolyfitLane[m[K’ has no member named ‘[01m[Kx_start[m[K’
 1861 |             std::max(lane3_polyfit_.[01;31m[Kx_start[m[K, lane4_polyfit_.x_start);
      |                                     [01;31m[K^~~~~~~[m[K
[01m[K/home/joon/mission_hard/mission_hard/src/app/autonomous_driving/src/lane_processor.cpp:1861:61:[m[K [01;31m[Kerror: [m[K‘[01m[Kstruct interface::PolyfitLane[m[K’ has no member named ‘[01m[Kx_start[m[K’
 1861 |             std::max(lane3_polyfit_.x_start, lane4_polyfit_.[01;31m[Kx_start[m[K);
      |                                                             [01;31m[K^~~~~~~[m[K
[01m[K/home/joon/mission_hard/mission_hard/src/app/autonomous_driving/src/lane_processor.cpp:1862:26:[m[K [01;31m[Kerror: [m[K‘[01m[Kstruct interface::PolyfitLane[m[K’ has no member named ‘[01m[Kx_end[m[K’
 1862 |         ego_center_lane_.[01;31m[Kx_end[m[K =
      |                          [01;31m[K^~~~~[m[K
[01m[K/home/joon/mission_hard/mission_hard/src/app/autonomous_driving/src/lane_processor.cpp:1863:37:[m[K [01;31m[Kerror: [m[K‘[01m[Kstruct interface::PolyfitLane[m[K’ has no member named ‘[01m[Kx_end[m[K’
 1863 |             std::min(lane3_polyfit_.[01;31m[Kx_end[m[K, lane4_polyfit_.x_end);
      |                                     [01;31m[K^~~~~[m[K
[01m[K/home/joon/mission_hard/mission_hard/src/app/autonomous_driving/src/lane_processor.cpp:1863:59:[m[K [01;31m[Kerror: [m[K‘[01m[Kstruct interface::PolyfitLane[m[K’ has no member named ‘[01m[Kx_end[m[K’
 1863 |             std::min(lane3_polyfit_.x_end, lane4_polyfit_.[01;31m[Kx_end[m[K);
      |                                                           [01;31m[K^~~~~[m[K
[01m[K/home/joon/mission_hard/mission_hard/src/app/autonomous_driving/src/lane_processor.cpp:[m[K In member function ‘[01m[Kbool lane_processor::LaneProcessor::FitCubicPolynomial(const std::vector<interface::Point2D>&, interface::PolyfitLane&) const[m[K’:
[01m[K/home/joon/mission_hard/mission_hard/src/app/autonomous_driving/src/lane_processor.cpp:2137:17:[m[K [01;31m[Kerror: [m[K‘[01m[Kstruct interface::PolyfitLane[m[K’ has no member named ‘[01m[Kx_start[m[K’
 2137 |     out_polyfit.[01;31m[Kx_start[m[K = x_min;
      |                 [01;31m[K^~~~~~~[m[K
[01m[K/home/joon/mission_hard/mission_hard/src/app/autonomous_driving/src/lane_processor.cpp:2138:17:[m[K [01;31m[Kerror: [m[K‘[01m[Kstruct interface::PolyfitLane[m[K’ has no member named ‘[01m[Kx_end[m[K’
 2138 |     out_polyfit.[01;31m[Kx_end[m[K = x_max;
      |                 [01;31m[K^~~~~[m[K
[01m[K/home/joon/mission_hard/mission_hard/src/app/autonomous_driving/src/lane_processor.cpp:[m[K In member function ‘[01m[Kvoid lane_processor::LaneProcessor::FitPrimaryLaneWithMemoryAndSamples(std::vector<interface::Point2D>&, std::vector<interface::Point2D>&, interface::PolyfitLane&, const interface::VehicleState&)[m[K’:
[01m[K/home/joon/mission_hard/mission_hard/src/app/autonomous_driving/src/lane_processor.cpp:2190:42:[m[K [01;31m[Kerror: [m[K‘[01m[Kstruct interface::PolyfitLane[m[K’ has no member named ‘[01m[Kx_start[m[K’
 2190 |     double sample_x_start = lane_polyfit.[01;31m[Kx_start[m[K;
      |                                          [01;31m[K^~~~~~~[m[K
[01m[K/home/joon/mission_hard/mission_hard/src/app/autonomous_driving/src/lane_processor.cpp:2191:40:[m[K [01;31m[Kerror: [m[K‘[01m[Kstruct interface::PolyfitLane[m[K’ has no member named ‘[01m[Kx_end[m[K’
 2191 |     double sample_x_end = lane_polyfit.[01;31m[Kx_end[m[K;
      |                                        [01;31m[K^~~~~[m[K
[01m[K/home/joon/mission_hard/mission_hard/src/app/autonomous_driving/src/lane_processor.cpp:[m[K In member function ‘[01m[Kbool lane_processor::LaneProcessor::RefitWithSamples(const std::vector<interface::Point2D>&, interface::PolyfitLane&)[m[K’:
[01m[K/home/joon/mission_hard/mission_hard/src/app/autonomous_driving/src/lane_processor.cpp:2394:42:[m[K [01;31m[Kerror: [m[K‘[01m[Kstruct interface::PolyfitLane[m[K’ has no member named ‘[01m[Kx_start[m[K’
 2394 |     double sample_x_start = lane_polyfit.[01;31m[Kx_start[m[K;
      |                                          [01;31m[K^~~~~~~[m[K
[01m[K/home/joon/mission_hard/mission_hard/src/app/autonomous_driving/src/lane_processor.cpp:2395:40:[m[K [01;31m[Kerror: [m[K‘[01m[Kstruct interface::PolyfitLane[m[K’ has no member named ‘[01m[Kx_end[m[K’
 2395 |     double sample_x_end = lane_polyfit.[01;31m[Kx_end[m[K;
      |                                        [01;31m[K^~~~~[m[K
[01m[K/home/joon/mission_hard/mission_hard/src/app/autonomous_driving/src/lane_processor.cpp:[m[K In member function ‘[01m[Kbool lane_processor::LaneProcessor::AreLanesTooClose(const interface::PolyfitLane&, const interface::PolyfitLane&) const[m[K’:
[01m[K/home/joon/mission_hard/mission_hard/src/app/autonomous_driving/src/lane_processor.cpp:2490:45:[m[K [01;31m[Kerror: [m[K‘[01m[Kconst struct interface::PolyfitLane[m[K’ has no member named ‘[01m[Kx_start[m[K’
 2490 |     const double x_start = std::max({lane_a.[01;31m[Kx_start[m[K, lane_b.x_start, 0.0});
      |                                             [01;31m[K^~~~~~~[m[K
[01m[K/home/joon/mission_hard/mission_hard/src/app/autonomous_driving/src/lane_processor.cpp:2490:61:[m[K [01;31m[Kerror: [m[K‘[01m[Kconst struct interface::PolyfitLane[m[K’ has no member named ‘[01m[Kx_start[m[K’
 2490 |     const double x_start = std::max({lane_a.x_start, lane_b.[01;31m[Kx_start[m[K, 0.0});
      |                                                             [01;31m[K^~~~~~~[m[K
[01m[K/home/joon/mission_hard/mission_hard/src/app/autonomous_driving/src/lane_processor.cpp:2490:36:[m[K [01;31m[Kerror: [m[Kno matching function for call to ‘[01m[Kmax(<brace-enclosed initializer list>)[m[K’
 2490 |     const double x_start = [01;31m[Kstd::max({lane_a.x_start, lane_b.x_start, 0.0})[m[K;
      |                            [01;31m[K~~~~~~~~^~~~~~~~~~~~~~~~~~~~~~~~~~~~~~~~~~~~~~~[m[K
In file included from [01m[K/usr/include/c++/11/algorithm:61[m[K,
                 from [01m[K/home/joon/mission_hard/mission_hard/src/app/autonomous_driving/src/lane_processor.cpp:39[m[K:
[01m[K/usr/include/c++/11/bits/stl_algobase.h:254:5:[m[K [01;36m[Knote: [m[Kcandidate: ‘[01m[Ktemplate<class _Tp> constexpr const _Tp& std::max(const _Tp&, const _Tp&)[m[K’
  254 |     [01;36m[Kmax[m[K(const _Tp& __a, const _Tp& __b)
      |     [01;36m[K^~~[m[K
[01m[K/usr/include/c++/11/bits/stl_algobase.h:254:5:[m[K [01;36m[Knote: [m[K  template argument deduction/substitution failed:
[01m[K/home/joon/mission_hard/mission_hard/src/app/autonomous_driving/src/lane_processor.cpp:2490:36:[m[K [01;36m[Knote: [m[K  candidate expects 2 arguments, 1 provided
 2490 |     const double x_start = [01;36m[Kstd::max({lane_a.x_start, lane_b.x_start, 0.0})[m[K;
      |                            [01;36m[K~~~~~~~~^~~~~~~~~~~~~~~~~~~~~~~~~~~~~~~~~~~~~~~[m[K
In file included from [01m[K/usr/include/c++/11/algorithm:61[m[K,
                 from [01m[K/home/joon/mission_hard/mission_hard/src/app/autonomous_driving/src/lane_processor.cpp:39[m[K:
[01m[K/usr/include/c++/11/bits/stl_algobase.h:300:5:[m[K [01;36m[Knote: [m[Kcandidate: ‘[01m[Ktemplate<class _Tp, class _Compare> constexpr const _Tp& std::max(const _Tp&, const _Tp&, _Compare)[m[K’
  300 |     [01;36m[Kmax[m[K(const _Tp& __a, const _Tp& __b, _Compare __comp)
      |     [01;36m[K^~~[m[K
[01m[K/usr/include/c++/11/bits/stl_algobase.h:300:5:[m[K [01;36m[Knote: [m[K  template argument deduction/substitution failed:
[01m[K/home/joon/mission_hard/mission_hard/src/app/autonomous_driving/src/lane_processor.cpp:2490:36:[m[K [01;36m[Knote: [m[K  candidate expects 3 arguments, 1 provided
 2490 |     const double x_start = [01;36m[Kstd::max({lane_a.x_start, lane_b.x_start, 0.0})[m[K;
      |                            [01;36m[K~~~~~~~~^~~~~~~~~~~~~~~~~~~~~~~~~~~~~~~~~~~~~~~[m[K
In file included from [01m[K/usr/include/c++/11/algorithm:62[m[K,
                 from [01m[K/home/joon/mission_hard/mission_hard/src/app/autonomous_driving/src/lane_processor.cpp:39[m[K:
[01m[K/usr/include/c++/11/bits/stl_algo.h:3461:5:[m[K [01;36m[Knote: [m[Kcandidate: ‘[01m[Ktemplate<class _Tp> constexpr _Tp std::max(std::initializer_list<_Tp>)[m[K’
 3461 |     [01;36m[Kmax[m[K(initializer_list<_Tp> __l)
      |     [01;36m[K^~~[m[K
[01m[K/usr/include/c++/11/bits/stl_algo.h:3461:5:[m[K [01;36m[Knote: [m[K  template argument deduction/substitution failed:
[01m[K/usr/include/c++/11/bits/stl_algo.h:3467:5:[m[K [01;36m[Knote: [m[Kcandidate: ‘[01m[Ktemplate<class _Tp, class _Compare> constexpr _Tp std::max(std::initializer_list<_Tp>, _Compare)[m[K’
 3467 |     [01;36m[Kmax[m[K(initializer_list<_Tp> __l, _Compare __comp)
      |     [01;36m[K^~~[m[K
[01m[K/usr/include/c++/11/bits/stl_algo.h:3467:5:[m[K [01;36m[Knote: [m[K  template argument deduction/substitution failed:
[01m[K/home/joon/mission_hard/mission_hard/src/app/autonomous_driving/src/lane_processor.cpp:2491:43:[m[K [01;31m[Kerror: [m[K‘[01m[Kconst struct interface::PolyfitLane[m[K’ has no member named ‘[01m[Kx_end[m[K’
 2491 |     const double x_end = std::min({lane_a.[01;31m[Kx_end[m[K, lane_b.x_end, 15.0});
      |                                           [01;31m[K^~~~~[m[K
[01m[K/home/joon/mission_hard/mission_hard/src/app/autonomous_driving/src/lane_processor.cpp:2491:57:[m[K [01;31m[Kerror: [m[K‘[01m[Kconst struct interface::PolyfitLane[m[K’ has no member named ‘[01m[Kx_end[m[K’
 2491 |     const double x_end = std::min({lane_a.x_end, lane_b.[01;31m[Kx_end[m[K, 15.0});
      |                                                         [01;31m[K^~~~~[m[K
[01m[K/home/joon/mission_hard/mission_hard/src/app/autonomous_driving/src/lane_processor.cpp:2491:34:[m[K [01;31m[Kerror: [m[Kno matching function for call to ‘[01m[Kmin(<brace-enclosed initializer list>)[m[K’
 2491 |     const double x_end = [01;31m[Kstd::min({lane_a.x_end, lane_b.x_end, 15.0})[m[K;
      |                          [01;31m[K~~~~~~~~^~~~~~~~~~~~~~~~~~~~~~~~~~~~~~~~~~~~[m[K
In file included from [01m[K/usr/include/c++/11/algorithm:61[m[K,
                 from [01m[K/home/joon/mission_hard/mission_hard/src/app/autonomous_driving/src/lane_processor.cpp:39[m[K:
[01m[K/usr/include/c++/11/bits/stl_algobase.h:230:5:[m[K [01;36m[Knote: [m[Kcandidate: ‘[01m[Ktemplate<class _Tp> constexpr const _Tp& std::min(const _Tp&, const _Tp&)[m[K’
  230 |     [01;36m[Kmin[m[K(const _Tp& __a, const _Tp& __b)
      |     [01;36m[K^~~[m[K
[01m[K/usr/include/c++/11/bits/stl_algobase.h:230:5:[m[K [01;36m[Knote: [m[K  template argument deduction/substitution failed:
[01m[K/home/joon/mission_hard/mission_hard/src/app/autonomous_driving/src/lane_processor.cpp:2491:34:[m[K [01;36m[Knote: [m[K  candidate expects 2 arguments, 1 provided
 2491 |     const double x_end = [01;36m[Kstd::min({lane_a.x_end, lane_b.x_end, 15.0})[m[K;
      |                          [01;36m[K~~~~~~~~^~~~~~~~~~~~~~~~~~~~~~~~~~~~~~~~~~~~[m[K
In file included from [01m[K/usr/include/c++/11/algorithm:61[m[K,
                 from [01m[K/home/joon/mission_hard/mission_hard/src/app/autonomous_driving/src/lane_processor.cpp:39[m[K:
[01m[K/usr/include/c++/11/bits/stl_algobase.h:278:5:[m[K [01;36m[Knote: [m[Kcandidate: ‘[01m[Ktemplate<class _Tp, class _Compare> constexpr const _Tp& std::min(const _Tp&, const _Tp&, _Compare)[m[K’
  278 |     [01;36m[Kmin[m[K(const _Tp& __a, const _Tp& __b, _Compare __comp)
      |     [01;36m[K^~~[m[K
[01m[K/usr/include/c++/11/bits/stl_algobase.h:278:5:[m[K [01;36m[Knote: [m[K  template argument deduction/substitution failed:
[01m[K/home/joon/mission_hard/mission_hard/src/app/autonomous_driving/src/lane_processor.cpp:2491:34:[m[K [01;36m[Knote: [m[K  candidate expects 3 arguments, 1 provided
 2491 |     const double x_end = [01;36m[Kstd::min({lane_a.x_end, lane_b.x_end, 15.0})[m[K;
      |                          [01;36m[K~~~~~~~~^~~~~~~~~~~~~~~~~~~~~~~~~~~~~~~~~~~~[m[K
In file included from [01m[K/usr/include/c++/11/algorithm:62[m[K,
                 from [01m[K/home/joon/mission_hard/mission_hard/src/app/autonomous_driving/src/lane_processor.cpp:39[m[K:
[01m[K/usr/include/c++/11/bits/stl_algo.h:3449:5:[m[K [01;36m[Knote: [m[Kcandidate: ‘[01m[Ktemplate<class _Tp> constexpr _Tp std::min(std::initializer_list<_Tp>)[m[K’
 3449 |     [01;36m[Kmin[m[K(initializer_list<_Tp> __l)
      |     [01;36m[K^~~[m[K
[01m[K/usr/include/c++/11/bits/stl_algo.h:3449:5:[m[K [01;36m[Knote: [m[K  template argument deduction/substitution failed:
[01m[K/usr/include/c++/11/bits/stl_algo.h:3455:5:[m[K [01;36m[Knote: [m[Kcandidate: ‘[01m[Ktemplate<class _Tp, class _Compare> constexpr _Tp std::min(std::initializer_list<_Tp>, _Compare)[m[K’
 3455 |     [01;36m[Kmin[m[K(initializer_list<_Tp> __l, _Compare __comp)
      |     [01;36m[K^~~[m[K
[01m[K/usr/include/c++/11/bits/stl_algo.h:3455:5:[m[K [01;36m[Knote: [m[K  template argument deduction/substitution failed:
gmake[2]: *** [CMakeFiles/autonomous_driving.dir/build.make:90: CMakeFiles/autonomous_driving.dir/src/lane_processor.cpp.o] Error 1
gmake[2]: *** Waiting for unfinished jobs....
[01m[K/home/joon/mission_hard/mission_hard/src/app/autonomous_driving/src/autonomous_driving_node.cpp:[m[K In member function ‘[01m[Kvoid AutonomousDriving::Run()[m[K’:
[01m[K/home/joon/mission_hard/mission_hard/src/app/autonomous_driving/src/autonomous_driving_node.cpp:232:43:[m[K [01;31m[Kerror: [m[K‘[01m[Kconst struct interface::PolyfitLane[m[K’ has no member named ‘[01m[Kx_start[m[K’
  232 |         double sample_x_start = poly_lane.[01;31m[Kx_start[m[K;
      |                                           [01;31m[K^~~~~~~[m[K
[01m[K/home/joon/mission_hard/mission_hard/src/app/autonomous_driving/src/autonomous_driving_node.cpp:233:41:[m[K [01;31m[Kerror: [m[K‘[01m[Kconst struct interface::PolyfitLane[m[K’ has no member named ‘[01m[Kx_end[m[K’
  233 |         double sample_x_end = poly_lane.[01;31m[Kx_end[m[K;
      |                                         [01;31m[K^~~~~[m[K
gmake[2]: *** [CMakeFiles/autonomous_driving.dir/build.make:76: CMakeFiles/autonomous_driving.dir/src/autonomous_driving_node.cpp.o] Error 1
gmake[1]: *** [CMakeFiles/Makefile2:137: CMakeFiles/autonomous_driving.dir/all] Error 2
gmake: *** [Makefile:146: all] Error 2
