[0.085s] Invoking command in '/home/joon/mission_hard/mission_hard/build/autonomous_driving': AMENT_PREFIX_PATH=/home/joon/mission_hard/mission_hard/install/ad_msgs:${AMENT_PREFIX_PATH} CMAKE_PREFIX_PATH=/home/joon/mission_hard/mission_hard/install/ad_msgs:/home/joon/automotive_software_final/install/simulator:/home/joon/automotive_software_final/install/mission_manager:/home/joon/automotive_software_final/install/evaluation:/home/joon/automotive_software_final/install/autonomous_driving:/home/joon/automotive_software_final/install/ad_msgs:/opt/ros/humble LD_LIBRARY_PATH=/home/joon/mission_hard/mission_hard/install/ad_msgs/lib:${LD_LIBRARY_PATH} PYTHONPATH=/home/joon/mission_hard/mission_hard/install/ad_msgs/local/lib/python3.10/dist-packages:${PYTHONPATH} /usr/bin/cmake /home/joon/mission_hard/mission_hard/src/app/autonomous_driving -DAMENT_CMAKE_SYMLINK_INSTALL=1 -DCMAKE_INSTALL_PREFIX=/home/joon/mission_hard/mission_hard/install/autonomous_driving
[0.179s] -- The C compiler identification is GNU 11.4.0
[0.597s] -- The CXX compiler identification is GNU 11.4.0
[0.921s] -- Detecting C compiler ABI info
[1.061s] -- Detecting C compiler ABI info - done
[1.066s] -- Check for working C compiler: /usr/bin/cc - skipped
[1.066s] -- Detecting C compile features
[1.066s] -- Detecting C compile features - done
[1.069s] -- Detecting CXX compiler ABI info
[1.174s] -- Detecting CXX compiler ABI info - done
[1.179s] -- Check for working CXX compiler: /usr/bin/c++ - skipped
[1.180s] -- Detecting CXX compile features
[1.180s] -- Detecting CXX compile features - done
[1.182s] -- Found ament_cmake: 1.3.12 (/opt/ros/humble/share/ament_cmake/cmake)
[1.314s] -- Found Python3: /usr/bin/python3 (found version "3.10.12") found components: Interpreter 
[1.373s] -- Override CMake install command with custom implementation using symlinks instead of copying resources
[1.399s] -- Found rclcpp: 16.0.15 (/opt/ros/humble/share/rclcpp/cmake)
[1.518s] -- Found rosidl_generator_c: 3.1.7 (/opt/ros/humble/share/rosidl_generator_c/cmake)
[1.523s] -- Found rosidl_adapter: 3.1.7 (/opt/ros/humble/share/rosidl_adapter/cmake)
[1.530s] -- Found rosidl_generator_cpp: 3.1.7 (/opt/ros/humble/share/rosidl_generator_cpp/cmake)
[1.542s] -- Using all available rosidl_typesupport_c: rosidl_typesupport_fastrtps_c;rosidl_typesupport_introspection_c
[1.561s] -- Using all available rosidl_typesupport_cpp: rosidl_typesupport_fastrtps_cpp;rosidl_typesupport_introspection_cpp
[1.605s] -- Found rmw_implementation_cmake: 6.1.2 (/opt/ros/humble/share/rmw_implementation_cmake/cmake)
[1.608s] -- Found rmw_fastrtps_cpp: 6.2.8 (/opt/ros/humble/share/rmw_fastrtps_cpp/cmake)
[2.144s] -- Found OpenSSL: /usr/lib/x86_64-linux-gnu/libcrypto.so (found version "3.0.2")  
[2.827s] -- Found FastRTPS: /opt/ros/humble/include  
[4.301s] -- Using RMW implementation 'rmw_fastrtps_cpp' as default
[4.308s] -- Looking for pthread.h
[4.399s] -- Looking for pthread.h - found
[4.400s] -- Performing Test CMAKE_HAVE_LIBC_PTHREAD
[4.495s] -- Performing Test CMAKE_HAVE_LIBC_PTHREAD - Success
[4.496s] -- Found Threads: TRUE  
[4.536s] -- Found ad_msgs: 0.0.0 (/home/joon/mission_hard/mission_hard/install/ad_msgs/share/ad_msgs/cmake)
[4.614s] -- Found tf2: 0.25.16 (/opt/ros/humble/share/tf2/cmake)
[4.622s] -- Found tf2_ros: 0.25.16 (/opt/ros/humble/share/tf2_ros/cmake)
[4.764s] -- Configuring done
[4.775s] -- Generating done
[4.779s] -- Build files have been written to: /home/joon/mission_hard/mission_hard/build/autonomous_driving
[4.790s] Invoked command in '/home/joon/mission_hard/mission_hard/build/autonomous_driving' returned '0': AMENT_PREFIX_PATH=/home/joon/mission_hard/mission_hard/install/ad_msgs:${AMENT_PREFIX_PATH} CMAKE_PREFIX_PATH=/home/joon/mission_hard/mission_hard/install/ad_msgs:/home/joon/automotive_software_final/install/simulator:/home/joon/automotive_software_final/install/mission_manager:/home/joon/automotive_software_final/install/evaluation:/home/joon/automotive_software_final/install/autonomous_driving:/home/joon/automotive_software_final/install/ad_msgs:/opt/ros/humble LD_LIBRARY_PATH=/home/joon/mission_hard/mission_hard/install/ad_msgs/lib:${LD_LIBRARY_PATH} PYTHONPATH=/home/joon/mission_hard/mission_hard/install/ad_msgs/local/lib/python3.10/dist-packages:${PYTHONPATH} /usr/bin/cmake /home/joon/mission_hard/mission_hard/src/app/autonomous_driving -DAMENT_CMAKE_SYMLINK_INSTALL=1 -DCMAKE_INSTALL_PREFIX=/home/joon/mission_hard/mission_hard/install/autonomous_driving
[4.791s] Invoking command in '/home/joon/mission_hard/mission_hard/build/autonomous_driving': AMENT_PREFIX_PATH=/home/joon/mission_hard/mission_hard/install/ad_msgs:${AMENT_PREFIX_PATH} CMAKE_PREFIX_PATH=/home/joon/mission_hard/mission_hard/install/ad_msgs:/home/joon/automotive_software_final/install/simulator:/home/joon/automotive_software_final/install/mission_manager:/home/joon/automotive_software_final/install/evaluation:/home/joon/automotive_software_final/install/autonomous_driving:/home/joon/automotive_software_final/install/ad_msgs:/opt/ros/humble LD_LIBRARY_PATH=/home/joon/mission_hard/mission_hard/install/ad_msgs/lib:${LD_LIBRARY_PATH} PYTHONPATH=/home/joon/mission_hard/mission_hard/install/ad_msgs/local/lib/python3.10/dist-packages:${PYTHONPATH} /usr/bin/cmake --build /home/joon/mission_hard/mission_hard/build/autonomous_driving -- -j16 -l16
[4.833s] [ 33%] [32mBuilding CXX object CMakeFiles/autonomous_driving.dir/src/autonomous_driving_node.cpp.o[0m
[4.834s] [ 66%] [32mBuilding CXX object CMakeFiles/autonomous_driving.dir/src/lane_processor.cpp.o[0m
[7.041s] [01m[K/home/joon/mission_hard/mission_hard/src/app/autonomous_driving/src/lane_processor.cpp:[m[K In member function ‘[01m[Kinterface::PolyfitLanes lane_processor::LaneProcessor::ProcessRecoveryMode(const interface::Lane&, const interface::VehicleState&)[m[K’:
[7.041s] [01m[K/home/joon/mission_hard/mission_hard/src/app/autonomous_driving/src/lane_processor.cpp:441:26:[m[K [01;31m[Kerror: [m[K‘[01m[Kstruct interface::PolyfitLane[m[K’ has no member named ‘[01m[Kx_start[m[K’
[7.041s]   441 |         ego_center_lane_.[01;31m[Kx_start[m[K =
[7.041s]       |                          [01;31m[K^~~~~~~[m[K
[7.041s] [01m[K/home/joon/mission_hard/mission_hard/src/app/autonomous_driving/src/lane_processor.cpp:442:37:[m[K [01;31m[Kerror: [m[K‘[01m[Kstruct interface::PolyfitLane[m[K’ has no member named ‘[01m[Kx_start[m[K’
[7.041s]   442 |             std::max(lane2_polyfit_.[01;31m[Kx_start[m[K, lane3_polyfit_.x_start);
[7.041s]       |                                     [01;31m[K^~~~~~~[m[K
[7.041s] [01m[K/home/joon/mission_hard/mission_hard/src/app/autonomous_driving/src/lane_processor.cpp:442:61:[m[K [01;31m[Kerror: [m[K‘[01m[Kstruct interface::PolyfitLane[m[K’ has no member named ‘[01m[Kx_start[m[K’
[7.042s]   442 |             std::max(lane2_polyfit_.x_start, lane3_polyfit_.[01;31m[Kx_start[m[K);
[7.042s]       |                                                             [01;31m[K^~~~~~~[m[K
[7.042s] [01m[K/home/joon/mission_hard/mission_hard/src/app/autonomous_driving/src/lane_processor.cpp:443:26:[m[K [01;31m[Kerror: [m[K‘[01m[Kstruct interface::PolyfitLane[m[K’ has no member named ‘[01m[Kx_end[m[K’
[7.042s]   443 |         ego_center_lane_.[01;31m[Kx_end[m[K =
[7.042s]       |                          [01;31m[K^~~~~[m[K
[7.042s] [01m[K/home/joon/mission_hard/mission_hard/src/app/autonomous_driving/src/lane_processor.cpp:444:37:[m[K [01;31m[Kerror: [m[K‘[01m[Kstruct interface::PolyfitLane[m[K’ has no member named ‘[01m[Kx_end[m[K’
[7.042s]   444 |             std::min(lane2_polyfit_.[01;31m[Kx_end[m[K, lane3_polyfit_.x_end);
[7.042s]       |                                     [01;31m[K^~~~~[m[K
[7.042s] [01m[K/home/joon/mission_hard/mission_hard/src/app/autonomous_driving/src/lane_processor.cpp:444:59:[m[K [01;31m[Kerror: [m[K‘[01m[Kstruct interface::PolyfitLane[m[K’ has no member named ‘[01m[Kx_end[m[K’
[7.042s]   444 |             std::min(lane2_polyfit_.x_end, lane3_polyfit_.[01;31m[Kx_end[m[K);
[7.042s]       |                                                           [01;31m[K^~~~~[m[K
[7.046s] [01m[K/home/joon/mission_hard/mission_hard/src/app/autonomous_driving/src/lane_processor.cpp:[m[K In member function ‘[01m[Kvoid lane_processor::LaneProcessor::ExtrapolateLane(const interface::PolyfitLane&, const interface::PolyfitLane&, interface::PolyfitLane&)[m[K’:
[7.047s] [01m[K/home/joon/mission_hard/mission_hard/src/app/autonomous_driving/src/lane_processor.cpp:795:47:[m[K [01;31m[Kerror: [m[K‘[01m[Kconst struct interface::PolyfitLane[m[K’ has no member named ‘[01m[Kx_start[m[K’
[7.047s]   795 |     double x_range_start = std::max(base_lane.[01;31m[Kx_start[m[K, reference_lane.x_start);
[7.047s]       |                                               [01;31m[K^~~~~~~[m[K
[7.047s] [01m[K/home/joon/mission_hard/mission_hard/src/app/autonomous_driving/src/lane_processor.cpp:795:71:[m[K [01;31m[Kerror: [m[K‘[01m[Kconst struct interface::PolyfitLane[m[K’ has no member named ‘[01m[Kx_start[m[K’
[7.047s]   795 |     double x_range_start = std::max(base_lane.x_start, reference_lane.[01;31m[Kx_start[m[K);
[7.047s]       |                                                                       [01;31m[K^~~~~~~[m[K
[7.047s] [01m[K/home/joon/mission_hard/mission_hard/src/app/autonomous_driving/src/lane_processor.cpp:796:45:[m[K [01;31m[Kerror: [m[K‘[01m[Kconst struct interface::PolyfitLane[m[K’ has no member named ‘[01m[Kx_end[m[K’
[7.047s]   796 |     double x_range_end = std::min(base_lane.[01;31m[Kx_end[m[K, reference_lane.x_end);
[7.047s]       |                                             [01;31m[K^~~~~[m[K
[7.047s] [01m[K/home/joon/mission_hard/mission_hard/src/app/autonomous_driving/src/lane_processor.cpp:796:67:[m[K [01;31m[Kerror: [m[K‘[01m[Kconst struct interface::PolyfitLane[m[K’ has no member named ‘[01m[Kx_end[m[K’
[7.047s]   796 |     double x_range_end = std::min(base_lane.x_end, reference_lane.[01;31m[Kx_end[m[K);
[7.048s]       |                                                                   [01;31m[K^~~~~[m[K
[7.048s] [01m[K/home/joon/mission_hard/mission_hard/src/app/autonomous_driving/src/lane_processor.cpp:801:44:[m[K [01;31m[Kerror: [m[K‘[01m[Kconst struct interface::PolyfitLane[m[K’ has no member named ‘[01m[Kx_start[m[K’
[7.048s]   801 |         x_range_start = std::min(base_lane.[01;31m[Kx_start[m[K, reference_lane.x_start);
[7.048s]       |                                            [01;31m[K^~~~~~~[m[K
[7.048s] [01m[K/home/joon/mission_hard/mission_hard/src/app/autonomous_driving/src/lane_processor.cpp:801:68:[m[K [01;31m[Kerror: [m[K‘[01m[Kconst struct interface::PolyfitLane[m[K’ has no member named ‘[01m[Kx_start[m[K’
[7.048s]   801 |         x_range_start = std::min(base_lane.x_start, reference_lane.[01;31m[Kx_start[m[K);
[7.048s]       |                                                                    [01;31m[K^~~~~~~[m[K
[7.048s] [01m[K/home/joon/mission_hard/mission_hard/src/app/autonomous_driving/src/lane_processor.cpp:802:42:[m[K [01;31m[Kerror: [m[K‘[01m[Kconst struct interface::PolyfitLane[m[K’ has no member named ‘[01m[Kx_end[m[K’
[7.048s]   802 |         x_range_end = std::max(base_lane.[01;31m[Kx_end[m[K, reference_lane.x_end);
[7.048s]       |                                          [01;31m[K^~~~~[m[K
[7.048s] [01m[K/home/joon/mission_hard/mission_hard/src/app/autonomous_driving/src/lane_processor.cpp:802:64:[m[K [01;31m[Kerror: [m[K‘[01m[Kconst struct interface::PolyfitLane[m[K’ has no member named ‘[01m[Kx_end[m[K’
[7.049s]   802 |         x_range_end = std::max(base_lane.x_end, reference_lane.[01;31m[Kx_end[m[K);
[7.049s]       |                                                                [01;31m[K^~~~~[m[K
[7.049s] [01m[K/home/joon/mission_hard/mission_hard/src/app/autonomous_driving/src/lane_processor.cpp:805:17:[m[K [01;31m[Kerror: [m[K‘[01m[Kstruct interface::PolyfitLane[m[K’ has no member named ‘[01m[Kx_start[m[K’
[7.049s]   805 |     target_lane.[01;31m[Kx_start[m[K = x_range_start;
[7.049s]       |                 [01;31m[K^~~~~~~[m[K
[7.049s] [01m[K/home/joon/mission_hard/mission_hard/src/app/autonomous_driving/src/lane_processor.cpp:806:17:[m[K [01;31m[Kerror: [m[K‘[01m[Kstruct interface::PolyfitLane[m[K’ has no member named ‘[01m[Kx_end[m[K’
[7.049s]   806 |     target_lane.[01;31m[Kx_end[m[K = x_range_end;
[7.049s]       |                 [01;31m[K^~~~~[m[K
[7.049s] [01m[K/home/joon/mission_hard/mission_hard/src/app/autonomous_driving/src/lane_processor.cpp:[m[K In member function ‘[01m[Kvoid lane_processor::LaneProcessor::ExtrapolateLane2(const interface::PolyfitLane&, const interface::PolyfitLane&, interface::PolyfitLane&)[m[K’:
[7.049s] [01m[K/home/joon/mission_hard/mission_hard/src/app/autonomous_driving/src/lane_processor.cpp:837:47:[m[K [01;31m[Kerror: [m[K‘[01m[Kconst struct interface::PolyfitLane[m[K’ has no member named ‘[01m[Kx_start[m[K’
[7.049s]   837 |     double x_range_start = std::max(base_lane.[01;31m[Kx_start[m[K, reference_lane.x_start);
[7.049s]       |                                               [01;31m[K^~~~~~~[m[K
[7.049s] [01m[K/home/joon/mission_hard/mission_hard/src/app/autonomous_driving/src/lane_processor.cpp:837:71:[m[K [01;31m[Kerror: [m[K‘[01m[Kconst struct interface::PolyfitLane[m[K’ has no member named ‘[01m[Kx_start[m[K’
[7.049s]   837 |     double x_range_start = std::max(base_lane.x_start, reference_lane.[01;31m[Kx_start[m[K);
[7.049s]       |                                                                       [01;31m[K^~~~~~~[m[K
[7.049s] [01m[K/home/joon/mission_hard/mission_hard/src/app/autonomous_driving/src/lane_processor.cpp:838:45:[m[K [01;31m[Kerror: [m[K‘[01m[Kconst struct interface::PolyfitLane[m[K’ has no member named ‘[01m[Kx_end[m[K’
[7.049s]   838 |     double x_range_end = std::min(base_lane.[01;31m[Kx_end[m[K, reference_lane.x_end);
[7.049s]       |                                             [01;31m[K^~~~~[m[K
[7.049s] [01m[K/home/joon/mission_hard/mission_hard/src/app/autonomous_driving/src/lane_processor.cpp:838:67:[m[K [01;31m[Kerror: [m[K‘[01m[Kconst struct interface::PolyfitLane[m[K’ has no member named ‘[01m[Kx_end[m[K’
[7.049s]   838 |     double x_range_end = std::min(base_lane.x_end, reference_lane.[01;31m[Kx_end[m[K);
[7.049s]       |                                                                   [01;31m[K^~~~~[m[K
[7.049s] [01m[K/home/joon/mission_hard/mission_hard/src/app/autonomous_driving/src/lane_processor.cpp:843:44:[m[K [01;31m[Kerror: [m[K‘[01m[Kconst struct interface::PolyfitLane[m[K’ has no member named ‘[01m[Kx_start[m[K’
[7.049s]   843 |         x_range_start = std::min(base_lane.[01;31m[Kx_start[m[K, reference_lane.x_start);
[7.049s]       |                                            [01;31m[K^~~~~~~[m[K
[7.050s] [01m[K/home/joon/mission_hard/mission_hard/src/app/autonomous_driving/src/lane_processor.cpp:843:68:[m[K [01;31m[Kerror: [m[K‘[01m[Kconst struct interface::PolyfitLane[m[K’ has no member named ‘[01m[Kx_start[m[K’
[7.050s]   843 |         x_range_start = std::min(base_lane.x_start, reference_lane.[01;31m[Kx_start[m[K);
[7.050s]       |                                                                    [01;31m[K^~~~~~~[m[K
[7.050s] [01m[K/home/joon/mission_hard/mission_hard/src/app/autonomous_driving/src/lane_processor.cpp:844:42:[m[K [01;31m[Kerror: [m[K‘[01m[Kconst struct interface::PolyfitLane[m[K’ has no member named ‘[01m[Kx_end[m[K’
[7.050s]   844 |         x_range_end = std::max(base_lane.[01;31m[Kx_end[m[K, reference_lane.x_end);
[7.050s]       |                                          [01;31m[K^~~~~[m[K
[7.050s] [01m[K/home/joon/mission_hard/mission_hard/src/app/autonomous_driving/src/lane_processor.cpp:844:64:[m[K [01;31m[Kerror: [m[K‘[01m[Kconst struct interface::PolyfitLane[m[K’ has no member named ‘[01m[Kx_end[m[K’
[7.050s]   844 |         x_range_end = std::max(base_lane.x_end, reference_lane.[01;31m[Kx_end[m[K);
[7.050s]       |                                                                [01;31m[K^~~~~[m[K
[7.050s] [01m[K/home/joon/mission_hard/mission_hard/src/app/autonomous_driving/src/lane_processor.cpp:847:17:[m[K [01;31m[Kerror: [m[K‘[01m[Kstruct interface::PolyfitLane[m[K’ has no member named ‘[01m[Kx_start[m[K’
[7.050s]   847 |     target_lane.[01;31m[Kx_start[m[K = x_range_start;
[7.050s]       |                 [01;31m[K^~~~~~~[m[K
[7.050s] [01m[K/home/joon/mission_hard/mission_hard/src/app/autonomous_driving/src/lane_processor.cpp:848:17:[m[K [01;31m[Kerror: [m[K‘[01m[Kstruct interface::PolyfitLane[m[K’ has no member named ‘[01m[Kx_end[m[K’
[7.050s]   848 |     target_lane.[01;31m[Kx_end[m[K = x_range_end;
[7.050s]       |                 [01;31m[K^~~~~[m[K
[7.051s] [01m[K/home/joon/mission_hard/mission_hard/src/app/autonomous_driving/src/lane_processor.cpp:[m[K In member function ‘[01m[Kvoid lane_processor::LaneProcessor::FitLanePolynomials(const interface::VehicleState&)[m[K’:
[7.052s] [01m[K/home/joon/mission_hard/mission_hard/src/app/autonomous_driving/src/lane_processor.cpp:1248:28:[m[K [01;31m[Kerror: [m[K‘[01m[Kstruct interface::PolyfitLane[m[K’ has no member named ‘[01m[Kx_start[m[K’
[7.052s]  1248 |             lane2_polyfit_.[01;31m[Kx_start[m[K = std::max(lane1_polyfit_.x_start, lane3_polyfit_.x_start);
[7.052s]       |                            [01;31m[K^~~~~~~[m[K
[7.052s] [01m[K/home/joon/mission_hard/mission_hard/src/app/autonomous_driving/src/lane_processor.cpp:1248:62:[m[K [01;31m[Kerror: [m[K‘[01m[Kstruct interface::PolyfitLane[m[K’ has no member named ‘[01m[Kx_start[m[K’
[7.052s]  1248 |             lane2_polyfit_.x_start = std::max(lane1_polyfit_.[01;31m[Kx_start[m[K, lane3_polyfit_.x_start);
[7.052s]       |                                                              [01;31m[K^~~~~~~[m[K
[7.052s] [01m[K/home/joon/mission_hard/mission_hard/src/app/autonomous_driving/src/lane_processor.cpp:1248:86:[m[K [01;31m[Kerror: [m[K‘[01m[Kstruct interface::PolyfitLane[m[K’ has no member named ‘[01m[Kx_start[m[K’
[7.053s]  1248 |             lane2_polyfit_.x_start = std::max(lane1_polyfit_.x_start, lane3_polyfit_.[01;31m[Kx_start[m[K);
[7.054s]       |                                                                                      [01;31m[K^~~~~~~[m[K
[7.054s] [01m[K/home/joon/mission_hard/mission_hard/src/app/autonomous_driving/src/lane_processor.cpp:1249:28:[m[K [01;31m[Kerror: [m[K‘[01m[Kstruct interface::PolyfitLane[m[K’ has no member named ‘[01m[Kx_end[m[K’
[7.054s]  1249 |             lane2_polyfit_.[01;31m[Kx_end[m[K = std::min(lane1_polyfit_.x_end, lane3_polyfit_.x_end);
[7.054s]       |                            [01;31m[K^~~~~[m[K
[7.054s] [01m[K/home/joon/mission_hard/mission_hard/src/app/autonomous_driving/src/lane_processor.cpp:1249:60:[m[K [01;31m[Kerror: [m[K‘[01m[Kstruct interface::PolyfitLane[m[K’ has no member named ‘[01m[Kx_end[m[K’
[7.054s]  1249 |             lane2_polyfit_.x_end = std::min(lane1_polyfit_.[01;31m[Kx_end[m[K, lane3_polyfit_.x_end);
[7.054s]       |                                                            [01;31m[K^~~~~[m[K
[7.054s] [01m[K/home/joon/mission_hard/mission_hard/src/app/autonomous_driving/src/lane_processor.cpp:1249:82:[m[K [01;31m[Kerror: [m[K‘[01m[Kstruct interface::PolyfitLane[m[K’ has no member named ‘[01m[Kx_end[m[K’
[7.055s]  1249 |             lane2_polyfit_.x_end = std::min(lane1_polyfit_.x_end, lane3_polyfit_.[01;31m[Kx_end[m[K);
[7.055s]       |                                                                                  [01;31m[K^~~~~[m[K
[7.055s] [01m[K/home/joon/mission_hard/mission_hard/src/app/autonomous_driving/src/lane_processor.cpp:1270:28:[m[K [01;31m[Kerror: [m[K‘[01m[Kstruct interface::PolyfitLane[m[K’ has no member named ‘[01m[Kx_start[m[K’
[7.055s]  1270 |             lane3_polyfit_.[01;31m[Kx_start[m[K = std::max(lane2_polyfit_.x_start, lane4_polyfit_.x_start);
[7.055s]       |                            [01;31m[K^~~~~~~[m[K
[7.055s] [01m[K/home/joon/mission_hard/mission_hard/src/app/autonomous_driving/src/lane_processor.cpp:1270:62:[m[K [01;31m[Kerror: [m[K‘[01m[Kstruct interface::PolyfitLane[m[K’ has no member named ‘[01m[Kx_start[m[K’
[7.055s]  1270 |             lane3_polyfit_.x_start = std::max(lane2_polyfit_.[01;31m[Kx_start[m[K, lane4_polyfit_.x_start);
[7.055s]       |                                                              [01;31m[K^~~~~~~[m[K
[7.055s] [01m[K/home/joon/mission_hard/mission_hard/src/app/autonomous_driving/src/lane_processor.cpp:1270:86:[m[K [01;31m[Kerror: [m[K‘[01m[Kstruct interface::PolyfitLane[m[K’ has no member named ‘[01m[Kx_start[m[K’
[7.055s]  1270 |             lane3_polyfit_.x_start = std::max(lane2_polyfit_.x_start, lane4_polyfit_.[01;31m[Kx_start[m[K);
[7.055s]       |                                                                                      [01;31m[K^~~~~~~[m[K
[7.055s] [01m[K/home/joon/mission_hard/mission_hard/src/app/autonomous_driving/src/lane_processor.cpp:1271:28:[m[K [01;31m[Kerror: [m[K‘[01m[Kstruct interface::PolyfitLane[m[K’ has no member named ‘[01m[Kx_end[m[K’
[7.055s]  1271 |             lane3_polyfit_.[01;31m[Kx_end[m[K = std::min(lane2_polyfit_.x_end, lane4_polyfit_.x_end);
[7.056s]       |                            [01;31m[K^~~~~[m[K
[7.056s] [01m[K/home/joon/mission_hard/mission_hard/src/app/autonomous_driving/src/lane_processor.cpp:1271:60:[m[K [01;31m[Kerror: [m[K‘[01m[Kstruct interface::PolyfitLane[m[K’ has no member named ‘[01m[Kx_end[m[K’
[7.056s]  1271 |             lane3_polyfit_.x_end = std::min(lane2_polyfit_.[01;31m[Kx_end[m[K, lane4_polyfit_.x_end);
[7.056s]       |                                                            [01;31m[K^~~~~[m[K
[7.056s] [01m[K/home/joon/mission_hard/mission_hard/src/app/autonomous_driving/src/lane_processor.cpp:1271:82:[m[K [01;31m[Kerror: [m[K‘[01m[Kstruct interface::PolyfitLane[m[K’ has no member named ‘[01m[Kx_end[m[K’
[7.056s]  1271 |             lane3_polyfit_.x_end = std::min(lane2_polyfit_.x_end, lane4_polyfit_.[01;31m[Kx_end[m[K);
[7.056s]       |                                                                                  [01;31m[K^~~~~[m[K
[7.056s] [01m[K/home/joon/mission_hard/mission_hard/src/app/autonomous_driving/src/lane_processor.cpp:1282:28:[m[K [01;31m[Kerror: [m[K‘[01m[Kstruct interface::PolyfitLane[m[K’ has no member named ‘[01m[Kx_start[m[K’
[7.056s]  1282 |             lane2_polyfit_.[01;31m[Kx_start[m[K = std::max(lane1_polyfit_.x_start, lane4_polyfit_.x_start);
[7.056s]       |                            [01;31m[K^~~~~~~[m[K
[7.057s] [01m[K/home/joon/mission_hard/mission_hard/src/app/autonomous_driving/src/lane_processor.cpp:1282:62:[m[K [01;31m[Kerror: [m[K‘[01m[Kstruct interface::PolyfitLane[m[K’ has no member named ‘[01m[Kx_start[m[K’
[7.057s]  1282 |             lane2_polyfit_.x_start = std::max(lane1_polyfit_.[01;31m[Kx_start[m[K, lane4_polyfit_.x_start);
[7.057s]       |                                                              [01;31m[K^~~~~~~[m[K
[7.057s] [01m[K/home/joon/mission_hard/mission_hard/src/app/autonomous_driving/src/lane_processor.cpp:1282:86:[m[K [01;31m[Kerror: [m[K‘[01m[Kstruct interface::PolyfitLane[m[K’ has no member named ‘[01m[Kx_start[m[K’
[7.057s]  1282 |             lane2_polyfit_.x_start = std::max(lane1_polyfit_.x_start, lane4_polyfit_.[01;31m[Kx_start[m[K);
[7.057s]       |                                                                                      [01;31m[K^~~~~~~[m[K
[7.057s] [01m[K/home/joon/mission_hard/mission_hard/src/app/autonomous_driving/src/lane_processor.cpp:1283:28:[m[K [01;31m[Kerror: [m[K‘[01m[Kstruct interface::PolyfitLane[m[K’ has no member named ‘[01m[Kx_end[m[K’
[7.057s]  1283 |             lane2_polyfit_.[01;31m[Kx_end[m[K = std::min(lane1_polyfit_.x_end, lane4_polyfit_.x_end);
[7.057s]       |                            [01;31m[K^~~~~[m[K
[7.057s] [01m[K/home/joon/mission_hard/mission_hard/src/app/autonomous_driving/src/lane_processor.cpp:1283:60:[m[K [01;31m[Kerror: [m[K‘[01m[Kstruct interface::PolyfitLane[m[K’ has no member named ‘[01m[Kx_end[m[K’
[7.057s]  1283 |             lane2_polyfit_.x_end = std::min(lane1_polyfit_.[01;31m[Kx_end[m[K, lane4_polyfit_.x_end);
[7.057s]       |                                                            [01;31m[K^~~~~[m[K
[7.058s] [01m[K/home/joon/mission_hard/mission_hard/src/app/autonomous_driving/src/lane_processor.cpp:1283:82:[m[K [01;31m[Kerror: [m[K‘[01m[Kstruct interface::PolyfitLane[m[K’ has no member named ‘[01m[Kx_end[m[K’
[7.058s]  1283 |             lane2_polyfit_.x_end = std::min(lane1_polyfit_.x_end, lane4_polyfit_.[01;31m[Kx_end[m[K);
[7.058s]       |                                                                                  [01;31m[K^~~~~[m[K
[7.058s] [01m[K/home/joon/mission_hard/mission_hard/src/app/autonomous_driving/src/lane_processor.cpp:1291:28:[m[K [01;31m[Kerror: [m[K‘[01m[Kstruct interface::PolyfitLane[m[K’ has no member named ‘[01m[Kx_start[m[K’
[7.058s]  1291 |             lane3_polyfit_.[01;31m[Kx_start[m[K = std::max(lane1_polyfit_.x_start, lane4_polyfit_.x_start);
[7.058s]       |                            [01;31m[K^~~~~~~[m[K
[7.058s] [01m[K/home/joon/mission_hard/mission_hard/src/app/autonomous_driving/src/lane_processor.cpp:1291:62:[m[K [01;31m[Kerror: [m[K‘[01m[Kstruct interface::PolyfitLane[m[K’ has no member named ‘[01m[Kx_start[m[K’
[7.058s]  1291 |             lane3_polyfit_.x_start = std::max(lane1_polyfit_.[01;31m[Kx_start[m[K, lane4_polyfit_.x_start);
[7.058s]       |                                                              [01;31m[K^~~~~~~[m[K
[7.058s] [01m[K/home/joon/mission_hard/mission_hard/src/app/autonomous_driving/src/lane_processor.cpp:1291:86:[m[K [01;31m[Kerror: [m[K‘[01m[Kstruct interface::PolyfitLane[m[K’ has no member named ‘[01m[Kx_start[m[K’
[7.058s]  1291 |             lane3_polyfit_.x_start = std::max(lane1_polyfit_.x_start, lane4_polyfit_.[01;31m[Kx_start[m[K);
[7.059s]       |                                                                                      [01;31m[K^~~~~~~[m[K
[7.059s] [01m[K/home/joon/mission_hard/mission_hard/src/app/autonomous_driving/src/lane_processor.cpp:1292:28:[m[K [01;31m[Kerror: [m[K‘[01m[Kstruct interface::PolyfitLane[m[K’ has no member named ‘[01m[Kx_end[m[K’
[7.059s]  1292 |             lane3_polyfit_.[01;31m[Kx_end[m[K = std::min(lane1_polyfit_.x_end, lane4_polyfit_.x_end);
[7.059s]       |                            [01;31m[K^~~~~[m[K
[7.059s] [01m[K/home/joon/mission_hard/mission_hard/src/app/autonomous_driving/src/lane_processor.cpp:1292:60:[m[K [01;31m[Kerror: [m[K‘[01m[Kstruct interface::PolyfitLane[m[K’ has no member named ‘[01m[Kx_end[m[K’
[7.059s]  1292 |             lane3_polyfit_.x_end = std::min(lane1_polyfit_.[01;31m[Kx_end[m[K, lane4_polyfit_.x_end);
[7.059s]       |                                                            [01;31m[K^~~~~[m[K
[7.059s] [01m[K/home/joon/mission_hard/mission_hard/src/app/autonomous_driving/src/lane_processor.cpp:1292:82:[m[K [01;31m[Kerror: [m[K‘[01m[Kstruct interface::PolyfitLane[m[K’ has no member named ‘[01m[Kx_end[m[K’
[7.059s]  1292 |             lane3_polyfit_.x_end = std::min(lane1_polyfit_.x_end, lane4_polyfit_.[01;31m[Kx_end[m[K);
[7.059s]       |                                                                                  [01;31m[K^~~~~[m[K
[7.064s] [01m[K/home/joon/mission_hard/mission_hard/src/app/autonomous_driving/src/lane_processor.cpp:[m[K In member function ‘[01m[Kvoid lane_processor::LaneProcessor::GenerateEgoCenterLane()[m[K’:
[7.064s] [01m[K/home/joon/mission_hard/mission_hard/src/app/autonomous_driving/src/lane_processor.cpp:1838:26:[m[K [01;31m[Kerror: [m[K‘[01m[Kstruct interface::PolyfitLane[m[K’ has no member named ‘[01m[Kx_start[m[K’
[7.064s]  1838 |         ego_center_lane_.[01;31m[Kx_start[m[K =
[7.064s]       |                          [01;31m[K^~~~~~~[m[K
[7.065s] [01m[K/home/joon/mission_hard/mission_hard/src/app/autonomous_driving/src/lane_processor.cpp:1839:37:[m[K [01;31m[Kerror: [m[K‘[01m[Kstruct interface::PolyfitLane[m[K’ has no member named ‘[01m[Kx_start[m[K’
[7.065s]  1839 |             std::max(lane1_polyfit_.[01;31m[Kx_start[m[K, lane2_polyfit_.x_start);
[7.065s]       |                                     [01;31m[K^~~~~~~[m[K
[7.065s] [01m[K/home/joon/mission_hard/mission_hard/src/app/autonomous_driving/src/lane_processor.cpp:1839:61:[m[K [01;31m[Kerror: [m[K‘[01m[Kstruct interface::PolyfitLane[m[K’ has no member named ‘[01m[Kx_start[m[K’
[7.065s]  1839 |             std::max(lane1_polyfit_.x_start, lane2_polyfit_.[01;31m[Kx_start[m[K);
[7.065s]       |                                                             [01;31m[K^~~~~~~[m[K
[7.065s] [01m[K/home/joon/mission_hard/mission_hard/src/app/autonomous_driving/src/lane_processor.cpp:1840:26:[m[K [01;31m[Kerror: [m[K‘[01m[Kstruct interface::PolyfitLane[m[K’ has no member named ‘[01m[Kx_end[m[K’
[7.066s]  1840 |         ego_center_lane_.[01;31m[Kx_end[m[K =
[7.066s]       |                          [01;31m[K^~~~~[m[K
[7.066s] [01m[K/home/joon/mission_hard/mission_hard/src/app/autonomous_driving/src/lane_processor.cpp:1841:37:[m[K [01;31m[Kerror: [m[K‘[01m[Kstruct interface::PolyfitLane[m[K’ has no member named ‘[01m[Kx_end[m[K’
[7.066s]  1841 |             std::min(lane1_polyfit_.[01;31m[Kx_end[m[K, lane2_polyfit_.x_end);
[7.066s]       |                                     [01;31m[K^~~~~[m[K
[7.066s] [01m[K/home/joon/mission_hard/mission_hard/src/app/autonomous_driving/src/lane_processor.cpp:1841:59:[m[K [01;31m[Kerror: [m[K‘[01m[Kstruct interface::PolyfitLane[m[K’ has no member named ‘[01m[Kx_end[m[K’
[7.066s]  1841 |             std::min(lane1_polyfit_.x_end, lane2_polyfit_.[01;31m[Kx_end[m[K);
[7.066s]       |                                                           [01;31m[K^~~~~[m[K
[7.066s] [01m[K/home/joon/mission_hard/mission_hard/src/app/autonomous_driving/src/lane_processor.cpp:1849:26:[m[K [01;31m[Kerror: [m[K‘[01m[Kstruct interface::PolyfitLane[m[K’ has no member named ‘[01m[Kx_start[m[K’
[7.066s]  1849 |         ego_center_lane_.[01;31m[Kx_start[m[K =
[7.066s]       |                          [01;31m[K^~~~~~~[m[K
[7.066s] [01m[K/home/joon/mission_hard/mission_hard/src/app/autonomous_driving/src/lane_processor.cpp:1850:37:[m[K [01;31m[Kerror: [m[K‘[01m[Kstruct interface::PolyfitLane[m[K’ has no member named ‘[01m[Kx_start[m[K’
[7.066s]  1850 |             std::max(lane2_polyfit_.[01;31m[Kx_start[m[K, lane3_polyfit_.x_start);
[7.066s]       |                                     [01;31m[K^~~~~~~[m[K
[7.066s] [01m[K/home/joon/mission_hard/mission_hard/src/app/autonomous_driving/src/lane_processor.cpp:1850:61:[m[K [01;31m[Kerror: [m[K‘[01m[Kstruct interface::PolyfitLane[m[K’ has no member named ‘[01m[Kx_start[m[K’
[7.067s]  1850 |             std::max(lane2_polyfit_.x_start, lane3_polyfit_.[01;31m[Kx_start[m[K);
[7.067s]       |                                                             [01;31m[K^~~~~~~[m[K
[7.067s] [01m[K/home/joon/mission_hard/mission_hard/src/app/autonomous_driving/src/lane_processor.cpp:1851:26:[m[K [01;31m[Kerror: [m[K‘[01m[Kstruct interface::PolyfitLane[m[K’ has no member named ‘[01m[Kx_end[m[K’
[7.067s]  1851 |         ego_center_lane_.[01;31m[Kx_end[m[K =
[7.067s]       |                          [01;31m[K^~~~~[m[K
[7.067s] [01m[K/home/joon/mission_hard/mission_hard/src/app/autonomous_driving/src/lane_processor.cpp:1852:37:[m[K [01;31m[Kerror: [m[K‘[01m[Kstruct interface::PolyfitLane[m[K’ has no member named ‘[01m[Kx_end[m[K’
[7.067s]  1852 |             std::min(lane2_polyfit_.[01;31m[Kx_end[m[K, lane3_polyfit_.x_end);
[7.067s]       |                                     [01;31m[K^~~~~[m[K
[7.067s] [01m[K/home/joon/mission_hard/mission_hard/src/app/autonomous_driving/src/lane_processor.cpp:1852:59:[m[K [01;31m[Kerror: [m[K‘[01m[Kstruct interface::PolyfitLane[m[K’ has no member named ‘[01m[Kx_end[m[K’
[7.067s]  1852 |             std::min(lane2_polyfit_.x_end, lane3_polyfit_.[01;31m[Kx_end[m[K);
[7.067s]       |                                                           [01;31m[K^~~~~[m[K
[7.067s] [01m[K/home/joon/mission_hard/mission_hard/src/app/autonomous_driving/src/lane_processor.cpp:1860:26:[m[K [01;31m[Kerror: [m[K‘[01m[Kstruct interface::PolyfitLane[m[K’ has no member named ‘[01m[Kx_start[m[K’
[7.067s]  1860 |         ego_center_lane_.[01;31m[Kx_start[m[K =
[7.067s]       |                          [01;31m[K^~~~~~~[m[K
[7.067s] [01m[K/home/joon/mission_hard/mission_hard/src/app/autonomous_driving/src/lane_processor.cpp:1861:37:[m[K [01;31m[Kerror: [m[K‘[01m[Kstruct interface::PolyfitLane[m[K’ has no member named ‘[01m[Kx_start[m[K’
[7.067s]  1861 |             std::max(lane3_polyfit_.[01;31m[Kx_start[m[K, lane4_polyfit_.x_start);
[7.067s]       |                                     [01;31m[K^~~~~~~[m[K
[7.067s] [01m[K/home/joon/mission_hard/mission_hard/src/app/autonomous_driving/src/lane_processor.cpp:1861:61:[m[K [01;31m[Kerror: [m[K‘[01m[Kstruct interface::PolyfitLane[m[K’ has no member named ‘[01m[Kx_start[m[K’
[7.067s]  1861 |             std::max(lane3_polyfit_.x_start, lane4_polyfit_.[01;31m[Kx_start[m[K);
[7.068s]       |                                                             [01;31m[K^~~~~~~[m[K
[7.068s] [01m[K/home/joon/mission_hard/mission_hard/src/app/autonomous_driving/src/lane_processor.cpp:1862:26:[m[K [01;31m[Kerror: [m[K‘[01m[Kstruct interface::PolyfitLane[m[K’ has no member named ‘[01m[Kx_end[m[K’
[7.068s]  1862 |         ego_center_lane_.[01;31m[Kx_end[m[K =
[7.068s]       |                          [01;31m[K^~~~~[m[K
[7.068s] [01m[K/home/joon/mission_hard/mission_hard/src/app/autonomous_driving/src/lane_processor.cpp:1863:37:[m[K [01;31m[Kerror: [m[K‘[01m[Kstruct interface::PolyfitLane[m[K’ has no member named ‘[01m[Kx_end[m[K’
[7.068s]  1863 |             std::min(lane3_polyfit_.[01;31m[Kx_end[m[K, lane4_polyfit_.x_end);
[7.068s]       |                                     [01;31m[K^~~~~[m[K
[7.068s] [01m[K/home/joon/mission_hard/mission_hard/src/app/autonomous_driving/src/lane_processor.cpp:1863:59:[m[K [01;31m[Kerror: [m[K‘[01m[Kstruct interface::PolyfitLane[m[K’ has no member named ‘[01m[Kx_end[m[K’
[7.068s]  1863 |             std::min(lane3_polyfit_.x_end, lane4_polyfit_.[01;31m[Kx_end[m[K);
[7.068s]       |                                                           [01;31m[K^~~~~[m[K
[7.183s] [01m[K/home/joon/mission_hard/mission_hard/src/app/autonomous_driving/src/lane_processor.cpp:[m[K In member function ‘[01m[Kbool lane_processor::LaneProcessor::FitCubicPolynomial(const std::vector<interface::Point2D>&, interface::PolyfitLane&) const[m[K’:
[7.183s] [01m[K/home/joon/mission_hard/mission_hard/src/app/autonomous_driving/src/lane_processor.cpp:2137:17:[m[K [01;31m[Kerror: [m[K‘[01m[Kstruct interface::PolyfitLane[m[K’ has no member named ‘[01m[Kx_start[m[K’
[7.183s]  2137 |     out_polyfit.[01;31m[Kx_start[m[K = x_min;
[7.184s]       |                 [01;31m[K^~~~~~~[m[K
[7.184s] [01m[K/home/joon/mission_hard/mission_hard/src/app/autonomous_driving/src/lane_processor.cpp:2138:17:[m[K [01;31m[Kerror: [m[K‘[01m[Kstruct interface::PolyfitLane[m[K’ has no member named ‘[01m[Kx_end[m[K’
[7.184s]  2138 |     out_polyfit.[01;31m[Kx_end[m[K = x_max;
[7.184s]       |                 [01;31m[K^~~~~[m[K
[7.184s] [01m[K/home/joon/mission_hard/mission_hard/src/app/autonomous_driving/src/lane_processor.cpp:[m[K In member function ‘[01m[Kvoid lane_processor::LaneProcessor::FitPrimaryLaneWithMemoryAndSamples(std::vector<interface::Point2D>&, std::vector<interface::Point2D>&, interface::PolyfitLane&, const interface::VehicleState&)[m[K’:
[7.184s] [01m[K/home/joon/mission_hard/mission_hard/src/app/autonomous_driving/src/lane_processor.cpp:2190:42:[m[K [01;31m[Kerror: [m[K‘[01m[Kstruct interface::PolyfitLane[m[K’ has no member named ‘[01m[Kx_start[m[K’
[7.184s]  2190 |     double sample_x_start = lane_polyfit.[01;31m[Kx_start[m[K;
[7.184s]       |                                          [01;31m[K^~~~~~~[m[K
[7.184s] [01m[K/home/joon/mission_hard/mission_hard/src/app/autonomous_driving/src/lane_processor.cpp:2191:40:[m[K [01;31m[Kerror: [m[K‘[01m[Kstruct interface::PolyfitLane[m[K’ has no member named ‘[01m[Kx_end[m[K’
[7.184s]  2191 |     double sample_x_end = lane_polyfit.[01;31m[Kx_end[m[K;
[7.184s]       |                                        [01;31m[K^~~~~[m[K
[7.187s] [01m[K/home/joon/mission_hard/mission_hard/src/app/autonomous_driving/src/lane_processor.cpp:[m[K In member function ‘[01m[Kbool lane_processor::LaneProcessor::RefitWithSamples(const std::vector<interface::Point2D>&, interface::PolyfitLane&)[m[K’:
[7.187s] [01m[K/home/joon/mission_hard/mission_hard/src/app/autonomous_driving/src/lane_processor.cpp:2394:42:[m[K [01;31m[Kerror: [m[K‘[01m[Kstruct interface::PolyfitLane[m[K’ has no member named ‘[01m[Kx_start[m[K’
[7.187s]  2394 |     double sample_x_start = lane_polyfit.[01;31m[Kx_start[m[K;
[7.187s]       |                                          [01;31m[K^~~~~~~[m[K
[7.187s] [01m[K/home/joon/mission_hard/mission_hard/src/app/autonomous_driving/src/lane_processor.cpp:2395:40:[m[K [01;31m[Kerror: [m[K‘[01m[Kstruct interface::PolyfitLane[m[K’ has no member named ‘[01m[Kx_end[m[K’
[7.187s]  2395 |     double sample_x_end = lane_polyfit.[01;31m[Kx_end[m[K;
[7.187s]       |                                        [01;31m[K^~~~~[m[K
[7.188s] [01m[K/home/joon/mission_hard/mission_hard/src/app/autonomous_driving/src/lane_processor.cpp:[m[K In member function ‘[01m[Kbool lane_processor::LaneProcessor::AreLanesTooClose(const interface::PolyfitLane&, const interface::PolyfitLane&) const[m[K’:
[7.188s] [01m[K/home/joon/mission_hard/mission_hard/src/app/autonomous_driving/src/lane_processor.cpp:2490:45:[m[K [01;31m[Kerror: [m[K‘[01m[Kconst struct interface::PolyfitLane[m[K’ has no member named ‘[01m[Kx_start[m[K’
[7.188s]  2490 |     const double x_start = std::max({lane_a.[01;31m[Kx_start[m[K, lane_b.x_start, 0.0});
[7.188s]       |                                             [01;31m[K^~~~~~~[m[K
[7.188s] [01m[K/home/joon/mission_hard/mission_hard/src/app/autonomous_driving/src/lane_processor.cpp:2490:61:[m[K [01;31m[Kerror: [m[K‘[01m[Kconst struct interface::PolyfitLane[m[K’ has no member named ‘[01m[Kx_start[m[K’
[7.188s]  2490 |     const double x_start = std::max({lane_a.x_start, lane_b.[01;31m[Kx_start[m[K, 0.0});
[7.189s]       |                                                             [01;31m[K^~~~~~~[m[K
[7.190s] [01m[K/home/joon/mission_hard/mission_hard/src/app/autonomous_driving/src/lane_processor.cpp:2490:36:[m[K [01;31m[Kerror: [m[Kno matching function for call to ‘[01m[Kmax(<brace-enclosed initializer list>)[m[K’
[7.190s]  2490 |     const double x_start = [01;31m[Kstd::max({lane_a.x_start, lane_b.x_start, 0.0})[m[K;
[7.190s]       |                            [01;31m[K~~~~~~~~^~~~~~~~~~~~~~~~~~~~~~~~~~~~~~~~~~~~~~~[m[K
[7.190s] In file included from [01m[K/usr/include/c++/11/algorithm:61[m[K,
[7.190s]                  from [01m[K/home/joon/mission_hard/mission_hard/src/app/autonomous_driving/src/lane_processor.cpp:39[m[K:
[7.191s] [01m[K/usr/include/c++/11/bits/stl_algobase.h:254:5:[m[K [01;36m[Knote: [m[Kcandidate: ‘[01m[Ktemplate<class _Tp> constexpr const _Tp& std::max(const _Tp&, const _Tp&)[m[K’
[7.191s]   254 |     [01;36m[Kmax[m[K(const _Tp& __a, const _Tp& __b)
[7.191s]       |     [01;36m[K^~~[m[K
[7.191s] [01m[K/usr/include/c++/11/bits/stl_algobase.h:254:5:[m[K [01;36m[Knote: [m[K  template argument deduction/substitution failed:
[7.191s] [01m[K/home/joon/mission_hard/mission_hard/src/app/autonomous_driving/src/lane_processor.cpp:2490:36:[m[K [01;36m[Knote: [m[K  candidate expects 2 arguments, 1 provided
[7.191s]  2490 |     const double x_start = [01;36m[Kstd::max({lane_a.x_start, lane_b.x_start, 0.0})[m[K;
[7.191s]       |                            [01;36m[K~~~~~~~~^~~~~~~~~~~~~~~~~~~~~~~~~~~~~~~~~~~~~~~[m[K
[7.191s] In file included from [01m[K/usr/include/c++/11/algorithm:61[m[K,
[7.191s]                  from [01m[K/home/joon/mission_hard/mission_hard/src/app/autonomous_driving/src/lane_processor.cpp:39[m[K:
[7.191s] [01m[K/usr/include/c++/11/bits/stl_algobase.h:300:5:[m[K [01;36m[Knote: [m[Kcandidate: ‘[01m[Ktemplate<class _Tp, class _Compare> constexpr const _Tp& std::max(const _Tp&, const _Tp&, _Compare)[m[K’
[7.191s]   300 |     [01;36m[Kmax[m[K(const _Tp& __a, const _Tp& __b, _Compare __comp)
[7.191s]       |     [01;36m[K^~~[m[K
[7.191s] [01m[K/usr/include/c++/11/bits/stl_algobase.h:300:5:[m[K [01;36m[Knote: [m[K  template argument deduction/substitution failed:
[7.191s] [01m[K/home/joon/mission_hard/mission_hard/src/app/autonomous_driving/src/lane_processor.cpp:2490:36:[m[K [01;36m[Knote: [m[K  candidate expects 3 arguments, 1 provided
[7.192s]  2490 |     const double x_start = [01;36m[Kstd::max({lane_a.x_start, lane_b.x_start, 0.0})[m[K;
[7.192s]       |                            [01;36m[K~~~~~~~~^~~~~~~~~~~~~~~~~~~~~~~~~~~~~~~~~~~~~~~[m[K
[7.192s] In file included from [01m[K/usr/include/c++/11/algorithm:62[m[K,
[7.192s]                  from [01m[K/home/joon/mission_hard/mission_hard/src/app/autonomous_driving/src/lane_processor.cpp:39[m[K:
[7.192s] [01m[K/usr/include/c++/11/bits/stl_algo.h:3461:5:[m[K [01;36m[Knote: [m[Kcandidate: ‘[01m[Ktemplate<class _Tp> constexpr _Tp std::max(std::initializer_list<_Tp>)[m[K’
[7.192s]  3461 |     [01;36m[Kmax[m[K(initializer_list<_Tp> __l)
[7.192s]       |     [01;36m[K^~~[m[K
[7.192s] [01m[K/usr/include/c++/11/bits/stl_algo.h:3461:5:[m[K [01;36m[Knote: [m[K  template argument deduction/substitution failed:
[7.192s] [01m[K/usr/include/c++/11/bits/stl_algo.h:3467:5:[m[K [01;36m[Knote: [m[Kcandidate: ‘[01m[Ktemplate<class _Tp, class _Compare> constexpr _Tp std::max(std::initializer_list<_Tp>, _Compare)[m[K’
[7.192s]  3467 |     [01;36m[Kmax[m[K(initializer_list<_Tp> __l, _Compare __comp)
[7.192s]       |     [01;36m[K^~~[m[K
[7.192s] [01m[K/usr/include/c++/11/bits/stl_algo.h:3467:5:[m[K [01;36m[Knote: [m[K  template argument deduction/substitution failed:
[7.192s] [01m[K/home/joon/mission_hard/mission_hard/src/app/autonomous_driving/src/lane_processor.cpp:2491:43:[m[K [01;31m[Kerror: [m[K‘[01m[Kconst struct interface::PolyfitLane[m[K’ has no member named ‘[01m[Kx_end[m[K’
[7.192s]  2491 |     const double x_end = std::min({lane_a.[01;31m[Kx_end[m[K, lane_b.x_end, 15.0});
[7.192s]       |                                           [01;31m[K^~~~~[m[K
[7.192s] [01m[K/home/joon/mission_hard/mission_hard/src/app/autonomous_driving/src/lane_processor.cpp:2491:57:[m[K [01;31m[Kerror: [m[K‘[01m[Kconst struct interface::PolyfitLane[m[K’ has no member named ‘[01m[Kx_end[m[K’
[7.192s]  2491 |     const double x_end = std::min({lane_a.x_end, lane_b.[01;31m[Kx_end[m[K, 15.0});
[7.192s]       |                                                         [01;31m[K^~~~~[m[K
[7.192s] [01m[K/home/joon/mission_hard/mission_hard/src/app/autonomous_driving/src/lane_processor.cpp:2491:34:[m[K [01;31m[Kerror: [m[Kno matching function for call to ‘[01m[Kmin(<brace-enclosed initializer list>)[m[K’
[7.193s]  2491 |     const double x_end = [01;31m[Kstd::min({lane_a.x_end, lane_b.x_end, 15.0})[m[K;
[7.193s]       |                          [01;31m[K~~~~~~~~^~~~~~~~~~~~~~~~~~~~~~~~~~~~~~~~~~~~[m[K
[7.193s] In file included from [01m[K/usr/include/c++/11/algorithm:61[m[K,
[7.193s]                  from [01m[K/home/joon/mission_hard/mission_hard/src/app/autonomous_driving/src/lane_processor.cpp:39[m[K:
[7.193s] [01m[K/usr/include/c++/11/bits/stl_algobase.h:230:5:[m[K [01;36m[Knote: [m[Kcandidate: ‘[01m[Ktemplate<class _Tp> constexpr const _Tp& std::min(const _Tp&, const _Tp&)[m[K’
[7.193s]   230 |     [01;36m[Kmin[m[K(const _Tp& __a, const _Tp& __b)
[7.193s]       |     [01;36m[K^~~[m[K
[7.193s] [01m[K/usr/include/c++/11/bits/stl_algobase.h:230:5:[m[K [01;36m[Knote: [m[K  template argument deduction/substitution failed:
[7.193s] [01m[K/home/joon/mission_hard/mission_hard/src/app/autonomous_driving/src/lane_processor.cpp:2491:34:[m[K [01;36m[Knote: [m[K  candidate expects 2 arguments, 1 provided
[7.193s]  2491 |     const double x_end = [01;36m[Kstd::min({lane_a.x_end, lane_b.x_end, 15.0})[m[K;
[7.193s]       |                          [01;36m[K~~~~~~~~^~~~~~~~~~~~~~~~~~~~~~~~~~~~~~~~~~~~[m[K
[7.193s] In file included from [01m[K/usr/include/c++/11/algorithm:61[m[K,
[7.193s]                  from [01m[K/home/joon/mission_hard/mission_hard/src/app/autonomous_driving/src/lane_processor.cpp:39[m[K:
[7.193s] [01m[K/usr/include/c++/11/bits/stl_algobase.h:278:5:[m[K [01;36m[Knote: [m[Kcandidate: ‘[01m[Ktemplate<class _Tp, class _Compare> constexpr const _Tp& std::min(const _Tp&, const _Tp&, _Compare)[m[K’
[7.193s]   278 |     [01;36m[Kmin[m[K(const _Tp& __a, const _Tp& __b, _Compare __comp)
[7.193s]       |     [01;36m[K^~~[m[K
[7.193s] [01m[K/usr/include/c++/11/bits/stl_algobase.h:278:5:[m[K [01;36m[Knote: [m[K  template argument deduction/substitution failed:
[7.193s] [01m[K/home/joon/mission_hard/mission_hard/src/app/autonomous_driving/src/lane_processor.cpp:2491:34:[m[K [01;36m[Knote: [m[K  candidate expects 3 arguments, 1 provided
[7.193s]  2491 |     const double x_end = [01;36m[Kstd::min({lane_a.x_end, lane_b.x_end, 15.0})[m[K;
[7.193s]       |                          [01;36m[K~~~~~~~~^~~~~~~~~~~~~~~~~~~~~~~~~~~~~~~~~~~~[m[K
[7.193s] In file included from [01m[K/usr/include/c++/11/algorithm:62[m[K,
[7.193s]                  from [01m[K/home/joon/mission_hard/mission_hard/src/app/autonomous_driving/src/lane_processor.cpp:39[m[K:
[7.193s] [01m[K/usr/include/c++/11/bits/stl_algo.h:3449:5:[m[K [01;36m[Knote: [m[Kcandidate: ‘[01m[Ktemplate<class _Tp> constexpr _Tp std::min(std::initializer_list<_Tp>)[m[K’
[7.193s]  3449 |     [01;36m[Kmin[m[K(initializer_list<_Tp> __l)
[7.193s]       |     [01;36m[K^~~[m[K
[7.193s] [01m[K/usr/include/c++/11/bits/stl_algo.h:3449:5:[m[K [01;36m[Knote: [m[K  template argument deduction/substitution failed:
[7.193s] [01m[K/usr/include/c++/11/bits/stl_algo.h:3455:5:[m[K [01;36m[Knote: [m[Kcandidate: ‘[01m[Ktemplate<class _Tp, class _Compare> constexpr _Tp std::min(std::initializer_list<_Tp>, _Compare)[m[K’
[7.193s]  3455 |     [01;36m[Kmin[m[K(initializer_list<_Tp> __l, _Compare __comp)
[7.193s]       |     [01;36m[K^~~[m[K
[7.194s] [01m[K/usr/include/c++/11/bits/stl_algo.h:3455:5:[m[K [01;36m[Knote: [m[K  template argument deduction/substitution failed:
[9.634s] gmake[2]: *** [CMakeFiles/autonomous_driving.dir/build.make:90: CMakeFiles/autonomous_driving.dir/src/lane_processor.cpp.o] Error 1
[9.634s] gmake[2]: *** Waiting for unfinished jobs....
[9.739s] [01m[K/home/joon/mission_hard/mission_hard/src/app/autonomous_driving/src/autonomous_driving_node.cpp:[m[K In member function ‘[01m[Kvoid AutonomousDriving::Run()[m[K’:
[9.739s] [01m[K/home/joon/mission_hard/mission_hard/src/app/autonomous_driving/src/autonomous_driving_node.cpp:232:43:[m[K [01;31m[Kerror: [m[K‘[01m[Kconst struct interface::PolyfitLane[m[K’ has no member named ‘[01m[Kx_start[m[K’
[9.739s]   232 |         double sample_x_start = poly_lane.[01;31m[Kx_start[m[K;
[9.739s]       |                                           [01;31m[K^~~~~~~[m[K
[9.739s] [01m[K/home/joon/mission_hard/mission_hard/src/app/autonomous_driving/src/autonomous_driving_node.cpp:233:41:[m[K [01;31m[Kerror: [m[K‘[01m[Kconst struct interface::PolyfitLane[m[K’ has no member named ‘[01m[Kx_end[m[K’
[9.740s]   233 |         double sample_x_end = poly_lane.[01;31m[Kx_end[m[K;
[9.740s]       |                                         [01;31m[K^~~~~[m[K
[24.250s] gmake[2]: *** [CMakeFiles/autonomous_driving.dir/build.make:76: CMakeFiles/autonomous_driving.dir/src/autonomous_driving_node.cpp.o] Error 1
[24.251s] gmake[1]: *** [CMakeFiles/Makefile2:137: CMakeFiles/autonomous_driving.dir/all] Error 2
[24.252s] gmake: *** [Makefile:146: all] Error 2
[24.276s] Invoked command in '/home/joon/mission_hard/mission_hard/build/autonomous_driving' returned '2': AMENT_PREFIX_PATH=/home/joon/mission_hard/mission_hard/install/ad_msgs:${AMENT_PREFIX_PATH} CMAKE_PREFIX_PATH=/home/joon/mission_hard/mission_hard/install/ad_msgs:/home/joon/automotive_software_final/install/simulator:/home/joon/automotive_software_final/install/mission_manager:/home/joon/automotive_software_final/install/evaluation:/home/joon/automotive_software_final/install/autonomous_driving:/home/joon/automotive_software_final/install/ad_msgs:/opt/ros/humble LD_LIBRARY_PATH=/home/joon/mission_hard/mission_hard/install/ad_msgs/lib:${LD_LIBRARY_PATH} PYTHONPATH=/home/joon/mission_hard/mission_hard/install/ad_msgs/local/lib/python3.10/dist-packages:${PYTHONPATH} /usr/bin/cmake --build /home/joon/mission_hard/mission_hard/build/autonomous_driving -- -j16 -l16
