[0.145s] Invoking command in '/home/joon/automotive_software_final/build/autonomous_driving': CMAKE_PREFIX_PATH=/home/joon/automotive_software_final/install/ad_msgs:/home/joon/automotive_software_final/install/simulator:/home/joon/automotive_software_final/install/mission_manager:/home/joon/automotive_software_final/install/evaluation:/home/joon/automotive_software_final/install/autonomous_driving:/opt/ros/humble /usr/bin/cmake --build /home/joon/automotive_software_final/build/autonomous_driving -- -j16 -l16
[0.207s] [35m[1mConsolidate compiler generated dependencies of target autonomous_driving[0m
[0.251s] [ 33%] [32mBuilding CXX object CMakeFiles/autonomous_driving.dir/src/autonomous_driving_node.cpp.o[0m
[0.254s] [ 66%] [32mBuilding CXX object CMakeFiles/autonomous_driving.dir/src/lane_processor.cpp.o[0m
[2.292s] [01m[K/home/joon/automotive_software_final/src/app/autonomous_driving/src/lane_processor.cpp:[m[K In member function ‘[01m[Kvoid lane_processor::LaneProcessor::GenerateEgoCenterLane(bool)[m[K’:
[2.292s] [01m[K/home/joon/automotive_software_final/src/app/autonomous_driving/src/lane_processor.cpp:585:48:[m[K [01;35m[Kwarning: [m[Kunused parameter ‘[01m[Kshould_log[m[K’ [[01;35m[K]8;;https://gcc.gnu.org/onlinedocs/gcc/Warning-Options.html#index-Wunused-parameter-Wunused-parameter]8;;[m[K]
[2.292s]   585 | void LaneProcessor::GenerateEgoCenterLane([01;35m[Kbool should_log[m[K) {
[2.292s]       |                                           [01;35m[K~~~~~^~~~~~~~~~[m[K
[2.294s] [01m[K/home/joon/automotive_software_final/src/app/autonomous_driving/src/lane_processor.cpp:[m[K In member function ‘[01m[Kvoid lane_processor::LaneProcessor::FilterStoredPointsByRange(const interface::VehicleState&)[m[K’:
[2.294s] [01m[K/home/joon/automotive_software_final/src/app/autonomous_driving/src/lane_processor.cpp:659:78:[m[K [01;35m[Kwarning: [m[Kunused parameter ‘[01m[Kvehicle_state[m[K’ [[01;35m[K]8;;https://gcc.gnu.org/onlinedocs/gcc/Warning-Options.html#index-Wunused-parameter-Wunused-parameter]8;;[m[K]
[2.294s]   659 | void LaneProcessor::FilterStoredPointsByRange([01;35m[Kconst interface::VehicleState& vehicle_state[m[K) {
[2.294s]       |                                               [01;35m[K~~~~~~~~~~~~~~~~~~~~~~~~~~~~~~~^~~~~~~~~~~~~[m[K
[35.129s] [100%] [32m[1mLinking CXX executable autonomous_driving[0m
[35.516s] [100%] Built target autonomous_driving
[35.532s] Invoked command in '/home/joon/automotive_software_final/build/autonomous_driving' returned '0': CMAKE_PREFIX_PATH=/home/joon/automotive_software_final/install/ad_msgs:/home/joon/automotive_software_final/install/simulator:/home/joon/automotive_software_final/install/mission_manager:/home/joon/automotive_software_final/install/evaluation:/home/joon/automotive_software_final/install/autonomous_driving:/opt/ros/humble /usr/bin/cmake --build /home/joon/automotive_software_final/build/autonomous_driving -- -j16 -l16
[35.539s] Invoking command in '/home/joon/automotive_software_final/build/autonomous_driving': CMAKE_PREFIX_PATH=/home/joon/automotive_software_final/install/ad_msgs:/home/joon/automotive_software_final/install/simulator:/home/joon/automotive_software_final/install/mission_manager:/home/joon/automotive_software_final/install/evaluation:/home/joon/automotive_software_final/install/autonomous_driving:/opt/ros/humble /usr/bin/cmake --install /home/joon/automotive_software_final/build/autonomous_driving
[35.549s] -- Install configuration: "Release"
[35.551s] -- Execute custom install script
[35.552s] -- Up-to-date symlink: /home/joon/automotive_software_final/install/autonomous_driving/lib/autonomous_driving/autonomous_driving
[35.556s] -- Up-to-date symlink: /home/joon/automotive_software_final/install/autonomous_driving/share/autonomous_driving/launch/autonomous_driving.launch.xml
[35.556s] -- Up-to-date symlink: /home/joon/automotive_software_final/install/autonomous_driving/share/autonomous_driving/launch/autonomous_driving.launch.xml:Zone.Identifier
[35.556s] -- Up-to-date symlink: /home/joon/automotive_software_final/install/autonomous_driving/share/autonomous_driving/launch/manual_driving.launch.xml
[35.556s] -- Up-to-date symlink: /home/joon/automotive_software_final/install/autonomous_driving/share/autonomous_driving/launch/manual_driving.launch.xml:Zone.Identifier
[35.557s] -- Up-to-date symlink: /home/joon/automotive_software_final/install/autonomous_driving/lib/autonomous_driving/simultaneous_inputs.py
[35.557s] -- Up-to-date symlink: /home/joon/automotive_software_final/install/autonomous_driving/share/ament_index/resource_index/package_run_dependencies/autonomous_driving
[35.557s] -- Up-to-date symlink: /home/joon/automotive_software_final/install/autonomous_driving/share/ament_index/resource_index/parent_prefix_path/autonomous_driving
[35.557s] -- Up-to-date symlink: /home/joon/automotive_software_final/install/autonomous_driving/share/autonomous_driving/environment/ament_prefix_path.sh
[35.557s] -- Up-to-date symlink: /home/joon/automotive_software_final/install/autonomous_driving/share/autonomous_driving/environment/ament_prefix_path.dsv
[35.558s] -- Up-to-date symlink: /home/joon/automotive_software_final/install/autonomous_driving/share/autonomous_driving/environment/path.sh
[35.558s] -- Up-to-date symlink: /home/joon/automotive_software_final/install/autonomous_driving/share/autonomous_driving/environment/path.dsv
[35.558s] -- Up-to-date symlink: /home/joon/automotive_software_final/install/autonomous_driving/share/autonomous_driving/local_setup.bash
[35.559s] -- Up-to-date symlink: /home/joon/automotive_software_final/install/autonomous_driving/share/autonomous_driving/local_setup.sh
[35.559s] -- Up-to-date symlink: /home/joon/automotive_software_final/install/autonomous_driving/share/autonomous_driving/local_setup.zsh
[35.559s] -- Up-to-date symlink: /home/joon/automotive_software_final/install/autonomous_driving/share/autonomous_driving/local_setup.dsv
[35.560s] -- Symlinking: /home/joon/automotive_software_final/install/autonomous_driving/share/autonomous_driving/package.dsv
[35.573s] -- Up-to-date symlink: /home/joon/automotive_software_final/install/autonomous_driving/share/ament_index/resource_index/packages/autonomous_driving
[35.574s] -- Up-to-date symlink: /home/joon/automotive_software_final/install/autonomous_driving/share/autonomous_driving/cmake/autonomous_drivingConfig.cmake
[35.574s] -- Up-to-date symlink: /home/joon/automotive_software_final/install/autonomous_driving/share/autonomous_driving/cmake/autonomous_drivingConfig-version.cmake
[35.574s] -- Up-to-date symlink: /home/joon/automotive_software_final/install/autonomous_driving/share/autonomous_driving/package.xml
[35.577s] Invoked command in '/home/joon/automotive_software_final/build/autonomous_driving' returned '0': CMAKE_PREFIX_PATH=/home/joon/automotive_software_final/install/ad_msgs:/home/joon/automotive_software_final/install/simulator:/home/joon/automotive_software_final/install/mission_manager:/home/joon/automotive_software_final/install/evaluation:/home/joon/automotive_software_final/install/autonomous_driving:/opt/ros/humble /usr/bin/cmake --install /home/joon/automotive_software_final/build/autonomous_driving
