[0.155s] DEBUG:colcon:Command line arguments: ['/usr/bin/colcon', 'build', '--symlink-install']
[0.155s] DEBUG:colcon:Parsed command line arguments: Namespace(log_base=None, log_level=None, verb_name='build', build_base='build', install_base='install', merge_install=False, symlink_install=True, test_result_base=None, continue_on_error=False, executor='parallel', parallel_workers=16, event_handlers=None, ignore_user_meta=False, metas=['./colcon.meta'], base_paths=['.'], packages_ignore=None, packages_ignore_regex=None, paths=None, packages_up_to=None, packages_up_to_regex=None, packages_above=None, packages_above_and_dependencies=None, packages_above_depth=None, packages_select_by_dep=None, packages_skip_by_dep=None, packages_skip_up_to=None, packages_select_build_failed=False, packages_skip_build_finished=False, packages_select_test_failures=False, packages_skip_test_passed=False, packages_select=None, packages_skip=None, packages_select_regex=None, packages_skip_regex=None, packages_start=None, packages_end=None, allow_overriding=[], cmake_args=None, cmake_target=None, cmake_target_skip_unavailable=False, cmake_clean_cache=False, cmake_clean_first=False, cmake_force_configure=False, ament_cmake_args=None, catkin_cmake_args=None, catkin_skip_building_tests=False, mixin_files=None, mixin=None, verb_parser=<colcon_mixin.mixin.mixin_argument.MixinArgumentDecorator object at 0x7a36da11ee00>, verb_extension=<colcon_core.verb.build.BuildVerb object at 0x7a36da2232b0>, main=<bound method BuildVerb.main of <colcon_core.verb.build.BuildVerb object at 0x7a36da2232b0>>, mixin_verb=('build',))
[0.256s] Level 1:colcon.colcon_core.package_discovery:discover_packages(colcon_meta) check parameters
[0.256s] Level 1:colcon.colcon_core.package_discovery:discover_packages(recursive) check parameters
[0.256s] Level 1:colcon.colcon_core.package_discovery:discover_packages(ignore) check parameters
[0.256s] Level 1:colcon.colcon_core.package_discovery:discover_packages(path) check parameters
[0.256s] Level 1:colcon.colcon_core.package_discovery:discover_packages(colcon_meta) discover
[0.257s] Level 1:colcon.colcon_core.package_discovery:discover_packages(recursive) discover
[0.257s] INFO:colcon.colcon_core.package_discovery:Crawling recursively for packages in '/home/joon/automotive_software_final'
[0.257s] Level 1:colcon.colcon_core.package_identification:_identify(.) by extensions ['ignore', 'ignore_ament_install']
[0.257s] Level 1:colcon.colcon_core.package_identification:_identify(.) by extension 'ignore'
[0.257s] Level 1:colcon.colcon_core.package_identification:_identify(.) by extension 'ignore_ament_install'
[0.257s] Level 1:colcon.colcon_core.package_identification:_identify(.) by extensions ['colcon_pkg']
[0.257s] Level 1:colcon.colcon_core.package_identification:_identify(.) by extension 'colcon_pkg'
[0.257s] Level 1:colcon.colcon_core.package_identification:_identify(.) by extensions ['colcon_meta']
[0.257s] Level 1:colcon.colcon_core.package_identification:_identify(.) by extension 'colcon_meta'
[0.257s] Level 1:colcon.colcon_core.package_identification:_identify(.) by extensions ['ros']
[0.257s] Level 1:colcon.colcon_core.package_identification:_identify(.) by extension 'ros'
[0.264s] Level 1:colcon.colcon_core.package_identification:_identify(.) by extensions ['cmake', 'python']
[0.264s] Level 1:colcon.colcon_core.package_identification:_identify(.) by extension 'cmake'
[0.264s] Level 1:colcon.colcon_core.package_identification:_identify(.) by extension 'python'
[0.264s] Level 1:colcon.colcon_core.package_identification:_identify(.) by extensions ['python_setup_py']
[0.264s] Level 1:colcon.colcon_core.package_identification:_identify(.) by extension 'python_setup_py'
[0.264s] Level 1:colcon.colcon_core.package_identification:_identify(build) by extensions ['ignore', 'ignore_ament_install']
[0.264s] Level 1:colcon.colcon_core.package_identification:_identify(build) by extension 'ignore'
[0.264s] Level 1:colcon.colcon_core.package_identification:_identify(build) ignored
[0.265s] Level 1:colcon.colcon_core.package_identification:_identify(install) by extensions ['ignore', 'ignore_ament_install']
[0.265s] Level 1:colcon.colcon_core.package_identification:_identify(install) by extension 'ignore'
[0.265s] Level 1:colcon.colcon_core.package_identification:_identify(install) ignored
[0.265s] Level 1:colcon.colcon_core.package_identification:_identify(log) by extensions ['ignore', 'ignore_ament_install']
[0.265s] Level 1:colcon.colcon_core.package_identification:_identify(log) by extension 'ignore'
[0.265s] Level 1:colcon.colcon_core.package_identification:_identify(log) ignored
[0.265s] Level 1:colcon.colcon_core.package_identification:_identify(resources) by extensions ['ignore', 'ignore_ament_install']
[0.265s] Level 1:colcon.colcon_core.package_identification:_identify(resources) by extension 'ignore'
[0.265s] Level 1:colcon.colcon_core.package_identification:_identify(resources) by extension 'ignore_ament_install'
[0.265s] Level 1:colcon.colcon_core.package_identification:_identify(resources) by extensions ['colcon_pkg']
[0.265s] Level 1:colcon.colcon_core.package_identification:_identify(resources) by extension 'colcon_pkg'
[0.265s] Level 1:colcon.colcon_core.package_identification:_identify(resources) by extensions ['colcon_meta']
[0.265s] Level 1:colcon.colcon_core.package_identification:_identify(resources) by extension 'colcon_meta'
[0.265s] Level 1:colcon.colcon_core.package_identification:_identify(resources) by extensions ['ros']
[0.265s] Level 1:colcon.colcon_core.package_identification:_identify(resources) by extension 'ros'
[0.265s] Level 1:colcon.colcon_core.package_identification:_identify(resources) by extensions ['cmake', 'python']
[0.265s] Level 1:colcon.colcon_core.package_identification:_identify(resources) by extension 'cmake'
[0.265s] Level 1:colcon.colcon_core.package_identification:_identify(resources) by extension 'python'
[0.265s] Level 1:colcon.colcon_core.package_identification:_identify(resources) by extensions ['python_setup_py']
[0.265s] Level 1:colcon.colcon_core.package_identification:_identify(resources) by extension 'python_setup_py'
[0.265s] Level 1:colcon.colcon_core.package_identification:_identify(resources/csv) by extensions ['ignore', 'ignore_ament_install']
[0.265s] Level 1:colcon.colcon_core.package_identification:_identify(resources/csv) by extension 'ignore'
[0.265s] Level 1:colcon.colcon_core.package_identification:_identify(resources/csv) by extension 'ignore_ament_install'
[0.265s] Level 1:colcon.colcon_core.package_identification:_identify(resources/csv) by extensions ['colcon_pkg']
[0.265s] Level 1:colcon.colcon_core.package_identification:_identify(resources/csv) by extension 'colcon_pkg'
[0.265s] Level 1:colcon.colcon_core.package_identification:_identify(resources/csv) by extensions ['colcon_meta']
[0.265s] Level 1:colcon.colcon_core.package_identification:_identify(resources/csv) by extension 'colcon_meta'
[0.266s] Level 1:colcon.colcon_core.package_identification:_identify(resources/csv) by extensions ['ros']
[0.266s] Level 1:colcon.colcon_core.package_identification:_identify(resources/csv) by extension 'ros'
[0.266s] Level 1:colcon.colcon_core.package_identification:_identify(resources/csv) by extensions ['cmake', 'python']
[0.266s] Level 1:colcon.colcon_core.package_identification:_identify(resources/csv) by extension 'cmake'
[0.266s] Level 1:colcon.colcon_core.package_identification:_identify(resources/csv) by extension 'python'
[0.266s] Level 1:colcon.colcon_core.package_identification:_identify(resources/csv) by extensions ['python_setup_py']
[0.266s] Level 1:colcon.colcon_core.package_identification:_identify(resources/csv) by extension 'python_setup_py'
[0.266s] Level 1:colcon.colcon_core.package_identification:_identify(resources/csv/evaluation_lane) by extensions ['ignore', 'ignore_ament_install']
[0.266s] Level 1:colcon.colcon_core.package_identification:_identify(resources/csv/evaluation_lane) by extension 'ignore'
[0.266s] Level 1:colcon.colcon_core.package_identification:_identify(resources/csv/evaluation_lane) by extension 'ignore_ament_install'
[0.266s] Level 1:colcon.colcon_core.package_identification:_identify(resources/csv/evaluation_lane) by extensions ['colcon_pkg']
[0.266s] Level 1:colcon.colcon_core.package_identification:_identify(resources/csv/evaluation_lane) by extension 'colcon_pkg'
[0.266s] Level 1:colcon.colcon_core.package_identification:_identify(resources/csv/evaluation_lane) by extensions ['colcon_meta']
[0.266s] Level 1:colcon.colcon_core.package_identification:_identify(resources/csv/evaluation_lane) by extension 'colcon_meta'
[0.266s] Level 1:colcon.colcon_core.package_identification:_identify(resources/csv/evaluation_lane) by extensions ['ros']
[0.266s] Level 1:colcon.colcon_core.package_identification:_identify(resources/csv/evaluation_lane) by extension 'ros'
[0.266s] Level 1:colcon.colcon_core.package_identification:_identify(resources/csv/evaluation_lane) by extensions ['cmake', 'python']
[0.266s] Level 1:colcon.colcon_core.package_identification:_identify(resources/csv/evaluation_lane) by extension 'cmake'
[0.266s] Level 1:colcon.colcon_core.package_identification:_identify(resources/csv/evaluation_lane) by extension 'python'
[0.266s] Level 1:colcon.colcon_core.package_identification:_identify(resources/csv/evaluation_lane) by extensions ['python_setup_py']
[0.266s] Level 1:colcon.colcon_core.package_identification:_identify(resources/csv/evaluation_lane) by extension 'python_setup_py'
[0.266s] Level 1:colcon.colcon_core.package_identification:_identify(resources/csv/simulation_lane) by extensions ['ignore', 'ignore_ament_install']
[0.266s] Level 1:colcon.colcon_core.package_identification:_identify(resources/csv/simulation_lane) by extension 'ignore'
[0.266s] Level 1:colcon.colcon_core.package_identification:_identify(resources/csv/simulation_lane) by extension 'ignore_ament_install'
[0.266s] Level 1:colcon.colcon_core.package_identification:_identify(resources/csv/simulation_lane) by extensions ['colcon_pkg']
[0.266s] Level 1:colcon.colcon_core.package_identification:_identify(resources/csv/simulation_lane) by extension 'colcon_pkg'
[0.266s] Level 1:colcon.colcon_core.package_identification:_identify(resources/csv/simulation_lane) by extensions ['colcon_meta']
[0.266s] Level 1:colcon.colcon_core.package_identification:_identify(resources/csv/simulation_lane) by extension 'colcon_meta'
[0.266s] Level 1:colcon.colcon_core.package_identification:_identify(resources/csv/simulation_lane) by extensions ['ros']
[0.266s] Level 1:colcon.colcon_core.package_identification:_identify(resources/csv/simulation_lane) by extension 'ros'
[0.266s] Level 1:colcon.colcon_core.package_identification:_identify(resources/csv/simulation_lane) by extensions ['cmake', 'python']
[0.266s] Level 1:colcon.colcon_core.package_identification:_identify(resources/csv/simulation_lane) by extension 'cmake'
[0.266s] Level 1:colcon.colcon_core.package_identification:_identify(resources/csv/simulation_lane) by extension 'python'
[0.267s] Level 1:colcon.colcon_core.package_identification:_identify(resources/csv/simulation_lane) by extensions ['python_setup_py']
[0.267s] Level 1:colcon.colcon_core.package_identification:_identify(resources/csv/simulation_lane) by extension 'python_setup_py'
[0.267s] Level 1:colcon.colcon_core.package_identification:_identify(resources/meshes) by extensions ['ignore', 'ignore_ament_install']
[0.267s] Level 1:colcon.colcon_core.package_identification:_identify(resources/meshes) by extension 'ignore'
[0.267s] Level 1:colcon.colcon_core.package_identification:_identify(resources/meshes) by extension 'ignore_ament_install'
[0.267s] Level 1:colcon.colcon_core.package_identification:_identify(resources/meshes) by extensions ['colcon_pkg']
[0.267s] Level 1:colcon.colcon_core.package_identification:_identify(resources/meshes) by extension 'colcon_pkg'
[0.267s] Level 1:colcon.colcon_core.package_identification:_identify(resources/meshes) by extensions ['colcon_meta']
[0.267s] Level 1:colcon.colcon_core.package_identification:_identify(resources/meshes) by extension 'colcon_meta'
[0.267s] Level 1:colcon.colcon_core.package_identification:_identify(resources/meshes) by extensions ['ros']
[0.267s] Level 1:colcon.colcon_core.package_identification:_identify(resources/meshes) by extension 'ros'
[0.267s] Level 1:colcon.colcon_core.package_identification:_identify(resources/meshes) by extensions ['cmake', 'python']
[0.267s] Level 1:colcon.colcon_core.package_identification:_identify(resources/meshes) by extension 'cmake'
[0.267s] Level 1:colcon.colcon_core.package_identification:_identify(resources/meshes) by extension 'python'
[0.267s] Level 1:colcon.colcon_core.package_identification:_identify(resources/meshes) by extensions ['python_setup_py']
[0.267s] Level 1:colcon.colcon_core.package_identification:_identify(resources/meshes) by extension 'python_setup_py'
[0.267s] Level 1:colcon.colcon_core.package_identification:_identify(resources/rviz) by extensions ['ignore', 'ignore_ament_install']
[0.267s] Level 1:colcon.colcon_core.package_identification:_identify(resources/rviz) by extension 'ignore'
[0.267s] Level 1:colcon.colcon_core.package_identification:_identify(resources/rviz) by extension 'ignore_ament_install'
[0.267s] Level 1:colcon.colcon_core.package_identification:_identify(resources/rviz) by extensions ['colcon_pkg']
[0.267s] Level 1:colcon.colcon_core.package_identification:_identify(resources/rviz) by extension 'colcon_pkg'
[0.267s] Level 1:colcon.colcon_core.package_identification:_identify(resources/rviz) by extensions ['colcon_meta']
[0.267s] Level 1:colcon.colcon_core.package_identification:_identify(resources/rviz) by extension 'colcon_meta'
[0.267s] Level 1:colcon.colcon_core.package_identification:_identify(resources/rviz) by extensions ['ros']
[0.267s] Level 1:colcon.colcon_core.package_identification:_identify(resources/rviz) by extension 'ros'
[0.267s] Level 1:colcon.colcon_core.package_identification:_identify(resources/rviz) by extensions ['cmake', 'python']
[0.267s] Level 1:colcon.colcon_core.package_identification:_identify(resources/rviz) by extension 'cmake'
[0.267s] Level 1:colcon.colcon_core.package_identification:_identify(resources/rviz) by extension 'python'
[0.267s] Level 1:colcon.colcon_core.package_identification:_identify(resources/rviz) by extensions ['python_setup_py']
[0.267s] Level 1:colcon.colcon_core.package_identification:_identify(resources/rviz) by extension 'python_setup_py'
[0.267s] Level 1:colcon.colcon_core.package_identification:_identify(src) by extensions ['ignore', 'ignore_ament_install']
[0.267s] Level 1:colcon.colcon_core.package_identification:_identify(src) by extension 'ignore'
[0.267s] Level 1:colcon.colcon_core.package_identification:_identify(src) by extension 'ignore_ament_install'
[0.267s] Level 1:colcon.colcon_core.package_identification:_identify(src) by extensions ['colcon_pkg']
[0.267s] Level 1:colcon.colcon_core.package_identification:_identify(src) by extension 'colcon_pkg'
[0.267s] Level 1:colcon.colcon_core.package_identification:_identify(src) by extensions ['colcon_meta']
[0.268s] Level 1:colcon.colcon_core.package_identification:_identify(src) by extension 'colcon_meta'
[0.268s] Level 1:colcon.colcon_core.package_identification:_identify(src) by extensions ['ros']
[0.268s] Level 1:colcon.colcon_core.package_identification:_identify(src) by extension 'ros'
[0.268s] Level 1:colcon.colcon_core.package_identification:_identify(src) by extensions ['cmake', 'python']
[0.268s] Level 1:colcon.colcon_core.package_identification:_identify(src) by extension 'cmake'
[0.268s] Level 1:colcon.colcon_core.package_identification:_identify(src) by extension 'python'
[0.268s] Level 1:colcon.colcon_core.package_identification:_identify(src) by extensions ['python_setup_py']
[0.268s] Level 1:colcon.colcon_core.package_identification:_identify(src) by extension 'python_setup_py'
[0.268s] Level 1:colcon.colcon_core.package_identification:_identify(src/app) by extensions ['ignore', 'ignore_ament_install']
[0.268s] Level 1:colcon.colcon_core.package_identification:_identify(src/app) by extension 'ignore'
[0.268s] Level 1:colcon.colcon_core.package_identification:_identify(src/app) by extension 'ignore_ament_install'
[0.268s] Level 1:colcon.colcon_core.package_identification:_identify(src/app) by extensions ['colcon_pkg']
[0.268s] Level 1:colcon.colcon_core.package_identification:_identify(src/app) by extension 'colcon_pkg'
[0.268s] Level 1:colcon.colcon_core.package_identification:_identify(src/app) by extensions ['colcon_meta']
[0.268s] Level 1:colcon.colcon_core.package_identification:_identify(src/app) by extension 'colcon_meta'
[0.268s] Level 1:colcon.colcon_core.package_identification:_identify(src/app) by extensions ['ros']
[0.268s] Level 1:colcon.colcon_core.package_identification:_identify(src/app) by extension 'ros'
[0.268s] Level 1:colcon.colcon_core.package_identification:_identify(src/app) by extensions ['cmake', 'python']
[0.268s] Level 1:colcon.colcon_core.package_identification:_identify(src/app) by extension 'cmake'
[0.268s] Level 1:colcon.colcon_core.package_identification:_identify(src/app) by extension 'python'
[0.268s] Level 1:colcon.colcon_core.package_identification:_identify(src/app) by extensions ['python_setup_py']
[0.268s] Level 1:colcon.colcon_core.package_identification:_identify(src/app) by extension 'python_setup_py'
[0.268s] Level 1:colcon.colcon_core.package_identification:_identify(src/app/autonomous_driving) by extensions ['ignore', 'ignore_ament_install']
[0.268s] Level 1:colcon.colcon_core.package_identification:_identify(src/app/autonomous_driving) by extension 'ignore'
[0.268s] Level 1:colcon.colcon_core.package_identification:_identify(src/app/autonomous_driving) by extension 'ignore_ament_install'
[0.268s] Level 1:colcon.colcon_core.package_identification:_identify(src/app/autonomous_driving) by extensions ['colcon_pkg']
[0.268s] Level 1:colcon.colcon_core.package_identification:_identify(src/app/autonomous_driving) by extension 'colcon_pkg'
[0.268s] Level 1:colcon.colcon_core.package_identification:_identify(src/app/autonomous_driving) by extensions ['colcon_meta']
[0.268s] Level 1:colcon.colcon_core.package_identification:_identify(src/app/autonomous_driving) by extension 'colcon_meta'
[0.268s] Level 1:colcon.colcon_core.package_identification:_identify(src/app/autonomous_driving) by extensions ['ros']
[0.268s] Level 1:colcon.colcon_core.package_identification:_identify(src/app/autonomous_driving) by extension 'ros'
[0.270s] DEBUG:colcon.colcon_core.package_identification:Package 'src/app/autonomous_driving' with type 'ros.ament_cmake' and name 'autonomous_driving'
[0.270s] Level 1:colcon.colcon_core.package_identification:_identify(src/app/evaluation) by extensions ['ignore', 'ignore_ament_install']
[0.270s] Level 1:colcon.colcon_core.package_identification:_identify(src/app/evaluation) by extension 'ignore'
[0.270s] Level 1:colcon.colcon_core.package_identification:_identify(src/app/evaluation) by extension 'ignore_ament_install'
[0.271s] Level 1:colcon.colcon_core.package_identification:_identify(src/app/evaluation) by extensions ['colcon_pkg']
[0.271s] Level 1:colcon.colcon_core.package_identification:_identify(src/app/evaluation) by extension 'colcon_pkg'
[0.271s] Level 1:colcon.colcon_core.package_identification:_identify(src/app/evaluation) by extensions ['colcon_meta']
[0.271s] Level 1:colcon.colcon_core.package_identification:_identify(src/app/evaluation) by extension 'colcon_meta'
[0.271s] Level 1:colcon.colcon_core.package_identification:_identify(src/app/evaluation) by extensions ['ros']
[0.271s] Level 1:colcon.colcon_core.package_identification:_identify(src/app/evaluation) by extension 'ros'
[0.271s] DEBUG:colcon.colcon_core.package_identification:Package 'src/app/evaluation' with type 'ros.ament_cmake' and name 'evaluation'
[0.271s] Level 1:colcon.colcon_core.package_identification:_identify(src/app/mission_manager) by extensions ['ignore', 'ignore_ament_install']
[0.271s] Level 1:colcon.colcon_core.package_identification:_identify(src/app/mission_manager) by extension 'ignore'
[0.271s] Level 1:colcon.colcon_core.package_identification:_identify(src/app/mission_manager) by extension 'ignore_ament_install'
[0.271s] Level 1:colcon.colcon_core.package_identification:_identify(src/app/mission_manager) by extensions ['colcon_pkg']
[0.272s] Level 1:colcon.colcon_core.package_identification:_identify(src/app/mission_manager) by extension 'colcon_pkg'
[0.272s] Level 1:colcon.colcon_core.package_identification:_identify(src/app/mission_manager) by extensions ['colcon_meta']
[0.272s] Level 1:colcon.colcon_core.package_identification:_identify(src/app/mission_manager) by extension 'colcon_meta'
[0.272s] Level 1:colcon.colcon_core.package_identification:_identify(src/app/mission_manager) by extensions ['ros']
[0.272s] Level 1:colcon.colcon_core.package_identification:_identify(src/app/mission_manager) by extension 'ros'
[0.272s] DEBUG:colcon.colcon_core.package_identification:Package 'src/app/mission_manager' with type 'ros.ament_cmake' and name 'mission_manager'
[0.272s] Level 1:colcon.colcon_core.package_identification:_identify(src/app/simulator) by extensions ['ignore', 'ignore_ament_install']
[0.272s] Level 1:colcon.colcon_core.package_identification:_identify(src/app/simulator) by extension 'ignore'
[0.272s] Level 1:colcon.colcon_core.package_identification:_identify(src/app/simulator) by extension 'ignore_ament_install'
[0.272s] Level 1:colcon.colcon_core.package_identification:_identify(src/app/simulator) by extensions ['colcon_pkg']
[0.272s] Level 1:colcon.colcon_core.package_identification:_identify(src/app/simulator) by extension 'colcon_pkg'
[0.272s] Level 1:colcon.colcon_core.package_identification:_identify(src/app/simulator) by extensions ['colcon_meta']
[0.272s] Level 1:colcon.colcon_core.package_identification:_identify(src/app/simulator) by extension 'colcon_meta'
[0.272s] Level 1:colcon.colcon_core.package_identification:_identify(src/app/simulator) by extensions ['ros']
[0.272s] Level 1:colcon.colcon_core.package_identification:_identify(src/app/simulator) by extension 'ros'
[0.273s] DEBUG:colcon.colcon_core.package_identification:Package 'src/app/simulator' with type 'ros.ament_cmake' and name 'simulator'
[0.273s] Level 1:colcon.colcon_core.package_identification:_identify(src/bsw) by extensions ['ignore', 'ignore_ament_install']
[0.273s] Level 1:colcon.colcon_core.package_identification:_identify(src/bsw) by extension 'ignore'
[0.273s] Level 1:colcon.colcon_core.package_identification:_identify(src/bsw) by extension 'ignore_ament_install'
[0.273s] Level 1:colcon.colcon_core.package_identification:_identify(src/bsw) by extensions ['colcon_pkg']
[0.273s] Level 1:colcon.colcon_core.package_identification:_identify(src/bsw) by extension 'colcon_pkg'
[0.273s] Level 1:colcon.colcon_core.package_identification:_identify(src/bsw) by extensions ['colcon_meta']
[0.273s] Level 1:colcon.colcon_core.package_identification:_identify(src/bsw) by extension 'colcon_meta'
[0.273s] Level 1:colcon.colcon_core.package_identification:_identify(src/bsw) by extensions ['ros']
[0.273s] Level 1:colcon.colcon_core.package_identification:_identify(src/bsw) by extension 'ros'
[0.273s] Level 1:colcon.colcon_core.package_identification:_identify(src/bsw) by extensions ['cmake', 'python']
[0.273s] Level 1:colcon.colcon_core.package_identification:_identify(src/bsw) by extension 'cmake'
[0.273s] Level 1:colcon.colcon_core.package_identification:_identify(src/bsw) by extension 'python'
[0.273s] Level 1:colcon.colcon_core.package_identification:_identify(src/bsw) by extensions ['python_setup_py']
[0.273s] Level 1:colcon.colcon_core.package_identification:_identify(src/bsw) by extension 'python_setup_py'
[0.273s] Level 1:colcon.colcon_core.package_identification:_identify(src/bsw/system) by extensions ['ignore', 'ignore_ament_install']
[0.273s] Level 1:colcon.colcon_core.package_identification:_identify(src/bsw/system) by extension 'ignore'
[0.273s] Level 1:colcon.colcon_core.package_identification:_identify(src/bsw/system) by extension 'ignore_ament_install'
[0.273s] Level 1:colcon.colcon_core.package_identification:_identify(src/bsw/system) by extensions ['colcon_pkg']
[0.273s] Level 1:colcon.colcon_core.package_identification:_identify(src/bsw/system) by extension 'colcon_pkg'
[0.273s] Level 1:colcon.colcon_core.package_identification:_identify(src/bsw/system) by extensions ['colcon_meta']
[0.273s] Level 1:colcon.colcon_core.package_identification:_identify(src/bsw/system) by extension 'colcon_meta'
[0.273s] Level 1:colcon.colcon_core.package_identification:_identify(src/bsw/system) by extensions ['ros']
[0.273s] Level 1:colcon.colcon_core.package_identification:_identify(src/bsw/system) by extension 'ros'
[0.273s] Level 1:colcon.colcon_core.package_identification:_identify(src/bsw/system) by extensions ['cmake', 'python']
[0.273s] Level 1:colcon.colcon_core.package_identification:_identify(src/bsw/system) by extension 'cmake'
[0.273s] Level 1:colcon.colcon_core.package_identification:_identify(src/bsw/system) by extension 'python'
[0.273s] Level 1:colcon.colcon_core.package_identification:_identify(src/bsw/system) by extensions ['python_setup_py']
[0.273s] Level 1:colcon.colcon_core.package_identification:_identify(src/bsw/system) by extension 'python_setup_py'
[0.274s] Level 1:colcon.colcon_core.package_identification:_identify(src/bsw/system/bridge) by extensions ['ignore', 'ignore_ament_install']
[0.274s] Level 1:colcon.colcon_core.package_identification:_identify(src/bsw/system/bridge) by extension 'ignore'
[0.274s] Level 1:colcon.colcon_core.package_identification:_identify(src/bsw/system/bridge) by extension 'ignore_ament_install'
[0.274s] Level 1:colcon.colcon_core.package_identification:_identify(src/bsw/system/bridge) by extensions ['colcon_pkg']
[0.274s] Level 1:colcon.colcon_core.package_identification:_identify(src/bsw/system/bridge) by extension 'colcon_pkg'
[0.274s] Level 1:colcon.colcon_core.package_identification:_identify(src/bsw/system/bridge) by extensions ['colcon_meta']
[0.274s] Level 1:colcon.colcon_core.package_identification:_identify(src/bsw/system/bridge) by extension 'colcon_meta'
[0.274s] Level 1:colcon.colcon_core.package_identification:_identify(src/bsw/system/bridge) by extensions ['ros']
[0.274s] Level 1:colcon.colcon_core.package_identification:_identify(src/bsw/system/bridge) by extension 'ros'
[0.274s] Level 1:colcon.colcon_core.package_identification:_identify(src/bsw/system/bridge) by extensions ['cmake', 'python']
[0.274s] Level 1:colcon.colcon_core.package_identification:_identify(src/bsw/system/bridge) by extension 'cmake'
[0.274s] Level 1:colcon.colcon_core.package_identification:_identify(src/bsw/system/bridge) by extension 'python'
[0.274s] Level 1:colcon.colcon_core.package_identification:_identify(src/bsw/system/bridge) by extensions ['python_setup_py']
[0.274s] Level 1:colcon.colcon_core.package_identification:_identify(src/bsw/system/bridge) by extension 'python_setup_py'
[0.274s] Level 1:colcon.colcon_core.package_identification:_identify(src/bsw/system/interface) by extensions ['ignore', 'ignore_ament_install']
[0.274s] Level 1:colcon.colcon_core.package_identification:_identify(src/bsw/system/interface) by extension 'ignore'
[0.274s] Level 1:colcon.colcon_core.package_identification:_identify(src/bsw/system/interface) by extension 'ignore_ament_install'
[0.274s] Level 1:colcon.colcon_core.package_identification:_identify(src/bsw/system/interface) by extensions ['colcon_pkg']
[0.274s] Level 1:colcon.colcon_core.package_identification:_identify(src/bsw/system/interface) by extension 'colcon_pkg'
[0.274s] Level 1:colcon.colcon_core.package_identification:_identify(src/bsw/system/interface) by extensions ['colcon_meta']
[0.274s] Level 1:colcon.colcon_core.package_identification:_identify(src/bsw/system/interface) by extension 'colcon_meta'
[0.274s] Level 1:colcon.colcon_core.package_identification:_identify(src/bsw/system/interface) by extensions ['ros']
[0.274s] Level 1:colcon.colcon_core.package_identification:_identify(src/bsw/system/interface) by extension 'ros'
[0.274s] Level 1:colcon.colcon_core.package_identification:_identify(src/bsw/system/interface) by extensions ['cmake', 'python']
[0.274s] Level 1:colcon.colcon_core.package_identification:_identify(src/bsw/system/interface) by extension 'cmake'
[0.274s] Level 1:colcon.colcon_core.package_identification:_identify(src/bsw/system/interface) by extension 'python'
[0.274s] Level 1:colcon.colcon_core.package_identification:_identify(src/bsw/system/interface) by extensions ['python_setup_py']
[0.274s] Level 1:colcon.colcon_core.package_identification:_identify(src/bsw/system/interface) by extension 'python_setup_py'
[0.275s] Level 1:colcon.colcon_core.package_identification:_identify(src/rte) by extensions ['ignore', 'ignore_ament_install']
[0.275s] Level 1:colcon.colcon_core.package_identification:_identify(src/rte) by extension 'ignore'
[0.275s] Level 1:colcon.colcon_core.package_identification:_identify(src/rte) by extension 'ignore_ament_install'
[0.275s] Level 1:colcon.colcon_core.package_identification:_identify(src/rte) by extensions ['colcon_pkg']
[0.275s] Level 1:colcon.colcon_core.package_identification:_identify(src/rte) by extension 'colcon_pkg'
[0.275s] Level 1:colcon.colcon_core.package_identification:_identify(src/rte) by extensions ['colcon_meta']
[0.275s] Level 1:colcon.colcon_core.package_identification:_identify(src/rte) by extension 'colcon_meta'
[0.275s] Level 1:colcon.colcon_core.package_identification:_identify(src/rte) by extensions ['ros']
[0.275s] Level 1:colcon.colcon_core.package_identification:_identify(src/rte) by extension 'ros'
[0.275s] Level 1:colcon.colcon_core.package_identification:_identify(src/rte) by extensions ['cmake', 'python']
[0.275s] Level 1:colcon.colcon_core.package_identification:_identify(src/rte) by extension 'cmake'
[0.275s] Level 1:colcon.colcon_core.package_identification:_identify(src/rte) by extension 'python'
[0.275s] Level 1:colcon.colcon_core.package_identification:_identify(src/rte) by extensions ['python_setup_py']
[0.275s] Level 1:colcon.colcon_core.package_identification:_identify(src/rte) by extension 'python_setup_py'
[0.275s] Level 1:colcon.colcon_core.package_identification:_identify(src/rte/msg) by extensions ['ignore', 'ignore_ament_install']
[0.275s] Level 1:colcon.colcon_core.package_identification:_identify(src/rte/msg) by extension 'ignore'
[0.275s] Level 1:colcon.colcon_core.package_identification:_identify(src/rte/msg) by extension 'ignore_ament_install'
[0.275s] Level 1:colcon.colcon_core.package_identification:_identify(src/rte/msg) by extensions ['colcon_pkg']
[0.275s] Level 1:colcon.colcon_core.package_identification:_identify(src/rte/msg) by extension 'colcon_pkg'
[0.275s] Level 1:colcon.colcon_core.package_identification:_identify(src/rte/msg) by extensions ['colcon_meta']
[0.275s] Level 1:colcon.colcon_core.package_identification:_identify(src/rte/msg) by extension 'colcon_meta'
[0.275s] Level 1:colcon.colcon_core.package_identification:_identify(src/rte/msg) by extensions ['ros']
[0.275s] Level 1:colcon.colcon_core.package_identification:_identify(src/rte/msg) by extension 'ros'
[0.275s] Level 1:colcon.colcon_core.package_identification:_identify(src/rte/msg) by extensions ['cmake', 'python']
[0.275s] Level 1:colcon.colcon_core.package_identification:_identify(src/rte/msg) by extension 'cmake'
[0.275s] Level 1:colcon.colcon_core.package_identification:_identify(src/rte/msg) by extension 'python'
[0.275s] Level 1:colcon.colcon_core.package_identification:_identify(src/rte/msg) by extensions ['python_setup_py']
[0.275s] Level 1:colcon.colcon_core.package_identification:_identify(src/rte/msg) by extension 'python_setup_py'
[0.275s] Level 1:colcon.colcon_core.package_identification:_identify(src/rte/msg/ad_msgs) by extensions ['ignore', 'ignore_ament_install']
[0.275s] Level 1:colcon.colcon_core.package_identification:_identify(src/rte/msg/ad_msgs) by extension 'ignore'
[0.275s] Level 1:colcon.colcon_core.package_identification:_identify(src/rte/msg/ad_msgs) by extension 'ignore_ament_install'
[0.275s] Level 1:colcon.colcon_core.package_identification:_identify(src/rte/msg/ad_msgs) by extensions ['colcon_pkg']
[0.275s] Level 1:colcon.colcon_core.package_identification:_identify(src/rte/msg/ad_msgs) by extension 'colcon_pkg'
[0.275s] Level 1:colcon.colcon_core.package_identification:_identify(src/rte/msg/ad_msgs) by extensions ['colcon_meta']
[0.276s] Level 1:colcon.colcon_core.package_identification:_identify(src/rte/msg/ad_msgs) by extension 'colcon_meta'
[0.276s] Level 1:colcon.colcon_core.package_identification:_identify(src/rte/msg/ad_msgs) by extensions ['ros']
[0.276s] Level 1:colcon.colcon_core.package_identification:_identify(src/rte/msg/ad_msgs) by extension 'ros'
[0.276s] DEBUG:colcon.colcon_core.package_identification:Package 'src/rte/msg/ad_msgs' with type 'ros.ament_cmake' and name 'ad_msgs'
[0.276s] Level 1:colcon.colcon_core.package_discovery:discover_packages(recursive) using defaults
[0.276s] Level 1:colcon.colcon_core.package_discovery:discover_packages(ignore) discover
[0.276s] Level 1:colcon.colcon_core.package_discovery:discover_packages(ignore) using defaults
[0.276s] Level 1:colcon.colcon_core.package_discovery:discover_packages(path) discover
[0.276s] Level 1:colcon.colcon_core.package_discovery:discover_packages(path) using defaults
[0.303s] Level 1:colcon.colcon_core.package_discovery:discover_packages(prefix_path) check parameters
[0.304s] Level 1:colcon.colcon_core.package_discovery:discover_packages(prefix_path) discover
[0.305s] DEBUG:colcon.colcon_installed_package_information.package_discovery:Found 5 installed packages in /home/joon/automotive_software_final/install
[0.306s] DEBUG:colcon.colcon_installed_package_information.package_discovery:Found 445 installed packages in /opt/ros/humble
[0.307s] Level 1:colcon.colcon_core.package_discovery:discover_packages(prefix_path) using defaults
[0.338s] Level 5:colcon.colcon_core.verb:set package 'ad_msgs' build argument 'cmake_args' from command line to 'None'
[0.338s] Level 5:colcon.colcon_core.verb:set package 'ad_msgs' build argument 'cmake_target' from command line to 'None'
[0.338s] Level 5:colcon.colcon_core.verb:set package 'ad_msgs' build argument 'cmake_target_skip_unavailable' from command line to 'False'
[0.338s] Level 5:colcon.colcon_core.verb:set package 'ad_msgs' build argument 'cmake_clean_cache' from command line to 'False'
[0.338s] Level 5:colcon.colcon_core.verb:set package 'ad_msgs' build argument 'cmake_clean_first' from command line to 'False'
[0.338s] Level 5:colcon.colcon_core.verb:set package 'ad_msgs' build argument 'cmake_force_configure' from command line to 'False'
[0.338s] Level 5:colcon.colcon_core.verb:set package 'ad_msgs' build argument 'ament_cmake_args' from command line to 'None'
[0.338s] Level 5:colcon.colcon_core.verb:set package 'ad_msgs' build argument 'catkin_cmake_args' from command line to 'None'
[0.338s] Level 5:colcon.colcon_core.verb:set package 'ad_msgs' build argument 'catkin_skip_building_tests' from command line to 'False'
[0.338s] DEBUG:colcon.colcon_core.verb:Building package 'ad_msgs' with the following arguments: {'ament_cmake_args': None, 'build_base': '/home/joon/automotive_software_final/build/ad_msgs', 'catkin_cmake_args': None, 'catkin_skip_building_tests': False, 'cmake_args': None, 'cmake_clean_cache': False, 'cmake_clean_first': False, 'cmake_force_configure': False, 'cmake_target': None, 'cmake_target_skip_unavailable': False, 'install_base': '/home/joon/automotive_software_final/install/ad_msgs', 'merge_install': False, 'path': '/home/joon/automotive_software_final/src/rte/msg/ad_msgs', 'symlink_install': True, 'test_result_base': None}
[0.338s] Level 5:colcon.colcon_core.verb:set package 'autonomous_driving' build argument 'cmake_args' from command line to 'None'
[0.338s] Level 5:colcon.colcon_core.verb:set package 'autonomous_driving' build argument 'cmake_target' from command line to 'None'
[0.338s] Level 5:colcon.colcon_core.verb:set package 'autonomous_driving' build argument 'cmake_target_skip_unavailable' from command line to 'False'
[0.338s] Level 5:colcon.colcon_core.verb:set package 'autonomous_driving' build argument 'cmake_clean_cache' from command line to 'False'
[0.338s] Level 5:colcon.colcon_core.verb:set package 'autonomous_driving' build argument 'cmake_clean_first' from command line to 'False'
[0.338s] Level 5:colcon.colcon_core.verb:set package 'autonomous_driving' build argument 'cmake_force_configure' from command line to 'False'
[0.338s] Level 5:colcon.colcon_core.verb:set package 'autonomous_driving' build argument 'ament_cmake_args' from command line to 'None'
[0.338s] Level 5:colcon.colcon_core.verb:set package 'autonomous_driving' build argument 'catkin_cmake_args' from command line to 'None'
[0.338s] Level 5:colcon.colcon_core.verb:set package 'autonomous_driving' build argument 'catkin_skip_building_tests' from command line to 'False'
[0.338s] DEBUG:colcon.colcon_core.verb:Building package 'autonomous_driving' with the following arguments: {'ament_cmake_args': None, 'build_base': '/home/joon/automotive_software_final/build/autonomous_driving', 'catkin_cmake_args': None, 'catkin_skip_building_tests': False, 'cmake_args': None, 'cmake_clean_cache': False, 'cmake_clean_first': False, 'cmake_force_configure': False, 'cmake_target': None, 'cmake_target_skip_unavailable': False, 'install_base': '/home/joon/automotive_software_final/install/autonomous_driving', 'merge_install': False, 'path': '/home/joon/automotive_software_final/src/app/autonomous_driving', 'symlink_install': True, 'test_result_base': None}
[0.338s] Level 5:colcon.colcon_core.verb:set package 'evaluation' build argument 'cmake_args' from command line to 'None'
[0.339s] Level 5:colcon.colcon_core.verb:set package 'evaluation' build argument 'cmake_target' from command line to 'None'
[0.339s] Level 5:colcon.colcon_core.verb:set package 'evaluation' build argument 'cmake_target_skip_unavailable' from command line to 'False'
[0.339s] Level 5:colcon.colcon_core.verb:set package 'evaluation' build argument 'cmake_clean_cache' from command line to 'False'
[0.339s] Level 5:colcon.colcon_core.verb:set package 'evaluation' build argument 'cmake_clean_first' from command line to 'False'
[0.339s] Level 5:colcon.colcon_core.verb:set package 'evaluation' build argument 'cmake_force_configure' from command line to 'False'
[0.339s] Level 5:colcon.colcon_core.verb:set package 'evaluation' build argument 'ament_cmake_args' from command line to 'None'
[0.339s] Level 5:colcon.colcon_core.verb:set package 'evaluation' build argument 'catkin_cmake_args' from command line to 'None'
[0.339s] Level 5:colcon.colcon_core.verb:set package 'evaluation' build argument 'catkin_skip_building_tests' from command line to 'False'
[0.339s] DEBUG:colcon.colcon_core.verb:Building package 'evaluation' with the following arguments: {'ament_cmake_args': None, 'build_base': '/home/joon/automotive_software_final/build/evaluation', 'catkin_cmake_args': None, 'catkin_skip_building_tests': False, 'cmake_args': None, 'cmake_clean_cache': False, 'cmake_clean_first': False, 'cmake_force_configure': False, 'cmake_target': None, 'cmake_target_skip_unavailable': False, 'install_base': '/home/joon/automotive_software_final/install/evaluation', 'merge_install': False, 'path': '/home/joon/automotive_software_final/src/app/evaluation', 'symlink_install': True, 'test_result_base': None}
[0.339s] Level 5:colcon.colcon_core.verb:set package 'mission_manager' build argument 'cmake_args' from command line to 'None'
[0.339s] Level 5:colcon.colcon_core.verb:set package 'mission_manager' build argument 'cmake_target' from command line to 'None'
[0.339s] Level 5:colcon.colcon_core.verb:set package 'mission_manager' build argument 'cmake_target_skip_unavailable' from command line to 'False'
[0.339s] Level 5:colcon.colcon_core.verb:set package 'mission_manager' build argument 'cmake_clean_cache' from command line to 'False'
[0.339s] Level 5:colcon.colcon_core.verb:set package 'mission_manager' build argument 'cmake_clean_first' from command line to 'False'
[0.339s] Level 5:colcon.colcon_core.verb:set package 'mission_manager' build argument 'cmake_force_configure' from command line to 'False'
[0.339s] Level 5:colcon.colcon_core.verb:set package 'mission_manager' build argument 'ament_cmake_args' from command line to 'None'
[0.339s] Level 5:colcon.colcon_core.verb:set package 'mission_manager' build argument 'catkin_cmake_args' from command line to 'None'
[0.339s] Level 5:colcon.colcon_core.verb:set package 'mission_manager' build argument 'catkin_skip_building_tests' from command line to 'False'
[0.339s] DEBUG:colcon.colcon_core.verb:Building package 'mission_manager' with the following arguments: {'ament_cmake_args': None, 'build_base': '/home/joon/automotive_software_final/build/mission_manager', 'catkin_cmake_args': None, 'catkin_skip_building_tests': False, 'cmake_args': None, 'cmake_clean_cache': False, 'cmake_clean_first': False, 'cmake_force_configure': False, 'cmake_target': None, 'cmake_target_skip_unavailable': False, 'install_base': '/home/joon/automotive_software_final/install/mission_manager', 'merge_install': False, 'path': '/home/joon/automotive_software_final/src/app/mission_manager', 'symlink_install': True, 'test_result_base': None}
[0.339s] Level 5:colcon.colcon_core.verb:set package 'simulator' build argument 'cmake_args' from command line to 'None'
[0.339s] Level 5:colcon.colcon_core.verb:set package 'simulator' build argument 'cmake_target' from command line to 'None'
[0.339s] Level 5:colcon.colcon_core.verb:set package 'simulator' build argument 'cmake_target_skip_unavailable' from command line to 'False'
[0.339s] Level 5:colcon.colcon_core.verb:set package 'simulator' build argument 'cmake_clean_cache' from command line to 'False'
[0.339s] Level 5:colcon.colcon_core.verb:set package 'simulator' build argument 'cmake_clean_first' from command line to 'False'
[0.339s] Level 5:colcon.colcon_core.verb:set package 'simulator' build argument 'cmake_force_configure' from command line to 'False'
[0.339s] Level 5:colcon.colcon_core.verb:set package 'simulator' build argument 'ament_cmake_args' from command line to 'None'
[0.339s] Level 5:colcon.colcon_core.verb:set package 'simulator' build argument 'catkin_cmake_args' from command line to 'None'
[0.339s] Level 5:colcon.colcon_core.verb:set package 'simulator' build argument 'catkin_skip_building_tests' from command line to 'False'
[0.339s] DEBUG:colcon.colcon_core.verb:Building package 'simulator' with the following arguments: {'ament_cmake_args': None, 'build_base': '/home/joon/automotive_software_final/build/simulator', 'catkin_cmake_args': None, 'catkin_skip_building_tests': False, 'cmake_args': None, 'cmake_clean_cache': False, 'cmake_clean_first': False, 'cmake_force_configure': False, 'cmake_target': None, 'cmake_target_skip_unavailable': False, 'install_base': '/home/joon/automotive_software_final/install/simulator', 'merge_install': False, 'path': '/home/joon/automotive_software_final/src/app/simulator', 'symlink_install': True, 'test_result_base': None}
[0.339s] INFO:colcon.colcon_core.executor:Executing jobs using 'parallel' executor
[0.340s] DEBUG:colcon.colcon_parallel_executor.executor.parallel:run_until_complete
[0.341s] INFO:colcon.colcon_ros.task.ament_cmake.build:Building ROS package in '/home/joon/automotive_software_final/src/rte/msg/ad_msgs' with build type 'ament_cmake'
[0.341s] INFO:colcon.colcon_cmake.task.cmake.build:Building CMake package in '/home/joon/automotive_software_final/src/rte/msg/ad_msgs'
[0.342s] INFO:colcon.colcon_core.plugin_system:Skipping extension 'colcon_core.shell.bat': Not used on non-Windows systems
[0.342s] INFO:colcon.colcon_core.shell:Skip shell extension 'powershell' for command environment: Not usable outside of PowerShell
[0.342s] DEBUG:colcon.colcon_core.shell:Skip shell extension 'dsv' for command environment
[0.352s] DEBUG:colcon.colcon_core.event_handler.log_command:Invoking command in '/home/joon/automotive_software_final/build/ad_msgs': CMAKE_PREFIX_PATH=${CMAKE_PREFIX_PATH}:/opt/ros/humble /usr/bin/cmake --build /home/joon/automotive_software_final/build/ad_msgs -- -j16 -l16
[0.623s] DEBUG:colcon.colcon_core.event_handler.log_command:Invoked command in '/home/joon/automotive_software_final/build/ad_msgs' returned '0': CMAKE_PREFIX_PATH=${CMAKE_PREFIX_PATH}:/opt/ros/humble /usr/bin/cmake --build /home/joon/automotive_software_final/build/ad_msgs -- -j16 -l16
[0.632s] DEBUG:colcon.colcon_core.event_handler.log_command:Invoking command in '/home/joon/automotive_software_final/build/ad_msgs': CMAKE_PREFIX_PATH=${CMAKE_PREFIX_PATH}:/opt/ros/humble /usr/bin/cmake --install /home/joon/automotive_software_final/build/ad_msgs
[0.699s] Level 1:colcon.colcon_core.environment:create_environment_scripts_only(ad_msgs)
[0.700s] DEBUG:colcon.colcon_core.event_handler.log_command:Invoked command in '/home/joon/automotive_software_final/build/ad_msgs' returned '0': CMAKE_PREFIX_PATH=${CMAKE_PREFIX_PATH}:/opt/ros/humble /usr/bin/cmake --install /home/joon/automotive_software_final/build/ad_msgs
[0.702s] Level 1:colcon.colcon_core.environment:checking '/home/joon/automotive_software_final/install/ad_msgs' for CMake module files
[0.702s] Level 1:colcon.colcon_core.environment:checking '/home/joon/automotive_software_final/install/ad_msgs' for CMake config files
[0.703s] Level 1:colcon.colcon_core.shell:create_environment_hook('ad_msgs', 'cmake_prefix_path')
[0.703s] INFO:colcon.colcon_core.shell:Creating environment hook '/home/joon/automotive_software_final/install/ad_msgs/share/ad_msgs/hook/cmake_prefix_path.ps1'
[0.704s] INFO:colcon.colcon_core.shell:Creating environment descriptor '/home/joon/automotive_software_final/install/ad_msgs/share/ad_msgs/hook/cmake_prefix_path.dsv'
[0.704s] INFO:colcon.colcon_core.shell:Creating environment hook '/home/joon/automotive_software_final/install/ad_msgs/share/ad_msgs/hook/cmake_prefix_path.sh'
[0.705s] Level 1:colcon.colcon_core.environment:checking '/home/joon/automotive_software_final/install/ad_msgs/lib'
[0.706s] Level 1:colcon.colcon_core.shell:create_environment_hook('ad_msgs', 'ld_library_path_lib')
[0.706s] INFO:colcon.colcon_core.shell:Creating environment hook '/home/joon/automotive_software_final/install/ad_msgs/share/ad_msgs/hook/ld_library_path_lib.ps1'
[0.706s] INFO:colcon.colcon_core.shell:Creating environment descriptor '/home/joon/automotive_software_final/install/ad_msgs/share/ad_msgs/hook/ld_library_path_lib.dsv'
[0.707s] INFO:colcon.colcon_core.shell:Creating environment hook '/home/joon/automotive_software_final/install/ad_msgs/share/ad_msgs/hook/ld_library_path_lib.sh'
[0.707s] Level 1:colcon.colcon_core.environment:checking '/home/joon/automotive_software_final/install/ad_msgs/bin'
[0.707s] Level 1:colcon.colcon_core.environment:checking '/home/joon/automotive_software_final/install/ad_msgs/lib/pkgconfig/ad_msgs.pc'
[0.707s] Level 1:colcon.colcon_core.environment:checking '/home/joon/automotive_software_final/install/ad_msgs/lib/python3.10/site-packages'
[0.707s] Level 1:colcon.colcon_core.environment:checking '/home/joon/automotive_software_final/install/ad_msgs/bin'
[0.708s] INFO:colcon.colcon_core.shell:Creating package script '/home/joon/automotive_software_final/install/ad_msgs/share/ad_msgs/package.ps1'
[0.708s] INFO:colcon.colcon_core.shell:Creating package descriptor '/home/joon/automotive_software_final/install/ad_msgs/share/ad_msgs/package.dsv'
[0.709s] INFO:colcon.colcon_core.shell:Creating package script '/home/joon/automotive_software_final/install/ad_msgs/share/ad_msgs/package.sh'
[0.709s] INFO:colcon.colcon_core.shell:Creating package script '/home/joon/automotive_software_final/install/ad_msgs/share/ad_msgs/package.bash'
[0.710s] INFO:colcon.colcon_core.shell:Creating package script '/home/joon/automotive_software_final/install/ad_msgs/share/ad_msgs/package.zsh'
[0.710s] Level 1:colcon.colcon_core.environment:create_file_with_runtime_dependencies(/home/joon/automotive_software_final/install/ad_msgs/share/colcon-core/packages/ad_msgs)
[0.710s] Level 1:colcon.colcon_core.environment:create_environment_scripts_only(ad_msgs)
[0.711s] Level 1:colcon.colcon_core.environment:checking '/home/joon/automotive_software_final/install/ad_msgs' for CMake module files
[0.711s] Level 1:colcon.colcon_core.environment:checking '/home/joon/automotive_software_final/install/ad_msgs' for CMake config files
[0.712s] Level 1:colcon.colcon_core.shell:create_environment_hook('ad_msgs', 'cmake_prefix_path')
[0.712s] INFO:colcon.colcon_core.shell:Creating environment hook '/home/joon/automotive_software_final/install/ad_msgs/share/ad_msgs/hook/cmake_prefix_path.ps1'
[0.712s] INFO:colcon.colcon_core.shell:Creating environment descriptor '/home/joon/automotive_software_final/install/ad_msgs/share/ad_msgs/hook/cmake_prefix_path.dsv'
[0.712s] INFO:colcon.colcon_core.shell:Creating environment hook '/home/joon/automotive_software_final/install/ad_msgs/share/ad_msgs/hook/cmake_prefix_path.sh'
[0.713s] Level 1:colcon.colcon_core.environment:checking '/home/joon/automotive_software_final/install/ad_msgs/lib'
[0.713s] Level 1:colcon.colcon_core.shell:create_environment_hook('ad_msgs', 'ld_library_path_lib')
[0.713s] INFO:colcon.colcon_core.shell:Creating environment hook '/home/joon/automotive_software_final/install/ad_msgs/share/ad_msgs/hook/ld_library_path_lib.ps1'
[0.713s] INFO:colcon.colcon_core.shell:Creating environment descriptor '/home/joon/automotive_software_final/install/ad_msgs/share/ad_msgs/hook/ld_library_path_lib.dsv'
[0.714s] INFO:colcon.colcon_core.shell:Creating environment hook '/home/joon/automotive_software_final/install/ad_msgs/share/ad_msgs/hook/ld_library_path_lib.sh'
[0.714s] Level 1:colcon.colcon_core.environment:checking '/home/joon/automotive_software_final/install/ad_msgs/bin'
[0.714s] Level 1:colcon.colcon_core.environment:checking '/home/joon/automotive_software_final/install/ad_msgs/lib/pkgconfig/ad_msgs.pc'
[0.714s] Level 1:colcon.colcon_core.environment:checking '/home/joon/automotive_software_final/install/ad_msgs/lib/python3.10/site-packages'
[0.714s] Level 1:colcon.colcon_core.environment:checking '/home/joon/automotive_software_final/install/ad_msgs/bin'
[0.714s] INFO:colcon.colcon_core.shell:Creating package script '/home/joon/automotive_software_final/install/ad_msgs/share/ad_msgs/package.ps1'
[0.715s] INFO:colcon.colcon_core.shell:Creating package descriptor '/home/joon/automotive_software_final/install/ad_msgs/share/ad_msgs/package.dsv'
[0.715s] INFO:colcon.colcon_core.shell:Creating package script '/home/joon/automotive_software_final/install/ad_msgs/share/ad_msgs/package.sh'
[0.716s] INFO:colcon.colcon_core.shell:Creating package script '/home/joon/automotive_software_final/install/ad_msgs/share/ad_msgs/package.bash'
[0.716s] INFO:colcon.colcon_core.shell:Creating package script '/home/joon/automotive_software_final/install/ad_msgs/share/ad_msgs/package.zsh'
[0.716s] Level 1:colcon.colcon_core.environment:create_file_with_runtime_dependencies(/home/joon/automotive_software_final/install/ad_msgs/share/colcon-core/packages/ad_msgs)
[0.716s] INFO:colcon.colcon_ros.task.ament_cmake.build:Building ROS package in '/home/joon/automotive_software_final/src/app/autonomous_driving' with build type 'ament_cmake'
[0.717s] INFO:colcon.colcon_cmake.task.cmake.build:Building CMake package in '/home/joon/automotive_software_final/src/app/autonomous_driving'
[0.717s] INFO:colcon.colcon_core.shell:Skip shell extension 'powershell' for command environment: Not usable outside of PowerShell
[0.717s] DEBUG:colcon.colcon_core.shell:Skip shell extension 'dsv' for command environment
[0.720s] INFO:colcon.colcon_ros.task.ament_cmake.build:Building ROS package in '/home/joon/automotive_software_final/src/app/evaluation' with build type 'ament_cmake'
[0.721s] INFO:colcon.colcon_cmake.task.cmake.build:Building CMake package in '/home/joon/automotive_software_final/src/app/evaluation'
[0.721s] INFO:colcon.colcon_core.shell:Skip shell extension 'powershell' for command environment: Not usable outside of PowerShell
[0.721s] DEBUG:colcon.colcon_core.shell:Skip shell extension 'dsv' for command environment
[0.724s] INFO:colcon.colcon_ros.task.ament_cmake.build:Building ROS package in '/home/joon/automotive_software_final/src/app/mission_manager' with build type 'ament_cmake'
[0.724s] INFO:colcon.colcon_cmake.task.cmake.build:Building CMake package in '/home/joon/automotive_software_final/src/app/mission_manager'
[0.725s] INFO:colcon.colcon_core.shell:Skip shell extension 'powershell' for command environment: Not usable outside of PowerShell
[0.725s] DEBUG:colcon.colcon_core.shell:Skip shell extension 'dsv' for command environment
[0.728s] INFO:colcon.colcon_ros.task.ament_cmake.build:Building ROS package in '/home/joon/automotive_software_final/src/app/simulator' with build type 'ament_cmake'
[0.728s] INFO:colcon.colcon_cmake.task.cmake.build:Building CMake package in '/home/joon/automotive_software_final/src/app/simulator'
[0.728s] INFO:colcon.colcon_core.shell:Skip shell extension 'powershell' for command environment: Not usable outside of PowerShell
[0.728s] DEBUG:colcon.colcon_core.shell:Skip shell extension 'dsv' for command environment
[0.765s] DEBUG:colcon.colcon_core.event_handler.log_command:Invoking command in '/home/joon/automotive_software_final/build/evaluation': CMAKE_PREFIX_PATH=/home/joon/automotive_software_final/install/ad_msgs:/home/joon/automotive_software_final/install/simulator:/home/joon/automotive_software_final/install/mission_manager:/home/joon/automotive_software_final/install/evaluation:/home/joon/automotive_software_final/install/autonomous_driving:/opt/ros/humble /usr/bin/cmake --build /home/joon/automotive_software_final/build/evaluation -- -j16 -l16
[0.770s] DEBUG:colcon.colcon_core.event_handler.log_command:Invoking command in '/home/joon/automotive_software_final/build/autonomous_driving': CMAKE_PREFIX_PATH=/home/joon/automotive_software_final/install/ad_msgs:/home/joon/automotive_software_final/install/simulator:/home/joon/automotive_software_final/install/mission_manager:/home/joon/automotive_software_final/install/evaluation:/home/joon/automotive_software_final/install/autonomous_driving:/opt/ros/humble /usr/bin/cmake --build /home/joon/automotive_software_final/build/autonomous_driving -- -j16 -l16
[0.774s] DEBUG:colcon.colcon_core.event_handler.log_command:Invoking command in '/home/joon/automotive_software_final/build/mission_manager': CMAKE_PREFIX_PATH=/home/joon/automotive_software_final/install/ad_msgs:/home/joon/automotive_software_final/install/simulator:/home/joon/automotive_software_final/install/mission_manager:/home/joon/automotive_software_final/install/evaluation:/home/joon/automotive_software_final/install/autonomous_driving:/opt/ros/humble /usr/bin/cmake --build /home/joon/automotive_software_final/build/mission_manager -- -j16 -l16
[0.780s] DEBUG:colcon.colcon_core.event_handler.log_command:Invoking command in '/home/joon/automotive_software_final/build/simulator': CMAKE_PREFIX_PATH=/home/joon/automotive_software_final/install/ad_msgs:/home/joon/automotive_software_final/install/simulator:/home/joon/automotive_software_final/install/mission_manager:/home/joon/automotive_software_final/install/evaluation:/home/joon/automotive_software_final/install/autonomous_driving:/opt/ros/humble /usr/bin/cmake --build /home/joon/automotive_software_final/build/simulator -- -j16 -l16
[0.827s] DEBUG:colcon.colcon_core.event_handler.log_command:Invoked command in '/home/joon/automotive_software_final/build/evaluation' returned '0': CMAKE_PREFIX_PATH=/home/joon/automotive_software_final/install/ad_msgs:/home/joon/automotive_software_final/install/simulator:/home/joon/automotive_software_final/install/mission_manager:/home/joon/automotive_software_final/install/evaluation:/home/joon/automotive_software_final/install/autonomous_driving:/opt/ros/humble /usr/bin/cmake --build /home/joon/automotive_software_final/build/evaluation -- -j16 -l16
[0.830s] DEBUG:colcon.colcon_core.event_handler.log_command:Invoking command in '/home/joon/automotive_software_final/build/evaluation': CMAKE_PREFIX_PATH=/home/joon/automotive_software_final/install/ad_msgs:/home/joon/automotive_software_final/install/simulator:/home/joon/automotive_software_final/install/mission_manager:/home/joon/automotive_software_final/install/evaluation:/home/joon/automotive_software_final/install/autonomous_driving:/opt/ros/humble /usr/bin/cmake --install /home/joon/automotive_software_final/build/evaluation
[0.844s] DEBUG:colcon.colcon_core.event_handler.log_command:Invoked command in '/home/joon/automotive_software_final/build/mission_manager' returned '0': CMAKE_PREFIX_PATH=/home/joon/automotive_software_final/install/ad_msgs:/home/joon/automotive_software_final/install/simulator:/home/joon/automotive_software_final/install/mission_manager:/home/joon/automotive_software_final/install/evaluation:/home/joon/automotive_software_final/install/autonomous_driving:/opt/ros/humble /usr/bin/cmake --build /home/joon/automotive_software_final/build/mission_manager -- -j16 -l16
[0.845s] DEBUG:colcon.colcon_core.event_handler.log_command:Invoking command in '/home/joon/automotive_software_final/build/mission_manager': CMAKE_PREFIX_PATH=/home/joon/automotive_software_final/install/ad_msgs:/home/joon/automotive_software_final/install/simulator:/home/joon/automotive_software_final/install/mission_manager:/home/joon/automotive_software_final/install/evaluation:/home/joon/automotive_software_final/install/autonomous_driving:/opt/ros/humble /usr/bin/cmake --install /home/joon/automotive_software_final/build/mission_manager
[0.851s] DEBUG:colcon.colcon_core.event_handler.log_command:Invoked command in '/home/joon/automotive_software_final/build/simulator' returned '0': CMAKE_PREFIX_PATH=/home/joon/automotive_software_final/install/ad_msgs:/home/joon/automotive_software_final/install/simulator:/home/joon/automotive_software_final/install/mission_manager:/home/joon/automotive_software_final/install/evaluation:/home/joon/automotive_software_final/install/autonomous_driving:/opt/ros/humble /usr/bin/cmake --build /home/joon/automotive_software_final/build/simulator -- -j16 -l16
[0.853s] DEBUG:colcon.colcon_core.event_handler.log_command:Invoking command in '/home/joon/automotive_software_final/build/simulator': CMAKE_PREFIX_PATH=/home/joon/automotive_software_final/install/ad_msgs:/home/joon/automotive_software_final/install/simulator:/home/joon/automotive_software_final/install/mission_manager:/home/joon/automotive_software_final/install/evaluation:/home/joon/automotive_software_final/install/autonomous_driving:/opt/ros/humble /usr/bin/cmake --install /home/joon/automotive_software_final/build/simulator
[0.856s] Level 1:colcon.colcon_core.environment:create_environment_scripts_only(evaluation)
[0.857s] Level 1:colcon.colcon_core.environment:checking '/home/joon/automotive_software_final/install/evaluation' for CMake module files
[0.862s] DEBUG:colcon.colcon_core.event_handler.log_command:Invoked command in '/home/joon/automotive_software_final/build/evaluation' returned '0': CMAKE_PREFIX_PATH=/home/joon/automotive_software_final/install/ad_msgs:/home/joon/automotive_software_final/install/simulator:/home/joon/automotive_software_final/install/mission_manager:/home/joon/automotive_software_final/install/evaluation:/home/joon/automotive_software_final/install/autonomous_driving:/opt/ros/humble /usr/bin/cmake --install /home/joon/automotive_software_final/build/evaluation
[0.864s] Level 1:colcon.colcon_core.environment:checking '/home/joon/automotive_software_final/install/evaluation' for CMake config files
[0.867s] Level 1:colcon.colcon_core.shell:create_environment_hook('evaluation', 'cmake_prefix_path')
[0.868s] INFO:colcon.colcon_core.shell:Creating environment hook '/home/joon/automotive_software_final/install/evaluation/share/evaluation/hook/cmake_prefix_path.ps1'
[0.868s] INFO:colcon.colcon_core.shell:Creating environment descriptor '/home/joon/automotive_software_final/install/evaluation/share/evaluation/hook/cmake_prefix_path.dsv'
[0.869s] INFO:colcon.colcon_core.shell:Creating environment hook '/home/joon/automotive_software_final/install/evaluation/share/evaluation/hook/cmake_prefix_path.sh'
[0.869s] Level 1:colcon.colcon_core.environment:checking '/home/joon/automotive_software_final/install/evaluation/lib'
[0.869s] Level 1:colcon.colcon_core.environment:checking '/home/joon/automotive_software_final/install/evaluation/bin'
[0.869s] Level 1:colcon.colcon_core.environment:checking '/home/joon/automotive_software_final/install/evaluation/lib/pkgconfig/evaluation.pc'
[0.870s] Level 1:colcon.colcon_core.environment:checking '/home/joon/automotive_software_final/install/evaluation/lib/python3.10/site-packages'
[0.870s] Level 1:colcon.colcon_core.environment:checking '/home/joon/automotive_software_final/install/evaluation/bin'
[0.870s] INFO:colcon.colcon_core.shell:Creating package script '/home/joon/automotive_software_final/install/evaluation/share/evaluation/package.ps1'
[0.872s] INFO:colcon.colcon_core.shell:Creating package descriptor '/home/joon/automotive_software_final/install/evaluation/share/evaluation/package.dsv'
[0.872s] INFO:colcon.colcon_core.shell:Creating package script '/home/joon/automotive_software_final/install/evaluation/share/evaluation/package.sh'
[0.873s] INFO:colcon.colcon_core.shell:Creating package script '/home/joon/automotive_software_final/install/evaluation/share/evaluation/package.bash'
[0.873s] INFO:colcon.colcon_core.shell:Creating package script '/home/joon/automotive_software_final/install/evaluation/share/evaluation/package.zsh'
[0.873s] Level 1:colcon.colcon_core.environment:create_file_with_runtime_dependencies(/home/joon/automotive_software_final/install/evaluation/share/colcon-core/packages/evaluation)
[0.874s] Level 1:colcon.colcon_core.environment:create_environment_scripts_only(evaluation)
[0.874s] Level 1:colcon.colcon_core.environment:checking '/home/joon/automotive_software_final/install/evaluation' for CMake module files
[0.874s] Level 1:colcon.colcon_core.environment:checking '/home/joon/automotive_software_final/install/evaluation' for CMake config files
[0.874s] Level 1:colcon.colcon_core.shell:create_environment_hook('evaluation', 'cmake_prefix_path')
[0.875s] INFO:colcon.colcon_core.shell:Creating environment hook '/home/joon/automotive_software_final/install/evaluation/share/evaluation/hook/cmake_prefix_path.ps1'
[0.875s] INFO:colcon.colcon_core.shell:Creating environment descriptor '/home/joon/automotive_software_final/install/evaluation/share/evaluation/hook/cmake_prefix_path.dsv'
[0.875s] INFO:colcon.colcon_core.shell:Creating environment hook '/home/joon/automotive_software_final/install/evaluation/share/evaluation/hook/cmake_prefix_path.sh'
[0.876s] Level 1:colcon.colcon_core.environment:checking '/home/joon/automotive_software_final/install/evaluation/lib'
[0.876s] Level 1:colcon.colcon_core.environment:checking '/home/joon/automotive_software_final/install/evaluation/bin'
[0.876s] Level 1:colcon.colcon_core.environment:checking '/home/joon/automotive_software_final/install/evaluation/lib/pkgconfig/evaluation.pc'
[0.876s] Level 1:colcon.colcon_core.environment:checking '/home/joon/automotive_software_final/install/evaluation/lib/python3.10/site-packages'
[0.876s] Level 1:colcon.colcon_core.environment:checking '/home/joon/automotive_software_final/install/evaluation/bin'
[0.876s] INFO:colcon.colcon_core.shell:Creating package script '/home/joon/automotive_software_final/install/evaluation/share/evaluation/package.ps1'
[0.877s] INFO:colcon.colcon_core.shell:Creating package descriptor '/home/joon/automotive_software_final/install/evaluation/share/evaluation/package.dsv'
[0.877s] INFO:colcon.colcon_core.shell:Creating package script '/home/joon/automotive_software_final/install/evaluation/share/evaluation/package.sh'
[0.877s] INFO:colcon.colcon_core.shell:Creating package script '/home/joon/automotive_software_final/install/evaluation/share/evaluation/package.bash'
[0.878s] INFO:colcon.colcon_core.shell:Creating package script '/home/joon/automotive_software_final/install/evaluation/share/evaluation/package.zsh'
[0.878s] Level 1:colcon.colcon_core.environment:create_file_with_runtime_dependencies(/home/joon/automotive_software_final/install/evaluation/share/colcon-core/packages/evaluation)
[0.879s] Level 1:colcon.colcon_core.environment:create_environment_scripts_only(mission_manager)
[0.880s] Level 1:colcon.colcon_core.environment:checking '/home/joon/automotive_software_final/install/mission_manager' for CMake module files
[0.881s] DEBUG:colcon.colcon_core.event_handler.log_command:Invoked command in '/home/joon/automotive_software_final/build/mission_manager' returned '0': CMAKE_PREFIX_PATH=/home/joon/automotive_software_final/install/ad_msgs:/home/joon/automotive_software_final/install/simulator:/home/joon/automotive_software_final/install/mission_manager:/home/joon/automotive_software_final/install/evaluation:/home/joon/automotive_software_final/install/autonomous_driving:/opt/ros/humble /usr/bin/cmake --install /home/joon/automotive_software_final/build/mission_manager
[0.881s] Level 1:colcon.colcon_core.environment:checking '/home/joon/automotive_software_final/install/mission_manager' for CMake config files
[0.881s] Level 1:colcon.colcon_core.shell:create_environment_hook('mission_manager', 'cmake_prefix_path')
[0.882s] INFO:colcon.colcon_core.shell:Creating environment hook '/home/joon/automotive_software_final/install/mission_manager/share/mission_manager/hook/cmake_prefix_path.ps1'
[0.882s] INFO:colcon.colcon_core.shell:Creating environment descriptor '/home/joon/automotive_software_final/install/mission_manager/share/mission_manager/hook/cmake_prefix_path.dsv'
[0.882s] INFO:colcon.colcon_core.shell:Creating environment hook '/home/joon/automotive_software_final/install/mission_manager/share/mission_manager/hook/cmake_prefix_path.sh'
[0.883s] Level 1:colcon.colcon_core.environment:checking '/home/joon/automotive_software_final/install/mission_manager/lib'
[0.883s] Level 1:colcon.colcon_core.environment:checking '/home/joon/automotive_software_final/install/mission_manager/bin'
[0.883s] Level 1:colcon.colcon_core.environment:checking '/home/joon/automotive_software_final/install/mission_manager/lib/pkgconfig/mission_manager.pc'
[0.883s] Level 1:colcon.colcon_core.environment:checking '/home/joon/automotive_software_final/install/mission_manager/lib/python3.10/site-packages'
[0.884s] Level 1:colcon.colcon_core.environment:checking '/home/joon/automotive_software_final/install/mission_manager/bin'
[0.884s] INFO:colcon.colcon_core.shell:Creating package script '/home/joon/automotive_software_final/install/mission_manager/share/mission_manager/package.ps1'
[0.884s] INFO:colcon.colcon_core.shell:Creating package descriptor '/home/joon/automotive_software_final/install/mission_manager/share/mission_manager/package.dsv'
[0.884s] INFO:colcon.colcon_core.shell:Creating package script '/home/joon/automotive_software_final/install/mission_manager/share/mission_manager/package.sh'
[0.885s] INFO:colcon.colcon_core.shell:Creating package script '/home/joon/automotive_software_final/install/mission_manager/share/mission_manager/package.bash'
[0.885s] INFO:colcon.colcon_core.shell:Creating package script '/home/joon/automotive_software_final/install/mission_manager/share/mission_manager/package.zsh'
[0.885s] Level 1:colcon.colcon_core.environment:create_file_with_runtime_dependencies(/home/joon/automotive_software_final/install/mission_manager/share/colcon-core/packages/mission_manager)
[0.886s] Level 1:colcon.colcon_core.environment:create_environment_scripts_only(mission_manager)
[0.886s] Level 1:colcon.colcon_core.environment:checking '/home/joon/automotive_software_final/install/mission_manager' for CMake module files
[0.886s] Level 1:colcon.colcon_core.environment:checking '/home/joon/automotive_software_final/install/mission_manager' for CMake config files
[0.886s] Level 1:colcon.colcon_core.shell:create_environment_hook('mission_manager', 'cmake_prefix_path')
[0.886s] INFO:colcon.colcon_core.shell:Creating environment hook '/home/joon/automotive_software_final/install/mission_manager/share/mission_manager/hook/cmake_prefix_path.ps1'
[0.887s] INFO:colcon.colcon_core.shell:Creating environment descriptor '/home/joon/automotive_software_final/install/mission_manager/share/mission_manager/hook/cmake_prefix_path.dsv'
[0.887s] INFO:colcon.colcon_core.shell:Creating environment hook '/home/joon/automotive_software_final/install/mission_manager/share/mission_manager/hook/cmake_prefix_path.sh'
[0.888s] Level 1:colcon.colcon_core.environment:checking '/home/joon/automotive_software_final/install/mission_manager/lib'
[0.888s] Level 1:colcon.colcon_core.environment:checking '/home/joon/automotive_software_final/install/mission_manager/bin'
[0.888s] Level 1:colcon.colcon_core.environment:checking '/home/joon/automotive_software_final/install/mission_manager/lib/pkgconfig/mission_manager.pc'
[0.888s] Level 1:colcon.colcon_core.environment:checking '/home/joon/automotive_software_final/install/mission_manager/lib/python3.10/site-packages'
[0.888s] Level 1:colcon.colcon_core.environment:checking '/home/joon/automotive_software_final/install/mission_manager/bin'
[0.888s] INFO:colcon.colcon_core.shell:Creating package script '/home/joon/automotive_software_final/install/mission_manager/share/mission_manager/package.ps1'
[0.889s] INFO:colcon.colcon_core.shell:Creating package descriptor '/home/joon/automotive_software_final/install/mission_manager/share/mission_manager/package.dsv'
[0.889s] INFO:colcon.colcon_core.shell:Creating package script '/home/joon/automotive_software_final/install/mission_manager/share/mission_manager/package.sh'
[0.889s] INFO:colcon.colcon_core.shell:Creating package script '/home/joon/automotive_software_final/install/mission_manager/share/mission_manager/package.bash'
[0.890s] INFO:colcon.colcon_core.shell:Creating package script '/home/joon/automotive_software_final/install/mission_manager/share/mission_manager/package.zsh'
[0.890s] Level 1:colcon.colcon_core.environment:create_file_with_runtime_dependencies(/home/joon/automotive_software_final/install/mission_manager/share/colcon-core/packages/mission_manager)
[0.890s] Level 1:colcon.colcon_core.environment:create_environment_scripts_only(simulator)
[0.891s] Level 1:colcon.colcon_core.environment:checking '/home/joon/automotive_software_final/install/simulator' for CMake module files
[0.892s] DEBUG:colcon.colcon_core.event_handler.log_command:Invoked command in '/home/joon/automotive_software_final/build/simulator' returned '0': CMAKE_PREFIX_PATH=/home/joon/automotive_software_final/install/ad_msgs:/home/joon/automotive_software_final/install/simulator:/home/joon/automotive_software_final/install/mission_manager:/home/joon/automotive_software_final/install/evaluation:/home/joon/automotive_software_final/install/autonomous_driving:/opt/ros/humble /usr/bin/cmake --install /home/joon/automotive_software_final/build/simulator
[0.892s] Level 1:colcon.colcon_core.environment:checking '/home/joon/automotive_software_final/install/simulator' for CMake config files
[0.893s] Level 1:colcon.colcon_core.shell:create_environment_hook('simulator', 'cmake_prefix_path')
[0.893s] INFO:colcon.colcon_core.shell:Creating environment hook '/home/joon/automotive_software_final/install/simulator/share/simulator/hook/cmake_prefix_path.ps1'
[0.893s] INFO:colcon.colcon_core.shell:Creating environment descriptor '/home/joon/automotive_software_final/install/simulator/share/simulator/hook/cmake_prefix_path.dsv'
[0.894s] INFO:colcon.colcon_core.shell:Creating environment hook '/home/joon/automotive_software_final/install/simulator/share/simulator/hook/cmake_prefix_path.sh'
[0.894s] Level 1:colcon.colcon_core.environment:checking '/home/joon/automotive_software_final/install/simulator/lib'
[0.894s] Level 1:colcon.colcon_core.environment:checking '/home/joon/automotive_software_final/install/simulator/bin'
[0.894s] Level 1:colcon.colcon_core.environment:checking '/home/joon/automotive_software_final/install/simulator/lib/pkgconfig/simulator.pc'
[0.894s] Level 1:colcon.colcon_core.environment:checking '/home/joon/automotive_software_final/install/simulator/lib/python3.10/site-packages'
[0.895s] Level 1:colcon.colcon_core.environment:checking '/home/joon/automotive_software_final/install/simulator/bin'
[0.895s] INFO:colcon.colcon_core.shell:Creating package script '/home/joon/automotive_software_final/install/simulator/share/simulator/package.ps1'
[0.895s] INFO:colcon.colcon_core.shell:Creating package descriptor '/home/joon/automotive_software_final/install/simulator/share/simulator/package.dsv'
[0.896s] INFO:colcon.colcon_core.shell:Creating package script '/home/joon/automotive_software_final/install/simulator/share/simulator/package.sh'
[0.896s] INFO:colcon.colcon_core.shell:Creating package script '/home/joon/automotive_software_final/install/simulator/share/simulator/package.bash'
[0.896s] INFO:colcon.colcon_core.shell:Creating package script '/home/joon/automotive_software_final/install/simulator/share/simulator/package.zsh'
[0.897s] Level 1:colcon.colcon_core.environment:create_file_with_runtime_dependencies(/home/joon/automotive_software_final/install/simulator/share/colcon-core/packages/simulator)
[0.897s] Level 1:colcon.colcon_core.environment:create_environment_scripts_only(simulator)
[0.897s] Level 1:colcon.colcon_core.environment:checking '/home/joon/automotive_software_final/install/simulator' for CMake module files
[0.898s] Level 1:colcon.colcon_core.environment:checking '/home/joon/automotive_software_final/install/simulator' for CMake config files
[0.898s] Level 1:colcon.colcon_core.shell:create_environment_hook('simulator', 'cmake_prefix_path')
[0.898s] INFO:colcon.colcon_core.shell:Creating environment hook '/home/joon/automotive_software_final/install/simulator/share/simulator/hook/cmake_prefix_path.ps1'
[0.898s] INFO:colcon.colcon_core.shell:Creating environment descriptor '/home/joon/automotive_software_final/install/simulator/share/simulator/hook/cmake_prefix_path.dsv'
[0.898s] INFO:colcon.colcon_core.shell:Creating environment hook '/home/joon/automotive_software_final/install/simulator/share/simulator/hook/cmake_prefix_path.sh'
[0.899s] Level 1:colcon.colcon_core.environment:checking '/home/joon/automotive_software_final/install/simulator/lib'
[0.899s] Level 1:colcon.colcon_core.environment:checking '/home/joon/automotive_software_final/install/simulator/bin'
[0.899s] Level 1:colcon.colcon_core.environment:checking '/home/joon/automotive_software_final/install/simulator/lib/pkgconfig/simulator.pc'
[0.899s] Level 1:colcon.colcon_core.environment:checking '/home/joon/automotive_software_final/install/simulator/lib/python3.10/site-packages'
[0.899s] Level 1:colcon.colcon_core.environment:checking '/home/joon/automotive_software_final/install/simulator/bin'
[0.900s] INFO:colcon.colcon_core.shell:Creating package script '/home/joon/automotive_software_final/install/simulator/share/simulator/package.ps1'
[0.900s] INFO:colcon.colcon_core.shell:Creating package descriptor '/home/joon/automotive_software_final/install/simulator/share/simulator/package.dsv'
[0.900s] INFO:colcon.colcon_core.shell:Creating package script '/home/joon/automotive_software_final/install/simulator/share/simulator/package.sh'
[0.901s] INFO:colcon.colcon_core.shell:Creating package script '/home/joon/automotive_software_final/install/simulator/share/simulator/package.bash'
[0.901s] INFO:colcon.colcon_core.shell:Creating package script '/home/joon/automotive_software_final/install/simulator/share/simulator/package.zsh'
[0.901s] Level 1:colcon.colcon_core.environment:create_file_with_runtime_dependencies(/home/joon/automotive_software_final/install/simulator/share/colcon-core/packages/simulator)
[5.305s] DEBUG:colcon.colcon_core.event_handler.log_command:Invoked command in '/home/joon/automotive_software_final/build/autonomous_driving' returned '0': CMAKE_PREFIX_PATH=/home/joon/automotive_software_final/install/ad_msgs:/home/joon/automotive_software_final/install/simulator:/home/joon/automotive_software_final/install/mission_manager:/home/joon/automotive_software_final/install/evaluation:/home/joon/automotive_software_final/install/autonomous_driving:/opt/ros/humble /usr/bin/cmake --build /home/joon/automotive_software_final/build/autonomous_driving -- -j16 -l16
[5.306s] DEBUG:colcon.colcon_core.event_handler.log_command:Invoking command in '/home/joon/automotive_software_final/build/autonomous_driving': CMAKE_PREFIX_PATH=/home/joon/automotive_software_final/install/ad_msgs:/home/joon/automotive_software_final/install/simulator:/home/joon/automotive_software_final/install/mission_manager:/home/joon/automotive_software_final/install/evaluation:/home/joon/automotive_software_final/install/autonomous_driving:/opt/ros/humble /usr/bin/cmake --install /home/joon/automotive_software_final/build/autonomous_driving
[5.323s] Level 1:colcon.colcon_core.environment:create_environment_scripts_only(autonomous_driving)
[5.324s] Level 1:colcon.colcon_core.environment:checking '/home/joon/automotive_software_final/install/autonomous_driving' for CMake module files
[5.324s] DEBUG:colcon.colcon_core.event_handler.log_command:Invoked command in '/home/joon/automotive_software_final/build/autonomous_driving' returned '0': CMAKE_PREFIX_PATH=/home/joon/automotive_software_final/install/ad_msgs:/home/joon/automotive_software_final/install/simulator:/home/joon/automotive_software_final/install/mission_manager:/home/joon/automotive_software_final/install/evaluation:/home/joon/automotive_software_final/install/autonomous_driving:/opt/ros/humble /usr/bin/cmake --install /home/joon/automotive_software_final/build/autonomous_driving
[5.325s] Level 1:colcon.colcon_core.environment:checking '/home/joon/automotive_software_final/install/autonomous_driving' for CMake config files
[5.325s] Level 1:colcon.colcon_core.shell:create_environment_hook('autonomous_driving', 'cmake_prefix_path')
[5.325s] INFO:colcon.colcon_core.shell:Creating environment hook '/home/joon/automotive_software_final/install/autonomous_driving/share/autonomous_driving/hook/cmake_prefix_path.ps1'
[5.325s] INFO:colcon.colcon_core.shell:Creating environment descriptor '/home/joon/automotive_software_final/install/autonomous_driving/share/autonomous_driving/hook/cmake_prefix_path.dsv'
[5.326s] INFO:colcon.colcon_core.shell:Creating environment hook '/home/joon/automotive_software_final/install/autonomous_driving/share/autonomous_driving/hook/cmake_prefix_path.sh'
[5.326s] Level 1:colcon.colcon_core.environment:checking '/home/joon/automotive_software_final/install/autonomous_driving/lib'
[5.326s] Level 1:colcon.colcon_core.environment:checking '/home/joon/automotive_software_final/install/autonomous_driving/bin'
[5.326s] Level 1:colcon.colcon_core.environment:checking '/home/joon/automotive_software_final/install/autonomous_driving/lib/pkgconfig/autonomous_driving.pc'
[5.326s] Level 1:colcon.colcon_core.environment:checking '/home/joon/automotive_software_final/install/autonomous_driving/lib/python3.10/site-packages'
[5.326s] Level 1:colcon.colcon_core.environment:checking '/home/joon/automotive_software_final/install/autonomous_driving/bin'
[5.327s] INFO:colcon.colcon_core.shell:Creating package script '/home/joon/automotive_software_final/install/autonomous_driving/share/autonomous_driving/package.ps1'
[5.327s] INFO:colcon.colcon_core.shell:Creating package descriptor '/home/joon/automotive_software_final/install/autonomous_driving/share/autonomous_driving/package.dsv'
[5.327s] INFO:colcon.colcon_core.shell:Creating package script '/home/joon/automotive_software_final/install/autonomous_driving/share/autonomous_driving/package.sh'
[5.328s] INFO:colcon.colcon_core.shell:Creating package script '/home/joon/automotive_software_final/install/autonomous_driving/share/autonomous_driving/package.bash'
[5.328s] INFO:colcon.colcon_core.shell:Creating package script '/home/joon/automotive_software_final/install/autonomous_driving/share/autonomous_driving/package.zsh'
[5.328s] Level 1:colcon.colcon_core.environment:create_file_with_runtime_dependencies(/home/joon/automotive_software_final/install/autonomous_driving/share/colcon-core/packages/autonomous_driving)
[5.328s] Level 1:colcon.colcon_core.environment:create_environment_scripts_only(autonomous_driving)
[5.329s] Level 1:colcon.colcon_core.environment:checking '/home/joon/automotive_software_final/install/autonomous_driving' for CMake module files
[5.329s] Level 1:colcon.colcon_core.environment:checking '/home/joon/automotive_software_final/install/autonomous_driving' for CMake config files
[5.329s] Level 1:colcon.colcon_core.shell:create_environment_hook('autonomous_driving', 'cmake_prefix_path')
[5.329s] INFO:colcon.colcon_core.shell:Creating environment hook '/home/joon/automotive_software_final/install/autonomous_driving/share/autonomous_driving/hook/cmake_prefix_path.ps1'
[5.329s] INFO:colcon.colcon_core.shell:Creating environment descriptor '/home/joon/automotive_software_final/install/autonomous_driving/share/autonomous_driving/hook/cmake_prefix_path.dsv'
[5.330s] INFO:colcon.colcon_core.shell:Creating environment hook '/home/joon/automotive_software_final/install/autonomous_driving/share/autonomous_driving/hook/cmake_prefix_path.sh'
[5.330s] Level 1:colcon.colcon_core.environment:checking '/home/joon/automotive_software_final/install/autonomous_driving/lib'
[5.330s] Level 1:colcon.colcon_core.environment:checking '/home/joon/automotive_software_final/install/autonomous_driving/bin'
[5.330s] Level 1:colcon.colcon_core.environment:checking '/home/joon/automotive_software_final/install/autonomous_driving/lib/pkgconfig/autonomous_driving.pc'
[5.330s] Level 1:colcon.colcon_core.environment:checking '/home/joon/automotive_software_final/install/autonomous_driving/lib/python3.10/site-packages'
[5.330s] Level 1:colcon.colcon_core.environment:checking '/home/joon/automotive_software_final/install/autonomous_driving/bin'
[5.331s] INFO:colcon.colcon_core.shell:Creating package script '/home/joon/automotive_software_final/install/autonomous_driving/share/autonomous_driving/package.ps1'
[5.331s] INFO:colcon.colcon_core.shell:Creating package descriptor '/home/joon/automotive_software_final/install/autonomous_driving/share/autonomous_driving/package.dsv'
[5.331s] INFO:colcon.colcon_core.shell:Creating package script '/home/joon/automotive_software_final/install/autonomous_driving/share/autonomous_driving/package.sh'
[5.332s] INFO:colcon.colcon_core.shell:Creating package script '/home/joon/automotive_software_final/install/autonomous_driving/share/autonomous_driving/package.bash'
[5.332s] INFO:colcon.colcon_core.shell:Creating package script '/home/joon/automotive_software_final/install/autonomous_driving/share/autonomous_driving/package.zsh'
[5.332s] Level 1:colcon.colcon_core.environment:create_file_with_runtime_dependencies(/home/joon/automotive_software_final/install/autonomous_driving/share/colcon-core/packages/autonomous_driving)
[5.332s] DEBUG:colcon.colcon_parallel_executor.executor.parallel:closing loop
[5.333s] DEBUG:colcon.colcon_parallel_executor.executor.parallel:loop closed
[5.333s] DEBUG:colcon.colcon_parallel_executor.executor.parallel:run_until_complete finished with '0'
[5.333s] DEBUG:colcon.colcon_core.event_reactor:joining thread
[5.426s] INFO:colcon.colcon_core.plugin_system:Skipping extension 'colcon_notification.desktop_notification.notify_send': Could not find 'notify-send'
[5.426s] INFO:colcon.colcon_core.plugin_system:Skipping extension 'colcon_notification.desktop_notification.terminal_notifier': Not used on non-Darwin systems
[5.427s] INFO:colcon.colcon_core.plugin_system:Skipping extension 'colcon_notification.desktop_notification.win32': Not used on non-Windows systems
[5.427s] INFO:colcon.colcon_notification.desktop_notification:Sending desktop notification using 'notify2'
[5.427s] DEBUG:colcon.colcon_notification.desktop_notification.notify2:Failed to initialize notify2: org.freedesktop.DBus.Error.FileNotFound: Failed to connect to socket /run/user/1000/bus: No such file or directory
[5.427s] DEBUG:colcon.colcon_core.event_reactor:joined thread
[5.427s] INFO:colcon.colcon_core.shell:Creating prefix script '/home/joon/automotive_software_final/install/local_setup.ps1'
[5.428s] INFO:colcon.colcon_core.shell:Creating prefix util module '/home/joon/automotive_software_final/install/_local_setup_util_ps1.py'
[5.429s] INFO:colcon.colcon_core.shell:Creating prefix chain script '/home/joon/automotive_software_final/install/setup.ps1'
[5.431s] INFO:colcon.colcon_core.shell:Creating prefix script '/home/joon/automotive_software_final/install/local_setup.sh'
[5.431s] INFO:colcon.colcon_core.shell:Creating prefix util module '/home/joon/automotive_software_final/install/_local_setup_util_sh.py'
[5.432s] INFO:colcon.colcon_core.shell:Creating prefix chain script '/home/joon/automotive_software_final/install/setup.sh'
[5.433s] INFO:colcon.colcon_core.shell:Creating prefix script '/home/joon/automotive_software_final/install/local_setup.bash'
[5.433s] INFO:colcon.colcon_core.shell:Creating prefix chain script '/home/joon/automotive_software_final/install/setup.bash'
[5.434s] INFO:colcon.colcon_core.shell:Creating prefix script '/home/joon/automotive_software_final/install/local_setup.zsh'
[5.434s] INFO:colcon.colcon_core.shell:Creating prefix chain script '/home/joon/automotive_software_final/install/setup.zsh'
