-- Found ament_cmake: 1.3.12 (/opt/ros/humble/share/ament_cmake/cmake)
-- Override CMake install command with custom implementation using symlinks instead of copying resources
-- Found rclcpp: 16.0.15 (/opt/ros/humble/share/rclcpp/cmake)
-- Found rosidl_generator_c: 3.1.7 (/opt/ros/humble/share/rosidl_generator_c/cmake)
-- Found rosidl_adapter: 3.1.7 (/opt/ros/humble/share/rosidl_adapter/cmake)
-- Found rosidl_generator_cpp: 3.1.7 (/opt/ros/humble/share/rosidl_generator_cpp/cmake)
-- Using all available rosidl_typesupport_c: rosidl_typesupport_fastrtps_c;rosidl_typesupport_introspection_c
-- Using all available rosidl_typesupport_cpp: rosidl_typesupport_fastrtps_cpp;rosidl_typesupport_introspection_cpp
-- Found rmw_implementation_cmake: 6.1.2 (/opt/ros/humble/share/rmw_implementation_cmake/cmake)
-- Found rmw_fastrtps_cpp: 6.2.8 (/opt/ros/humble/share/rmw_fastrtps_cpp/cmake)
-- Using RMW implementation 'rmw_fastrtps_cpp' as default
-- Found ad_msgs: 0.0.0 (/home/joon/mission_hard/mission_hard/install/ad_msgs/share/ad_msgs/cmake)
-- Found tf2: 0.25.16 (/opt/ros/humble/share/tf2/cmake)
-- Found tf2_ros: 0.25.16 (/opt/ros/humble/share/tf2_ros/cmake)
-- Configuring done
-- Generating done
-- Build files have been written to: /home/joon/mission_hard/mission_hard/build/autonomous_driving
Consolidate compiler generated dependencies of target autonomous_driving
[ 20%] Building CXX object CMakeFiles/lane_processor_node.dir/src/lane_processor.cpp.o
[ 40%] Building CXX object CMakeFiles/autonomous_driving.dir/src/autonomous_driving_node.cpp.o
[ 60%] Building CXX object CMakeFiles/autonomous_driving.dir/src/lane_processor.cpp.o
[ 80%] Linking CXX executable lane_processor_node
[ 80%] Built target lane_processor_node
[100%] Linking CXX executable autonomous_driving
/usr/bin/ld: CMakeFiles/autonomous_driving.dir/src/lane_processor.cpp.o: in function `main':
lane_processor.cpp:(.text+0x69): multiple definition of `main'; CMakeFiles/autonomous_driving.dir/src/autonomous_driving_node.cpp.o:autonomous_driving_node.cpp:(.text+0x74d4): first defined here
collect2: error: ld returned 1 exit status
gmake[2]: *** [CMakeFiles/autonomous_driving.dir/build.make:245: autonomous_driving] Error 1
gmake[1]: *** [CMakeFiles/Makefile2:139: CMakeFiles/autonomous_driving.dir/all] Error 2
gmake: *** [Makefile:146: all] Error 2
