/home/joon/automotive_software_final/src/app/autonomous_driving/src/lane_processor.cpp: In member function ‘void lane_processor::LaneProcessor::FitLanePolynomials(const interface::VehicleState&, bool)’:
/home/joon/automotive_software_final/src/app/autonomous_driving/src/lane_processor.cpp:190:71: warning: unused parameter ‘vehicle_state’ [-Wunused-parameter]
  190 | void LaneProcessor::FitLanePolynomials(const interface::VehicleState& vehicle_state, bool should_log) {
      |                                        ~~~~~~~~~~~~~~~~~~~~~~~~~~~~~~~^~~~~~~~~~~~~
/home/joon/automotive_software_final/src/app/autonomous_driving/src/lane_processor.cpp: In member function ‘void lane_processor::LaneProcessor::FilterStoredPointsByRange(const interface::VehicleState&)’:
/home/joon/automotive_software_final/src/app/autonomous_driving/src/lane_processor.cpp:587:78: warning: unused parameter ‘vehicle_state’ [-Wunused-parameter]
  587 | void LaneProcessor::FilterStoredPointsByRange(const interface::VehicleState& vehicle_state) {
      |                                               ~~~~~~~~~~~~~~~~~~~~~~~~~~~~~~~^~~~~~~~~~~~~
/home/joon/automotive_software_final/src/app/autonomous_driving/src/lane_processor.cpp: In member function ‘std::vector<geometry_msgs::msg::Point_<std::allocator<void> > > lane_processor::LaneProcessor::getLane1PointsMemoryVehicleFrame(const interface::VehicleState&) const’:
/home/joon/automotive_software_final/src/app/autonomous_driving/src/lane_processor.cpp:732:36: warning: unused parameter ‘vehicle_state’ [-Wunused-parameter]
  732 |     const interface::VehicleState& vehicle_state) const {
      |     ~~~~~~~~~~~~~~~~~~~~~~~~~~~~~~~^~~~~~~~~~~~~
/home/joon/automotive_software_final/src/app/autonomous_driving/src/lane_processor.cpp: In member function ‘std::vector<geometry_msgs::msg::Point_<std::allocator<void> > > lane_processor::LaneProcessor::getLane2PointsMemoryVehicleFrame(const interface::VehicleState&) const’:
/home/joon/automotive_software_final/src/app/autonomous_driving/src/lane_processor.cpp:749:36: warning: unused parameter ‘vehicle_state’ [-Wunused-parameter]
  749 |     const interface::VehicleState& vehicle_state) const {
      |     ~~~~~~~~~~~~~~~~~~~~~~~~~~~~~~~^~~~~~~~~~~~~
/home/joon/automotive_software_final/src/app/autonomous_driving/src/lane_processor.cpp: In member function ‘std::vector<geometry_msgs::msg::Point_<std::allocator<void> > > lane_processor::LaneProcessor::getLane3PointsMemoryVehicleFrame(const interface::VehicleState&) const’:
/home/joon/automotive_software_final/src/app/autonomous_driving/src/lane_processor.cpp:766:36: warning: unused parameter ‘vehicle_state’ [-Wunused-parameter]
  766 |     const interface::VehicleState& vehicle_state) const {
      |     ~~~~~~~~~~~~~~~~~~~~~~~~~~~~~~~^~~~~~~~~~~~~
/home/joon/automotive_software_final/src/app/autonomous_driving/src/lane_processor.cpp: In member function ‘std::vector<geometry_msgs::msg::Point_<std::allocator<void> > > lane_processor::LaneProcessor::getLane4PointsMemoryVehicleFrame(const interface::VehicleState&) const’:
/home/joon/automotive_software_final/src/app/autonomous_driving/src/lane_processor.cpp:783:36: warning: unused parameter ‘vehicle_state’ [-Wunused-parameter]
  783 |     const interface::VehicleState& vehicle_state) const {
      |     ~~~~~~~~~~~~~~~~~~~~~~~~~~~~~~~^~~~~~~~~~~~~
