[0.353s] Invoking command in '/home/joon/mission_hard/mission_hard/build/mission_manager': AMENT_PREFIX_PATH=/home/joon/mission_hard/mission_hard/install/ad_msgs CMAKE_PREFIX_PATH=/home/joon/mission_hard/mission_hard/install/ad_msgs LD_LIBRARY_PATH=/home/joon/mission_hard/mission_hard/install/ad_msgs/lib PYTHONPATH=/home/joon/mission_hard/mission_hard/install/ad_msgs/local/lib/python3.10/dist-packages /usr/bin/cmake --build /home/joon/mission_hard/mission_hard/build/mission_manager -- -j16 -l16
[0.454s] [100%] Built target mission_manager
[0.472s] Invoked command in '/home/joon/mission_hard/mission_hard/build/mission_manager' returned '0': AMENT_PREFIX_PATH=/home/joon/mission_hard/mission_hard/install/ad_msgs CMAKE_PREFIX_PATH=/home/joon/mission_hard/mission_hard/install/ad_msgs LD_LIBRARY_PATH=/home/joon/mission_hard/mission_hard/install/ad_msgs/lib PYTHONPATH=/home/joon/mission_hard/mission_hard/install/ad_msgs/local/lib/python3.10/dist-packages /usr/bin/cmake --build /home/joon/mission_hard/mission_hard/build/mission_manager -- -j16 -l16
[0.475s] Invoking command in '/home/joon/mission_hard/mission_hard/build/mission_manager': AMENT_PREFIX_PATH=/home/joon/mission_hard/mission_hard/install/ad_msgs CMAKE_PREFIX_PATH=/home/joon/mission_hard/mission_hard/install/ad_msgs LD_LIBRARY_PATH=/home/joon/mission_hard/mission_hard/install/ad_msgs/lib PYTHONPATH=/home/joon/mission_hard/mission_hard/install/ad_msgs/local/lib/python3.10/dist-packages /usr/bin/cmake --install /home/joon/mission_hard/mission_hard/build/mission_manager
[0.486s] -- Install configuration: ""
[0.487s] -- Execute custom install script
[0.487s] -- Up-to-date symlink: /home/joon/mission_hard/mission_hard/install/mission_manager/lib/mission_manager/mission_manager
[0.487s] -- Up-to-date symlink: /home/joon/mission_hard/mission_hard/install/mission_manager/share/mission_manager/launch/mission_manager.launch.xml
[0.488s] -- Up-to-date symlink: /home/joon/mission_hard/mission_hard/install/mission_manager/share/mission_manager/launch/mission_manager.launch.xml:Zone.Identifier
[0.489s] -- Up-to-date symlink: /home/joon/mission_hard/mission_hard/install/mission_manager/share/ament_index/resource_index/package_run_dependencies/mission_manager
[0.490s] -- Up-to-date symlink: /home/joon/mission_hard/mission_hard/install/mission_manager/share/ament_index/resource_index/parent_prefix_path/mission_manager
[0.490s] -- Up-to-date symlink: /home/joon/mission_hard/mission_hard/install/mission_manager/share/mission_manager/environment/ament_prefix_path.sh
[0.490s] -- Up-to-date symlink: /home/joon/mission_hard/mission_hard/install/mission_manager/share/mission_manager/environment/ament_prefix_path.dsv
[0.491s] -- Up-to-date symlink: /home/joon/mission_hard/mission_hard/install/mission_manager/share/mission_manager/environment/path.sh
[0.492s] -- Up-to-date symlink: /home/joon/mission_hard/mission_hard/install/mission_manager/share/mission_manager/environment/path.dsv
[0.492s] -- Up-to-date symlink: /home/joon/mission_hard/mission_hard/install/mission_manager/share/mission_manager/local_setup.bash
[0.492s] -- Up-to-date symlink: /home/joon/mission_hard/mission_hard/install/mission_manager/share/mission_manager/local_setup.sh
[0.494s] -- Up-to-date symlink: /home/joon/mission_hard/mission_hard/install/mission_manager/share/mission_manager/local_setup.zsh
[0.494s] -- Up-to-date symlink: /home/joon/mission_hard/mission_hard/install/mission_manager/share/mission_manager/local_setup.dsv
[0.495s] -- Symlinking: /home/joon/mission_hard/mission_hard/install/mission_manager/share/mission_manager/package.dsv
[0.519s] -- Up-to-date symlink: /home/joon/mission_hard/mission_hard/install/mission_manager/share/ament_index/resource_index/packages/mission_manager
[0.519s] -- Up-to-date symlink: /home/joon/mission_hard/mission_hard/install/mission_manager/share/mission_manager/cmake/mission_managerConfig.cmake
[0.519s] -- Up-to-date symlink: /home/joon/mission_hard/mission_hard/install/mission_manager/share/mission_manager/cmake/mission_managerConfig-version.cmake
[0.519s] -- Up-to-date symlink: /home/joon/mission_hard/mission_hard/install/mission_manager/share/mission_manager/package.xml
[0.519s] Invoked command in '/home/joon/mission_hard/mission_hard/build/mission_manager' returned '0': AMENT_PREFIX_PATH=/home/joon/mission_hard/mission_hard/install/ad_msgs CMAKE_PREFIX_PATH=/home/joon/mission_hard/mission_hard/install/ad_msgs LD_LIBRARY_PATH=/home/joon/mission_hard/mission_hard/install/ad_msgs/lib PYTHONPATH=/home/joon/mission_hard/mission_hard/install/ad_msgs/local/lib/python3.10/dist-packages /usr/bin/cmake --install /home/joon/mission_hard/mission_hard/build/mission_manager
