[0.074s] Invoking command in '/home/joon/automotive_software_final/build/mission_manager': CMAKE_PREFIX_PATH=/home/joon/automotive_software_final/install/ad_msgs:/home/joon/automotive_software_final/install/simulator:/home/joon/automotive_software_final/install/mission_manager:/home/joon/automotive_software_final/install/evaluation:/home/joon/automotive_software_final/install/autonomous_driving:/opt/ros/humble /usr/bin/cmake /home/joon/automotive_software_final/src/app/mission_manager -DAMENT_CMAKE_SYMLINK_INSTALL=1 -DCMAKE_INSTALL_PREFIX=/home/joon/automotive_software_final/install/mission_manager
[0.168s] -- The C compiler identification is GNU 11.4.0
[0.492s] -- The CXX compiler identification is GNU 11.4.0
[0.760s] -- Detecting C compiler ABI info
[0.923s] -- Detecting C compiler ABI info - done
[0.930s] -- Check for working C compiler: /usr/bin/cc - skipped
[0.931s] -- Detecting C compile features
[0.931s] -- Detecting C compile features - done
[0.933s] -- Detecting CXX compiler ABI info
[1.088s] -- Detecting CXX compiler ABI info - done
[1.096s] -- Check for working CXX compiler: /usr/bin/c++ - skipped
[1.097s] -- Detecting CXX compile features
[1.097s] -- Detecting CXX compile features - done
[1.100s] -- Found ament_cmake: 1.3.12 (/opt/ros/humble/share/ament_cmake/cmake)
[1.260s] -- Found Python3: /usr/bin/python3 (found version "3.10.12") found components: Interpreter 
[1.321s] -- Override CMake install command with custom implementation using symlinks instead of copying resources
[1.347s] -- Found rclcpp: 16.0.15 (/opt/ros/humble/share/rclcpp/cmake)
[1.492s] -- Found rosidl_generator_c: 3.1.7 (/opt/ros/humble/share/rosidl_generator_c/cmake)
[1.496s] -- Found rosidl_adapter: 3.1.7 (/opt/ros/humble/share/rosidl_adapter/cmake)
[1.502s] -- Found rosidl_generator_cpp: 3.1.7 (/opt/ros/humble/share/rosidl_generator_cpp/cmake)
[1.511s] -- Using all available rosidl_typesupport_c: rosidl_typesupport_fastrtps_c;rosidl_typesupport_introspection_c
[1.523s] -- Using all available rosidl_typesupport_cpp: rosidl_typesupport_fastrtps_cpp;rosidl_typesupport_introspection_cpp
[1.554s] -- Found rmw_implementation_cmake: 6.1.2 (/opt/ros/humble/share/rmw_implementation_cmake/cmake)
[1.557s] -- Found rmw_fastrtps_cpp: 6.2.8 (/opt/ros/humble/share/rmw_fastrtps_cpp/cmake)
[2.148s] -- Found OpenSSL: /usr/lib/x86_64-linux-gnu/libcrypto.so (found version "3.0.2")  
[2.726s] -- Found FastRTPS: /opt/ros/humble/include  
[3.785s] -- Using RMW implementation 'rmw_fastrtps_cpp' as default
[3.800s] -- Looking for pthread.h
[3.918s] -- Looking for pthread.h - found
[3.918s] -- Performing Test CMAKE_HAVE_LIBC_PTHREAD
[4.027s] -- Performing Test CMAKE_HAVE_LIBC_PTHREAD - Success
[4.028s] -- Found Threads: TRUE  
[4.079s] -- Found ad_msgs: 0.0.0 (/home/joon/automotive_software_final/install/ad_msgs/share/ad_msgs/cmake)
[4.161s] -- Found rviz_2d_overlay_msgs: 1.3.1 (/opt/ros/humble/share/rviz_2d_overlay_msgs/cmake)
[4.171s] -- Found tf2: 0.25.16 (/opt/ros/humble/share/tf2/cmake)
[4.178s] -- Found tf2_ros: 0.25.16 (/opt/ros/humble/share/tf2_ros/cmake)
[4.268s] -- Found tf2_geometry_msgs: 0.25.16 (/opt/ros/humble/share/tf2_geometry_msgs/cmake)
[4.315s] -- Found eigen3_cmake_module: 0.1.1 (/opt/ros/humble/share/eigen3_cmake_module/cmake)
[4.317s] -- Found Eigen3: TRUE (found version "3.4.0") 
[4.317s] -- Ensuring Eigen3 include directory is part of orocos-kdl CMake target
[4.330s] -- Found Boost: /usr/lib/x86_64-linux-gnu/cmake/Boost-1.74.0/BoostConfig.cmake (found version "1.74.0") found components: system filesystem 
[4.391s] -- Configuring done
[4.409s] -- Generating done
[4.413s] -- Build files have been written to: /home/joon/automotive_software_final/build/mission_manager
[4.429s] Invoked command in '/home/joon/automotive_software_final/build/mission_manager' returned '0': CMAKE_PREFIX_PATH=/home/joon/automotive_software_final/install/ad_msgs:/home/joon/automotive_software_final/install/simulator:/home/joon/automotive_software_final/install/mission_manager:/home/joon/automotive_software_final/install/evaluation:/home/joon/automotive_software_final/install/autonomous_driving:/opt/ros/humble /usr/bin/cmake /home/joon/automotive_software_final/src/app/mission_manager -DAMENT_CMAKE_SYMLINK_INSTALL=1 -DCMAKE_INSTALL_PREFIX=/home/joon/automotive_software_final/install/mission_manager
[4.431s] Invoking command in '/home/joon/automotive_software_final/build/mission_manager': CMAKE_PREFIX_PATH=/home/joon/automotive_software_final/install/ad_msgs:/home/joon/automotive_software_final/install/simulator:/home/joon/automotive_software_final/install/mission_manager:/home/joon/automotive_software_final/install/evaluation:/home/joon/automotive_software_final/install/autonomous_driving:/opt/ros/humble /usr/bin/cmake --build /home/joon/automotive_software_final/build/mission_manager -- -j16 -l16
[4.495s] [ 33%] [32mBuilding CXX object CMakeFiles/mission_manager.dir/src/mission_manager_node.cpp.o[0m
[4.496s] [ 66%] [32mBuilding CXX object CMakeFiles/mission_manager.dir/home/joon/automotive_software_final/src/bsw/system/interface/interface_lane.cpp.o[0m
[19.976s] [100%] [32m[1mLinking CXX executable mission_manager[0m
[20.874s] [100%] Built target mission_manager
[20.934s] Invoked command in '/home/joon/automotive_software_final/build/mission_manager' returned '0': CMAKE_PREFIX_PATH=/home/joon/automotive_software_final/install/ad_msgs:/home/joon/automotive_software_final/install/simulator:/home/joon/automotive_software_final/install/mission_manager:/home/joon/automotive_software_final/install/evaluation:/home/joon/automotive_software_final/install/autonomous_driving:/opt/ros/humble /usr/bin/cmake --build /home/joon/automotive_software_final/build/mission_manager -- -j16 -l16
[20.952s] Invoking command in '/home/joon/automotive_software_final/build/mission_manager': CMAKE_PREFIX_PATH=/home/joon/automotive_software_final/install/ad_msgs:/home/joon/automotive_software_final/install/simulator:/home/joon/automotive_software_final/install/mission_manager:/home/joon/automotive_software_final/install/evaluation:/home/joon/automotive_software_final/install/autonomous_driving:/opt/ros/humble /usr/bin/cmake --install /home/joon/automotive_software_final/build/mission_manager
[20.962s] -- Install configuration: ""
[20.963s] -- Execute custom install script
[20.965s] -- Symlinking: /home/joon/automotive_software_final/install/mission_manager/lib/mission_manager/mission_manager
[20.981s] -- Symlinking: /home/joon/automotive_software_final/install/mission_manager/share/mission_manager/launch/mission_manager.launch.xml
[20.994s] -- Symlinking: /home/joon/automotive_software_final/install/mission_manager/share/mission_manager/launch/mission_manager.launch.xml:Zone.Identifier
[21.009s] -- Symlinking: /home/joon/automotive_software_final/install/mission_manager/share/ament_index/resource_index/package_run_dependencies/mission_manager
[21.019s] -- Symlinking: /home/joon/automotive_software_final/install/mission_manager/share/ament_index/resource_index/parent_prefix_path/mission_manager
[21.031s] -- Symlinking: /home/joon/automotive_software_final/install/mission_manager/share/mission_manager/environment/ament_prefix_path.sh
[21.041s] -- Symlinking: /home/joon/automotive_software_final/install/mission_manager/share/mission_manager/environment/ament_prefix_path.dsv
[21.051s] -- Symlinking: /home/joon/automotive_software_final/install/mission_manager/share/mission_manager/environment/path.sh
[21.063s] -- Symlinking: /home/joon/automotive_software_final/install/mission_manager/share/mission_manager/environment/path.dsv
[21.072s] -- Symlinking: /home/joon/automotive_software_final/install/mission_manager/share/mission_manager/local_setup.bash
[21.084s] -- Symlinking: /home/joon/automotive_software_final/install/mission_manager/share/mission_manager/local_setup.sh
[21.100s] -- Symlinking: /home/joon/automotive_software_final/install/mission_manager/share/mission_manager/local_setup.zsh
[21.113s] -- Symlinking: /home/joon/automotive_software_final/install/mission_manager/share/mission_manager/local_setup.dsv
[21.126s] -- Symlinking: /home/joon/automotive_software_final/install/mission_manager/share/mission_manager/package.dsv
[21.140s] -- Symlinking: /home/joon/automotive_software_final/install/mission_manager/share/ament_index/resource_index/packages/mission_manager
[21.154s] -- Symlinking: /home/joon/automotive_software_final/install/mission_manager/share/mission_manager/cmake/mission_managerConfig.cmake
[21.168s] -- Symlinking: /home/joon/automotive_software_final/install/mission_manager/share/mission_manager/cmake/mission_managerConfig-version.cmake
[21.184s] -- Symlinking: /home/joon/automotive_software_final/install/mission_manager/share/mission_manager/package.xml
[21.219s] Invoked command in '/home/joon/automotive_software_final/build/mission_manager' returned '0': CMAKE_PREFIX_PATH=/home/joon/automotive_software_final/install/ad_msgs:/home/joon/automotive_software_final/install/simulator:/home/joon/automotive_software_final/install/mission_manager:/home/joon/automotive_software_final/install/evaluation:/home/joon/automotive_software_final/install/autonomous_driving:/opt/ros/humble /usr/bin/cmake --install /home/joon/automotive_software_final/build/mission_manager
