[35m[1mConsolidate compiler generated dependencies of target mission_manager[0m
[ 33%] [32mBuilding CXX object CMakeFiles/mission_manager.dir/src/mission_manager_node.cpp.o[0m
[ 66%] [32mBuilding CXX object CMakeFiles/mission_manager.dir/home/joon/mission_hard/mission_hard/src/bsw/system/interface/interface_lane.cpp.o[0m
[01m[K/home/joon/mission_hard/mission_hard/src/bsw/system/interface/interface_lane.cpp:[m[K In member function ‘[01m[Kbool SLanes::ImportLaneCsvFile(std::string)[m[K’:
[01m[K/home/joon/mission_hard/mission_hard/src/bsw/system/interface/interface_lane.cpp:26:9:[m[K [01;35m[Kwarning: [m[Kunused variable ‘[01m[KnLaneID[m[K’ [[01;35m[K]8;;https://gcc.gnu.org/onlinedocs/gcc/Warning-Options.html#index-Wunused-variable-Wunused-variable]8;;[m[K]
   26 |     int [01;35m[KnLaneID[m[K = 0;
      |         [01;35m[K^~~~~~~[m[K
[100%] [32m[1mLinking CXX executable mission_manager[0m
[100%] Built target mission_manager
-- Install configuration: ""
-- Execute custom install script
-- Symlinking: /home/joon/mission_hard/mission_hard/install/mission_manager/lib/mission_manager/mission_manager
-- Symlinking: /home/joon/mission_hard/mission_hard/install/mission_manager/share/mission_manager/launch/mission_manager.launch.xml
-- Symlinking: /home/joon/mission_hard/mission_hard/install/mission_manager/share/mission_manager/launch/mission_manager.launch.xml:Zone.Identifier
-- Symlinking: /home/joon/mission_hard/mission_hard/install/mission_manager/share/ament_index/resource_index/package_run_dependencies/mission_manager
-- Symlinking: /home/joon/mission_hard/mission_hard/install/mission_manager/share/ament_index/resource_index/parent_prefix_path/mission_manager
-- Symlinking: /home/joon/mission_hard/mission_hard/install/mission_manager/share/mission_manager/environment/ament_prefix_path.sh
-- Symlinking: /home/joon/mission_hard/mission_hard/install/mission_manager/share/mission_manager/environment/ament_prefix_path.dsv
-- Symlinking: /home/joon/mission_hard/mission_hard/install/mission_manager/share/mission_manager/environment/path.sh
-- Symlinking: /home/joon/mission_hard/mission_hard/install/mission_manager/share/mission_manager/environment/path.dsv
-- Symlinking: /home/joon/mission_hard/mission_hard/install/mission_manager/share/mission_manager/local_setup.bash
-- Symlinking: /home/joon/mission_hard/mission_hard/install/mission_manager/share/mission_manager/local_setup.sh
-- Symlinking: /home/joon/mission_hard/mission_hard/install/mission_manager/share/mission_manager/local_setup.zsh
-- Symlinking: /home/joon/mission_hard/mission_hard/install/mission_manager/share/mission_manager/local_setup.dsv
-- Symlinking: /home/joon/mission_hard/mission_hard/install/mission_manager/share/mission_manager/package.dsv
-- Symlinking: /home/joon/mission_hard/mission_hard/install/mission_manager/share/ament_index/resource_index/packages/mission_manager
-- Symlinking: /home/joon/mission_hard/mission_hard/install/mission_manager/share/mission_manager/cmake/mission_managerConfig.cmake
-- Symlinking: /home/joon/mission_hard/mission_hard/install/mission_manager/share/mission_manager/cmake/mission_managerConfig-version.cmake
-- Symlinking: /home/joon/mission_hard/mission_hard/install/mission_manager/share/mission_manager/package.xml
