[35m[1mConsolidate compiler generated dependencies of target mission_manager[0m
[ 33%] [32mBuilding CXX object CMakeFiles/mission_manager.dir/src/mission_manager_node.cpp.o[0m
[ 66%] [32mBuilding CXX object CMakeFiles/mission_manager.dir/home/joon/mission_hard/mission_hard/src/bsw/system/interface/interface_lane.cpp.o[0m
[100%] [32m[1mLinking CXX executable mission_manager[0m
[100%] Built target mission_manager
-- Install configuration: ""
-- Execute custom install script
-- Symlinking: /home/joon/mission_hard/mission_hard/install/mission_manager/lib/mission_manager/mission_manager
-- Symlinking: /home/joon/mission_hard/mission_hard/install/mission_manager/share/mission_manager/launch/mission_manager.launch.xml
-- Symlinking: /home/joon/mission_hard/mission_hard/install/mission_manager/share/mission_manager/launch/mission_manager.launch.xml:Zone.Identifier
-- Symlinking: /home/joon/mission_hard/mission_hard/install/mission_manager/share/ament_index/resource_index/package_run_dependencies/mission_manager
-- Symlinking: /home/joon/mission_hard/mission_hard/install/mission_manager/share/ament_index/resource_index/parent_prefix_path/mission_manager
-- Symlinking: /home/joon/mission_hard/mission_hard/install/mission_manager/share/mission_manager/environment/ament_prefix_path.sh
-- Symlinking: /home/joon/mission_hard/mission_hard/install/mission_manager/share/mission_manager/environment/ament_prefix_path.dsv
-- Symlinking: /home/joon/mission_hard/mission_hard/install/mission_manager/share/mission_manager/environment/path.sh
-- Symlinking: /home/joon/mission_hard/mission_hard/install/mission_manager/share/mission_manager/environment/path.dsv
-- Symlinking: /home/joon/mission_hard/mission_hard/install/mission_manager/share/mission_manager/local_setup.bash
-- Symlinking: /home/joon/mission_hard/mission_hard/install/mission_manager/share/mission_manager/local_setup.sh
-- Symlinking: /home/joon/mission_hard/mission_hard/install/mission_manager/share/mission_manager/local_setup.zsh
-- Symlinking: /home/joon/mission_hard/mission_hard/install/mission_manager/share/mission_manager/local_setup.dsv
-- Symlinking: /home/joon/mission_hard/mission_hard/install/mission_manager/share/mission_manager/package.dsv
-- Symlinking: /home/joon/mission_hard/mission_hard/install/mission_manager/share/ament_index/resource_index/packages/mission_manager
-- Symlinking: /home/joon/mission_hard/mission_hard/install/mission_manager/share/mission_manager/cmake/mission_managerConfig.cmake
-- Symlinking: /home/joon/mission_hard/mission_hard/install/mission_manager/share/mission_manager/cmake/mission_managerConfig-version.cmake
-- Symlinking: /home/joon/mission_hard/mission_hard/install/mission_manager/share/mission_manager/package.xml
