[0.068s] Invoking command in '/home/joon/automotive_software_final/build/autonomous_driving': CMAKE_PREFIX_PATH=/home/joon/automotive_software_final/install/ad_msgs:/home/joon/automotive_software_final/install/simulator:/home/joon/automotive_software_final/install/mission_manager:/home/joon/automotive_software_final/install/evaluation:/home/joon/automotive_software_final/install/autonomous_driving:/opt/ros/humble /usr/bin/cmake /home/joon/automotive_software_final/src/app/autonomous_driving -DAMENT_CMAKE_SYMLINK_INSTALL=1 -DCMAKE_INSTALL_PREFIX=/home/joon/automotive_software_final/install/autonomous_driving
[0.165s] -- The C compiler identification is GNU 11.4.0
[0.466s] -- The CXX compiler identification is GNU 11.4.0
[0.693s] -- Detecting C compiler ABI info
[0.833s] -- Detecting C compiler ABI info - done
[0.839s] -- Check for working C compiler: /usr/bin/cc - skipped
[0.840s] -- Detecting C compile features
[0.840s] -- Detecting C compile features - done
[0.842s] -- Detecting CXX compiler ABI info
[0.998s] -- Detecting CXX compiler ABI info - done
[1.003s] -- Check for working CXX compiler: /usr/bin/c++ - skipped
[1.003s] -- Detecting CXX compile features
[1.004s] -- Detecting CXX compile features - done
[1.006s] -- Found ament_cmake: 1.3.12 (/opt/ros/humble/share/ament_cmake/cmake)
[1.166s] -- Found Python3: /usr/bin/python3 (found version "3.10.12") found components: Interpreter 
[1.244s] -- Override CMake install command with custom implementation using symlinks instead of copying resources
[1.270s] -- Found rclcpp: 16.0.15 (/opt/ros/humble/share/rclcpp/cmake)
[1.403s] -- Found rosidl_generator_c: 3.1.7 (/opt/ros/humble/share/rosidl_generator_c/cmake)
[1.406s] -- Found rosidl_adapter: 3.1.7 (/opt/ros/humble/share/rosidl_adapter/cmake)
[1.412s] -- Found rosidl_generator_cpp: 3.1.7 (/opt/ros/humble/share/rosidl_generator_cpp/cmake)
[1.422s] -- Using all available rosidl_typesupport_c: rosidl_typesupport_fastrtps_c;rosidl_typesupport_introspection_c
[1.434s] -- Using all available rosidl_typesupport_cpp: rosidl_typesupport_fastrtps_cpp;rosidl_typesupport_introspection_cpp
[1.485s] -- Found rmw_implementation_cmake: 6.1.2 (/opt/ros/humble/share/rmw_implementation_cmake/cmake)
[1.490s] -- Found rmw_fastrtps_cpp: 6.2.8 (/opt/ros/humble/share/rmw_fastrtps_cpp/cmake)
[2.095s] -- Found OpenSSL: /usr/lib/x86_64-linux-gnu/libcrypto.so (found version "3.0.2")  
[2.666s] -- Found FastRTPS: /opt/ros/humble/include  
[3.712s] -- Using RMW implementation 'rmw_fastrtps_cpp' as default
[3.732s] -- Looking for pthread.h
[3.862s] -- Looking for pthread.h - found
[3.862s] -- Performing Test CMAKE_HAVE_LIBC_PTHREAD
[3.977s] -- Performing Test CMAKE_HAVE_LIBC_PTHREAD - Success
[3.978s] -- Found Threads: TRUE  
[4.037s] -- Found ad_msgs: 0.0.0 (/home/joon/automotive_software_final/install/ad_msgs/share/ad_msgs/cmake)
[4.144s] -- Found tf2: 0.25.16 (/opt/ros/humble/share/tf2/cmake)
[4.157s] -- Found tf2_ros: 0.25.16 (/opt/ros/humble/share/tf2_ros/cmake)
[4.336s] -- Configuring done
[4.349s] -- Generating done
[4.353s] -- Build files have been written to: /home/joon/automotive_software_final/build/autonomous_driving
[4.365s] Invoked command in '/home/joon/automotive_software_final/build/autonomous_driving' returned '0': CMAKE_PREFIX_PATH=/home/joon/automotive_software_final/install/ad_msgs:/home/joon/automotive_software_final/install/simulator:/home/joon/automotive_software_final/install/mission_manager:/home/joon/automotive_software_final/install/evaluation:/home/joon/automotive_software_final/install/autonomous_driving:/opt/ros/humble /usr/bin/cmake /home/joon/automotive_software_final/src/app/autonomous_driving -DAMENT_CMAKE_SYMLINK_INSTALL=1 -DCMAKE_INSTALL_PREFIX=/home/joon/automotive_software_final/install/autonomous_driving
[4.367s] Invoking command in '/home/joon/automotive_software_final/build/autonomous_driving': CMAKE_PREFIX_PATH=/home/joon/automotive_software_final/install/ad_msgs:/home/joon/automotive_software_final/install/simulator:/home/joon/automotive_software_final/install/mission_manager:/home/joon/automotive_software_final/install/evaluation:/home/joon/automotive_software_final/install/autonomous_driving:/opt/ros/humble /usr/bin/cmake --build /home/joon/automotive_software_final/build/autonomous_driving -- -j16 -l16
[4.416s] [ 33%] [32mBuilding CXX object CMakeFiles/autonomous_driving.dir/src/autonomous_driving_node.cpp.o[0m
[4.419s] [ 66%] [32mBuilding CXX object CMakeFiles/autonomous_driving.dir/src/lane_processor.cpp.o[0m
[6.879s] [01m[K/home/joon/automotive_software_final/src/app/autonomous_driving/src/lane_processor.cpp:[m[K In member function ‘[01m[Kstd::vector<geometry_msgs::msg::Point_<std::allocator<void> > > lane_processor::LaneProcessor::getLane1PointsMemoryVehicleFrame(const interface::VehicleState&) const[m[K’:
[6.880s] [01m[K/home/joon/automotive_software_final/src/app/autonomous_driving/src/lane_processor.cpp:284:36:[m[K [01;35m[Kwarning: [m[Kunused parameter ‘[01m[Kvehicle_state[m[K’ [[01;35m[K]8;;https://gcc.gnu.org/onlinedocs/gcc/Warning-Options.html#index-Wunused-parameter-Wunused-parameter]8;;[m[K]
[6.880s]   284 |     [01;35m[Kconst interface::VehicleState& vehicle_state[m[K) const {
[6.880s]       |     [01;35m[K~~~~~~~~~~~~~~~~~~~~~~~~~~~~~~~^~~~~~~~~~~~~[m[K
[6.881s] [01m[K/home/joon/automotive_software_final/src/app/autonomous_driving/src/lane_processor.cpp:[m[K In member function ‘[01m[Kstd::vector<geometry_msgs::msg::Point_<std::allocator<void> > > lane_processor::LaneProcessor::getLane4PointsMemoryVehicleFrame(const interface::VehicleState&) const[m[K’:
[6.881s] [01m[K/home/joon/automotive_software_final/src/app/autonomous_driving/src/lane_processor.cpp:326:36:[m[K [01;35m[Kwarning: [m[Kunused parameter ‘[01m[Kvehicle_state[m[K’ [[01;35m[K]8;;https://gcc.gnu.org/onlinedocs/gcc/Warning-Options.html#index-Wunused-parameter-Wunused-parameter]8;;[m[K]
[6.881s]   326 |     [01;35m[Kconst interface::VehicleState& vehicle_state[m[K) const {
[6.881s]       |     [01;35m[K~~~~~~~~~~~~~~~~~~~~~~~~~~~~~~~^~~~~~~~~~~~~[m[K
[28.806s] [100%] [32m[1mLinking CXX executable autonomous_driving[0m
[30.038s] [100%] Built target autonomous_driving
[30.055s] Invoked command in '/home/joon/automotive_software_final/build/autonomous_driving' returned '0': CMAKE_PREFIX_PATH=/home/joon/automotive_software_final/install/ad_msgs:/home/joon/automotive_software_final/install/simulator:/home/joon/automotive_software_final/install/mission_manager:/home/joon/automotive_software_final/install/evaluation:/home/joon/automotive_software_final/install/autonomous_driving:/opt/ros/humble /usr/bin/cmake --build /home/joon/automotive_software_final/build/autonomous_driving -- -j16 -l16
[30.059s] Invoking command in '/home/joon/automotive_software_final/build/autonomous_driving': CMAKE_PREFIX_PATH=/home/joon/automotive_software_final/install/ad_msgs:/home/joon/automotive_software_final/install/simulator:/home/joon/automotive_software_final/install/mission_manager:/home/joon/automotive_software_final/install/evaluation:/home/joon/automotive_software_final/install/autonomous_driving:/opt/ros/humble /usr/bin/cmake --install /home/joon/automotive_software_final/build/autonomous_driving
[30.064s] -- Install configuration: ""
[30.064s] -- Execute custom install script
[30.065s] -- Symlinking: /home/joon/automotive_software_final/install/autonomous_driving/lib/autonomous_driving/autonomous_driving
[30.075s] -- Symlinking: /home/joon/automotive_software_final/install/autonomous_driving/share/autonomous_driving/launch/autonomous_driving.launch.xml
[30.083s] -- Symlinking: /home/joon/automotive_software_final/install/autonomous_driving/share/autonomous_driving/launch/autonomous_driving.launch.xml:Zone.Identifier
[30.090s] -- Symlinking: /home/joon/automotive_software_final/install/autonomous_driving/share/autonomous_driving/launch/manual_driving.launch.xml
[30.098s] -- Symlinking: /home/joon/automotive_software_final/install/autonomous_driving/share/autonomous_driving/launch/manual_driving.launch.xml:Zone.Identifier
[30.106s] -- Symlinking: /home/joon/automotive_software_final/install/autonomous_driving/lib/autonomous_driving/simultaneous_inputs.py
[30.115s] -- Symlinking: /home/joon/automotive_software_final/install/autonomous_driving/share/ament_index/resource_index/package_run_dependencies/autonomous_driving
[30.123s] -- Symlinking: /home/joon/automotive_software_final/install/autonomous_driving/share/ament_index/resource_index/parent_prefix_path/autonomous_driving
[30.131s] -- Symlinking: /home/joon/automotive_software_final/install/autonomous_driving/share/autonomous_driving/environment/ament_prefix_path.sh
[30.138s] -- Symlinking: /home/joon/automotive_software_final/install/autonomous_driving/share/autonomous_driving/environment/ament_prefix_path.dsv
[30.145s] -- Symlinking: /home/joon/automotive_software_final/install/autonomous_driving/share/autonomous_driving/environment/path.sh
[30.154s] -- Symlinking: /home/joon/automotive_software_final/install/autonomous_driving/share/autonomous_driving/environment/path.dsv
[30.162s] -- Symlinking: /home/joon/automotive_software_final/install/autonomous_driving/share/autonomous_driving/local_setup.bash
[30.169s] -- Symlinking: /home/joon/automotive_software_final/install/autonomous_driving/share/autonomous_driving/local_setup.sh
[30.176s] -- Symlinking: /home/joon/automotive_software_final/install/autonomous_driving/share/autonomous_driving/local_setup.zsh
[30.184s] -- Symlinking: /home/joon/automotive_software_final/install/autonomous_driving/share/autonomous_driving/local_setup.dsv
[30.192s] -- Symlinking: /home/joon/automotive_software_final/install/autonomous_driving/share/autonomous_driving/package.dsv
[30.200s] -- Symlinking: /home/joon/automotive_software_final/install/autonomous_driving/share/ament_index/resource_index/packages/autonomous_driving
[30.208s] -- Symlinking: /home/joon/automotive_software_final/install/autonomous_driving/share/autonomous_driving/cmake/autonomous_drivingConfig.cmake
[30.215s] -- Symlinking: /home/joon/automotive_software_final/install/autonomous_driving/share/autonomous_driving/cmake/autonomous_drivingConfig-version.cmake
[30.224s] -- Symlinking: /home/joon/automotive_software_final/install/autonomous_driving/share/autonomous_driving/package.xml
[30.232s] Invoked command in '/home/joon/automotive_software_final/build/autonomous_driving' returned '0': CMAKE_PREFIX_PATH=/home/joon/automotive_software_final/install/ad_msgs:/home/joon/automotive_software_final/install/simulator:/home/joon/automotive_software_final/install/mission_manager:/home/joon/automotive_software_final/install/evaluation:/home/joon/automotive_software_final/install/autonomous_driving:/opt/ros/humble /usr/bin/cmake --install /home/joon/automotive_software_final/build/autonomous_driving
