[0.287s] DEBUG:colcon:Command line arguments: ['/usr/bin/colcon', 'build', '--symlink-install']
[0.287s] DEBUG:colcon:Parsed command line arguments: Namespace(log_base=None, log_level=None, verb_name='build', build_base='build', install_base='install', merge_install=False, symlink_install=True, test_result_base=None, continue_on_error=False, executor='parallel', parallel_workers=16, event_handlers=None, ignore_user_meta=False, metas=['./colcon.meta'], base_paths=['.'], packages_ignore=None, packages_ignore_regex=None, paths=None, packages_up_to=None, packages_up_to_regex=None, packages_above=None, packages_above_and_dependencies=None, packages_above_depth=None, packages_select_by_dep=None, packages_skip_by_dep=None, packages_skip_up_to=None, packages_select_build_failed=False, packages_skip_build_finished=False, packages_select_test_failures=False, packages_skip_test_passed=False, packages_select=None, packages_skip=None, packages_select_regex=None, packages_skip_regex=None, packages_start=None, packages_end=None, allow_overriding=[], cmake_args=None, cmake_target=None, cmake_target_skip_unavailable=False, cmake_clean_cache=False, cmake_clean_first=False, cmake_force_configure=False, ament_cmake_args=None, catkin_cmake_args=None, catkin_skip_building_tests=False, mixin_files=None, mixin=None, verb_parser=<colcon_mixin.mixin.mixin_argument.MixinArgumentDecorator object at 0x7610011cb0d0>, verb_extension=<colcon_core.verb.build.BuildVerb object at 0x7610012e3580>, main=<bound method BuildVerb.main of <colcon_core.verb.build.BuildVerb object at 0x7610012e3580>>, mixin_verb=('build',))
[0.541s] Level 1:colcon.colcon_core.package_discovery:discover_packages(colcon_meta) check parameters
[0.541s] Level 1:colcon.colcon_core.package_discovery:discover_packages(recursive) check parameters
[0.541s] Level 1:colcon.colcon_core.package_discovery:discover_packages(ignore) check parameters
[0.541s] Level 1:colcon.colcon_core.package_discovery:discover_packages(path) check parameters
[0.541s] Level 1:colcon.colcon_core.package_discovery:discover_packages(colcon_meta) discover
[0.541s] Level 1:colcon.colcon_core.package_discovery:discover_packages(recursive) discover
[0.541s] INFO:colcon.colcon_core.package_discovery:Crawling recursively for packages in '/home/joon/mission_hard/mission_hard'
[0.541s] Level 1:colcon.colcon_core.package_identification:_identify(.) by extensions ['ignore', 'ignore_ament_install']
[0.542s] Level 1:colcon.colcon_core.package_identification:_identify(.) by extension 'ignore'
[0.542s] Level 1:colcon.colcon_core.package_identification:_identify(.) by extension 'ignore_ament_install'
[0.542s] Level 1:colcon.colcon_core.package_identification:_identify(.) by extensions ['colcon_pkg']
[0.542s] Level 1:colcon.colcon_core.package_identification:_identify(.) by extension 'colcon_pkg'
[0.542s] Level 1:colcon.colcon_core.package_identification:_identify(.) by extensions ['colcon_meta']
[0.542s] Level 1:colcon.colcon_core.package_identification:_identify(.) by extension 'colcon_meta'
[0.542s] Level 1:colcon.colcon_core.package_identification:_identify(.) by extensions ['ros']
[0.542s] Level 1:colcon.colcon_core.package_identification:_identify(.) by extension 'ros'
[0.553s] Level 1:colcon.colcon_core.package_identification:_identify(.) by extensions ['cmake', 'python']
[0.553s] Level 1:colcon.colcon_core.package_identification:_identify(.) by extension 'cmake'
[0.553s] Level 1:colcon.colcon_core.package_identification:_identify(.) by extension 'python'
[0.553s] Level 1:colcon.colcon_core.package_identification:_identify(.) by extensions ['python_setup_py']
[0.553s] Level 1:colcon.colcon_core.package_identification:_identify(.) by extension 'python_setup_py'
[0.554s] Level 1:colcon.colcon_core.package_identification:_identify(build) by extensions ['ignore', 'ignore_ament_install']
[0.554s] Level 1:colcon.colcon_core.package_identification:_identify(build) by extension 'ignore'
[0.554s] Level 1:colcon.colcon_core.package_identification:_identify(build) ignored
[0.554s] Level 1:colcon.colcon_core.package_identification:_identify(install) by extensions ['ignore', 'ignore_ament_install']
[0.554s] Level 1:colcon.colcon_core.package_identification:_identify(install) by extension 'ignore'
[0.554s] Level 1:colcon.colcon_core.package_identification:_identify(install) ignored
[0.554s] Level 1:colcon.colcon_core.package_identification:_identify(log) by extensions ['ignore', 'ignore_ament_install']
[0.554s] Level 1:colcon.colcon_core.package_identification:_identify(log) by extension 'ignore'
[0.554s] Level 1:colcon.colcon_core.package_identification:_identify(log) ignored
[0.555s] Level 1:colcon.colcon_core.package_identification:_identify(resources) by extensions ['ignore', 'ignore_ament_install']
[0.555s] Level 1:colcon.colcon_core.package_identification:_identify(resources) by extension 'ignore'
[0.555s] Level 1:colcon.colcon_core.package_identification:_identify(resources) by extension 'ignore_ament_install'
[0.555s] Level 1:colcon.colcon_core.package_identification:_identify(resources) by extensions ['colcon_pkg']
[0.555s] Level 1:colcon.colcon_core.package_identification:_identify(resources) by extension 'colcon_pkg'
[0.555s] Level 1:colcon.colcon_core.package_identification:_identify(resources) by extensions ['colcon_meta']
[0.555s] Level 1:colcon.colcon_core.package_identification:_identify(resources) by extension 'colcon_meta'
[0.555s] Level 1:colcon.colcon_core.package_identification:_identify(resources) by extensions ['ros']
[0.555s] Level 1:colcon.colcon_core.package_identification:_identify(resources) by extension 'ros'
[0.555s] Level 1:colcon.colcon_core.package_identification:_identify(resources) by extensions ['cmake', 'python']
[0.555s] Level 1:colcon.colcon_core.package_identification:_identify(resources) by extension 'cmake'
[0.555s] Level 1:colcon.colcon_core.package_identification:_identify(resources) by extension 'python'
[0.555s] Level 1:colcon.colcon_core.package_identification:_identify(resources) by extensions ['python_setup_py']
[0.555s] Level 1:colcon.colcon_core.package_identification:_identify(resources) by extension 'python_setup_py'
[0.555s] Level 1:colcon.colcon_core.package_identification:_identify(resources/csv) by extensions ['ignore', 'ignore_ament_install']
[0.555s] Level 1:colcon.colcon_core.package_identification:_identify(resources/csv) by extension 'ignore'
[0.555s] Level 1:colcon.colcon_core.package_identification:_identify(resources/csv) by extension 'ignore_ament_install'
[0.555s] Level 1:colcon.colcon_core.package_identification:_identify(resources/csv) by extensions ['colcon_pkg']
[0.555s] Level 1:colcon.colcon_core.package_identification:_identify(resources/csv) by extension 'colcon_pkg'
[0.555s] Level 1:colcon.colcon_core.package_identification:_identify(resources/csv) by extensions ['colcon_meta']
[0.555s] Level 1:colcon.colcon_core.package_identification:_identify(resources/csv) by extension 'colcon_meta'
[0.555s] Level 1:colcon.colcon_core.package_identification:_identify(resources/csv) by extensions ['ros']
[0.555s] Level 1:colcon.colcon_core.package_identification:_identify(resources/csv) by extension 'ros'
[0.555s] Level 1:colcon.colcon_core.package_identification:_identify(resources/csv) by extensions ['cmake', 'python']
[0.555s] Level 1:colcon.colcon_core.package_identification:_identify(resources/csv) by extension 'cmake'
[0.555s] Level 1:colcon.colcon_core.package_identification:_identify(resources/csv) by extension 'python'
[0.555s] Level 1:colcon.colcon_core.package_identification:_identify(resources/csv) by extensions ['python_setup_py']
[0.555s] Level 1:colcon.colcon_core.package_identification:_identify(resources/csv) by extension 'python_setup_py'
[0.556s] Level 1:colcon.colcon_core.package_identification:_identify(resources/csv/evaluation_lane) by extensions ['ignore', 'ignore_ament_install']
[0.556s] Level 1:colcon.colcon_core.package_identification:_identify(resources/csv/evaluation_lane) by extension 'ignore'
[0.556s] Level 1:colcon.colcon_core.package_identification:_identify(resources/csv/evaluation_lane) by extension 'ignore_ament_install'
[0.556s] Level 1:colcon.colcon_core.package_identification:_identify(resources/csv/evaluation_lane) by extensions ['colcon_pkg']
[0.556s] Level 1:colcon.colcon_core.package_identification:_identify(resources/csv/evaluation_lane) by extension 'colcon_pkg'
[0.556s] Level 1:colcon.colcon_core.package_identification:_identify(resources/csv/evaluation_lane) by extensions ['colcon_meta']
[0.556s] Level 1:colcon.colcon_core.package_identification:_identify(resources/csv/evaluation_lane) by extension 'colcon_meta'
[0.556s] Level 1:colcon.colcon_core.package_identification:_identify(resources/csv/evaluation_lane) by extensions ['ros']
[0.556s] Level 1:colcon.colcon_core.package_identification:_identify(resources/csv/evaluation_lane) by extension 'ros'
[0.556s] Level 1:colcon.colcon_core.package_identification:_identify(resources/csv/evaluation_lane) by extensions ['cmake', 'python']
[0.556s] Level 1:colcon.colcon_core.package_identification:_identify(resources/csv/evaluation_lane) by extension 'cmake'
[0.556s] Level 1:colcon.colcon_core.package_identification:_identify(resources/csv/evaluation_lane) by extension 'python'
[0.556s] Level 1:colcon.colcon_core.package_identification:_identify(resources/csv/evaluation_lane) by extensions ['python_setup_py']
[0.556s] Level 1:colcon.colcon_core.package_identification:_identify(resources/csv/evaluation_lane) by extension 'python_setup_py'
[0.557s] Level 1:colcon.colcon_core.package_identification:_identify(resources/csv/simulation_lane) by extensions ['ignore', 'ignore_ament_install']
[0.557s] Level 1:colcon.colcon_core.package_identification:_identify(resources/csv/simulation_lane) by extension 'ignore'
[0.557s] Level 1:colcon.colcon_core.package_identification:_identify(resources/csv/simulation_lane) by extension 'ignore_ament_install'
[0.557s] Level 1:colcon.colcon_core.package_identification:_identify(resources/csv/simulation_lane) by extensions ['colcon_pkg']
[0.557s] Level 1:colcon.colcon_core.package_identification:_identify(resources/csv/simulation_lane) by extension 'colcon_pkg'
[0.557s] Level 1:colcon.colcon_core.package_identification:_identify(resources/csv/simulation_lane) by extensions ['colcon_meta']
[0.557s] Level 1:colcon.colcon_core.package_identification:_identify(resources/csv/simulation_lane) by extension 'colcon_meta'
[0.557s] Level 1:colcon.colcon_core.package_identification:_identify(resources/csv/simulation_lane) by extensions ['ros']
[0.557s] Level 1:colcon.colcon_core.package_identification:_identify(resources/csv/simulation_lane) by extension 'ros'
[0.557s] Level 1:colcon.colcon_core.package_identification:_identify(resources/csv/simulation_lane) by extensions ['cmake', 'python']
[0.557s] Level 1:colcon.colcon_core.package_identification:_identify(resources/csv/simulation_lane) by extension 'cmake'
[0.557s] Level 1:colcon.colcon_core.package_identification:_identify(resources/csv/simulation_lane) by extension 'python'
[0.557s] Level 1:colcon.colcon_core.package_identification:_identify(resources/csv/simulation_lane) by extensions ['python_setup_py']
[0.557s] Level 1:colcon.colcon_core.package_identification:_identify(resources/csv/simulation_lane) by extension 'python_setup_py'
[0.557s] Level 1:colcon.colcon_core.package_identification:_identify(resources/meshes) by extensions ['ignore', 'ignore_ament_install']
[0.557s] Level 1:colcon.colcon_core.package_identification:_identify(resources/meshes) by extension 'ignore'
[0.557s] Level 1:colcon.colcon_core.package_identification:_identify(resources/meshes) by extension 'ignore_ament_install'
[0.557s] Level 1:colcon.colcon_core.package_identification:_identify(resources/meshes) by extensions ['colcon_pkg']
[0.557s] Level 1:colcon.colcon_core.package_identification:_identify(resources/meshes) by extension 'colcon_pkg'
[0.557s] Level 1:colcon.colcon_core.package_identification:_identify(resources/meshes) by extensions ['colcon_meta']
[0.557s] Level 1:colcon.colcon_core.package_identification:_identify(resources/meshes) by extension 'colcon_meta'
[0.557s] Level 1:colcon.colcon_core.package_identification:_identify(resources/meshes) by extensions ['ros']
[0.557s] Level 1:colcon.colcon_core.package_identification:_identify(resources/meshes) by extension 'ros'
[0.557s] Level 1:colcon.colcon_core.package_identification:_identify(resources/meshes) by extensions ['cmake', 'python']
[0.557s] Level 1:colcon.colcon_core.package_identification:_identify(resources/meshes) by extension 'cmake'
[0.557s] Level 1:colcon.colcon_core.package_identification:_identify(resources/meshes) by extension 'python'
[0.557s] Level 1:colcon.colcon_core.package_identification:_identify(resources/meshes) by extensions ['python_setup_py']
[0.557s] Level 1:colcon.colcon_core.package_identification:_identify(resources/meshes) by extension 'python_setup_py'
[0.558s] Level 1:colcon.colcon_core.package_identification:_identify(resources/rviz) by extensions ['ignore', 'ignore_ament_install']
[0.558s] Level 1:colcon.colcon_core.package_identification:_identify(resources/rviz) by extension 'ignore'
[0.558s] Level 1:colcon.colcon_core.package_identification:_identify(resources/rviz) by extension 'ignore_ament_install'
[0.558s] Level 1:colcon.colcon_core.package_identification:_identify(resources/rviz) by extensions ['colcon_pkg']
[0.558s] Level 1:colcon.colcon_core.package_identification:_identify(resources/rviz) by extension 'colcon_pkg'
[0.558s] Level 1:colcon.colcon_core.package_identification:_identify(resources/rviz) by extensions ['colcon_meta']
[0.558s] Level 1:colcon.colcon_core.package_identification:_identify(resources/rviz) by extension 'colcon_meta'
[0.558s] Level 1:colcon.colcon_core.package_identification:_identify(resources/rviz) by extensions ['ros']
[0.558s] Level 1:colcon.colcon_core.package_identification:_identify(resources/rviz) by extension 'ros'
[0.558s] Level 1:colcon.colcon_core.package_identification:_identify(resources/rviz) by extensions ['cmake', 'python']
[0.558s] Level 1:colcon.colcon_core.package_identification:_identify(resources/rviz) by extension 'cmake'
[0.558s] Level 1:colcon.colcon_core.package_identification:_identify(resources/rviz) by extension 'python'
[0.558s] Level 1:colcon.colcon_core.package_identification:_identify(resources/rviz) by extensions ['python_setup_py']
[0.558s] Level 1:colcon.colcon_core.package_identification:_identify(resources/rviz) by extension 'python_setup_py'
[0.558s] Level 1:colcon.colcon_core.package_identification:_identify(src) by extensions ['ignore', 'ignore_ament_install']
[0.558s] Level 1:colcon.colcon_core.package_identification:_identify(src) by extension 'ignore'
[0.558s] Level 1:colcon.colcon_core.package_identification:_identify(src) by extension 'ignore_ament_install'
[0.558s] Level 1:colcon.colcon_core.package_identification:_identify(src) by extensions ['colcon_pkg']
[0.558s] Level 1:colcon.colcon_core.package_identification:_identify(src) by extension 'colcon_pkg'
[0.558s] Level 1:colcon.colcon_core.package_identification:_identify(src) by extensions ['colcon_meta']
[0.558s] Level 1:colcon.colcon_core.package_identification:_identify(src) by extension 'colcon_meta'
[0.558s] Level 1:colcon.colcon_core.package_identification:_identify(src) by extensions ['ros']
[0.558s] Level 1:colcon.colcon_core.package_identification:_identify(src) by extension 'ros'
[0.558s] Level 1:colcon.colcon_core.package_identification:_identify(src) by extensions ['cmake', 'python']
[0.558s] Level 1:colcon.colcon_core.package_identification:_identify(src) by extension 'cmake'
[0.558s] Level 1:colcon.colcon_core.package_identification:_identify(src) by extension 'python'
[0.558s] Level 1:colcon.colcon_core.package_identification:_identify(src) by extensions ['python_setup_py']
[0.558s] Level 1:colcon.colcon_core.package_identification:_identify(src) by extension 'python_setup_py'
[0.558s] Level 1:colcon.colcon_core.package_identification:_identify(src/app) by extensions ['ignore', 'ignore_ament_install']
[0.558s] Level 1:colcon.colcon_core.package_identification:_identify(src/app) by extension 'ignore'
[0.558s] Level 1:colcon.colcon_core.package_identification:_identify(src/app) by extension 'ignore_ament_install'
[0.558s] Level 1:colcon.colcon_core.package_identification:_identify(src/app) by extensions ['colcon_pkg']
[0.558s] Level 1:colcon.colcon_core.package_identification:_identify(src/app) by extension 'colcon_pkg'
[0.558s] Level 1:colcon.colcon_core.package_identification:_identify(src/app) by extensions ['colcon_meta']
[0.558s] Level 1:colcon.colcon_core.package_identification:_identify(src/app) by extension 'colcon_meta'
[0.558s] Level 1:colcon.colcon_core.package_identification:_identify(src/app) by extensions ['ros']
[0.558s] Level 1:colcon.colcon_core.package_identification:_identify(src/app) by extension 'ros'
[0.559s] Level 1:colcon.colcon_core.package_identification:_identify(src/app) by extensions ['cmake', 'python']
[0.559s] Level 1:colcon.colcon_core.package_identification:_identify(src/app) by extension 'cmake'
[0.559s] Level 1:colcon.colcon_core.package_identification:_identify(src/app) by extension 'python'
[0.559s] Level 1:colcon.colcon_core.package_identification:_identify(src/app) by extensions ['python_setup_py']
[0.559s] Level 1:colcon.colcon_core.package_identification:_identify(src/app) by extension 'python_setup_py'
[0.559s] Level 1:colcon.colcon_core.package_identification:_identify(src/app/autonomous_driving) by extensions ['ignore', 'ignore_ament_install']
[0.559s] Level 1:colcon.colcon_core.package_identification:_identify(src/app/autonomous_driving) by extension 'ignore'
[0.559s] Level 1:colcon.colcon_core.package_identification:_identify(src/app/autonomous_driving) by extension 'ignore_ament_install'
[0.559s] Level 1:colcon.colcon_core.package_identification:_identify(src/app/autonomous_driving) by extensions ['colcon_pkg']
[0.559s] Level 1:colcon.colcon_core.package_identification:_identify(src/app/autonomous_driving) by extension 'colcon_pkg'
[0.559s] Level 1:colcon.colcon_core.package_identification:_identify(src/app/autonomous_driving) by extensions ['colcon_meta']
[0.559s] Level 1:colcon.colcon_core.package_identification:_identify(src/app/autonomous_driving) by extension 'colcon_meta'
[0.559s] Level 1:colcon.colcon_core.package_identification:_identify(src/app/autonomous_driving) by extensions ['ros']
[0.559s] Level 1:colcon.colcon_core.package_identification:_identify(src/app/autonomous_driving) by extension 'ros'
[0.562s] DEBUG:colcon.colcon_core.package_identification:Package 'src/app/autonomous_driving' with type 'ros.ament_cmake' and name 'autonomous_driving'
[0.562s] Level 1:colcon.colcon_core.package_identification:_identify(src/app/evaluation) by extensions ['ignore', 'ignore_ament_install']
[0.562s] Level 1:colcon.colcon_core.package_identification:_identify(src/app/evaluation) by extension 'ignore'
[0.563s] Level 1:colcon.colcon_core.package_identification:_identify(src/app/evaluation) by extension 'ignore_ament_install'
[0.563s] Level 1:colcon.colcon_core.package_identification:_identify(src/app/evaluation) by extensions ['colcon_pkg']
[0.563s] Level 1:colcon.colcon_core.package_identification:_identify(src/app/evaluation) by extension 'colcon_pkg'
[0.563s] Level 1:colcon.colcon_core.package_identification:_identify(src/app/evaluation) by extensions ['colcon_meta']
[0.563s] Level 1:colcon.colcon_core.package_identification:_identify(src/app/evaluation) by extension 'colcon_meta'
[0.563s] Level 1:colcon.colcon_core.package_identification:_identify(src/app/evaluation) by extensions ['ros']
[0.563s] Level 1:colcon.colcon_core.package_identification:_identify(src/app/evaluation) by extension 'ros'
[0.564s] DEBUG:colcon.colcon_core.package_identification:Package 'src/app/evaluation' with type 'ros.ament_cmake' and name 'evaluation'
[0.564s] Level 1:colcon.colcon_core.package_identification:_identify(src/app/mission_manager) by extensions ['ignore', 'ignore_ament_install']
[0.564s] Level 1:colcon.colcon_core.package_identification:_identify(src/app/mission_manager) by extension 'ignore'
[0.564s] Level 1:colcon.colcon_core.package_identification:_identify(src/app/mission_manager) by extension 'ignore_ament_install'
[0.564s] Level 1:colcon.colcon_core.package_identification:_identify(src/app/mission_manager) by extensions ['colcon_pkg']
[0.564s] Level 1:colcon.colcon_core.package_identification:_identify(src/app/mission_manager) by extension 'colcon_pkg'
[0.564s] Level 1:colcon.colcon_core.package_identification:_identify(src/app/mission_manager) by extensions ['colcon_meta']
[0.564s] Level 1:colcon.colcon_core.package_identification:_identify(src/app/mission_manager) by extension 'colcon_meta'
[0.564s] Level 1:colcon.colcon_core.package_identification:_identify(src/app/mission_manager) by extensions ['ros']
[0.564s] Level 1:colcon.colcon_core.package_identification:_identify(src/app/mission_manager) by extension 'ros'
[0.565s] DEBUG:colcon.colcon_core.package_identification:Package 'src/app/mission_manager' with type 'ros.ament_cmake' and name 'mission_manager'
[0.565s] Level 1:colcon.colcon_core.package_identification:_identify(src/app/simulator) by extensions ['ignore', 'ignore_ament_install']
[0.565s] Level 1:colcon.colcon_core.package_identification:_identify(src/app/simulator) by extension 'ignore'
[0.565s] Level 1:colcon.colcon_core.package_identification:_identify(src/app/simulator) by extension 'ignore_ament_install'
[0.565s] Level 1:colcon.colcon_core.package_identification:_identify(src/app/simulator) by extensions ['colcon_pkg']
[0.565s] Level 1:colcon.colcon_core.package_identification:_identify(src/app/simulator) by extension 'colcon_pkg'
[0.565s] Level 1:colcon.colcon_core.package_identification:_identify(src/app/simulator) by extensions ['colcon_meta']
[0.565s] Level 1:colcon.colcon_core.package_identification:_identify(src/app/simulator) by extension 'colcon_meta'
[0.565s] Level 1:colcon.colcon_core.package_identification:_identify(src/app/simulator) by extensions ['ros']
[0.565s] Level 1:colcon.colcon_core.package_identification:_identify(src/app/simulator) by extension 'ros'
[0.566s] DEBUG:colcon.colcon_core.package_identification:Package 'src/app/simulator' with type 'ros.ament_cmake' and name 'simulator'
[0.566s] Level 1:colcon.colcon_core.package_identification:_identify(src/bsw) by extensions ['ignore', 'ignore_ament_install']
[0.566s] Level 1:colcon.colcon_core.package_identification:_identify(src/bsw) by extension 'ignore'
[0.566s] Level 1:colcon.colcon_core.package_identification:_identify(src/bsw) by extension 'ignore_ament_install'
[0.566s] Level 1:colcon.colcon_core.package_identification:_identify(src/bsw) by extensions ['colcon_pkg']
[0.566s] Level 1:colcon.colcon_core.package_identification:_identify(src/bsw) by extension 'colcon_pkg'
[0.566s] Level 1:colcon.colcon_core.package_identification:_identify(src/bsw) by extensions ['colcon_meta']
[0.566s] Level 1:colcon.colcon_core.package_identification:_identify(src/bsw) by extension 'colcon_meta'
[0.566s] Level 1:colcon.colcon_core.package_identification:_identify(src/bsw) by extensions ['ros']
[0.566s] Level 1:colcon.colcon_core.package_identification:_identify(src/bsw) by extension 'ros'
[0.566s] Level 1:colcon.colcon_core.package_identification:_identify(src/bsw) by extensions ['cmake', 'python']
[0.566s] Level 1:colcon.colcon_core.package_identification:_identify(src/bsw) by extension 'cmake'
[0.566s] Level 1:colcon.colcon_core.package_identification:_identify(src/bsw) by extension 'python'
[0.566s] Level 1:colcon.colcon_core.package_identification:_identify(src/bsw) by extensions ['python_setup_py']
[0.566s] Level 1:colcon.colcon_core.package_identification:_identify(src/bsw) by extension 'python_setup_py'
[0.567s] Level 1:colcon.colcon_core.package_identification:_identify(src/bsw/system) by extensions ['ignore', 'ignore_ament_install']
[0.567s] Level 1:colcon.colcon_core.package_identification:_identify(src/bsw/system) by extension 'ignore'
[0.567s] Level 1:colcon.colcon_core.package_identification:_identify(src/bsw/system) by extension 'ignore_ament_install'
[0.567s] Level 1:colcon.colcon_core.package_identification:_identify(src/bsw/system) by extensions ['colcon_pkg']
[0.567s] Level 1:colcon.colcon_core.package_identification:_identify(src/bsw/system) by extension 'colcon_pkg'
[0.567s] Level 1:colcon.colcon_core.package_identification:_identify(src/bsw/system) by extensions ['colcon_meta']
[0.567s] Level 1:colcon.colcon_core.package_identification:_identify(src/bsw/system) by extension 'colcon_meta'
[0.567s] Level 1:colcon.colcon_core.package_identification:_identify(src/bsw/system) by extensions ['ros']
[0.567s] Level 1:colcon.colcon_core.package_identification:_identify(src/bsw/system) by extension 'ros'
[0.567s] Level 1:colcon.colcon_core.package_identification:_identify(src/bsw/system) by extensions ['cmake', 'python']
[0.567s] Level 1:colcon.colcon_core.package_identification:_identify(src/bsw/system) by extension 'cmake'
[0.567s] Level 1:colcon.colcon_core.package_identification:_identify(src/bsw/system) by extension 'python'
[0.567s] Level 1:colcon.colcon_core.package_identification:_identify(src/bsw/system) by extensions ['python_setup_py']
[0.567s] Level 1:colcon.colcon_core.package_identification:_identify(src/bsw/system) by extension 'python_setup_py'
[0.567s] Level 1:colcon.colcon_core.package_identification:_identify(src/bsw/system/bridge) by extensions ['ignore', 'ignore_ament_install']
[0.567s] Level 1:colcon.colcon_core.package_identification:_identify(src/bsw/system/bridge) by extension 'ignore'
[0.567s] Level 1:colcon.colcon_core.package_identification:_identify(src/bsw/system/bridge) by extension 'ignore_ament_install'
[0.567s] Level 1:colcon.colcon_core.package_identification:_identify(src/bsw/system/bridge) by extensions ['colcon_pkg']
[0.567s] Level 1:colcon.colcon_core.package_identification:_identify(src/bsw/system/bridge) by extension 'colcon_pkg'
[0.567s] Level 1:colcon.colcon_core.package_identification:_identify(src/bsw/system/bridge) by extensions ['colcon_meta']
[0.567s] Level 1:colcon.colcon_core.package_identification:_identify(src/bsw/system/bridge) by extension 'colcon_meta'
[0.568s] Level 1:colcon.colcon_core.package_identification:_identify(src/bsw/system/bridge) by extensions ['ros']
[0.568s] Level 1:colcon.colcon_core.package_identification:_identify(src/bsw/system/bridge) by extension 'ros'
[0.568s] Level 1:colcon.colcon_core.package_identification:_identify(src/bsw/system/bridge) by extensions ['cmake', 'python']
[0.568s] Level 1:colcon.colcon_core.package_identification:_identify(src/bsw/system/bridge) by extension 'cmake'
[0.568s] Level 1:colcon.colcon_core.package_identification:_identify(src/bsw/system/bridge) by extension 'python'
[0.568s] Level 1:colcon.colcon_core.package_identification:_identify(src/bsw/system/bridge) by extensions ['python_setup_py']
[0.568s] Level 1:colcon.colcon_core.package_identification:_identify(src/bsw/system/bridge) by extension 'python_setup_py'
[0.568s] Level 1:colcon.colcon_core.package_identification:_identify(src/bsw/system/interface) by extensions ['ignore', 'ignore_ament_install']
[0.568s] Level 1:colcon.colcon_core.package_identification:_identify(src/bsw/system/interface) by extension 'ignore'
[0.568s] Level 1:colcon.colcon_core.package_identification:_identify(src/bsw/system/interface) by extension 'ignore_ament_install'
[0.568s] Level 1:colcon.colcon_core.package_identification:_identify(src/bsw/system/interface) by extensions ['colcon_pkg']
[0.568s] Level 1:colcon.colcon_core.package_identification:_identify(src/bsw/system/interface) by extension 'colcon_pkg'
[0.568s] Level 1:colcon.colcon_core.package_identification:_identify(src/bsw/system/interface) by extensions ['colcon_meta']
[0.568s] Level 1:colcon.colcon_core.package_identification:_identify(src/bsw/system/interface) by extension 'colcon_meta'
[0.568s] Level 1:colcon.colcon_core.package_identification:_identify(src/bsw/system/interface) by extensions ['ros']
[0.568s] Level 1:colcon.colcon_core.package_identification:_identify(src/bsw/system/interface) by extension 'ros'
[0.568s] Level 1:colcon.colcon_core.package_identification:_identify(src/bsw/system/interface) by extensions ['cmake', 'python']
[0.568s] Level 1:colcon.colcon_core.package_identification:_identify(src/bsw/system/interface) by extension 'cmake'
[0.568s] Level 1:colcon.colcon_core.package_identification:_identify(src/bsw/system/interface) by extension 'python'
[0.568s] Level 1:colcon.colcon_core.package_identification:_identify(src/bsw/system/interface) by extensions ['python_setup_py']
[0.568s] Level 1:colcon.colcon_core.package_identification:_identify(src/bsw/system/interface) by extension 'python_setup_py'
[0.569s] Level 1:colcon.colcon_core.package_identification:_identify(src/rte) by extensions ['ignore', 'ignore_ament_install']
[0.569s] Level 1:colcon.colcon_core.package_identification:_identify(src/rte) by extension 'ignore'
[0.569s] Level 1:colcon.colcon_core.package_identification:_identify(src/rte) by extension 'ignore_ament_install'
[0.569s] Level 1:colcon.colcon_core.package_identification:_identify(src/rte) by extensions ['colcon_pkg']
[0.569s] Level 1:colcon.colcon_core.package_identification:_identify(src/rte) by extension 'colcon_pkg'
[0.569s] Level 1:colcon.colcon_core.package_identification:_identify(src/rte) by extensions ['colcon_meta']
[0.569s] Level 1:colcon.colcon_core.package_identification:_identify(src/rte) by extension 'colcon_meta'
[0.569s] Level 1:colcon.colcon_core.package_identification:_identify(src/rte) by extensions ['ros']
[0.569s] Level 1:colcon.colcon_core.package_identification:_identify(src/rte) by extension 'ros'
[0.569s] Level 1:colcon.colcon_core.package_identification:_identify(src/rte) by extensions ['cmake', 'python']
[0.569s] Level 1:colcon.colcon_core.package_identification:_identify(src/rte) by extension 'cmake'
[0.569s] Level 1:colcon.colcon_core.package_identification:_identify(src/rte) by extension 'python'
[0.569s] Level 1:colcon.colcon_core.package_identification:_identify(src/rte) by extensions ['python_setup_py']
[0.569s] Level 1:colcon.colcon_core.package_identification:_identify(src/rte) by extension 'python_setup_py'
[0.569s] Level 1:colcon.colcon_core.package_identification:_identify(src/rte/msg) by extensions ['ignore', 'ignore_ament_install']
[0.569s] Level 1:colcon.colcon_core.package_identification:_identify(src/rte/msg) by extension 'ignore'
[0.569s] Level 1:colcon.colcon_core.package_identification:_identify(src/rte/msg) by extension 'ignore_ament_install'
[0.569s] Level 1:colcon.colcon_core.package_identification:_identify(src/rte/msg) by extensions ['colcon_pkg']
[0.569s] Level 1:colcon.colcon_core.package_identification:_identify(src/rte/msg) by extension 'colcon_pkg'
[0.569s] Level 1:colcon.colcon_core.package_identification:_identify(src/rte/msg) by extensions ['colcon_meta']
[0.569s] Level 1:colcon.colcon_core.package_identification:_identify(src/rte/msg) by extension 'colcon_meta'
[0.569s] Level 1:colcon.colcon_core.package_identification:_identify(src/rte/msg) by extensions ['ros']
[0.569s] Level 1:colcon.colcon_core.package_identification:_identify(src/rte/msg) by extension 'ros'
[0.569s] Level 1:colcon.colcon_core.package_identification:_identify(src/rte/msg) by extensions ['cmake', 'python']
[0.569s] Level 1:colcon.colcon_core.package_identification:_identify(src/rte/msg) by extension 'cmake'
[0.569s] Level 1:colcon.colcon_core.package_identification:_identify(src/rte/msg) by extension 'python'
[0.569s] Level 1:colcon.colcon_core.package_identification:_identify(src/rte/msg) by extensions ['python_setup_py']
[0.569s] Level 1:colcon.colcon_core.package_identification:_identify(src/rte/msg) by extension 'python_setup_py'
[0.570s] Level 1:colcon.colcon_core.package_identification:_identify(src/rte/msg/ad_msgs) by extensions ['ignore', 'ignore_ament_install']
[0.570s] Level 1:colcon.colcon_core.package_identification:_identify(src/rte/msg/ad_msgs) by extension 'ignore'
[0.570s] Level 1:colcon.colcon_core.package_identification:_identify(src/rte/msg/ad_msgs) by extension 'ignore_ament_install'
[0.570s] Level 1:colcon.colcon_core.package_identification:_identify(src/rte/msg/ad_msgs) by extensions ['colcon_pkg']
[0.570s] Level 1:colcon.colcon_core.package_identification:_identify(src/rte/msg/ad_msgs) by extension 'colcon_pkg'
[0.570s] Level 1:colcon.colcon_core.package_identification:_identify(src/rte/msg/ad_msgs) by extensions ['colcon_meta']
[0.570s] Level 1:colcon.colcon_core.package_identification:_identify(src/rte/msg/ad_msgs) by extension 'colcon_meta'
[0.570s] Level 1:colcon.colcon_core.package_identification:_identify(src/rte/msg/ad_msgs) by extensions ['ros']
[0.570s] Level 1:colcon.colcon_core.package_identification:_identify(src/rte/msg/ad_msgs) by extension 'ros'
[0.570s] DEBUG:colcon.colcon_core.package_identification:Package 'src/rte/msg/ad_msgs' with type 'ros.ament_cmake' and name 'ad_msgs'
[0.571s] Level 1:colcon.colcon_core.package_discovery:discover_packages(recursive) using defaults
[0.571s] Level 1:colcon.colcon_core.package_discovery:discover_packages(ignore) discover
[0.571s] Level 1:colcon.colcon_core.package_discovery:discover_packages(ignore) using defaults
[0.571s] Level 1:colcon.colcon_core.package_discovery:discover_packages(path) discover
[0.571s] Level 1:colcon.colcon_core.package_discovery:discover_packages(path) using defaults
[0.608s] Level 1:colcon.colcon_core.package_discovery:discover_packages(prefix_path) check parameters
[0.608s] Level 1:colcon.colcon_core.package_discovery:discover_packages(prefix_path) discover
[0.614s] DEBUG:colcon.colcon_installed_package_information.package_discovery:Found 5 installed packages in /home/joon/mission_hard/mission_hard/install
[0.615s] DEBUG:colcon.colcon_installed_package_information.package_discovery:Found 5 installed packages in /home/joon/automotive_software_final/install
[0.616s] DEBUG:colcon.colcon_installed_package_information.package_discovery:Found 445 installed packages in /opt/ros/humble
[0.618s] Level 1:colcon.colcon_core.package_discovery:discover_packages(prefix_path) using defaults
[0.730s] Level 5:colcon.colcon_core.verb:set package 'ad_msgs' build argument 'cmake_args' from command line to 'None'
[0.730s] Level 5:colcon.colcon_core.verb:set package 'ad_msgs' build argument 'cmake_target' from command line to 'None'
[0.730s] Level 5:colcon.colcon_core.verb:set package 'ad_msgs' build argument 'cmake_target_skip_unavailable' from command line to 'False'
[0.730s] Level 5:colcon.colcon_core.verb:set package 'ad_msgs' build argument 'cmake_clean_cache' from command line to 'False'
[0.730s] Level 5:colcon.colcon_core.verb:set package 'ad_msgs' build argument 'cmake_clean_first' from command line to 'False'
[0.730s] Level 5:colcon.colcon_core.verb:set package 'ad_msgs' build argument 'cmake_force_configure' from command line to 'False'
[0.730s] Level 5:colcon.colcon_core.verb:set package 'ad_msgs' build argument 'ament_cmake_args' from command line to 'None'
[0.730s] Level 5:colcon.colcon_core.verb:set package 'ad_msgs' build argument 'catkin_cmake_args' from command line to 'None'
[0.730s] Level 5:colcon.colcon_core.verb:set package 'ad_msgs' build argument 'catkin_skip_building_tests' from command line to 'False'
[0.730s] DEBUG:colcon.colcon_core.verb:Building package 'ad_msgs' with the following arguments: {'ament_cmake_args': None, 'build_base': '/home/joon/mission_hard/mission_hard/build/ad_msgs', 'catkin_cmake_args': None, 'catkin_skip_building_tests': False, 'cmake_args': None, 'cmake_clean_cache': False, 'cmake_clean_first': False, 'cmake_force_configure': False, 'cmake_target': None, 'cmake_target_skip_unavailable': False, 'install_base': '/home/joon/mission_hard/mission_hard/install/ad_msgs', 'merge_install': False, 'path': '/home/joon/mission_hard/mission_hard/src/rte/msg/ad_msgs', 'symlink_install': True, 'test_result_base': None}
[0.730s] Level 5:colcon.colcon_core.verb:set package 'autonomous_driving' build argument 'cmake_args' from command line to 'None'
[0.730s] Level 5:colcon.colcon_core.verb:set package 'autonomous_driving' build argument 'cmake_target' from command line to 'None'
[0.730s] Level 5:colcon.colcon_core.verb:set package 'autonomous_driving' build argument 'cmake_target_skip_unavailable' from command line to 'False'
[0.730s] Level 5:colcon.colcon_core.verb:set package 'autonomous_driving' build argument 'cmake_clean_cache' from command line to 'False'
[0.730s] Level 5:colcon.colcon_core.verb:set package 'autonomous_driving' build argument 'cmake_clean_first' from command line to 'False'
[0.730s] Level 5:colcon.colcon_core.verb:set package 'autonomous_driving' build argument 'cmake_force_configure' from command line to 'False'
[0.730s] Level 5:colcon.colcon_core.verb:set package 'autonomous_driving' build argument 'ament_cmake_args' from command line to 'None'
[0.730s] Level 5:colcon.colcon_core.verb:set package 'autonomous_driving' build argument 'catkin_cmake_args' from command line to 'None'
[0.730s] Level 5:colcon.colcon_core.verb:set package 'autonomous_driving' build argument 'catkin_skip_building_tests' from command line to 'False'
[0.731s] DEBUG:colcon.colcon_core.verb:Building package 'autonomous_driving' with the following arguments: {'ament_cmake_args': None, 'build_base': '/home/joon/mission_hard/mission_hard/build/autonomous_driving', 'catkin_cmake_args': None, 'catkin_skip_building_tests': False, 'cmake_args': None, 'cmake_clean_cache': False, 'cmake_clean_first': False, 'cmake_force_configure': False, 'cmake_target': None, 'cmake_target_skip_unavailable': False, 'install_base': '/home/joon/mission_hard/mission_hard/install/autonomous_driving', 'merge_install': False, 'path': '/home/joon/mission_hard/mission_hard/src/app/autonomous_driving', 'symlink_install': True, 'test_result_base': None}
[0.731s] Level 5:colcon.colcon_core.verb:set package 'evaluation' build argument 'cmake_args' from command line to 'None'
[0.731s] Level 5:colcon.colcon_core.verb:set package 'evaluation' build argument 'cmake_target' from command line to 'None'
[0.731s] Level 5:colcon.colcon_core.verb:set package 'evaluation' build argument 'cmake_target_skip_unavailable' from command line to 'False'
[0.731s] Level 5:colcon.colcon_core.verb:set package 'evaluation' build argument 'cmake_clean_cache' from command line to 'False'
[0.731s] Level 5:colcon.colcon_core.verb:set package 'evaluation' build argument 'cmake_clean_first' from command line to 'False'
[0.731s] Level 5:colcon.colcon_core.verb:set package 'evaluation' build argument 'cmake_force_configure' from command line to 'False'
[0.731s] Level 5:colcon.colcon_core.verb:set package 'evaluation' build argument 'ament_cmake_args' from command line to 'None'
[0.731s] Level 5:colcon.colcon_core.verb:set package 'evaluation' build argument 'catkin_cmake_args' from command line to 'None'
[0.731s] Level 5:colcon.colcon_core.verb:set package 'evaluation' build argument 'catkin_skip_building_tests' from command line to 'False'
[0.731s] DEBUG:colcon.colcon_core.verb:Building package 'evaluation' with the following arguments: {'ament_cmake_args': None, 'build_base': '/home/joon/mission_hard/mission_hard/build/evaluation', 'catkin_cmake_args': None, 'catkin_skip_building_tests': False, 'cmake_args': None, 'cmake_clean_cache': False, 'cmake_clean_first': False, 'cmake_force_configure': False, 'cmake_target': None, 'cmake_target_skip_unavailable': False, 'install_base': '/home/joon/mission_hard/mission_hard/install/evaluation', 'merge_install': False, 'path': '/home/joon/mission_hard/mission_hard/src/app/evaluation', 'symlink_install': True, 'test_result_base': None}
[0.731s] Level 5:colcon.colcon_core.verb:set package 'mission_manager' build argument 'cmake_args' from command line to 'None'
[0.731s] Level 5:colcon.colcon_core.verb:set package 'mission_manager' build argument 'cmake_target' from command line to 'None'
[0.731s] Level 5:colcon.colcon_core.verb:set package 'mission_manager' build argument 'cmake_target_skip_unavailable' from command line to 'False'
[0.731s] Level 5:colcon.colcon_core.verb:set package 'mission_manager' build argument 'cmake_clean_cache' from command line to 'False'
[0.731s] Level 5:colcon.colcon_core.verb:set package 'mission_manager' build argument 'cmake_clean_first' from command line to 'False'
[0.731s] Level 5:colcon.colcon_core.verb:set package 'mission_manager' build argument 'cmake_force_configure' from command line to 'False'
[0.731s] Level 5:colcon.colcon_core.verb:set package 'mission_manager' build argument 'ament_cmake_args' from command line to 'None'
[0.731s] Level 5:colcon.colcon_core.verb:set package 'mission_manager' build argument 'catkin_cmake_args' from command line to 'None'
[0.731s] Level 5:colcon.colcon_core.verb:set package 'mission_manager' build argument 'catkin_skip_building_tests' from command line to 'False'
[0.731s] DEBUG:colcon.colcon_core.verb:Building package 'mission_manager' with the following arguments: {'ament_cmake_args': None, 'build_base': '/home/joon/mission_hard/mission_hard/build/mission_manager', 'catkin_cmake_args': None, 'catkin_skip_building_tests': False, 'cmake_args': None, 'cmake_clean_cache': False, 'cmake_clean_first': False, 'cmake_force_configure': False, 'cmake_target': None, 'cmake_target_skip_unavailable': False, 'install_base': '/home/joon/mission_hard/mission_hard/install/mission_manager', 'merge_install': False, 'path': '/home/joon/mission_hard/mission_hard/src/app/mission_manager', 'symlink_install': True, 'test_result_base': None}
[0.732s] Level 5:colcon.colcon_core.verb:set package 'simulator' build argument 'cmake_args' from command line to 'None'
[0.732s] Level 5:colcon.colcon_core.verb:set package 'simulator' build argument 'cmake_target' from command line to 'None'
[0.732s] Level 5:colcon.colcon_core.verb:set package 'simulator' build argument 'cmake_target_skip_unavailable' from command line to 'False'
[0.732s] Level 5:colcon.colcon_core.verb:set package 'simulator' build argument 'cmake_clean_cache' from command line to 'False'
[0.732s] Level 5:colcon.colcon_core.verb:set package 'simulator' build argument 'cmake_clean_first' from command line to 'False'
[0.732s] Level 5:colcon.colcon_core.verb:set package 'simulator' build argument 'cmake_force_configure' from command line to 'False'
[0.732s] Level 5:colcon.colcon_core.verb:set package 'simulator' build argument 'ament_cmake_args' from command line to 'None'
[0.732s] Level 5:colcon.colcon_core.verb:set package 'simulator' build argument 'catkin_cmake_args' from command line to 'None'
[0.732s] Level 5:colcon.colcon_core.verb:set package 'simulator' build argument 'catkin_skip_building_tests' from command line to 'False'
[0.732s] DEBUG:colcon.colcon_core.verb:Building package 'simulator' with the following arguments: {'ament_cmake_args': None, 'build_base': '/home/joon/mission_hard/mission_hard/build/simulator', 'catkin_cmake_args': None, 'catkin_skip_building_tests': False, 'cmake_args': None, 'cmake_clean_cache': False, 'cmake_clean_first': False, 'cmake_force_configure': False, 'cmake_target': None, 'cmake_target_skip_unavailable': False, 'install_base': '/home/joon/mission_hard/mission_hard/install/simulator', 'merge_install': False, 'path': '/home/joon/mission_hard/mission_hard/src/app/simulator', 'symlink_install': True, 'test_result_base': None}
[0.732s] INFO:colcon.colcon_core.executor:Executing jobs using 'parallel' executor
[0.733s] DEBUG:colcon.colcon_parallel_executor.executor.parallel:run_until_complete
[0.734s] INFO:colcon.colcon_ros.task.ament_cmake.build:Building ROS package in '/home/joon/mission_hard/mission_hard/src/rte/msg/ad_msgs' with build type 'ament_cmake'
[0.734s] INFO:colcon.colcon_cmake.task.cmake.build:Building CMake package in '/home/joon/mission_hard/mission_hard/src/rte/msg/ad_msgs'
[0.739s] INFO:colcon.colcon_core.plugin_system:Skipping extension 'colcon_core.shell.bat': Not used on non-Windows systems
[0.739s] INFO:colcon.colcon_core.shell:Skip shell extension 'powershell' for command environment: Not usable outside of PowerShell
[0.739s] DEBUG:colcon.colcon_core.shell:Skip shell extension 'dsv' for command environment
[0.750s] DEBUG:colcon.colcon_core.event_handler.log_command:Invoking command in '/home/joon/mission_hard/mission_hard/build/ad_msgs': CMAKE_PREFIX_PATH=${CMAKE_PREFIX_PATH}:/opt/ros/humble /usr/bin/cmake --build /home/joon/mission_hard/mission_hard/build/ad_msgs -- -j16 -l16
[1.080s] DEBUG:colcon.colcon_core.event_handler.log_command:Invoked command in '/home/joon/mission_hard/mission_hard/build/ad_msgs' returned '0': CMAKE_PREFIX_PATH=${CMAKE_PREFIX_PATH}:/opt/ros/humble /usr/bin/cmake --build /home/joon/mission_hard/mission_hard/build/ad_msgs -- -j16 -l16
[1.090s] DEBUG:colcon.colcon_core.event_handler.log_command:Invoking command in '/home/joon/mission_hard/mission_hard/build/ad_msgs': CMAKE_PREFIX_PATH=${CMAKE_PREFIX_PATH}:/opt/ros/humble /usr/bin/cmake --install /home/joon/mission_hard/mission_hard/build/ad_msgs
[1.212s] Level 1:colcon.colcon_core.environment:create_environment_scripts_only(ad_msgs)
[1.213s] DEBUG:colcon.colcon_core.event_handler.log_command:Invoked command in '/home/joon/mission_hard/mission_hard/build/ad_msgs' returned '0': CMAKE_PREFIX_PATH=${CMAKE_PREFIX_PATH}:/opt/ros/humble /usr/bin/cmake --install /home/joon/mission_hard/mission_hard/build/ad_msgs
[1.218s] Level 1:colcon.colcon_core.environment:checking '/home/joon/mission_hard/mission_hard/install/ad_msgs' for CMake module files
[1.218s] Level 1:colcon.colcon_core.environment:checking '/home/joon/mission_hard/mission_hard/install/ad_msgs' for CMake config files
[1.221s] Level 1:colcon.colcon_core.shell:create_environment_hook('ad_msgs', 'cmake_prefix_path')
[1.221s] INFO:colcon.colcon_core.shell:Creating environment hook '/home/joon/mission_hard/mission_hard/install/ad_msgs/share/ad_msgs/hook/cmake_prefix_path.ps1'
[1.222s] INFO:colcon.colcon_core.shell:Creating environment descriptor '/home/joon/mission_hard/mission_hard/install/ad_msgs/share/ad_msgs/hook/cmake_prefix_path.dsv'
[1.223s] INFO:colcon.colcon_core.shell:Creating environment hook '/home/joon/mission_hard/mission_hard/install/ad_msgs/share/ad_msgs/hook/cmake_prefix_path.sh'
[1.223s] Level 1:colcon.colcon_core.environment:checking '/home/joon/mission_hard/mission_hard/install/ad_msgs/lib'
[1.224s] Level 1:colcon.colcon_core.shell:create_environment_hook('ad_msgs', 'ld_library_path_lib')
[1.224s] INFO:colcon.colcon_core.shell:Creating environment hook '/home/joon/mission_hard/mission_hard/install/ad_msgs/share/ad_msgs/hook/ld_library_path_lib.ps1'
[1.224s] INFO:colcon.colcon_core.shell:Creating environment descriptor '/home/joon/mission_hard/mission_hard/install/ad_msgs/share/ad_msgs/hook/ld_library_path_lib.dsv'
[1.225s] INFO:colcon.colcon_core.shell:Creating environment hook '/home/joon/mission_hard/mission_hard/install/ad_msgs/share/ad_msgs/hook/ld_library_path_lib.sh'
[1.225s] Level 1:colcon.colcon_core.environment:checking '/home/joon/mission_hard/mission_hard/install/ad_msgs/bin'
[1.225s] Level 1:colcon.colcon_core.environment:checking '/home/joon/mission_hard/mission_hard/install/ad_msgs/lib/pkgconfig/ad_msgs.pc'
[1.225s] Level 1:colcon.colcon_core.environment:checking '/home/joon/mission_hard/mission_hard/install/ad_msgs/lib/python3.10/site-packages'
[1.225s] Level 1:colcon.colcon_core.environment:checking '/home/joon/mission_hard/mission_hard/install/ad_msgs/bin'
[1.225s] INFO:colcon.colcon_core.shell:Creating package script '/home/joon/mission_hard/mission_hard/install/ad_msgs/share/ad_msgs/package.ps1'
[1.226s] INFO:colcon.colcon_core.shell:Creating package descriptor '/home/joon/mission_hard/mission_hard/install/ad_msgs/share/ad_msgs/package.dsv'
[1.227s] INFO:colcon.colcon_core.shell:Creating package script '/home/joon/mission_hard/mission_hard/install/ad_msgs/share/ad_msgs/package.sh'
[1.227s] INFO:colcon.colcon_core.shell:Creating package script '/home/joon/mission_hard/mission_hard/install/ad_msgs/share/ad_msgs/package.bash'
[1.228s] INFO:colcon.colcon_core.shell:Creating package script '/home/joon/mission_hard/mission_hard/install/ad_msgs/share/ad_msgs/package.zsh'
[1.228s] Level 1:colcon.colcon_core.environment:create_file_with_runtime_dependencies(/home/joon/mission_hard/mission_hard/install/ad_msgs/share/colcon-core/packages/ad_msgs)
[1.229s] Level 1:colcon.colcon_core.environment:create_environment_scripts_only(ad_msgs)
[1.229s] Level 1:colcon.colcon_core.environment:checking '/home/joon/mission_hard/mission_hard/install/ad_msgs' for CMake module files
[1.229s] Level 1:colcon.colcon_core.environment:checking '/home/joon/mission_hard/mission_hard/install/ad_msgs' for CMake config files
[1.230s] Level 1:colcon.colcon_core.shell:create_environment_hook('ad_msgs', 'cmake_prefix_path')
[1.230s] INFO:colcon.colcon_core.shell:Creating environment hook '/home/joon/mission_hard/mission_hard/install/ad_msgs/share/ad_msgs/hook/cmake_prefix_path.ps1'
[1.231s] INFO:colcon.colcon_core.shell:Creating environment descriptor '/home/joon/mission_hard/mission_hard/install/ad_msgs/share/ad_msgs/hook/cmake_prefix_path.dsv'
[1.231s] INFO:colcon.colcon_core.shell:Creating environment hook '/home/joon/mission_hard/mission_hard/install/ad_msgs/share/ad_msgs/hook/cmake_prefix_path.sh'
[1.232s] Level 1:colcon.colcon_core.environment:checking '/home/joon/mission_hard/mission_hard/install/ad_msgs/lib'
[1.232s] Level 1:colcon.colcon_core.shell:create_environment_hook('ad_msgs', 'ld_library_path_lib')
[1.232s] INFO:colcon.colcon_core.shell:Creating environment hook '/home/joon/mission_hard/mission_hard/install/ad_msgs/share/ad_msgs/hook/ld_library_path_lib.ps1'
[1.233s] INFO:colcon.colcon_core.shell:Creating environment descriptor '/home/joon/mission_hard/mission_hard/install/ad_msgs/share/ad_msgs/hook/ld_library_path_lib.dsv'
[1.233s] INFO:colcon.colcon_core.shell:Creating environment hook '/home/joon/mission_hard/mission_hard/install/ad_msgs/share/ad_msgs/hook/ld_library_path_lib.sh'
[1.233s] Level 1:colcon.colcon_core.environment:checking '/home/joon/mission_hard/mission_hard/install/ad_msgs/bin'
[1.233s] Level 1:colcon.colcon_core.environment:checking '/home/joon/mission_hard/mission_hard/install/ad_msgs/lib/pkgconfig/ad_msgs.pc'
[1.233s] Level 1:colcon.colcon_core.environment:checking '/home/joon/mission_hard/mission_hard/install/ad_msgs/lib/python3.10/site-packages'
[1.233s] Level 1:colcon.colcon_core.environment:checking '/home/joon/mission_hard/mission_hard/install/ad_msgs/bin'
[1.234s] INFO:colcon.colcon_core.shell:Creating package script '/home/joon/mission_hard/mission_hard/install/ad_msgs/share/ad_msgs/package.ps1'
[1.234s] INFO:colcon.colcon_core.shell:Creating package descriptor '/home/joon/mission_hard/mission_hard/install/ad_msgs/share/ad_msgs/package.dsv'
[1.234s] INFO:colcon.colcon_core.shell:Creating package script '/home/joon/mission_hard/mission_hard/install/ad_msgs/share/ad_msgs/package.sh'
[1.235s] INFO:colcon.colcon_core.shell:Creating package script '/home/joon/mission_hard/mission_hard/install/ad_msgs/share/ad_msgs/package.bash'
[1.235s] INFO:colcon.colcon_core.shell:Creating package script '/home/joon/mission_hard/mission_hard/install/ad_msgs/share/ad_msgs/package.zsh'
[1.235s] Level 1:colcon.colcon_core.environment:create_file_with_runtime_dependencies(/home/joon/mission_hard/mission_hard/install/ad_msgs/share/colcon-core/packages/ad_msgs)
[1.235s] INFO:colcon.colcon_ros.task.ament_cmake.build:Building ROS package in '/home/joon/mission_hard/mission_hard/src/app/autonomous_driving' with build type 'ament_cmake'
[1.235s] INFO:colcon.colcon_cmake.task.cmake.build:Building CMake package in '/home/joon/mission_hard/mission_hard/src/app/autonomous_driving'
[1.236s] INFO:colcon.colcon_core.shell:Skip shell extension 'powershell' for command environment: Not usable outside of PowerShell
[1.236s] DEBUG:colcon.colcon_core.shell:Skip shell extension 'dsv' for command environment
[1.240s] INFO:colcon.colcon_ros.task.ament_cmake.build:Building ROS package in '/home/joon/mission_hard/mission_hard/src/app/evaluation' with build type 'ament_cmake'
[1.240s] INFO:colcon.colcon_cmake.task.cmake.build:Building CMake package in '/home/joon/mission_hard/mission_hard/src/app/evaluation'
[1.240s] INFO:colcon.colcon_core.shell:Skip shell extension 'powershell' for command environment: Not usable outside of PowerShell
[1.240s] DEBUG:colcon.colcon_core.shell:Skip shell extension 'dsv' for command environment
[1.243s] INFO:colcon.colcon_ros.task.ament_cmake.build:Building ROS package in '/home/joon/mission_hard/mission_hard/src/app/mission_manager' with build type 'ament_cmake'
[1.244s] INFO:colcon.colcon_cmake.task.cmake.build:Building CMake package in '/home/joon/mission_hard/mission_hard/src/app/mission_manager'
[1.244s] INFO:colcon.colcon_core.shell:Skip shell extension 'powershell' for command environment: Not usable outside of PowerShell
[1.244s] DEBUG:colcon.colcon_core.shell:Skip shell extension 'dsv' for command environment
[1.248s] INFO:colcon.colcon_ros.task.ament_cmake.build:Building ROS package in '/home/joon/mission_hard/mission_hard/src/app/simulator' with build type 'ament_cmake'
[1.248s] INFO:colcon.colcon_cmake.task.cmake.build:Building CMake package in '/home/joon/mission_hard/mission_hard/src/app/simulator'
[1.248s] INFO:colcon.colcon_core.shell:Skip shell extension 'powershell' for command environment: Not usable outside of PowerShell
[1.248s] DEBUG:colcon.colcon_core.shell:Skip shell extension 'dsv' for command environment
[1.321s] DEBUG:colcon.colcon_core.event_handler.log_command:Invoking command in '/home/joon/mission_hard/mission_hard/build/autonomous_driving': CMAKE_PREFIX_PATH=/home/joon/mission_hard/mission_hard/install/ad_msgs:/home/joon/mission_hard/mission_hard/install/simulator:/home/joon/mission_hard/mission_hard/install/mission_manager:/home/joon/mission_hard/mission_hard/install/evaluation:/home/joon/mission_hard/mission_hard/install/autonomous_driving:/home/joon/automotive_software_final/install/simulator:/home/joon/automotive_software_final/install/mission_manager:/home/joon/automotive_software_final/install/evaluation:/home/joon/automotive_software_final/install/autonomous_driving:/home/joon/automotive_software_final/install/ad_msgs:/opt/ros/humble /usr/bin/cmake --build /home/joon/mission_hard/mission_hard/build/autonomous_driving -- -j16 -l16
[1.325s] DEBUG:colcon.colcon_core.event_handler.log_command:Invoking command in '/home/joon/mission_hard/mission_hard/build/evaluation': CMAKE_PREFIX_PATH=/home/joon/mission_hard/mission_hard/install/ad_msgs:/home/joon/mission_hard/mission_hard/install/simulator:/home/joon/mission_hard/mission_hard/install/mission_manager:/home/joon/mission_hard/mission_hard/install/evaluation:/home/joon/mission_hard/mission_hard/install/autonomous_driving:/home/joon/automotive_software_final/install/simulator:/home/joon/automotive_software_final/install/mission_manager:/home/joon/automotive_software_final/install/evaluation:/home/joon/automotive_software_final/install/autonomous_driving:/home/joon/automotive_software_final/install/ad_msgs:/opt/ros/humble /usr/bin/cmake --build /home/joon/mission_hard/mission_hard/build/evaluation -- -j16 -l16
[1.336s] DEBUG:colcon.colcon_core.event_handler.log_command:Invoking command in '/home/joon/mission_hard/mission_hard/build/mission_manager': CMAKE_PREFIX_PATH=/home/joon/mission_hard/mission_hard/install/ad_msgs:/home/joon/mission_hard/mission_hard/install/simulator:/home/joon/mission_hard/mission_hard/install/mission_manager:/home/joon/mission_hard/mission_hard/install/evaluation:/home/joon/mission_hard/mission_hard/install/autonomous_driving:/home/joon/automotive_software_final/install/simulator:/home/joon/automotive_software_final/install/mission_manager:/home/joon/automotive_software_final/install/evaluation:/home/joon/automotive_software_final/install/autonomous_driving:/home/joon/automotive_software_final/install/ad_msgs:/opt/ros/humble /usr/bin/cmake --build /home/joon/mission_hard/mission_hard/build/mission_manager -- -j16 -l16
[1.341s] DEBUG:colcon.colcon_core.event_handler.log_command:Invoking command in '/home/joon/mission_hard/mission_hard/build/simulator': CMAKE_PREFIX_PATH=/home/joon/mission_hard/mission_hard/install/ad_msgs:/home/joon/mission_hard/mission_hard/install/simulator:/home/joon/mission_hard/mission_hard/install/mission_manager:/home/joon/mission_hard/mission_hard/install/evaluation:/home/joon/mission_hard/mission_hard/install/autonomous_driving:/home/joon/automotive_software_final/install/simulator:/home/joon/automotive_software_final/install/mission_manager:/home/joon/automotive_software_final/install/evaluation:/home/joon/automotive_software_final/install/autonomous_driving:/home/joon/automotive_software_final/install/ad_msgs:/opt/ros/humble /usr/bin/cmake --build /home/joon/mission_hard/mission_hard/build/simulator -- -j16 -l16
[1.386s] DEBUG:colcon.colcon_core.event_handler.log_command:Invoked command in '/home/joon/mission_hard/mission_hard/build/evaluation' returned '0': CMAKE_PREFIX_PATH=/home/joon/mission_hard/mission_hard/install/ad_msgs:/home/joon/mission_hard/mission_hard/install/simulator:/home/joon/mission_hard/mission_hard/install/mission_manager:/home/joon/mission_hard/mission_hard/install/evaluation:/home/joon/mission_hard/mission_hard/install/autonomous_driving:/home/joon/automotive_software_final/install/simulator:/home/joon/automotive_software_final/install/mission_manager:/home/joon/automotive_software_final/install/evaluation:/home/joon/automotive_software_final/install/autonomous_driving:/home/joon/automotive_software_final/install/ad_msgs:/opt/ros/humble /usr/bin/cmake --build /home/joon/mission_hard/mission_hard/build/evaluation -- -j16 -l16
[1.392s] DEBUG:colcon.colcon_core.event_handler.log_command:Invoking command in '/home/joon/mission_hard/mission_hard/build/evaluation': CMAKE_PREFIX_PATH=/home/joon/mission_hard/mission_hard/install/ad_msgs:/home/joon/mission_hard/mission_hard/install/simulator:/home/joon/mission_hard/mission_hard/install/mission_manager:/home/joon/mission_hard/mission_hard/install/evaluation:/home/joon/mission_hard/mission_hard/install/autonomous_driving:/home/joon/automotive_software_final/install/simulator:/home/joon/automotive_software_final/install/mission_manager:/home/joon/automotive_software_final/install/evaluation:/home/joon/automotive_software_final/install/autonomous_driving:/home/joon/automotive_software_final/install/ad_msgs:/opt/ros/humble /usr/bin/cmake --install /home/joon/mission_hard/mission_hard/build/evaluation
[1.398s] DEBUG:colcon.colcon_core.event_handler.log_command:Invoked command in '/home/joon/mission_hard/mission_hard/build/mission_manager' returned '0': CMAKE_PREFIX_PATH=/home/joon/mission_hard/mission_hard/install/ad_msgs:/home/joon/mission_hard/mission_hard/install/simulator:/home/joon/mission_hard/mission_hard/install/mission_manager:/home/joon/mission_hard/mission_hard/install/evaluation:/home/joon/mission_hard/mission_hard/install/autonomous_driving:/home/joon/automotive_software_final/install/simulator:/home/joon/automotive_software_final/install/mission_manager:/home/joon/automotive_software_final/install/evaluation:/home/joon/automotive_software_final/install/autonomous_driving:/home/joon/automotive_software_final/install/ad_msgs:/opt/ros/humble /usr/bin/cmake --build /home/joon/mission_hard/mission_hard/build/mission_manager -- -j16 -l16
[1.404s] DEBUG:colcon.colcon_core.event_handler.log_command:Invoking command in '/home/joon/mission_hard/mission_hard/build/mission_manager': CMAKE_PREFIX_PATH=/home/joon/mission_hard/mission_hard/install/ad_msgs:/home/joon/mission_hard/mission_hard/install/simulator:/home/joon/mission_hard/mission_hard/install/mission_manager:/home/joon/mission_hard/mission_hard/install/evaluation:/home/joon/mission_hard/mission_hard/install/autonomous_driving:/home/joon/automotive_software_final/install/simulator:/home/joon/automotive_software_final/install/mission_manager:/home/joon/automotive_software_final/install/evaluation:/home/joon/automotive_software_final/install/autonomous_driving:/home/joon/automotive_software_final/install/ad_msgs:/opt/ros/humble /usr/bin/cmake --install /home/joon/mission_hard/mission_hard/build/mission_manager
[1.406s] DEBUG:colcon.colcon_core.event_handler.log_command:Invoked command in '/home/joon/mission_hard/mission_hard/build/simulator' returned '0': CMAKE_PREFIX_PATH=/home/joon/mission_hard/mission_hard/install/ad_msgs:/home/joon/mission_hard/mission_hard/install/simulator:/home/joon/mission_hard/mission_hard/install/mission_manager:/home/joon/mission_hard/mission_hard/install/evaluation:/home/joon/mission_hard/mission_hard/install/autonomous_driving:/home/joon/automotive_software_final/install/simulator:/home/joon/automotive_software_final/install/mission_manager:/home/joon/automotive_software_final/install/evaluation:/home/joon/automotive_software_final/install/autonomous_driving:/home/joon/automotive_software_final/install/ad_msgs:/opt/ros/humble /usr/bin/cmake --build /home/joon/mission_hard/mission_hard/build/simulator -- -j16 -l16
[1.411s] DEBUG:colcon.colcon_core.event_handler.log_command:Invoking command in '/home/joon/mission_hard/mission_hard/build/simulator': CMAKE_PREFIX_PATH=/home/joon/mission_hard/mission_hard/install/ad_msgs:/home/joon/mission_hard/mission_hard/install/simulator:/home/joon/mission_hard/mission_hard/install/mission_manager:/home/joon/mission_hard/mission_hard/install/evaluation:/home/joon/mission_hard/mission_hard/install/autonomous_driving:/home/joon/automotive_software_final/install/simulator:/home/joon/automotive_software_final/install/mission_manager:/home/joon/automotive_software_final/install/evaluation:/home/joon/automotive_software_final/install/autonomous_driving:/home/joon/automotive_software_final/install/ad_msgs:/opt/ros/humble /usr/bin/cmake --install /home/joon/mission_hard/mission_hard/build/simulator
[1.418s] Level 1:colcon.colcon_core.environment:create_environment_scripts_only(evaluation)
[1.419s] Level 1:colcon.colcon_core.environment:checking '/home/joon/mission_hard/mission_hard/install/evaluation' for CMake module files
[1.420s] DEBUG:colcon.colcon_core.event_handler.log_command:Invoked command in '/home/joon/mission_hard/mission_hard/build/evaluation' returned '0': CMAKE_PREFIX_PATH=/home/joon/mission_hard/mission_hard/install/ad_msgs:/home/joon/mission_hard/mission_hard/install/simulator:/home/joon/mission_hard/mission_hard/install/mission_manager:/home/joon/mission_hard/mission_hard/install/evaluation:/home/joon/mission_hard/mission_hard/install/autonomous_driving:/home/joon/automotive_software_final/install/simulator:/home/joon/automotive_software_final/install/mission_manager:/home/joon/automotive_software_final/install/evaluation:/home/joon/automotive_software_final/install/autonomous_driving:/home/joon/automotive_software_final/install/ad_msgs:/opt/ros/humble /usr/bin/cmake --install /home/joon/mission_hard/mission_hard/build/evaluation
[1.422s] Level 1:colcon.colcon_core.environment:checking '/home/joon/mission_hard/mission_hard/install/evaluation' for CMake config files
[1.427s] Level 1:colcon.colcon_core.shell:create_environment_hook('evaluation', 'cmake_prefix_path')
[1.427s] INFO:colcon.colcon_core.shell:Creating environment hook '/home/joon/mission_hard/mission_hard/install/evaluation/share/evaluation/hook/cmake_prefix_path.ps1'
[1.428s] INFO:colcon.colcon_core.shell:Creating environment descriptor '/home/joon/mission_hard/mission_hard/install/evaluation/share/evaluation/hook/cmake_prefix_path.dsv'
[1.428s] INFO:colcon.colcon_core.shell:Creating environment hook '/home/joon/mission_hard/mission_hard/install/evaluation/share/evaluation/hook/cmake_prefix_path.sh'
[1.428s] Level 1:colcon.colcon_core.environment:checking '/home/joon/mission_hard/mission_hard/install/evaluation/lib'
[1.428s] Level 1:colcon.colcon_core.environment:checking '/home/joon/mission_hard/mission_hard/install/evaluation/bin'
[1.428s] Level 1:colcon.colcon_core.environment:checking '/home/joon/mission_hard/mission_hard/install/evaluation/lib/pkgconfig/evaluation.pc'
[1.429s] Level 1:colcon.colcon_core.environment:checking '/home/joon/mission_hard/mission_hard/install/evaluation/lib/python3.10/site-packages'
[1.429s] Level 1:colcon.colcon_core.environment:checking '/home/joon/mission_hard/mission_hard/install/evaluation/bin'
[1.429s] INFO:colcon.colcon_core.shell:Creating package script '/home/joon/mission_hard/mission_hard/install/evaluation/share/evaluation/package.ps1'
[1.429s] INFO:colcon.colcon_core.shell:Creating package descriptor '/home/joon/mission_hard/mission_hard/install/evaluation/share/evaluation/package.dsv'
[1.430s] INFO:colcon.colcon_core.shell:Creating package script '/home/joon/mission_hard/mission_hard/install/evaluation/share/evaluation/package.sh'
[1.430s] INFO:colcon.colcon_core.shell:Creating package script '/home/joon/mission_hard/mission_hard/install/evaluation/share/evaluation/package.bash'
[1.430s] INFO:colcon.colcon_core.shell:Creating package script '/home/joon/mission_hard/mission_hard/install/evaluation/share/evaluation/package.zsh'
[1.430s] Level 1:colcon.colcon_core.environment:create_file_with_runtime_dependencies(/home/joon/mission_hard/mission_hard/install/evaluation/share/colcon-core/packages/evaluation)
[1.431s] Level 1:colcon.colcon_core.environment:create_environment_scripts_only(evaluation)
[1.431s] Level 1:colcon.colcon_core.environment:checking '/home/joon/mission_hard/mission_hard/install/evaluation' for CMake module files
[1.431s] Level 1:colcon.colcon_core.environment:checking '/home/joon/mission_hard/mission_hard/install/evaluation' for CMake config files
[1.431s] Level 1:colcon.colcon_core.shell:create_environment_hook('evaluation', 'cmake_prefix_path')
[1.432s] INFO:colcon.colcon_core.shell:Creating environment hook '/home/joon/mission_hard/mission_hard/install/evaluation/share/evaluation/hook/cmake_prefix_path.ps1'
[1.432s] INFO:colcon.colcon_core.shell:Creating environment descriptor '/home/joon/mission_hard/mission_hard/install/evaluation/share/evaluation/hook/cmake_prefix_path.dsv'
[1.432s] INFO:colcon.colcon_core.shell:Creating environment hook '/home/joon/mission_hard/mission_hard/install/evaluation/share/evaluation/hook/cmake_prefix_path.sh'
[1.433s] Level 1:colcon.colcon_core.environment:checking '/home/joon/mission_hard/mission_hard/install/evaluation/lib'
[1.433s] Level 1:colcon.colcon_core.environment:checking '/home/joon/mission_hard/mission_hard/install/evaluation/bin'
[1.433s] Level 1:colcon.colcon_core.environment:checking '/home/joon/mission_hard/mission_hard/install/evaluation/lib/pkgconfig/evaluation.pc'
[1.434s] Level 1:colcon.colcon_core.environment:checking '/home/joon/mission_hard/mission_hard/install/evaluation/lib/python3.10/site-packages'
[1.434s] Level 1:colcon.colcon_core.environment:checking '/home/joon/mission_hard/mission_hard/install/evaluation/bin'
[1.434s] INFO:colcon.colcon_core.shell:Creating package script '/home/joon/mission_hard/mission_hard/install/evaluation/share/evaluation/package.ps1'
[1.435s] INFO:colcon.colcon_core.shell:Creating package descriptor '/home/joon/mission_hard/mission_hard/install/evaluation/share/evaluation/package.dsv'
[1.436s] INFO:colcon.colcon_core.shell:Creating package script '/home/joon/mission_hard/mission_hard/install/evaluation/share/evaluation/package.sh'
[1.436s] INFO:colcon.colcon_core.shell:Creating package script '/home/joon/mission_hard/mission_hard/install/evaluation/share/evaluation/package.bash'
[1.436s] INFO:colcon.colcon_core.shell:Creating package script '/home/joon/mission_hard/mission_hard/install/evaluation/share/evaluation/package.zsh'
[1.437s] Level 1:colcon.colcon_core.environment:create_file_with_runtime_dependencies(/home/joon/mission_hard/mission_hard/install/evaluation/share/colcon-core/packages/evaluation)
[1.438s] Level 1:colcon.colcon_core.environment:create_environment_scripts_only(mission_manager)
[1.438s] Level 1:colcon.colcon_core.environment:checking '/home/joon/mission_hard/mission_hard/install/mission_manager' for CMake module files
[1.439s] DEBUG:colcon.colcon_core.event_handler.log_command:Invoked command in '/home/joon/mission_hard/mission_hard/build/mission_manager' returned '0': CMAKE_PREFIX_PATH=/home/joon/mission_hard/mission_hard/install/ad_msgs:/home/joon/mission_hard/mission_hard/install/simulator:/home/joon/mission_hard/mission_hard/install/mission_manager:/home/joon/mission_hard/mission_hard/install/evaluation:/home/joon/mission_hard/mission_hard/install/autonomous_driving:/home/joon/automotive_software_final/install/simulator:/home/joon/automotive_software_final/install/mission_manager:/home/joon/automotive_software_final/install/evaluation:/home/joon/automotive_software_final/install/autonomous_driving:/home/joon/automotive_software_final/install/ad_msgs:/opt/ros/humble /usr/bin/cmake --install /home/joon/mission_hard/mission_hard/build/mission_manager
[1.440s] Level 1:colcon.colcon_core.environment:checking '/home/joon/mission_hard/mission_hard/install/mission_manager' for CMake config files
[1.440s] Level 1:colcon.colcon_core.shell:create_environment_hook('mission_manager', 'cmake_prefix_path')
[1.440s] INFO:colcon.colcon_core.shell:Creating environment hook '/home/joon/mission_hard/mission_hard/install/mission_manager/share/mission_manager/hook/cmake_prefix_path.ps1'
[1.440s] INFO:colcon.colcon_core.shell:Creating environment descriptor '/home/joon/mission_hard/mission_hard/install/mission_manager/share/mission_manager/hook/cmake_prefix_path.dsv'
[1.441s] INFO:colcon.colcon_core.shell:Creating environment hook '/home/joon/mission_hard/mission_hard/install/mission_manager/share/mission_manager/hook/cmake_prefix_path.sh'
[1.441s] Level 1:colcon.colcon_core.environment:checking '/home/joon/mission_hard/mission_hard/install/mission_manager/lib'
[1.441s] Level 1:colcon.colcon_core.environment:checking '/home/joon/mission_hard/mission_hard/install/mission_manager/bin'
[1.441s] Level 1:colcon.colcon_core.environment:checking '/home/joon/mission_hard/mission_hard/install/mission_manager/lib/pkgconfig/mission_manager.pc'
[1.441s] Level 1:colcon.colcon_core.environment:checking '/home/joon/mission_hard/mission_hard/install/mission_manager/lib/python3.10/site-packages'
[1.442s] Level 1:colcon.colcon_core.environment:checking '/home/joon/mission_hard/mission_hard/install/mission_manager/bin'
[1.442s] INFO:colcon.colcon_core.shell:Creating package script '/home/joon/mission_hard/mission_hard/install/mission_manager/share/mission_manager/package.ps1'
[1.442s] INFO:colcon.colcon_core.shell:Creating package descriptor '/home/joon/mission_hard/mission_hard/install/mission_manager/share/mission_manager/package.dsv'
[1.442s] INFO:colcon.colcon_core.shell:Creating package script '/home/joon/mission_hard/mission_hard/install/mission_manager/share/mission_manager/package.sh'
[1.443s] INFO:colcon.colcon_core.shell:Creating package script '/home/joon/mission_hard/mission_hard/install/mission_manager/share/mission_manager/package.bash'
[1.443s] INFO:colcon.colcon_core.shell:Creating package script '/home/joon/mission_hard/mission_hard/install/mission_manager/share/mission_manager/package.zsh'
[1.443s] Level 1:colcon.colcon_core.environment:create_file_with_runtime_dependencies(/home/joon/mission_hard/mission_hard/install/mission_manager/share/colcon-core/packages/mission_manager)
[1.444s] Level 1:colcon.colcon_core.environment:create_environment_scripts_only(mission_manager)
[1.444s] Level 1:colcon.colcon_core.environment:checking '/home/joon/mission_hard/mission_hard/install/mission_manager' for CMake module files
[1.444s] Level 1:colcon.colcon_core.environment:checking '/home/joon/mission_hard/mission_hard/install/mission_manager' for CMake config files
[1.444s] Level 1:colcon.colcon_core.shell:create_environment_hook('mission_manager', 'cmake_prefix_path')
[1.444s] INFO:colcon.colcon_core.shell:Creating environment hook '/home/joon/mission_hard/mission_hard/install/mission_manager/share/mission_manager/hook/cmake_prefix_path.ps1'
[1.445s] INFO:colcon.colcon_core.shell:Creating environment descriptor '/home/joon/mission_hard/mission_hard/install/mission_manager/share/mission_manager/hook/cmake_prefix_path.dsv'
[1.445s] INFO:colcon.colcon_core.shell:Creating environment hook '/home/joon/mission_hard/mission_hard/install/mission_manager/share/mission_manager/hook/cmake_prefix_path.sh'
[1.445s] Level 1:colcon.colcon_core.environment:checking '/home/joon/mission_hard/mission_hard/install/mission_manager/lib'
[1.445s] Level 1:colcon.colcon_core.environment:checking '/home/joon/mission_hard/mission_hard/install/mission_manager/bin'
[1.445s] Level 1:colcon.colcon_core.environment:checking '/home/joon/mission_hard/mission_hard/install/mission_manager/lib/pkgconfig/mission_manager.pc'
[1.446s] Level 1:colcon.colcon_core.environment:checking '/home/joon/mission_hard/mission_hard/install/mission_manager/lib/python3.10/site-packages'
[1.446s] Level 1:colcon.colcon_core.environment:checking '/home/joon/mission_hard/mission_hard/install/mission_manager/bin'
[1.446s] INFO:colcon.colcon_core.shell:Creating package script '/home/joon/mission_hard/mission_hard/install/mission_manager/share/mission_manager/package.ps1'
[1.446s] INFO:colcon.colcon_core.shell:Creating package descriptor '/home/joon/mission_hard/mission_hard/install/mission_manager/share/mission_manager/package.dsv'
[1.446s] INFO:colcon.colcon_core.shell:Creating package script '/home/joon/mission_hard/mission_hard/install/mission_manager/share/mission_manager/package.sh'
[1.447s] INFO:colcon.colcon_core.shell:Creating package script '/home/joon/mission_hard/mission_hard/install/mission_manager/share/mission_manager/package.bash'
[1.447s] INFO:colcon.colcon_core.shell:Creating package script '/home/joon/mission_hard/mission_hard/install/mission_manager/share/mission_manager/package.zsh'
[1.447s] Level 1:colcon.colcon_core.environment:create_file_with_runtime_dependencies(/home/joon/mission_hard/mission_hard/install/mission_manager/share/colcon-core/packages/mission_manager)
[1.448s] Level 1:colcon.colcon_core.environment:create_environment_scripts_only(simulator)
[1.448s] Level 1:colcon.colcon_core.environment:checking '/home/joon/mission_hard/mission_hard/install/simulator' for CMake module files
[1.450s] DEBUG:colcon.colcon_core.event_handler.log_command:Invoked command in '/home/joon/mission_hard/mission_hard/build/simulator' returned '0': CMAKE_PREFIX_PATH=/home/joon/mission_hard/mission_hard/install/ad_msgs:/home/joon/mission_hard/mission_hard/install/simulator:/home/joon/mission_hard/mission_hard/install/mission_manager:/home/joon/mission_hard/mission_hard/install/evaluation:/home/joon/mission_hard/mission_hard/install/autonomous_driving:/home/joon/automotive_software_final/install/simulator:/home/joon/automotive_software_final/install/mission_manager:/home/joon/automotive_software_final/install/evaluation:/home/joon/automotive_software_final/install/autonomous_driving:/home/joon/automotive_software_final/install/ad_msgs:/opt/ros/humble /usr/bin/cmake --install /home/joon/mission_hard/mission_hard/build/simulator
[1.451s] Level 1:colcon.colcon_core.environment:checking '/home/joon/mission_hard/mission_hard/install/simulator' for CMake config files
[1.453s] Level 1:colcon.colcon_core.shell:create_environment_hook('simulator', 'cmake_prefix_path')
[1.454s] INFO:colcon.colcon_core.shell:Creating environment hook '/home/joon/mission_hard/mission_hard/install/simulator/share/simulator/hook/cmake_prefix_path.ps1'
[1.455s] INFO:colcon.colcon_core.shell:Creating environment descriptor '/home/joon/mission_hard/mission_hard/install/simulator/share/simulator/hook/cmake_prefix_path.dsv'
[1.455s] INFO:colcon.colcon_core.shell:Creating environment hook '/home/joon/mission_hard/mission_hard/install/simulator/share/simulator/hook/cmake_prefix_path.sh'
[1.455s] Level 1:colcon.colcon_core.environment:checking '/home/joon/mission_hard/mission_hard/install/simulator/lib'
[1.456s] Level 1:colcon.colcon_core.environment:checking '/home/joon/mission_hard/mission_hard/install/simulator/bin'
[1.456s] Level 1:colcon.colcon_core.environment:checking '/home/joon/mission_hard/mission_hard/install/simulator/lib/pkgconfig/simulator.pc'
[1.456s] Level 1:colcon.colcon_core.environment:checking '/home/joon/mission_hard/mission_hard/install/simulator/lib/python3.10/site-packages'
[1.456s] Level 1:colcon.colcon_core.environment:checking '/home/joon/mission_hard/mission_hard/install/simulator/bin'
[1.456s] INFO:colcon.colcon_core.shell:Creating package script '/home/joon/mission_hard/mission_hard/install/simulator/share/simulator/package.ps1'
[1.457s] INFO:colcon.colcon_core.shell:Creating package descriptor '/home/joon/mission_hard/mission_hard/install/simulator/share/simulator/package.dsv'
[1.457s] INFO:colcon.colcon_core.shell:Creating package script '/home/joon/mission_hard/mission_hard/install/simulator/share/simulator/package.sh'
[1.457s] INFO:colcon.colcon_core.shell:Creating package script '/home/joon/mission_hard/mission_hard/install/simulator/share/simulator/package.bash'
[1.458s] INFO:colcon.colcon_core.shell:Creating package script '/home/joon/mission_hard/mission_hard/install/simulator/share/simulator/package.zsh'
[1.458s] Level 1:colcon.colcon_core.environment:create_file_with_runtime_dependencies(/home/joon/mission_hard/mission_hard/install/simulator/share/colcon-core/packages/simulator)
[1.459s] Level 1:colcon.colcon_core.environment:create_environment_scripts_only(simulator)
[1.459s] Level 1:colcon.colcon_core.environment:checking '/home/joon/mission_hard/mission_hard/install/simulator' for CMake module files
[1.459s] Level 1:colcon.colcon_core.environment:checking '/home/joon/mission_hard/mission_hard/install/simulator' for CMake config files
[1.459s] Level 1:colcon.colcon_core.shell:create_environment_hook('simulator', 'cmake_prefix_path')
[1.460s] INFO:colcon.colcon_core.shell:Creating environment hook '/home/joon/mission_hard/mission_hard/install/simulator/share/simulator/hook/cmake_prefix_path.ps1'
[1.460s] INFO:colcon.colcon_core.shell:Creating environment descriptor '/home/joon/mission_hard/mission_hard/install/simulator/share/simulator/hook/cmake_prefix_path.dsv'
[1.460s] INFO:colcon.colcon_core.shell:Creating environment hook '/home/joon/mission_hard/mission_hard/install/simulator/share/simulator/hook/cmake_prefix_path.sh'
[1.461s] Level 1:colcon.colcon_core.environment:checking '/home/joon/mission_hard/mission_hard/install/simulator/lib'
[1.461s] Level 1:colcon.colcon_core.environment:checking '/home/joon/mission_hard/mission_hard/install/simulator/bin'
[1.461s] Level 1:colcon.colcon_core.environment:checking '/home/joon/mission_hard/mission_hard/install/simulator/lib/pkgconfig/simulator.pc'
[1.461s] Level 1:colcon.colcon_core.environment:checking '/home/joon/mission_hard/mission_hard/install/simulator/lib/python3.10/site-packages'
[1.461s] Level 1:colcon.colcon_core.environment:checking '/home/joon/mission_hard/mission_hard/install/simulator/bin'
[1.461s] INFO:colcon.colcon_core.shell:Creating package script '/home/joon/mission_hard/mission_hard/install/simulator/share/simulator/package.ps1'
[1.461s] INFO:colcon.colcon_core.shell:Creating package descriptor '/home/joon/mission_hard/mission_hard/install/simulator/share/simulator/package.dsv'
[1.462s] INFO:colcon.colcon_core.shell:Creating package script '/home/joon/mission_hard/mission_hard/install/simulator/share/simulator/package.sh'
[1.462s] INFO:colcon.colcon_core.shell:Creating package script '/home/joon/mission_hard/mission_hard/install/simulator/share/simulator/package.bash'
[1.462s] INFO:colcon.colcon_core.shell:Creating package script '/home/joon/mission_hard/mission_hard/install/simulator/share/simulator/package.zsh'
[1.462s] Level 1:colcon.colcon_core.environment:create_file_with_runtime_dependencies(/home/joon/mission_hard/mission_hard/install/simulator/share/colcon-core/packages/simulator)
[19.019s] DEBUG:colcon.colcon_core.event_handler.log_command:Invoked command in '/home/joon/mission_hard/mission_hard/build/autonomous_driving' returned '0': CMAKE_PREFIX_PATH=/home/joon/mission_hard/mission_hard/install/ad_msgs:/home/joon/mission_hard/mission_hard/install/simulator:/home/joon/mission_hard/mission_hard/install/mission_manager:/home/joon/mission_hard/mission_hard/install/evaluation:/home/joon/mission_hard/mission_hard/install/autonomous_driving:/home/joon/automotive_software_final/install/simulator:/home/joon/automotive_software_final/install/mission_manager:/home/joon/automotive_software_final/install/evaluation:/home/joon/automotive_software_final/install/autonomous_driving:/home/joon/automotive_software_final/install/ad_msgs:/opt/ros/humble /usr/bin/cmake --build /home/joon/mission_hard/mission_hard/build/autonomous_driving -- -j16 -l16
[19.022s] DEBUG:colcon.colcon_core.event_handler.log_command:Invoking command in '/home/joon/mission_hard/mission_hard/build/autonomous_driving': CMAKE_PREFIX_PATH=/home/joon/mission_hard/mission_hard/install/ad_msgs:/home/joon/mission_hard/mission_hard/install/simulator:/home/joon/mission_hard/mission_hard/install/mission_manager:/home/joon/mission_hard/mission_hard/install/evaluation:/home/joon/mission_hard/mission_hard/install/autonomous_driving:/home/joon/automotive_software_final/install/simulator:/home/joon/automotive_software_final/install/mission_manager:/home/joon/automotive_software_final/install/evaluation:/home/joon/automotive_software_final/install/autonomous_driving:/home/joon/automotive_software_final/install/ad_msgs:/opt/ros/humble /usr/bin/cmake --install /home/joon/mission_hard/mission_hard/build/autonomous_driving
[19.050s] Level 1:colcon.colcon_core.environment:create_environment_scripts_only(autonomous_driving)
[19.051s] Level 1:colcon.colcon_core.environment:checking '/home/joon/mission_hard/mission_hard/install/autonomous_driving' for CMake module files
[19.051s] DEBUG:colcon.colcon_core.event_handler.log_command:Invoked command in '/home/joon/mission_hard/mission_hard/build/autonomous_driving' returned '0': CMAKE_PREFIX_PATH=/home/joon/mission_hard/mission_hard/install/ad_msgs:/home/joon/mission_hard/mission_hard/install/simulator:/home/joon/mission_hard/mission_hard/install/mission_manager:/home/joon/mission_hard/mission_hard/install/evaluation:/home/joon/mission_hard/mission_hard/install/autonomous_driving:/home/joon/automotive_software_final/install/simulator:/home/joon/automotive_software_final/install/mission_manager:/home/joon/automotive_software_final/install/evaluation:/home/joon/automotive_software_final/install/autonomous_driving:/home/joon/automotive_software_final/install/ad_msgs:/opt/ros/humble /usr/bin/cmake --install /home/joon/mission_hard/mission_hard/build/autonomous_driving
[19.052s] Level 1:colcon.colcon_core.environment:checking '/home/joon/mission_hard/mission_hard/install/autonomous_driving' for CMake config files
[19.054s] Level 1:colcon.colcon_core.shell:create_environment_hook('autonomous_driving', 'cmake_prefix_path')
[19.054s] INFO:colcon.colcon_core.shell:Creating environment hook '/home/joon/mission_hard/mission_hard/install/autonomous_driving/share/autonomous_driving/hook/cmake_prefix_path.ps1'
[19.055s] INFO:colcon.colcon_core.shell:Creating environment descriptor '/home/joon/mission_hard/mission_hard/install/autonomous_driving/share/autonomous_driving/hook/cmake_prefix_path.dsv'
[19.055s] INFO:colcon.colcon_core.shell:Creating environment hook '/home/joon/mission_hard/mission_hard/install/autonomous_driving/share/autonomous_driving/hook/cmake_prefix_path.sh'
[19.056s] Level 1:colcon.colcon_core.environment:checking '/home/joon/mission_hard/mission_hard/install/autonomous_driving/lib'
[19.056s] Level 1:colcon.colcon_core.environment:checking '/home/joon/mission_hard/mission_hard/install/autonomous_driving/bin'
[19.056s] Level 1:colcon.colcon_core.environment:checking '/home/joon/mission_hard/mission_hard/install/autonomous_driving/lib/pkgconfig/autonomous_driving.pc'
[19.056s] Level 1:colcon.colcon_core.environment:checking '/home/joon/mission_hard/mission_hard/install/autonomous_driving/lib/python3.10/site-packages'
[19.056s] Level 1:colcon.colcon_core.environment:checking '/home/joon/mission_hard/mission_hard/install/autonomous_driving/bin'
[19.056s] INFO:colcon.colcon_core.shell:Creating package script '/home/joon/mission_hard/mission_hard/install/autonomous_driving/share/autonomous_driving/package.ps1'
[19.057s] INFO:colcon.colcon_core.shell:Creating package descriptor '/home/joon/mission_hard/mission_hard/install/autonomous_driving/share/autonomous_driving/package.dsv'
[19.057s] INFO:colcon.colcon_core.shell:Creating package script '/home/joon/mission_hard/mission_hard/install/autonomous_driving/share/autonomous_driving/package.sh'
[19.057s] INFO:colcon.colcon_core.shell:Creating package script '/home/joon/mission_hard/mission_hard/install/autonomous_driving/share/autonomous_driving/package.bash'
[19.058s] INFO:colcon.colcon_core.shell:Creating package script '/home/joon/mission_hard/mission_hard/install/autonomous_driving/share/autonomous_driving/package.zsh'
[19.058s] Level 1:colcon.colcon_core.environment:create_file_with_runtime_dependencies(/home/joon/mission_hard/mission_hard/install/autonomous_driving/share/colcon-core/packages/autonomous_driving)
[19.058s] Level 1:colcon.colcon_core.environment:create_environment_scripts_only(autonomous_driving)
[19.058s] Level 1:colcon.colcon_core.environment:checking '/home/joon/mission_hard/mission_hard/install/autonomous_driving' for CMake module files
[19.059s] Level 1:colcon.colcon_core.environment:checking '/home/joon/mission_hard/mission_hard/install/autonomous_driving' for CMake config files
[19.059s] Level 1:colcon.colcon_core.shell:create_environment_hook('autonomous_driving', 'cmake_prefix_path')
[19.059s] INFO:colcon.colcon_core.shell:Creating environment hook '/home/joon/mission_hard/mission_hard/install/autonomous_driving/share/autonomous_driving/hook/cmake_prefix_path.ps1'
[19.060s] INFO:colcon.colcon_core.shell:Creating environment descriptor '/home/joon/mission_hard/mission_hard/install/autonomous_driving/share/autonomous_driving/hook/cmake_prefix_path.dsv'
[19.060s] INFO:colcon.colcon_core.shell:Creating environment hook '/home/joon/mission_hard/mission_hard/install/autonomous_driving/share/autonomous_driving/hook/cmake_prefix_path.sh'
[19.061s] Level 1:colcon.colcon_core.environment:checking '/home/joon/mission_hard/mission_hard/install/autonomous_driving/lib'
[19.061s] Level 1:colcon.colcon_core.environment:checking '/home/joon/mission_hard/mission_hard/install/autonomous_driving/bin'
[19.061s] Level 1:colcon.colcon_core.environment:checking '/home/joon/mission_hard/mission_hard/install/autonomous_driving/lib/pkgconfig/autonomous_driving.pc'
[19.061s] Level 1:colcon.colcon_core.environment:checking '/home/joon/mission_hard/mission_hard/install/autonomous_driving/lib/python3.10/site-packages'
[19.061s] Level 1:colcon.colcon_core.environment:checking '/home/joon/mission_hard/mission_hard/install/autonomous_driving/bin'
[19.061s] INFO:colcon.colcon_core.shell:Creating package script '/home/joon/mission_hard/mission_hard/install/autonomous_driving/share/autonomous_driving/package.ps1'
[19.062s] INFO:colcon.colcon_core.shell:Creating package descriptor '/home/joon/mission_hard/mission_hard/install/autonomous_driving/share/autonomous_driving/package.dsv'
[19.063s] INFO:colcon.colcon_core.shell:Creating package script '/home/joon/mission_hard/mission_hard/install/autonomous_driving/share/autonomous_driving/package.sh'
[19.064s] INFO:colcon.colcon_core.shell:Creating package script '/home/joon/mission_hard/mission_hard/install/autonomous_driving/share/autonomous_driving/package.bash'
[19.064s] INFO:colcon.colcon_core.shell:Creating package script '/home/joon/mission_hard/mission_hard/install/autonomous_driving/share/autonomous_driving/package.zsh'
[19.064s] Level 1:colcon.colcon_core.environment:create_file_with_runtime_dependencies(/home/joon/mission_hard/mission_hard/install/autonomous_driving/share/colcon-core/packages/autonomous_driving)
[19.065s] DEBUG:colcon.colcon_parallel_executor.executor.parallel:closing loop
[19.065s] DEBUG:colcon.colcon_parallel_executor.executor.parallel:loop closed
[19.065s] DEBUG:colcon.colcon_parallel_executor.executor.parallel:run_until_complete finished with '0'
[19.065s] DEBUG:colcon.colcon_core.event_reactor:joining thread
[19.133s] INFO:colcon.colcon_core.plugin_system:Skipping extension 'colcon_notification.desktop_notification.notify_send': Could not find 'notify-send'
[19.133s] INFO:colcon.colcon_core.plugin_system:Skipping extension 'colcon_notification.desktop_notification.terminal_notifier': Not used on non-Darwin systems
[19.133s] INFO:colcon.colcon_core.plugin_system:Skipping extension 'colcon_notification.desktop_notification.win32': Not used on non-Windows systems
[19.133s] INFO:colcon.colcon_notification.desktop_notification:Sending desktop notification using 'notify2'
[19.136s] DEBUG:colcon.colcon_notification.desktop_notification.notify2:Failed to initialize notify2: org.freedesktop.DBus.Error.FileNotFound: Failed to connect to socket /run/user/1000/bus: No such file or directory
[19.136s] DEBUG:colcon.colcon_core.event_reactor:joined thread
[19.136s] INFO:colcon.colcon_core.shell:Creating prefix script '/home/joon/mission_hard/mission_hard/install/local_setup.ps1'
[19.137s] INFO:colcon.colcon_core.shell:Creating prefix util module '/home/joon/mission_hard/mission_hard/install/_local_setup_util_ps1.py'
[19.139s] INFO:colcon.colcon_core.shell:Creating prefix chain script '/home/joon/mission_hard/mission_hard/install/setup.ps1'
[19.141s] INFO:colcon.colcon_core.shell:Creating prefix script '/home/joon/mission_hard/mission_hard/install/local_setup.sh'
[19.142s] INFO:colcon.colcon_core.shell:Creating prefix util module '/home/joon/mission_hard/mission_hard/install/_local_setup_util_sh.py'
[19.143s] INFO:colcon.colcon_core.shell:Creating prefix chain script '/home/joon/mission_hard/mission_hard/install/setup.sh'
[19.145s] INFO:colcon.colcon_core.shell:Creating prefix script '/home/joon/mission_hard/mission_hard/install/local_setup.bash'
[19.146s] INFO:colcon.colcon_core.shell:Creating prefix chain script '/home/joon/mission_hard/mission_hard/install/setup.bash'
[19.147s] INFO:colcon.colcon_core.shell:Creating prefix script '/home/joon/mission_hard/mission_hard/install/local_setup.zsh'
[19.147s] INFO:colcon.colcon_core.shell:Creating prefix chain script '/home/joon/mission_hard/mission_hard/install/setup.zsh'
