[0.116s] DEBUG:colcon:Command line arguments: ['/usr/bin/colcon', 'build', '--symlink-install']
[0.116s] DEBUG:colcon:Parsed command line arguments: Namespace(log_base=None, log_level=None, verb_name='build', build_base='build', install_base='install', merge_install=False, symlink_install=True, test_result_base=None, continue_on_error=False, executor='parallel', parallel_workers=16, event_handlers=None, ignore_user_meta=False, metas=['./colcon.meta'], base_paths=['.'], packages_ignore=None, packages_ignore_regex=None, paths=None, packages_up_to=None, packages_up_to_regex=None, packages_above=None, packages_above_and_dependencies=None, packages_above_depth=None, packages_select_by_dep=None, packages_skip_by_dep=None, packages_skip_up_to=None, packages_select_build_failed=False, packages_skip_build_finished=False, packages_select_test_failures=False, packages_skip_test_passed=False, packages_select=None, packages_skip=None, packages_select_regex=None, packages_skip_regex=None, packages_start=None, packages_end=None, allow_overriding=[], cmake_args=None, cmake_target=None, cmake_target_skip_unavailable=False, cmake_clean_cache=False, cmake_clean_first=False, cmake_force_configure=False, ament_cmake_args=None, catkin_cmake_args=None, catkin_skip_building_tests=False, mixin_files=None, mixin=None, verb_parser=<colcon_mixin.mixin.mixin_argument.MixinArgumentDecorator object at 0x7699c2046ec0>, verb_extension=<colcon_core.verb.build.BuildVerb object at 0x7699c2147370>, main=<bound method BuildVerb.main of <colcon_core.verb.build.BuildVerb object at 0x7699c2147370>>, mixin_verb=('build',))
[0.216s] Level 1:colcon.colcon_core.package_discovery:discover_packages(colcon_meta) check parameters
[0.216s] Level 1:colcon.colcon_core.package_discovery:discover_packages(recursive) check parameters
[0.216s] Level 1:colcon.colcon_core.package_discovery:discover_packages(ignore) check parameters
[0.217s] Level 1:colcon.colcon_core.package_discovery:discover_packages(path) check parameters
[0.217s] Level 1:colcon.colcon_core.package_discovery:discover_packages(colcon_meta) discover
[0.217s] Level 1:colcon.colcon_core.package_discovery:discover_packages(recursive) discover
[0.217s] INFO:colcon.colcon_core.package_discovery:Crawling recursively for packages in '/home/joon/automotive_software_final'
[0.217s] Level 1:colcon.colcon_core.package_identification:_identify(.) by extensions ['ignore', 'ignore_ament_install']
[0.217s] Level 1:colcon.colcon_core.package_identification:_identify(.) by extension 'ignore'
[0.217s] Level 1:colcon.colcon_core.package_identification:_identify(.) by extension 'ignore_ament_install'
[0.217s] Level 1:colcon.colcon_core.package_identification:_identify(.) by extensions ['colcon_pkg']
[0.217s] Level 1:colcon.colcon_core.package_identification:_identify(.) by extension 'colcon_pkg'
[0.217s] Level 1:colcon.colcon_core.package_identification:_identify(.) by extensions ['colcon_meta']
[0.217s] Level 1:colcon.colcon_core.package_identification:_identify(.) by extension 'colcon_meta'
[0.217s] Level 1:colcon.colcon_core.package_identification:_identify(.) by extensions ['ros']
[0.217s] Level 1:colcon.colcon_core.package_identification:_identify(.) by extension 'ros'
[0.224s] Level 1:colcon.colcon_core.package_identification:_identify(.) by extensions ['cmake', 'python']
[0.224s] Level 1:colcon.colcon_core.package_identification:_identify(.) by extension 'cmake'
[0.224s] Level 1:colcon.colcon_core.package_identification:_identify(.) by extension 'python'
[0.224s] Level 1:colcon.colcon_core.package_identification:_identify(.) by extensions ['python_setup_py']
[0.224s] Level 1:colcon.colcon_core.package_identification:_identify(.) by extension 'python_setup_py'
[0.224s] Level 1:colcon.colcon_core.package_identification:_identify(build) by extensions ['ignore', 'ignore_ament_install']
[0.224s] Level 1:colcon.colcon_core.package_identification:_identify(build) by extension 'ignore'
[0.224s] Level 1:colcon.colcon_core.package_identification:_identify(build) ignored
[0.224s] Level 1:colcon.colcon_core.package_identification:_identify(install) by extensions ['ignore', 'ignore_ament_install']
[0.224s] Level 1:colcon.colcon_core.package_identification:_identify(install) by extension 'ignore'
[0.224s] Level 1:colcon.colcon_core.package_identification:_identify(install) ignored
[0.224s] Level 1:colcon.colcon_core.package_identification:_identify(log) by extensions ['ignore', 'ignore_ament_install']
[0.224s] Level 1:colcon.colcon_core.package_identification:_identify(log) by extension 'ignore'
[0.224s] Level 1:colcon.colcon_core.package_identification:_identify(log) ignored
[0.224s] Level 1:colcon.colcon_core.package_identification:_identify(resources) by extensions ['ignore', 'ignore_ament_install']
[0.224s] Level 1:colcon.colcon_core.package_identification:_identify(resources) by extension 'ignore'
[0.224s] Level 1:colcon.colcon_core.package_identification:_identify(resources) by extension 'ignore_ament_install'
[0.224s] Level 1:colcon.colcon_core.package_identification:_identify(resources) by extensions ['colcon_pkg']
[0.224s] Level 1:colcon.colcon_core.package_identification:_identify(resources) by extension 'colcon_pkg'
[0.224s] Level 1:colcon.colcon_core.package_identification:_identify(resources) by extensions ['colcon_meta']
[0.224s] Level 1:colcon.colcon_core.package_identification:_identify(resources) by extension 'colcon_meta'
[0.224s] Level 1:colcon.colcon_core.package_identification:_identify(resources) by extensions ['ros']
[0.224s] Level 1:colcon.colcon_core.package_identification:_identify(resources) by extension 'ros'
[0.224s] Level 1:colcon.colcon_core.package_identification:_identify(resources) by extensions ['cmake', 'python']
[0.225s] Level 1:colcon.colcon_core.package_identification:_identify(resources) by extension 'cmake'
[0.225s] Level 1:colcon.colcon_core.package_identification:_identify(resources) by extension 'python'
[0.225s] Level 1:colcon.colcon_core.package_identification:_identify(resources) by extensions ['python_setup_py']
[0.225s] Level 1:colcon.colcon_core.package_identification:_identify(resources) by extension 'python_setup_py'
[0.225s] Level 1:colcon.colcon_core.package_identification:_identify(resources/csv) by extensions ['ignore', 'ignore_ament_install']
[0.225s] Level 1:colcon.colcon_core.package_identification:_identify(resources/csv) by extension 'ignore'
[0.225s] Level 1:colcon.colcon_core.package_identification:_identify(resources/csv) by extension 'ignore_ament_install'
[0.225s] Level 1:colcon.colcon_core.package_identification:_identify(resources/csv) by extensions ['colcon_pkg']
[0.225s] Level 1:colcon.colcon_core.package_identification:_identify(resources/csv) by extension 'colcon_pkg'
[0.225s] Level 1:colcon.colcon_core.package_identification:_identify(resources/csv) by extensions ['colcon_meta']
[0.225s] Level 1:colcon.colcon_core.package_identification:_identify(resources/csv) by extension 'colcon_meta'
[0.225s] Level 1:colcon.colcon_core.package_identification:_identify(resources/csv) by extensions ['ros']
[0.225s] Level 1:colcon.colcon_core.package_identification:_identify(resources/csv) by extension 'ros'
[0.225s] Level 1:colcon.colcon_core.package_identification:_identify(resources/csv) by extensions ['cmake', 'python']
[0.225s] Level 1:colcon.colcon_core.package_identification:_identify(resources/csv) by extension 'cmake'
[0.225s] Level 1:colcon.colcon_core.package_identification:_identify(resources/csv) by extension 'python'
[0.225s] Level 1:colcon.colcon_core.package_identification:_identify(resources/csv) by extensions ['python_setup_py']
[0.225s] Level 1:colcon.colcon_core.package_identification:_identify(resources/csv) by extension 'python_setup_py'
[0.225s] Level 1:colcon.colcon_core.package_identification:_identify(resources/csv/evaluation_lane) by extensions ['ignore', 'ignore_ament_install']
[0.225s] Level 1:colcon.colcon_core.package_identification:_identify(resources/csv/evaluation_lane) by extension 'ignore'
[0.225s] Level 1:colcon.colcon_core.package_identification:_identify(resources/csv/evaluation_lane) by extension 'ignore_ament_install'
[0.225s] Level 1:colcon.colcon_core.package_identification:_identify(resources/csv/evaluation_lane) by extensions ['colcon_pkg']
[0.225s] Level 1:colcon.colcon_core.package_identification:_identify(resources/csv/evaluation_lane) by extension 'colcon_pkg'
[0.225s] Level 1:colcon.colcon_core.package_identification:_identify(resources/csv/evaluation_lane) by extensions ['colcon_meta']
[0.225s] Level 1:colcon.colcon_core.package_identification:_identify(resources/csv/evaluation_lane) by extension 'colcon_meta'
[0.225s] Level 1:colcon.colcon_core.package_identification:_identify(resources/csv/evaluation_lane) by extensions ['ros']
[0.225s] Level 1:colcon.colcon_core.package_identification:_identify(resources/csv/evaluation_lane) by extension 'ros'
[0.225s] Level 1:colcon.colcon_core.package_identification:_identify(resources/csv/evaluation_lane) by extensions ['cmake', 'python']
[0.225s] Level 1:colcon.colcon_core.package_identification:_identify(resources/csv/evaluation_lane) by extension 'cmake'
[0.225s] Level 1:colcon.colcon_core.package_identification:_identify(resources/csv/evaluation_lane) by extension 'python'
[0.225s] Level 1:colcon.colcon_core.package_identification:_identify(resources/csv/evaluation_lane) by extensions ['python_setup_py']
[0.225s] Level 1:colcon.colcon_core.package_identification:_identify(resources/csv/evaluation_lane) by extension 'python_setup_py'
[0.225s] Level 1:colcon.colcon_core.package_identification:_identify(resources/csv/simulation_lane) by extensions ['ignore', 'ignore_ament_install']
[0.225s] Level 1:colcon.colcon_core.package_identification:_identify(resources/csv/simulation_lane) by extension 'ignore'
[0.225s] Level 1:colcon.colcon_core.package_identification:_identify(resources/csv/simulation_lane) by extension 'ignore_ament_install'
[0.225s] Level 1:colcon.colcon_core.package_identification:_identify(resources/csv/simulation_lane) by extensions ['colcon_pkg']
[0.225s] Level 1:colcon.colcon_core.package_identification:_identify(resources/csv/simulation_lane) by extension 'colcon_pkg'
[0.225s] Level 1:colcon.colcon_core.package_identification:_identify(resources/csv/simulation_lane) by extensions ['colcon_meta']
[0.225s] Level 1:colcon.colcon_core.package_identification:_identify(resources/csv/simulation_lane) by extension 'colcon_meta'
[0.225s] Level 1:colcon.colcon_core.package_identification:_identify(resources/csv/simulation_lane) by extensions ['ros']
[0.225s] Level 1:colcon.colcon_core.package_identification:_identify(resources/csv/simulation_lane) by extension 'ros'
[0.226s] Level 1:colcon.colcon_core.package_identification:_identify(resources/csv/simulation_lane) by extensions ['cmake', 'python']
[0.226s] Level 1:colcon.colcon_core.package_identification:_identify(resources/csv/simulation_lane) by extension 'cmake'
[0.226s] Level 1:colcon.colcon_core.package_identification:_identify(resources/csv/simulation_lane) by extension 'python'
[0.226s] Level 1:colcon.colcon_core.package_identification:_identify(resources/csv/simulation_lane) by extensions ['python_setup_py']
[0.226s] Level 1:colcon.colcon_core.package_identification:_identify(resources/csv/simulation_lane) by extension 'python_setup_py'
[0.226s] Level 1:colcon.colcon_core.package_identification:_identify(resources/meshes) by extensions ['ignore', 'ignore_ament_install']
[0.226s] Level 1:colcon.colcon_core.package_identification:_identify(resources/meshes) by extension 'ignore'
[0.226s] Level 1:colcon.colcon_core.package_identification:_identify(resources/meshes) by extension 'ignore_ament_install'
[0.226s] Level 1:colcon.colcon_core.package_identification:_identify(resources/meshes) by extensions ['colcon_pkg']
[0.226s] Level 1:colcon.colcon_core.package_identification:_identify(resources/meshes) by extension 'colcon_pkg'
[0.226s] Level 1:colcon.colcon_core.package_identification:_identify(resources/meshes) by extensions ['colcon_meta']
[0.226s] Level 1:colcon.colcon_core.package_identification:_identify(resources/meshes) by extension 'colcon_meta'
[0.226s] Level 1:colcon.colcon_core.package_identification:_identify(resources/meshes) by extensions ['ros']
[0.226s] Level 1:colcon.colcon_core.package_identification:_identify(resources/meshes) by extension 'ros'
[0.226s] Level 1:colcon.colcon_core.package_identification:_identify(resources/meshes) by extensions ['cmake', 'python']
[0.226s] Level 1:colcon.colcon_core.package_identification:_identify(resources/meshes) by extension 'cmake'
[0.226s] Level 1:colcon.colcon_core.package_identification:_identify(resources/meshes) by extension 'python'
[0.226s] Level 1:colcon.colcon_core.package_identification:_identify(resources/meshes) by extensions ['python_setup_py']
[0.226s] Level 1:colcon.colcon_core.package_identification:_identify(resources/meshes) by extension 'python_setup_py'
[0.226s] Level 1:colcon.colcon_core.package_identification:_identify(resources/rviz) by extensions ['ignore', 'ignore_ament_install']
[0.226s] Level 1:colcon.colcon_core.package_identification:_identify(resources/rviz) by extension 'ignore'
[0.226s] Level 1:colcon.colcon_core.package_identification:_identify(resources/rviz) by extension 'ignore_ament_install'
[0.226s] Level 1:colcon.colcon_core.package_identification:_identify(resources/rviz) by extensions ['colcon_pkg']
[0.226s] Level 1:colcon.colcon_core.package_identification:_identify(resources/rviz) by extension 'colcon_pkg'
[0.226s] Level 1:colcon.colcon_core.package_identification:_identify(resources/rviz) by extensions ['colcon_meta']
[0.226s] Level 1:colcon.colcon_core.package_identification:_identify(resources/rviz) by extension 'colcon_meta'
[0.226s] Level 1:colcon.colcon_core.package_identification:_identify(resources/rviz) by extensions ['ros']
[0.226s] Level 1:colcon.colcon_core.package_identification:_identify(resources/rviz) by extension 'ros'
[0.226s] Level 1:colcon.colcon_core.package_identification:_identify(resources/rviz) by extensions ['cmake', 'python']
[0.226s] Level 1:colcon.colcon_core.package_identification:_identify(resources/rviz) by extension 'cmake'
[0.226s] Level 1:colcon.colcon_core.package_identification:_identify(resources/rviz) by extension 'python'
[0.226s] Level 1:colcon.colcon_core.package_identification:_identify(resources/rviz) by extensions ['python_setup_py']
[0.226s] Level 1:colcon.colcon_core.package_identification:_identify(resources/rviz) by extension 'python_setup_py'
[0.226s] Level 1:colcon.colcon_core.package_identification:_identify(src) by extensions ['ignore', 'ignore_ament_install']
[0.226s] Level 1:colcon.colcon_core.package_identification:_identify(src) by extension 'ignore'
[0.226s] Level 1:colcon.colcon_core.package_identification:_identify(src) by extension 'ignore_ament_install'
[0.226s] Level 1:colcon.colcon_core.package_identification:_identify(src) by extensions ['colcon_pkg']
[0.226s] Level 1:colcon.colcon_core.package_identification:_identify(src) by extension 'colcon_pkg'
[0.226s] Level 1:colcon.colcon_core.package_identification:_identify(src) by extensions ['colcon_meta']
[0.226s] Level 1:colcon.colcon_core.package_identification:_identify(src) by extension 'colcon_meta'
[0.226s] Level 1:colcon.colcon_core.package_identification:_identify(src) by extensions ['ros']
[0.226s] Level 1:colcon.colcon_core.package_identification:_identify(src) by extension 'ros'
[0.227s] Level 1:colcon.colcon_core.package_identification:_identify(src) by extensions ['cmake', 'python']
[0.227s] Level 1:colcon.colcon_core.package_identification:_identify(src) by extension 'cmake'
[0.227s] Level 1:colcon.colcon_core.package_identification:_identify(src) by extension 'python'
[0.227s] Level 1:colcon.colcon_core.package_identification:_identify(src) by extensions ['python_setup_py']
[0.227s] Level 1:colcon.colcon_core.package_identification:_identify(src) by extension 'python_setup_py'
[0.227s] Level 1:colcon.colcon_core.package_identification:_identify(src/app) by extensions ['ignore', 'ignore_ament_install']
[0.227s] Level 1:colcon.colcon_core.package_identification:_identify(src/app) by extension 'ignore'
[0.227s] Level 1:colcon.colcon_core.package_identification:_identify(src/app) by extension 'ignore_ament_install'
[0.227s] Level 1:colcon.colcon_core.package_identification:_identify(src/app) by extensions ['colcon_pkg']
[0.227s] Level 1:colcon.colcon_core.package_identification:_identify(src/app) by extension 'colcon_pkg'
[0.227s] Level 1:colcon.colcon_core.package_identification:_identify(src/app) by extensions ['colcon_meta']
[0.227s] Level 1:colcon.colcon_core.package_identification:_identify(src/app) by extension 'colcon_meta'
[0.227s] Level 1:colcon.colcon_core.package_identification:_identify(src/app) by extensions ['ros']
[0.227s] Level 1:colcon.colcon_core.package_identification:_identify(src/app) by extension 'ros'
[0.227s] Level 1:colcon.colcon_core.package_identification:_identify(src/app) by extensions ['cmake', 'python']
[0.227s] Level 1:colcon.colcon_core.package_identification:_identify(src/app) by extension 'cmake'
[0.227s] Level 1:colcon.colcon_core.package_identification:_identify(src/app) by extension 'python'
[0.227s] Level 1:colcon.colcon_core.package_identification:_identify(src/app) by extensions ['python_setup_py']
[0.227s] Level 1:colcon.colcon_core.package_identification:_identify(src/app) by extension 'python_setup_py'
[0.227s] Level 1:colcon.colcon_core.package_identification:_identify(src/app/autonomous_driving) by extensions ['ignore', 'ignore_ament_install']
[0.227s] Level 1:colcon.colcon_core.package_identification:_identify(src/app/autonomous_driving) by extension 'ignore'
[0.227s] Level 1:colcon.colcon_core.package_identification:_identify(src/app/autonomous_driving) by extension 'ignore_ament_install'
[0.227s] Level 1:colcon.colcon_core.package_identification:_identify(src/app/autonomous_driving) by extensions ['colcon_pkg']
[0.227s] Level 1:colcon.colcon_core.package_identification:_identify(src/app/autonomous_driving) by extension 'colcon_pkg'
[0.227s] Level 1:colcon.colcon_core.package_identification:_identify(src/app/autonomous_driving) by extensions ['colcon_meta']
[0.227s] Level 1:colcon.colcon_core.package_identification:_identify(src/app/autonomous_driving) by extension 'colcon_meta'
[0.227s] Level 1:colcon.colcon_core.package_identification:_identify(src/app/autonomous_driving) by extensions ['ros']
[0.227s] Level 1:colcon.colcon_core.package_identification:_identify(src/app/autonomous_driving) by extension 'ros'
[0.229s] DEBUG:colcon.colcon_core.package_identification:Package 'src/app/autonomous_driving' with type 'ros.ament_cmake' and name 'autonomous_driving'
[0.229s] Level 1:colcon.colcon_core.package_identification:_identify(src/app/evaluation) by extensions ['ignore', 'ignore_ament_install']
[0.229s] Level 1:colcon.colcon_core.package_identification:_identify(src/app/evaluation) by extension 'ignore'
[0.229s] Level 1:colcon.colcon_core.package_identification:_identify(src/app/evaluation) by extension 'ignore_ament_install'
[0.229s] Level 1:colcon.colcon_core.package_identification:_identify(src/app/evaluation) by extensions ['colcon_pkg']
[0.229s] Level 1:colcon.colcon_core.package_identification:_identify(src/app/evaluation) by extension 'colcon_pkg'
[0.229s] Level 1:colcon.colcon_core.package_identification:_identify(src/app/evaluation) by extensions ['colcon_meta']
[0.229s] Level 1:colcon.colcon_core.package_identification:_identify(src/app/evaluation) by extension 'colcon_meta'
[0.229s] Level 1:colcon.colcon_core.package_identification:_identify(src/app/evaluation) by extensions ['ros']
[0.229s] Level 1:colcon.colcon_core.package_identification:_identify(src/app/evaluation) by extension 'ros'
[0.230s] DEBUG:colcon.colcon_core.package_identification:Package 'src/app/evaluation' with type 'ros.ament_cmake' and name 'evaluation'
[0.230s] Level 1:colcon.colcon_core.package_identification:_identify(src/app/mission_manager) by extensions ['ignore', 'ignore_ament_install']
[0.230s] Level 1:colcon.colcon_core.package_identification:_identify(src/app/mission_manager) by extension 'ignore'
[0.230s] Level 1:colcon.colcon_core.package_identification:_identify(src/app/mission_manager) by extension 'ignore_ament_install'
[0.230s] Level 1:colcon.colcon_core.package_identification:_identify(src/app/mission_manager) by extensions ['colcon_pkg']
[0.230s] Level 1:colcon.colcon_core.package_identification:_identify(src/app/mission_manager) by extension 'colcon_pkg'
[0.230s] Level 1:colcon.colcon_core.package_identification:_identify(src/app/mission_manager) by extensions ['colcon_meta']
[0.230s] Level 1:colcon.colcon_core.package_identification:_identify(src/app/mission_manager) by extension 'colcon_meta'
[0.230s] Level 1:colcon.colcon_core.package_identification:_identify(src/app/mission_manager) by extensions ['ros']
[0.230s] Level 1:colcon.colcon_core.package_identification:_identify(src/app/mission_manager) by extension 'ros'
[0.231s] DEBUG:colcon.colcon_core.package_identification:Package 'src/app/mission_manager' with type 'ros.ament_cmake' and name 'mission_manager'
[0.231s] Level 1:colcon.colcon_core.package_identification:_identify(src/app/simulator) by extensions ['ignore', 'ignore_ament_install']
[0.231s] Level 1:colcon.colcon_core.package_identification:_identify(src/app/simulator) by extension 'ignore'
[0.231s] Level 1:colcon.colcon_core.package_identification:_identify(src/app/simulator) by extension 'ignore_ament_install'
[0.231s] Level 1:colcon.colcon_core.package_identification:_identify(src/app/simulator) by extensions ['colcon_pkg']
[0.231s] Level 1:colcon.colcon_core.package_identification:_identify(src/app/simulator) by extension 'colcon_pkg'
[0.231s] Level 1:colcon.colcon_core.package_identification:_identify(src/app/simulator) by extensions ['colcon_meta']
[0.231s] Level 1:colcon.colcon_core.package_identification:_identify(src/app/simulator) by extension 'colcon_meta'
[0.231s] Level 1:colcon.colcon_core.package_identification:_identify(src/app/simulator) by extensions ['ros']
[0.231s] Level 1:colcon.colcon_core.package_identification:_identify(src/app/simulator) by extension 'ros'
[0.232s] DEBUG:colcon.colcon_core.package_identification:Package 'src/app/simulator' with type 'ros.ament_cmake' and name 'simulator'
[0.232s] Level 1:colcon.colcon_core.package_identification:_identify(src/bsw) by extensions ['ignore', 'ignore_ament_install']
[0.232s] Level 1:colcon.colcon_core.package_identification:_identify(src/bsw) by extension 'ignore'
[0.232s] Level 1:colcon.colcon_core.package_identification:_identify(src/bsw) by extension 'ignore_ament_install'
[0.232s] Level 1:colcon.colcon_core.package_identification:_identify(src/bsw) by extensions ['colcon_pkg']
[0.232s] Level 1:colcon.colcon_core.package_identification:_identify(src/bsw) by extension 'colcon_pkg'
[0.232s] Level 1:colcon.colcon_core.package_identification:_identify(src/bsw) by extensions ['colcon_meta']
[0.232s] Level 1:colcon.colcon_core.package_identification:_identify(src/bsw) by extension 'colcon_meta'
[0.232s] Level 1:colcon.colcon_core.package_identification:_identify(src/bsw) by extensions ['ros']
[0.232s] Level 1:colcon.colcon_core.package_identification:_identify(src/bsw) by extension 'ros'
[0.232s] Level 1:colcon.colcon_core.package_identification:_identify(src/bsw) by extensions ['cmake', 'python']
[0.232s] Level 1:colcon.colcon_core.package_identification:_identify(src/bsw) by extension 'cmake'
[0.232s] Level 1:colcon.colcon_core.package_identification:_identify(src/bsw) by extension 'python'
[0.232s] Level 1:colcon.colcon_core.package_identification:_identify(src/bsw) by extensions ['python_setup_py']
[0.232s] Level 1:colcon.colcon_core.package_identification:_identify(src/bsw) by extension 'python_setup_py'
[0.232s] Level 1:colcon.colcon_core.package_identification:_identify(src/bsw/system) by extensions ['ignore', 'ignore_ament_install']
[0.232s] Level 1:colcon.colcon_core.package_identification:_identify(src/bsw/system) by extension 'ignore'
[0.232s] Level 1:colcon.colcon_core.package_identification:_identify(src/bsw/system) by extension 'ignore_ament_install'
[0.232s] Level 1:colcon.colcon_core.package_identification:_identify(src/bsw/system) by extensions ['colcon_pkg']
[0.232s] Level 1:colcon.colcon_core.package_identification:_identify(src/bsw/system) by extension 'colcon_pkg'
[0.232s] Level 1:colcon.colcon_core.package_identification:_identify(src/bsw/system) by extensions ['colcon_meta']
[0.232s] Level 1:colcon.colcon_core.package_identification:_identify(src/bsw/system) by extension 'colcon_meta'
[0.232s] Level 1:colcon.colcon_core.package_identification:_identify(src/bsw/system) by extensions ['ros']
[0.232s] Level 1:colcon.colcon_core.package_identification:_identify(src/bsw/system) by extension 'ros'
[0.232s] Level 1:colcon.colcon_core.package_identification:_identify(src/bsw/system) by extensions ['cmake', 'python']
[0.232s] Level 1:colcon.colcon_core.package_identification:_identify(src/bsw/system) by extension 'cmake'
[0.232s] Level 1:colcon.colcon_core.package_identification:_identify(src/bsw/system) by extension 'python'
[0.232s] Level 1:colcon.colcon_core.package_identification:_identify(src/bsw/system) by extensions ['python_setup_py']
[0.232s] Level 1:colcon.colcon_core.package_identification:_identify(src/bsw/system) by extension 'python_setup_py'
[0.232s] Level 1:colcon.colcon_core.package_identification:_identify(src/bsw/system/bridge) by extensions ['ignore', 'ignore_ament_install']
[0.232s] Level 1:colcon.colcon_core.package_identification:_identify(src/bsw/system/bridge) by extension 'ignore'
[0.232s] Level 1:colcon.colcon_core.package_identification:_identify(src/bsw/system/bridge) by extension 'ignore_ament_install'
[0.232s] Level 1:colcon.colcon_core.package_identification:_identify(src/bsw/system/bridge) by extensions ['colcon_pkg']
[0.232s] Level 1:colcon.colcon_core.package_identification:_identify(src/bsw/system/bridge) by extension 'colcon_pkg'
[0.232s] Level 1:colcon.colcon_core.package_identification:_identify(src/bsw/system/bridge) by extensions ['colcon_meta']
[0.232s] Level 1:colcon.colcon_core.package_identification:_identify(src/bsw/system/bridge) by extension 'colcon_meta'
[0.232s] Level 1:colcon.colcon_core.package_identification:_identify(src/bsw/system/bridge) by extensions ['ros']
[0.232s] Level 1:colcon.colcon_core.package_identification:_identify(src/bsw/system/bridge) by extension 'ros'
[0.232s] Level 1:colcon.colcon_core.package_identification:_identify(src/bsw/system/bridge) by extensions ['cmake', 'python']
[0.232s] Level 1:colcon.colcon_core.package_identification:_identify(src/bsw/system/bridge) by extension 'cmake'
[0.233s] Level 1:colcon.colcon_core.package_identification:_identify(src/bsw/system/bridge) by extension 'python'
[0.233s] Level 1:colcon.colcon_core.package_identification:_identify(src/bsw/system/bridge) by extensions ['python_setup_py']
[0.233s] Level 1:colcon.colcon_core.package_identification:_identify(src/bsw/system/bridge) by extension 'python_setup_py'
[0.233s] Level 1:colcon.colcon_core.package_identification:_identify(src/bsw/system/interface) by extensions ['ignore', 'ignore_ament_install']
[0.233s] Level 1:colcon.colcon_core.package_identification:_identify(src/bsw/system/interface) by extension 'ignore'
[0.233s] Level 1:colcon.colcon_core.package_identification:_identify(src/bsw/system/interface) by extension 'ignore_ament_install'
[0.233s] Level 1:colcon.colcon_core.package_identification:_identify(src/bsw/system/interface) by extensions ['colcon_pkg']
[0.233s] Level 1:colcon.colcon_core.package_identification:_identify(src/bsw/system/interface) by extension 'colcon_pkg'
[0.233s] Level 1:colcon.colcon_core.package_identification:_identify(src/bsw/system/interface) by extensions ['colcon_meta']
[0.233s] Level 1:colcon.colcon_core.package_identification:_identify(src/bsw/system/interface) by extension 'colcon_meta'
[0.233s] Level 1:colcon.colcon_core.package_identification:_identify(src/bsw/system/interface) by extensions ['ros']
[0.233s] Level 1:colcon.colcon_core.package_identification:_identify(src/bsw/system/interface) by extension 'ros'
[0.233s] Level 1:colcon.colcon_core.package_identification:_identify(src/bsw/system/interface) by extensions ['cmake', 'python']
[0.233s] Level 1:colcon.colcon_core.package_identification:_identify(src/bsw/system/interface) by extension 'cmake'
[0.233s] Level 1:colcon.colcon_core.package_identification:_identify(src/bsw/system/interface) by extension 'python'
[0.233s] Level 1:colcon.colcon_core.package_identification:_identify(src/bsw/system/interface) by extensions ['python_setup_py']
[0.233s] Level 1:colcon.colcon_core.package_identification:_identify(src/bsw/system/interface) by extension 'python_setup_py'
[0.233s] Level 1:colcon.colcon_core.package_identification:_identify(src/rte) by extensions ['ignore', 'ignore_ament_install']
[0.233s] Level 1:colcon.colcon_core.package_identification:_identify(src/rte) by extension 'ignore'
[0.233s] Level 1:colcon.colcon_core.package_identification:_identify(src/rte) by extension 'ignore_ament_install'
[0.233s] Level 1:colcon.colcon_core.package_identification:_identify(src/rte) by extensions ['colcon_pkg']
[0.233s] Level 1:colcon.colcon_core.package_identification:_identify(src/rte) by extension 'colcon_pkg'
[0.233s] Level 1:colcon.colcon_core.package_identification:_identify(src/rte) by extensions ['colcon_meta']
[0.233s] Level 1:colcon.colcon_core.package_identification:_identify(src/rte) by extension 'colcon_meta'
[0.233s] Level 1:colcon.colcon_core.package_identification:_identify(src/rte) by extensions ['ros']
[0.233s] Level 1:colcon.colcon_core.package_identification:_identify(src/rte) by extension 'ros'
[0.233s] Level 1:colcon.colcon_core.package_identification:_identify(src/rte) by extensions ['cmake', 'python']
[0.233s] Level 1:colcon.colcon_core.package_identification:_identify(src/rte) by extension 'cmake'
[0.233s] Level 1:colcon.colcon_core.package_identification:_identify(src/rte) by extension 'python'
[0.233s] Level 1:colcon.colcon_core.package_identification:_identify(src/rte) by extensions ['python_setup_py']
[0.233s] Level 1:colcon.colcon_core.package_identification:_identify(src/rte) by extension 'python_setup_py'
[0.233s] Level 1:colcon.colcon_core.package_identification:_identify(src/rte/msg) by extensions ['ignore', 'ignore_ament_install']
[0.233s] Level 1:colcon.colcon_core.package_identification:_identify(src/rte/msg) by extension 'ignore'
[0.233s] Level 1:colcon.colcon_core.package_identification:_identify(src/rte/msg) by extension 'ignore_ament_install'
[0.233s] Level 1:colcon.colcon_core.package_identification:_identify(src/rte/msg) by extensions ['colcon_pkg']
[0.233s] Level 1:colcon.colcon_core.package_identification:_identify(src/rte/msg) by extension 'colcon_pkg'
[0.233s] Level 1:colcon.colcon_core.package_identification:_identify(src/rte/msg) by extensions ['colcon_meta']
[0.233s] Level 1:colcon.colcon_core.package_identification:_identify(src/rte/msg) by extension 'colcon_meta'
[0.233s] Level 1:colcon.colcon_core.package_identification:_identify(src/rte/msg) by extensions ['ros']
[0.233s] Level 1:colcon.colcon_core.package_identification:_identify(src/rte/msg) by extension 'ros'
[0.233s] Level 1:colcon.colcon_core.package_identification:_identify(src/rte/msg) by extensions ['cmake', 'python']
[0.233s] Level 1:colcon.colcon_core.package_identification:_identify(src/rte/msg) by extension 'cmake'
[0.233s] Level 1:colcon.colcon_core.package_identification:_identify(src/rte/msg) by extension 'python'
[0.233s] Level 1:colcon.colcon_core.package_identification:_identify(src/rte/msg) by extensions ['python_setup_py']
[0.233s] Level 1:colcon.colcon_core.package_identification:_identify(src/rte/msg) by extension 'python_setup_py'
[0.233s] Level 1:colcon.colcon_core.package_identification:_identify(src/rte/msg/ad_msgs) by extensions ['ignore', 'ignore_ament_install']
[0.234s] Level 1:colcon.colcon_core.package_identification:_identify(src/rte/msg/ad_msgs) by extension 'ignore'
[0.234s] Level 1:colcon.colcon_core.package_identification:_identify(src/rte/msg/ad_msgs) by extension 'ignore_ament_install'
[0.234s] Level 1:colcon.colcon_core.package_identification:_identify(src/rte/msg/ad_msgs) by extensions ['colcon_pkg']
[0.234s] Level 1:colcon.colcon_core.package_identification:_identify(src/rte/msg/ad_msgs) by extension 'colcon_pkg'
[0.234s] Level 1:colcon.colcon_core.package_identification:_identify(src/rte/msg/ad_msgs) by extensions ['colcon_meta']
[0.234s] Level 1:colcon.colcon_core.package_identification:_identify(src/rte/msg/ad_msgs) by extension 'colcon_meta'
[0.234s] Level 1:colcon.colcon_core.package_identification:_identify(src/rte/msg/ad_msgs) by extensions ['ros']
[0.234s] Level 1:colcon.colcon_core.package_identification:_identify(src/rte/msg/ad_msgs) by extension 'ros'
[0.234s] DEBUG:colcon.colcon_core.package_identification:Package 'src/rte/msg/ad_msgs' with type 'ros.ament_cmake' and name 'ad_msgs'
[0.234s] Level 1:colcon.colcon_core.package_discovery:discover_packages(recursive) using defaults
[0.234s] Level 1:colcon.colcon_core.package_discovery:discover_packages(ignore) discover
[0.234s] Level 1:colcon.colcon_core.package_discovery:discover_packages(ignore) using defaults
[0.234s] Level 1:colcon.colcon_core.package_discovery:discover_packages(path) discover
[0.234s] Level 1:colcon.colcon_core.package_discovery:discover_packages(path) using defaults
[0.263s] Level 1:colcon.colcon_core.package_discovery:discover_packages(prefix_path) check parameters
[0.263s] Level 1:colcon.colcon_core.package_discovery:discover_packages(prefix_path) discover
[0.264s] WARNING:colcon.colcon_ros.prefix_path.ament:The path '/home/joon/automotive_software_final/install/simulator' in the environment variable AMENT_PREFIX_PATH doesn't exist
[0.264s] WARNING:colcon.colcon_ros.prefix_path.ament:The path '/home/joon/automotive_software_final/install/mission_manager' in the environment variable AMENT_PREFIX_PATH doesn't exist
[0.264s] WARNING:colcon.colcon_ros.prefix_path.ament:The path '/home/joon/automotive_software_final/install/evaluation' in the environment variable AMENT_PREFIX_PATH doesn't exist
[0.264s] WARNING:colcon.colcon_ros.prefix_path.ament:The path '/home/joon/automotive_software_final/install/autonomous_driving' in the environment variable AMENT_PREFIX_PATH doesn't exist
[0.264s] WARNING:colcon.colcon_ros.prefix_path.ament:The path '/home/joon/automotive_software_final/install/ad_msgs' in the environment variable AMENT_PREFIX_PATH doesn't exist
[0.264s] WARNING:colcon.colcon_ros.prefix_path.catkin:The path '/home/joon/automotive_software_final/install/simulator' in the environment variable CMAKE_PREFIX_PATH doesn't exist
[0.264s] WARNING:colcon.colcon_ros.prefix_path.catkin:The path '/home/joon/automotive_software_final/install/mission_manager' in the environment variable CMAKE_PREFIX_PATH doesn't exist
[0.264s] WARNING:colcon.colcon_ros.prefix_path.catkin:The path '/home/joon/automotive_software_final/install/evaluation' in the environment variable CMAKE_PREFIX_PATH doesn't exist
[0.264s] WARNING:colcon.colcon_ros.prefix_path.catkin:The path '/home/joon/automotive_software_final/install/autonomous_driving' in the environment variable CMAKE_PREFIX_PATH doesn't exist
[0.264s] WARNING:colcon.colcon_ros.prefix_path.catkin:The path '/home/joon/automotive_software_final/install/ad_msgs' in the environment variable CMAKE_PREFIX_PATH doesn't exist
[0.264s] DEBUG:colcon.colcon_installed_package_information.package_discovery:Found 0 installed packages in /home/joon/automotive_software_final/install
[0.265s] DEBUG:colcon.colcon_installed_package_information.package_discovery:Found 445 installed packages in /opt/ros/humble
[0.266s] Level 1:colcon.colcon_core.package_discovery:discover_packages(prefix_path) using defaults
[0.301s] Level 5:colcon.colcon_core.verb:set package 'ad_msgs' build argument 'cmake_args' from command line to 'None'
[0.301s] Level 5:colcon.colcon_core.verb:set package 'ad_msgs' build argument 'cmake_target' from command line to 'None'
[0.301s] Level 5:colcon.colcon_core.verb:set package 'ad_msgs' build argument 'cmake_target_skip_unavailable' from command line to 'False'
[0.301s] Level 5:colcon.colcon_core.verb:set package 'ad_msgs' build argument 'cmake_clean_cache' from command line to 'False'
[0.301s] Level 5:colcon.colcon_core.verb:set package 'ad_msgs' build argument 'cmake_clean_first' from command line to 'False'
[0.301s] Level 5:colcon.colcon_core.verb:set package 'ad_msgs' build argument 'cmake_force_configure' from command line to 'False'
[0.301s] Level 5:colcon.colcon_core.verb:set package 'ad_msgs' build argument 'ament_cmake_args' from command line to 'None'
[0.301s] Level 5:colcon.colcon_core.verb:set package 'ad_msgs' build argument 'catkin_cmake_args' from command line to 'None'
[0.301s] Level 5:colcon.colcon_core.verb:set package 'ad_msgs' build argument 'catkin_skip_building_tests' from command line to 'False'
[0.301s] DEBUG:colcon.colcon_core.verb:Building package 'ad_msgs' with the following arguments: {'ament_cmake_args': None, 'build_base': '/home/joon/automotive_software_final/build/ad_msgs', 'catkin_cmake_args': None, 'catkin_skip_building_tests': False, 'cmake_args': None, 'cmake_clean_cache': False, 'cmake_clean_first': False, 'cmake_force_configure': False, 'cmake_target': None, 'cmake_target_skip_unavailable': False, 'install_base': '/home/joon/automotive_software_final/install/ad_msgs', 'merge_install': False, 'path': '/home/joon/automotive_software_final/src/rte/msg/ad_msgs', 'symlink_install': True, 'test_result_base': None}
[0.302s] Level 5:colcon.colcon_core.verb:set package 'autonomous_driving' build argument 'cmake_args' from command line to 'None'
[0.302s] Level 5:colcon.colcon_core.verb:set package 'autonomous_driving' build argument 'cmake_target' from command line to 'None'
[0.302s] Level 5:colcon.colcon_core.verb:set package 'autonomous_driving' build argument 'cmake_target_skip_unavailable' from command line to 'False'
[0.302s] Level 5:colcon.colcon_core.verb:set package 'autonomous_driving' build argument 'cmake_clean_cache' from command line to 'False'
[0.302s] Level 5:colcon.colcon_core.verb:set package 'autonomous_driving' build argument 'cmake_clean_first' from command line to 'False'
[0.302s] Level 5:colcon.colcon_core.verb:set package 'autonomous_driving' build argument 'cmake_force_configure' from command line to 'False'
[0.302s] Level 5:colcon.colcon_core.verb:set package 'autonomous_driving' build argument 'ament_cmake_args' from command line to 'None'
[0.302s] Level 5:colcon.colcon_core.verb:set package 'autonomous_driving' build argument 'catkin_cmake_args' from command line to 'None'
[0.302s] Level 5:colcon.colcon_core.verb:set package 'autonomous_driving' build argument 'catkin_skip_building_tests' from command line to 'False'
[0.302s] DEBUG:colcon.colcon_core.verb:Building package 'autonomous_driving' with the following arguments: {'ament_cmake_args': None, 'build_base': '/home/joon/automotive_software_final/build/autonomous_driving', 'catkin_cmake_args': None, 'catkin_skip_building_tests': False, 'cmake_args': None, 'cmake_clean_cache': False, 'cmake_clean_first': False, 'cmake_force_configure': False, 'cmake_target': None, 'cmake_target_skip_unavailable': False, 'install_base': '/home/joon/automotive_software_final/install/autonomous_driving', 'merge_install': False, 'path': '/home/joon/automotive_software_final/src/app/autonomous_driving', 'symlink_install': True, 'test_result_base': None}
[0.302s] Level 5:colcon.colcon_core.verb:set package 'evaluation' build argument 'cmake_args' from command line to 'None'
[0.302s] Level 5:colcon.colcon_core.verb:set package 'evaluation' build argument 'cmake_target' from command line to 'None'
[0.302s] Level 5:colcon.colcon_core.verb:set package 'evaluation' build argument 'cmake_target_skip_unavailable' from command line to 'False'
[0.302s] Level 5:colcon.colcon_core.verb:set package 'evaluation' build argument 'cmake_clean_cache' from command line to 'False'
[0.302s] Level 5:colcon.colcon_core.verb:set package 'evaluation' build argument 'cmake_clean_first' from command line to 'False'
[0.302s] Level 5:colcon.colcon_core.verb:set package 'evaluation' build argument 'cmake_force_configure' from command line to 'False'
[0.302s] Level 5:colcon.colcon_core.verb:set package 'evaluation' build argument 'ament_cmake_args' from command line to 'None'
[0.302s] Level 5:colcon.colcon_core.verb:set package 'evaluation' build argument 'catkin_cmake_args' from command line to 'None'
[0.302s] Level 5:colcon.colcon_core.verb:set package 'evaluation' build argument 'catkin_skip_building_tests' from command line to 'False'
[0.302s] DEBUG:colcon.colcon_core.verb:Building package 'evaluation' with the following arguments: {'ament_cmake_args': None, 'build_base': '/home/joon/automotive_software_final/build/evaluation', 'catkin_cmake_args': None, 'catkin_skip_building_tests': False, 'cmake_args': None, 'cmake_clean_cache': False, 'cmake_clean_first': False, 'cmake_force_configure': False, 'cmake_target': None, 'cmake_target_skip_unavailable': False, 'install_base': '/home/joon/automotive_software_final/install/evaluation', 'merge_install': False, 'path': '/home/joon/automotive_software_final/src/app/evaluation', 'symlink_install': True, 'test_result_base': None}
[0.302s] Level 5:colcon.colcon_core.verb:set package 'mission_manager' build argument 'cmake_args' from command line to 'None'
[0.302s] Level 5:colcon.colcon_core.verb:set package 'mission_manager' build argument 'cmake_target' from command line to 'None'
[0.302s] Level 5:colcon.colcon_core.verb:set package 'mission_manager' build argument 'cmake_target_skip_unavailable' from command line to 'False'
[0.302s] Level 5:colcon.colcon_core.verb:set package 'mission_manager' build argument 'cmake_clean_cache' from command line to 'False'
[0.302s] Level 5:colcon.colcon_core.verb:set package 'mission_manager' build argument 'cmake_clean_first' from command line to 'False'
[0.302s] Level 5:colcon.colcon_core.verb:set package 'mission_manager' build argument 'cmake_force_configure' from command line to 'False'
[0.302s] Level 5:colcon.colcon_core.verb:set package 'mission_manager' build argument 'ament_cmake_args' from command line to 'None'
[0.302s] Level 5:colcon.colcon_core.verb:set package 'mission_manager' build argument 'catkin_cmake_args' from command line to 'None'
[0.302s] Level 5:colcon.colcon_core.verb:set package 'mission_manager' build argument 'catkin_skip_building_tests' from command line to 'False'
[0.302s] DEBUG:colcon.colcon_core.verb:Building package 'mission_manager' with the following arguments: {'ament_cmake_args': None, 'build_base': '/home/joon/automotive_software_final/build/mission_manager', 'catkin_cmake_args': None, 'catkin_skip_building_tests': False, 'cmake_args': None, 'cmake_clean_cache': False, 'cmake_clean_first': False, 'cmake_force_configure': False, 'cmake_target': None, 'cmake_target_skip_unavailable': False, 'install_base': '/home/joon/automotive_software_final/install/mission_manager', 'merge_install': False, 'path': '/home/joon/automotive_software_final/src/app/mission_manager', 'symlink_install': True, 'test_result_base': None}
[0.303s] Level 5:colcon.colcon_core.verb:set package 'simulator' build argument 'cmake_args' from command line to 'None'
[0.303s] Level 5:colcon.colcon_core.verb:set package 'simulator' build argument 'cmake_target' from command line to 'None'
[0.303s] Level 5:colcon.colcon_core.verb:set package 'simulator' build argument 'cmake_target_skip_unavailable' from command line to 'False'
[0.303s] Level 5:colcon.colcon_core.verb:set package 'simulator' build argument 'cmake_clean_cache' from command line to 'False'
[0.303s] Level 5:colcon.colcon_core.verb:set package 'simulator' build argument 'cmake_clean_first' from command line to 'False'
[0.303s] Level 5:colcon.colcon_core.verb:set package 'simulator' build argument 'cmake_force_configure' from command line to 'False'
[0.303s] Level 5:colcon.colcon_core.verb:set package 'simulator' build argument 'ament_cmake_args' from command line to 'None'
[0.303s] Level 5:colcon.colcon_core.verb:set package 'simulator' build argument 'catkin_cmake_args' from command line to 'None'
[0.303s] Level 5:colcon.colcon_core.verb:set package 'simulator' build argument 'catkin_skip_building_tests' from command line to 'False'
[0.303s] DEBUG:colcon.colcon_core.verb:Building package 'simulator' with the following arguments: {'ament_cmake_args': None, 'build_base': '/home/joon/automotive_software_final/build/simulator', 'catkin_cmake_args': None, 'catkin_skip_building_tests': False, 'cmake_args': None, 'cmake_clean_cache': False, 'cmake_clean_first': False, 'cmake_force_configure': False, 'cmake_target': None, 'cmake_target_skip_unavailable': False, 'install_base': '/home/joon/automotive_software_final/install/simulator', 'merge_install': False, 'path': '/home/joon/automotive_software_final/src/app/simulator', 'symlink_install': True, 'test_result_base': None}
[0.303s] INFO:colcon.colcon_core.executor:Executing jobs using 'parallel' executor
[0.304s] DEBUG:colcon.colcon_parallel_executor.executor.parallel:run_until_complete
[0.304s] INFO:colcon.colcon_ros.task.ament_cmake.build:Building ROS package in '/home/joon/automotive_software_final/src/rte/msg/ad_msgs' with build type 'ament_cmake'
[0.304s] INFO:colcon.colcon_cmake.task.cmake.build:Building CMake package in '/home/joon/automotive_software_final/src/rte/msg/ad_msgs'
[0.306s] INFO:colcon.colcon_core.plugin_system:Skipping extension 'colcon_core.shell.bat': Not used on non-Windows systems
[0.306s] INFO:colcon.colcon_core.shell:Skip shell extension 'powershell' for command environment: Not usable outside of PowerShell
[0.306s] DEBUG:colcon.colcon_core.shell:Skip shell extension 'dsv' for command environment
[0.317s] DEBUG:colcon.colcon_core.event_handler.log_command:Invoking command in '/home/joon/automotive_software_final/build/ad_msgs': CMAKE_PREFIX_PATH=${CMAKE_PREFIX_PATH}:/opt/ros/humble /usr/bin/cmake /home/joon/automotive_software_final/src/rte/msg/ad_msgs -DAMENT_CMAKE_SYMLINK_INSTALL=1 -DCMAKE_INSTALL_PREFIX=/home/joon/automotive_software_final/install/ad_msgs
[3.200s] DEBUG:colcon.colcon_core.event_handler.log_command:Invoked command in '/home/joon/automotive_software_final/build/ad_msgs' returned '0': CMAKE_PREFIX_PATH=${CMAKE_PREFIX_PATH}:/opt/ros/humble /usr/bin/cmake /home/joon/automotive_software_final/src/rte/msg/ad_msgs -DAMENT_CMAKE_SYMLINK_INSTALL=1 -DCMAKE_INSTALL_PREFIX=/home/joon/automotive_software_final/install/ad_msgs
[3.202s] DEBUG:colcon.colcon_core.event_handler.log_command:Invoking command in '/home/joon/automotive_software_final/build/ad_msgs': CMAKE_PREFIX_PATH=${CMAKE_PREFIX_PATH}:/opt/ros/humble /usr/bin/cmake --build /home/joon/automotive_software_final/build/ad_msgs -- -j16 -l16
[7.782s] DEBUG:colcon.colcon_core.event_handler.log_command:Invoked command in '/home/joon/automotive_software_final/build/ad_msgs' returned '0': CMAKE_PREFIX_PATH=${CMAKE_PREFIX_PATH}:/opt/ros/humble /usr/bin/cmake --build /home/joon/automotive_software_final/build/ad_msgs -- -j16 -l16
[7.791s] DEBUG:colcon.colcon_core.event_handler.log_command:Invoking command in '/home/joon/automotive_software_final/build/ad_msgs': CMAKE_PREFIX_PATH=${CMAKE_PREFIX_PATH}:/opt/ros/humble /usr/bin/cmake --install /home/joon/automotive_software_final/build/ad_msgs
[9.359s] Level 1:colcon.colcon_core.environment:create_environment_scripts_only(ad_msgs)
[9.360s] DEBUG:colcon.colcon_core.event_handler.log_command:Invoked command in '/home/joon/automotive_software_final/build/ad_msgs' returned '0': CMAKE_PREFIX_PATH=${CMAKE_PREFIX_PATH}:/opt/ros/humble /usr/bin/cmake --install /home/joon/automotive_software_final/build/ad_msgs
[9.361s] Level 1:colcon.colcon_core.environment:checking '/home/joon/automotive_software_final/install/ad_msgs' for CMake module files
[9.362s] Level 1:colcon.colcon_core.environment:checking '/home/joon/automotive_software_final/install/ad_msgs' for CMake config files
[9.363s] Level 1:colcon.colcon_core.shell:create_environment_hook('ad_msgs', 'cmake_prefix_path')
[9.363s] INFO:colcon.colcon_core.shell:Creating environment hook '/home/joon/automotive_software_final/install/ad_msgs/share/ad_msgs/hook/cmake_prefix_path.ps1'
[9.364s] INFO:colcon.colcon_core.shell:Creating environment descriptor '/home/joon/automotive_software_final/install/ad_msgs/share/ad_msgs/hook/cmake_prefix_path.dsv'
[9.365s] INFO:colcon.colcon_core.shell:Creating environment hook '/home/joon/automotive_software_final/install/ad_msgs/share/ad_msgs/hook/cmake_prefix_path.sh'
[9.366s] Level 1:colcon.colcon_core.environment:checking '/home/joon/automotive_software_final/install/ad_msgs/lib'
[9.366s] Level 1:colcon.colcon_core.shell:create_environment_hook('ad_msgs', 'ld_library_path_lib')
[9.366s] INFO:colcon.colcon_core.shell:Creating environment hook '/home/joon/automotive_software_final/install/ad_msgs/share/ad_msgs/hook/ld_library_path_lib.ps1'
[9.366s] INFO:colcon.colcon_core.shell:Creating environment descriptor '/home/joon/automotive_software_final/install/ad_msgs/share/ad_msgs/hook/ld_library_path_lib.dsv'
[9.367s] INFO:colcon.colcon_core.shell:Creating environment hook '/home/joon/automotive_software_final/install/ad_msgs/share/ad_msgs/hook/ld_library_path_lib.sh'
[9.368s] Level 1:colcon.colcon_core.environment:checking '/home/joon/automotive_software_final/install/ad_msgs/bin'
[9.368s] Level 1:colcon.colcon_core.environment:checking '/home/joon/automotive_software_final/install/ad_msgs/lib/pkgconfig/ad_msgs.pc'
[9.368s] Level 1:colcon.colcon_core.environment:checking '/home/joon/automotive_software_final/install/ad_msgs/lib/python3.10/site-packages'
[9.368s] Level 1:colcon.colcon_core.environment:checking '/home/joon/automotive_software_final/install/ad_msgs/bin'
[9.368s] INFO:colcon.colcon_core.shell:Creating package script '/home/joon/automotive_software_final/install/ad_msgs/share/ad_msgs/package.ps1'
[9.369s] INFO:colcon.colcon_core.shell:Creating package descriptor '/home/joon/automotive_software_final/install/ad_msgs/share/ad_msgs/package.dsv'
[9.369s] INFO:colcon.colcon_core.shell:Creating package script '/home/joon/automotive_software_final/install/ad_msgs/share/ad_msgs/package.sh'
[9.370s] INFO:colcon.colcon_core.shell:Creating package script '/home/joon/automotive_software_final/install/ad_msgs/share/ad_msgs/package.bash'
[9.370s] INFO:colcon.colcon_core.shell:Creating package script '/home/joon/automotive_software_final/install/ad_msgs/share/ad_msgs/package.zsh'
[9.371s] Level 1:colcon.colcon_core.environment:create_file_with_runtime_dependencies(/home/joon/automotive_software_final/install/ad_msgs/share/colcon-core/packages/ad_msgs)
[9.372s] Level 1:colcon.colcon_core.environment:create_environment_scripts_only(ad_msgs)
[9.372s] Level 1:colcon.colcon_core.environment:checking '/home/joon/automotive_software_final/install/ad_msgs' for CMake module files
[9.372s] Level 1:colcon.colcon_core.environment:checking '/home/joon/automotive_software_final/install/ad_msgs' for CMake config files
[9.373s] Level 1:colcon.colcon_core.shell:create_environment_hook('ad_msgs', 'cmake_prefix_path')
[9.373s] INFO:colcon.colcon_core.shell:Creating environment hook '/home/joon/automotive_software_final/install/ad_msgs/share/ad_msgs/hook/cmake_prefix_path.ps1'
[9.374s] INFO:colcon.colcon_core.shell:Creating environment descriptor '/home/joon/automotive_software_final/install/ad_msgs/share/ad_msgs/hook/cmake_prefix_path.dsv'
[9.374s] INFO:colcon.colcon_core.shell:Creating environment hook '/home/joon/automotive_software_final/install/ad_msgs/share/ad_msgs/hook/cmake_prefix_path.sh'
[9.375s] Level 1:colcon.colcon_core.environment:checking '/home/joon/automotive_software_final/install/ad_msgs/lib'
[9.375s] Level 1:colcon.colcon_core.shell:create_environment_hook('ad_msgs', 'ld_library_path_lib')
[9.375s] INFO:colcon.colcon_core.shell:Creating environment hook '/home/joon/automotive_software_final/install/ad_msgs/share/ad_msgs/hook/ld_library_path_lib.ps1'
[9.375s] INFO:colcon.colcon_core.shell:Creating environment descriptor '/home/joon/automotive_software_final/install/ad_msgs/share/ad_msgs/hook/ld_library_path_lib.dsv'
[9.375s] INFO:colcon.colcon_core.shell:Creating environment hook '/home/joon/automotive_software_final/install/ad_msgs/share/ad_msgs/hook/ld_library_path_lib.sh'
[9.376s] Level 1:colcon.colcon_core.environment:checking '/home/joon/automotive_software_final/install/ad_msgs/bin'
[9.376s] Level 1:colcon.colcon_core.environment:checking '/home/joon/automotive_software_final/install/ad_msgs/lib/pkgconfig/ad_msgs.pc'
[9.376s] Level 1:colcon.colcon_core.environment:checking '/home/joon/automotive_software_final/install/ad_msgs/lib/python3.10/site-packages'
[9.376s] Level 1:colcon.colcon_core.environment:checking '/home/joon/automotive_software_final/install/ad_msgs/bin'
[9.376s] INFO:colcon.colcon_core.shell:Creating package script '/home/joon/automotive_software_final/install/ad_msgs/share/ad_msgs/package.ps1'
[9.376s] INFO:colcon.colcon_core.shell:Creating package descriptor '/home/joon/automotive_software_final/install/ad_msgs/share/ad_msgs/package.dsv'
[9.377s] INFO:colcon.colcon_core.shell:Creating package script '/home/joon/automotive_software_final/install/ad_msgs/share/ad_msgs/package.sh'
[9.377s] INFO:colcon.colcon_core.shell:Creating package script '/home/joon/automotive_software_final/install/ad_msgs/share/ad_msgs/package.bash'
[9.377s] INFO:colcon.colcon_core.shell:Creating package script '/home/joon/automotive_software_final/install/ad_msgs/share/ad_msgs/package.zsh'
[9.377s] Level 1:colcon.colcon_core.environment:create_file_with_runtime_dependencies(/home/joon/automotive_software_final/install/ad_msgs/share/colcon-core/packages/ad_msgs)
[9.378s] INFO:colcon.colcon_ros.task.ament_cmake.build:Building ROS package in '/home/joon/automotive_software_final/src/app/autonomous_driving' with build type 'ament_cmake'
[9.378s] INFO:colcon.colcon_cmake.task.cmake.build:Building CMake package in '/home/joon/automotive_software_final/src/app/autonomous_driving'
[9.378s] INFO:colcon.colcon_core.shell:Skip shell extension 'powershell' for command environment: Not usable outside of PowerShell
[9.379s] DEBUG:colcon.colcon_core.shell:Skip shell extension 'dsv' for command environment
[9.382s] INFO:colcon.colcon_ros.task.ament_cmake.build:Building ROS package in '/home/joon/automotive_software_final/src/app/evaluation' with build type 'ament_cmake'
[9.383s] INFO:colcon.colcon_cmake.task.cmake.build:Building CMake package in '/home/joon/automotive_software_final/src/app/evaluation'
[9.383s] INFO:colcon.colcon_core.shell:Skip shell extension 'powershell' for command environment: Not usable outside of PowerShell
[9.383s] DEBUG:colcon.colcon_core.shell:Skip shell extension 'dsv' for command environment
[9.386s] INFO:colcon.colcon_ros.task.ament_cmake.build:Building ROS package in '/home/joon/automotive_software_final/src/app/mission_manager' with build type 'ament_cmake'
[9.386s] INFO:colcon.colcon_cmake.task.cmake.build:Building CMake package in '/home/joon/automotive_software_final/src/app/mission_manager'
[9.386s] INFO:colcon.colcon_core.shell:Skip shell extension 'powershell' for command environment: Not usable outside of PowerShell
[9.386s] DEBUG:colcon.colcon_core.shell:Skip shell extension 'dsv' for command environment
[9.390s] INFO:colcon.colcon_ros.task.ament_cmake.build:Building ROS package in '/home/joon/automotive_software_final/src/app/simulator' with build type 'ament_cmake'
[9.391s] INFO:colcon.colcon_cmake.task.cmake.build:Building CMake package in '/home/joon/automotive_software_final/src/app/simulator'
[9.391s] INFO:colcon.colcon_core.shell:Skip shell extension 'powershell' for command environment: Not usable outside of PowerShell
[9.391s] DEBUG:colcon.colcon_core.shell:Skip shell extension 'dsv' for command environment
[9.441s] DEBUG:colcon.colcon_core.event_handler.log_command:Invoking command in '/home/joon/automotive_software_final/build/evaluation': CMAKE_PREFIX_PATH=/home/joon/automotive_software_final/install/ad_msgs:/home/joon/automotive_software_final/install/simulator:/home/joon/automotive_software_final/install/mission_manager:/home/joon/automotive_software_final/install/evaluation:/home/joon/automotive_software_final/install/autonomous_driving:/opt/ros/humble /usr/bin/cmake /home/joon/automotive_software_final/src/app/evaluation -DAMENT_CMAKE_SYMLINK_INSTALL=1 -DCMAKE_INSTALL_PREFIX=/home/joon/automotive_software_final/install/evaluation
[9.448s] DEBUG:colcon.colcon_core.event_handler.log_command:Invoking command in '/home/joon/automotive_software_final/build/autonomous_driving': CMAKE_PREFIX_PATH=/home/joon/automotive_software_final/install/ad_msgs:/home/joon/automotive_software_final/install/simulator:/home/joon/automotive_software_final/install/mission_manager:/home/joon/automotive_software_final/install/evaluation:/home/joon/automotive_software_final/install/autonomous_driving:/opt/ros/humble /usr/bin/cmake /home/joon/automotive_software_final/src/app/autonomous_driving -DAMENT_CMAKE_SYMLINK_INSTALL=1 -DCMAKE_INSTALL_PREFIX=/home/joon/automotive_software_final/install/autonomous_driving
[9.453s] DEBUG:colcon.colcon_core.event_handler.log_command:Invoking command in '/home/joon/automotive_software_final/build/simulator': CMAKE_PREFIX_PATH=/home/joon/automotive_software_final/install/ad_msgs:/home/joon/automotive_software_final/install/simulator:/home/joon/automotive_software_final/install/mission_manager:/home/joon/automotive_software_final/install/evaluation:/home/joon/automotive_software_final/install/autonomous_driving:/opt/ros/humble /usr/bin/cmake /home/joon/automotive_software_final/src/app/simulator -DAMENT_CMAKE_SYMLINK_INSTALL=1 -DCMAKE_INSTALL_PREFIX=/home/joon/automotive_software_final/install/simulator
[9.461s] DEBUG:colcon.colcon_core.event_handler.log_command:Invoking command in '/home/joon/automotive_software_final/build/mission_manager': CMAKE_PREFIX_PATH=/home/joon/automotive_software_final/install/ad_msgs:/home/joon/automotive_software_final/install/simulator:/home/joon/automotive_software_final/install/mission_manager:/home/joon/automotive_software_final/install/evaluation:/home/joon/automotive_software_final/install/autonomous_driving:/opt/ros/humble /usr/bin/cmake /home/joon/automotive_software_final/src/app/mission_manager -DAMENT_CMAKE_SYMLINK_INSTALL=1 -DCMAKE_INSTALL_PREFIX=/home/joon/automotive_software_final/install/mission_manager
[13.745s] DEBUG:colcon.colcon_core.event_handler.log_command:Invoked command in '/home/joon/automotive_software_final/build/autonomous_driving' returned '0': CMAKE_PREFIX_PATH=/home/joon/automotive_software_final/install/ad_msgs:/home/joon/automotive_software_final/install/simulator:/home/joon/automotive_software_final/install/mission_manager:/home/joon/automotive_software_final/install/evaluation:/home/joon/automotive_software_final/install/autonomous_driving:/opt/ros/humble /usr/bin/cmake /home/joon/automotive_software_final/src/app/autonomous_driving -DAMENT_CMAKE_SYMLINK_INSTALL=1 -DCMAKE_INSTALL_PREFIX=/home/joon/automotive_software_final/install/autonomous_driving
[13.747s] DEBUG:colcon.colcon_core.event_handler.log_command:Invoking command in '/home/joon/automotive_software_final/build/autonomous_driving': CMAKE_PREFIX_PATH=/home/joon/automotive_software_final/install/ad_msgs:/home/joon/automotive_software_final/install/simulator:/home/joon/automotive_software_final/install/mission_manager:/home/joon/automotive_software_final/install/evaluation:/home/joon/automotive_software_final/install/autonomous_driving:/opt/ros/humble /usr/bin/cmake --build /home/joon/automotive_software_final/build/autonomous_driving -- -j16 -l16
[13.790s] DEBUG:colcon.colcon_core.event_handler.log_command:Invoked command in '/home/joon/automotive_software_final/build/simulator' returned '0': CMAKE_PREFIX_PATH=/home/joon/automotive_software_final/install/ad_msgs:/home/joon/automotive_software_final/install/simulator:/home/joon/automotive_software_final/install/mission_manager:/home/joon/automotive_software_final/install/evaluation:/home/joon/automotive_software_final/install/autonomous_driving:/opt/ros/humble /usr/bin/cmake /home/joon/automotive_software_final/src/app/simulator -DAMENT_CMAKE_SYMLINK_INSTALL=1 -DCMAKE_INSTALL_PREFIX=/home/joon/automotive_software_final/install/simulator
[13.794s] DEBUG:colcon.colcon_core.event_handler.log_command:Invoking command in '/home/joon/automotive_software_final/build/simulator': CMAKE_PREFIX_PATH=/home/joon/automotive_software_final/install/ad_msgs:/home/joon/automotive_software_final/install/simulator:/home/joon/automotive_software_final/install/mission_manager:/home/joon/automotive_software_final/install/evaluation:/home/joon/automotive_software_final/install/autonomous_driving:/opt/ros/humble /usr/bin/cmake --build /home/joon/automotive_software_final/build/simulator -- -j16 -l16
[13.817s] DEBUG:colcon.colcon_core.event_handler.log_command:Invoked command in '/home/joon/automotive_software_final/build/mission_manager' returned '0': CMAKE_PREFIX_PATH=/home/joon/automotive_software_final/install/ad_msgs:/home/joon/automotive_software_final/install/simulator:/home/joon/automotive_software_final/install/mission_manager:/home/joon/automotive_software_final/install/evaluation:/home/joon/automotive_software_final/install/autonomous_driving:/opt/ros/humble /usr/bin/cmake /home/joon/automotive_software_final/src/app/mission_manager -DAMENT_CMAKE_SYMLINK_INSTALL=1 -DCMAKE_INSTALL_PREFIX=/home/joon/automotive_software_final/install/mission_manager
[13.818s] DEBUG:colcon.colcon_core.event_handler.log_command:Invoking command in '/home/joon/automotive_software_final/build/mission_manager': CMAKE_PREFIX_PATH=/home/joon/automotive_software_final/install/ad_msgs:/home/joon/automotive_software_final/install/simulator:/home/joon/automotive_software_final/install/mission_manager:/home/joon/automotive_software_final/install/evaluation:/home/joon/automotive_software_final/install/autonomous_driving:/opt/ros/humble /usr/bin/cmake --build /home/joon/automotive_software_final/build/mission_manager -- -j16 -l16
[13.829s] DEBUG:colcon.colcon_core.event_handler.log_command:Invoked command in '/home/joon/automotive_software_final/build/evaluation' returned '0': CMAKE_PREFIX_PATH=/home/joon/automotive_software_final/install/ad_msgs:/home/joon/automotive_software_final/install/simulator:/home/joon/automotive_software_final/install/mission_manager:/home/joon/automotive_software_final/install/evaluation:/home/joon/automotive_software_final/install/autonomous_driving:/opt/ros/humble /usr/bin/cmake /home/joon/automotive_software_final/src/app/evaluation -DAMENT_CMAKE_SYMLINK_INSTALL=1 -DCMAKE_INSTALL_PREFIX=/home/joon/automotive_software_final/install/evaluation
[13.831s] DEBUG:colcon.colcon_core.event_handler.log_command:Invoking command in '/home/joon/automotive_software_final/build/evaluation': CMAKE_PREFIX_PATH=/home/joon/automotive_software_final/install/ad_msgs:/home/joon/automotive_software_final/install/simulator:/home/joon/automotive_software_final/install/mission_manager:/home/joon/automotive_software_final/install/evaluation:/home/joon/automotive_software_final/install/autonomous_driving:/opt/ros/humble /usr/bin/cmake --build /home/joon/automotive_software_final/build/evaluation -- -j16 -l16
[30.322s] DEBUG:colcon.colcon_core.event_handler.log_command:Invoked command in '/home/joon/automotive_software_final/build/mission_manager' returned '0': CMAKE_PREFIX_PATH=/home/joon/automotive_software_final/install/ad_msgs:/home/joon/automotive_software_final/install/simulator:/home/joon/automotive_software_final/install/mission_manager:/home/joon/automotive_software_final/install/evaluation:/home/joon/automotive_software_final/install/autonomous_driving:/opt/ros/humble /usr/bin/cmake --build /home/joon/automotive_software_final/build/mission_manager -- -j16 -l16
[30.339s] DEBUG:colcon.colcon_core.event_handler.log_command:Invoking command in '/home/joon/automotive_software_final/build/mission_manager': CMAKE_PREFIX_PATH=/home/joon/automotive_software_final/install/ad_msgs:/home/joon/automotive_software_final/install/simulator:/home/joon/automotive_software_final/install/mission_manager:/home/joon/automotive_software_final/install/evaluation:/home/joon/automotive_software_final/install/autonomous_driving:/opt/ros/humble /usr/bin/cmake --install /home/joon/automotive_software_final/build/mission_manager
[30.592s] Level 1:colcon.colcon_core.environment:create_environment_scripts_only(mission_manager)
[30.605s] Level 1:colcon.colcon_core.environment:checking '/home/joon/automotive_software_final/install/mission_manager' for CMake module files
[30.606s] DEBUG:colcon.colcon_core.event_handler.log_command:Invoked command in '/home/joon/automotive_software_final/build/mission_manager' returned '0': CMAKE_PREFIX_PATH=/home/joon/automotive_software_final/install/ad_msgs:/home/joon/automotive_software_final/install/simulator:/home/joon/automotive_software_final/install/mission_manager:/home/joon/automotive_software_final/install/evaluation:/home/joon/automotive_software_final/install/autonomous_driving:/opt/ros/humble /usr/bin/cmake --install /home/joon/automotive_software_final/build/mission_manager
[30.609s] Level 1:colcon.colcon_core.environment:checking '/home/joon/automotive_software_final/install/mission_manager' for CMake config files
[30.614s] Level 1:colcon.colcon_core.shell:create_environment_hook('mission_manager', 'cmake_prefix_path')
[30.616s] INFO:colcon.colcon_core.shell:Creating environment hook '/home/joon/automotive_software_final/install/mission_manager/share/mission_manager/hook/cmake_prefix_path.ps1'
[30.629s] INFO:colcon.colcon_core.shell:Creating environment descriptor '/home/joon/automotive_software_final/install/mission_manager/share/mission_manager/hook/cmake_prefix_path.dsv'
[30.631s] INFO:colcon.colcon_core.shell:Creating environment hook '/home/joon/automotive_software_final/install/mission_manager/share/mission_manager/hook/cmake_prefix_path.sh'
[30.635s] Level 1:colcon.colcon_core.environment:checking '/home/joon/automotive_software_final/install/mission_manager/lib'
[30.636s] Level 1:colcon.colcon_core.environment:checking '/home/joon/automotive_software_final/install/mission_manager/bin'
[30.636s] Level 1:colcon.colcon_core.environment:checking '/home/joon/automotive_software_final/install/mission_manager/lib/pkgconfig/mission_manager.pc'
[30.640s] Level 1:colcon.colcon_core.environment:checking '/home/joon/automotive_software_final/install/mission_manager/lib/python3.10/site-packages'
[30.640s] Level 1:colcon.colcon_core.environment:checking '/home/joon/automotive_software_final/install/mission_manager/bin'
[30.641s] INFO:colcon.colcon_core.shell:Creating package script '/home/joon/automotive_software_final/install/mission_manager/share/mission_manager/package.ps1'
[30.643s] INFO:colcon.colcon_core.shell:Creating package descriptor '/home/joon/automotive_software_final/install/mission_manager/share/mission_manager/package.dsv'
[30.645s] INFO:colcon.colcon_core.shell:Creating package script '/home/joon/automotive_software_final/install/mission_manager/share/mission_manager/package.sh'
[30.646s] INFO:colcon.colcon_core.shell:Creating package script '/home/joon/automotive_software_final/install/mission_manager/share/mission_manager/package.bash'
[30.648s] INFO:colcon.colcon_core.shell:Creating package script '/home/joon/automotive_software_final/install/mission_manager/share/mission_manager/package.zsh'
[30.650s] Level 1:colcon.colcon_core.environment:create_file_with_runtime_dependencies(/home/joon/automotive_software_final/install/mission_manager/share/colcon-core/packages/mission_manager)
[30.654s] Level 1:colcon.colcon_core.environment:create_environment_scripts_only(mission_manager)
[30.655s] Level 1:colcon.colcon_core.environment:checking '/home/joon/automotive_software_final/install/mission_manager' for CMake module files
[30.655s] Level 1:colcon.colcon_core.environment:checking '/home/joon/automotive_software_final/install/mission_manager' for CMake config files
[30.656s] Level 1:colcon.colcon_core.shell:create_environment_hook('mission_manager', 'cmake_prefix_path')
[30.656s] INFO:colcon.colcon_core.shell:Creating environment hook '/home/joon/automotive_software_final/install/mission_manager/share/mission_manager/hook/cmake_prefix_path.ps1'
[30.657s] INFO:colcon.colcon_core.shell:Creating environment descriptor '/home/joon/automotive_software_final/install/mission_manager/share/mission_manager/hook/cmake_prefix_path.dsv'
[30.659s] INFO:colcon.colcon_core.shell:Creating environment hook '/home/joon/automotive_software_final/install/mission_manager/share/mission_manager/hook/cmake_prefix_path.sh'
[30.661s] Level 1:colcon.colcon_core.environment:checking '/home/joon/automotive_software_final/install/mission_manager/lib'
[30.662s] Level 1:colcon.colcon_core.environment:checking '/home/joon/automotive_software_final/install/mission_manager/bin'
[30.663s] Level 1:colcon.colcon_core.environment:checking '/home/joon/automotive_software_final/install/mission_manager/lib/pkgconfig/mission_manager.pc'
[30.663s] Level 1:colcon.colcon_core.environment:checking '/home/joon/automotive_software_final/install/mission_manager/lib/python3.10/site-packages'
[30.663s] Level 1:colcon.colcon_core.environment:checking '/home/joon/automotive_software_final/install/mission_manager/bin'
[30.664s] INFO:colcon.colcon_core.shell:Creating package script '/home/joon/automotive_software_final/install/mission_manager/share/mission_manager/package.ps1'
[30.665s] INFO:colcon.colcon_core.shell:Creating package descriptor '/home/joon/automotive_software_final/install/mission_manager/share/mission_manager/package.dsv'
[30.666s] INFO:colcon.colcon_core.shell:Creating package script '/home/joon/automotive_software_final/install/mission_manager/share/mission_manager/package.sh'
[30.670s] INFO:colcon.colcon_core.shell:Creating package script '/home/joon/automotive_software_final/install/mission_manager/share/mission_manager/package.bash'
[30.671s] INFO:colcon.colcon_core.shell:Creating package script '/home/joon/automotive_software_final/install/mission_manager/share/mission_manager/package.zsh'
[30.672s] Level 1:colcon.colcon_core.environment:create_file_with_runtime_dependencies(/home/joon/automotive_software_final/install/mission_manager/share/colcon-core/packages/mission_manager)
[33.052s] DEBUG:colcon.colcon_core.event_handler.log_command:Invoked command in '/home/joon/automotive_software_final/build/evaluation' returned '0': CMAKE_PREFIX_PATH=/home/joon/automotive_software_final/install/ad_msgs:/home/joon/automotive_software_final/install/simulator:/home/joon/automotive_software_final/install/mission_manager:/home/joon/automotive_software_final/install/evaluation:/home/joon/automotive_software_final/install/autonomous_driving:/opt/ros/humble /usr/bin/cmake --build /home/joon/automotive_software_final/build/evaluation -- -j16 -l16
[33.057s] DEBUG:colcon.colcon_core.event_handler.log_command:Invoking command in '/home/joon/automotive_software_final/build/evaluation': CMAKE_PREFIX_PATH=/home/joon/automotive_software_final/install/ad_msgs:/home/joon/automotive_software_final/install/simulator:/home/joon/automotive_software_final/install/mission_manager:/home/joon/automotive_software_final/install/evaluation:/home/joon/automotive_software_final/install/autonomous_driving:/opt/ros/humble /usr/bin/cmake --install /home/joon/automotive_software_final/build/evaluation
[33.226s] Level 1:colcon.colcon_core.environment:create_environment_scripts_only(evaluation)
[33.226s] Level 1:colcon.colcon_core.environment:checking '/home/joon/automotive_software_final/install/evaluation' for CMake module files
[33.227s] DEBUG:colcon.colcon_core.event_handler.log_command:Invoked command in '/home/joon/automotive_software_final/build/evaluation' returned '0': CMAKE_PREFIX_PATH=/home/joon/automotive_software_final/install/ad_msgs:/home/joon/automotive_software_final/install/simulator:/home/joon/automotive_software_final/install/mission_manager:/home/joon/automotive_software_final/install/evaluation:/home/joon/automotive_software_final/install/autonomous_driving:/opt/ros/humble /usr/bin/cmake --install /home/joon/automotive_software_final/build/evaluation
[33.227s] Level 1:colcon.colcon_core.environment:checking '/home/joon/automotive_software_final/install/evaluation' for CMake config files
[33.228s] Level 1:colcon.colcon_core.shell:create_environment_hook('evaluation', 'cmake_prefix_path')
[33.228s] INFO:colcon.colcon_core.shell:Creating environment hook '/home/joon/automotive_software_final/install/evaluation/share/evaluation/hook/cmake_prefix_path.ps1'
[33.229s] INFO:colcon.colcon_core.shell:Creating environment descriptor '/home/joon/automotive_software_final/install/evaluation/share/evaluation/hook/cmake_prefix_path.dsv'
[33.229s] INFO:colcon.colcon_core.shell:Creating environment hook '/home/joon/automotive_software_final/install/evaluation/share/evaluation/hook/cmake_prefix_path.sh'
[33.229s] Level 1:colcon.colcon_core.environment:checking '/home/joon/automotive_software_final/install/evaluation/lib'
[33.229s] Level 1:colcon.colcon_core.environment:checking '/home/joon/automotive_software_final/install/evaluation/bin'
[33.230s] Level 1:colcon.colcon_core.environment:checking '/home/joon/automotive_software_final/install/evaluation/lib/pkgconfig/evaluation.pc'
[33.230s] Level 1:colcon.colcon_core.environment:checking '/home/joon/automotive_software_final/install/evaluation/lib/python3.10/site-packages'
[33.230s] Level 1:colcon.colcon_core.environment:checking '/home/joon/automotive_software_final/install/evaluation/bin'
[33.230s] INFO:colcon.colcon_core.shell:Creating package script '/home/joon/automotive_software_final/install/evaluation/share/evaluation/package.ps1'
[33.231s] INFO:colcon.colcon_core.shell:Creating package descriptor '/home/joon/automotive_software_final/install/evaluation/share/evaluation/package.dsv'
[33.231s] INFO:colcon.colcon_core.shell:Creating package script '/home/joon/automotive_software_final/install/evaluation/share/evaluation/package.sh'
[33.231s] INFO:colcon.colcon_core.shell:Creating package script '/home/joon/automotive_software_final/install/evaluation/share/evaluation/package.bash'
[33.232s] INFO:colcon.colcon_core.shell:Creating package script '/home/joon/automotive_software_final/install/evaluation/share/evaluation/package.zsh'
[33.232s] Level 1:colcon.colcon_core.environment:create_file_with_runtime_dependencies(/home/joon/automotive_software_final/install/evaluation/share/colcon-core/packages/evaluation)
[33.233s] Level 1:colcon.colcon_core.environment:create_environment_scripts_only(evaluation)
[33.234s] Level 1:colcon.colcon_core.environment:checking '/home/joon/automotive_software_final/install/evaluation' for CMake module files
[33.234s] Level 1:colcon.colcon_core.environment:checking '/home/joon/automotive_software_final/install/evaluation' for CMake config files
[33.234s] Level 1:colcon.colcon_core.shell:create_environment_hook('evaluation', 'cmake_prefix_path')
[33.234s] INFO:colcon.colcon_core.shell:Creating environment hook '/home/joon/automotive_software_final/install/evaluation/share/evaluation/hook/cmake_prefix_path.ps1'
[33.235s] INFO:colcon.colcon_core.shell:Creating environment descriptor '/home/joon/automotive_software_final/install/evaluation/share/evaluation/hook/cmake_prefix_path.dsv'
[33.235s] INFO:colcon.colcon_core.shell:Creating environment hook '/home/joon/automotive_software_final/install/evaluation/share/evaluation/hook/cmake_prefix_path.sh'
[33.236s] Level 1:colcon.colcon_core.environment:checking '/home/joon/automotive_software_final/install/evaluation/lib'
[33.236s] Level 1:colcon.colcon_core.environment:checking '/home/joon/automotive_software_final/install/evaluation/bin'
[33.236s] Level 1:colcon.colcon_core.environment:checking '/home/joon/automotive_software_final/install/evaluation/lib/pkgconfig/evaluation.pc'
[33.236s] Level 1:colcon.colcon_core.environment:checking '/home/joon/automotive_software_final/install/evaluation/lib/python3.10/site-packages'
[33.236s] Level 1:colcon.colcon_core.environment:checking '/home/joon/automotive_software_final/install/evaluation/bin'
[33.236s] INFO:colcon.colcon_core.shell:Creating package script '/home/joon/automotive_software_final/install/evaluation/share/evaluation/package.ps1'
[33.237s] INFO:colcon.colcon_core.shell:Creating package descriptor '/home/joon/automotive_software_final/install/evaluation/share/evaluation/package.dsv'
[33.237s] INFO:colcon.colcon_core.shell:Creating package script '/home/joon/automotive_software_final/install/evaluation/share/evaluation/package.sh'
[33.238s] INFO:colcon.colcon_core.shell:Creating package script '/home/joon/automotive_software_final/install/evaluation/share/evaluation/package.bash'
[33.238s] INFO:colcon.colcon_core.shell:Creating package script '/home/joon/automotive_software_final/install/evaluation/share/evaluation/package.zsh'
[33.238s] Level 1:colcon.colcon_core.environment:create_file_with_runtime_dependencies(/home/joon/automotive_software_final/install/evaluation/share/colcon-core/packages/evaluation)
[39.435s] DEBUG:colcon.colcon_core.event_handler.log_command:Invoked command in '/home/joon/automotive_software_final/build/autonomous_driving' returned '0': CMAKE_PREFIX_PATH=/home/joon/automotive_software_final/install/ad_msgs:/home/joon/automotive_software_final/install/simulator:/home/joon/automotive_software_final/install/mission_manager:/home/joon/automotive_software_final/install/evaluation:/home/joon/automotive_software_final/install/autonomous_driving:/opt/ros/humble /usr/bin/cmake --build /home/joon/automotive_software_final/build/autonomous_driving -- -j16 -l16
[39.439s] DEBUG:colcon.colcon_core.event_handler.log_command:Invoking command in '/home/joon/automotive_software_final/build/autonomous_driving': CMAKE_PREFIX_PATH=/home/joon/automotive_software_final/install/ad_msgs:/home/joon/automotive_software_final/install/simulator:/home/joon/automotive_software_final/install/mission_manager:/home/joon/automotive_software_final/install/evaluation:/home/joon/automotive_software_final/install/autonomous_driving:/opt/ros/humble /usr/bin/cmake --install /home/joon/automotive_software_final/build/autonomous_driving
[39.612s] Level 1:colcon.colcon_core.environment:create_environment_scripts_only(autonomous_driving)
[39.612s] DEBUG:colcon.colcon_core.event_handler.log_command:Invoked command in '/home/joon/automotive_software_final/build/autonomous_driving' returned '0': CMAKE_PREFIX_PATH=/home/joon/automotive_software_final/install/ad_msgs:/home/joon/automotive_software_final/install/simulator:/home/joon/automotive_software_final/install/mission_manager:/home/joon/automotive_software_final/install/evaluation:/home/joon/automotive_software_final/install/autonomous_driving:/opt/ros/humble /usr/bin/cmake --install /home/joon/automotive_software_final/build/autonomous_driving
[39.613s] Level 1:colcon.colcon_core.environment:checking '/home/joon/automotive_software_final/install/autonomous_driving' for CMake module files
[39.613s] Level 1:colcon.colcon_core.environment:checking '/home/joon/automotive_software_final/install/autonomous_driving' for CMake config files
[39.613s] Level 1:colcon.colcon_core.shell:create_environment_hook('autonomous_driving', 'cmake_prefix_path')
[39.614s] INFO:colcon.colcon_core.shell:Creating environment hook '/home/joon/automotive_software_final/install/autonomous_driving/share/autonomous_driving/hook/cmake_prefix_path.ps1'
[39.614s] INFO:colcon.colcon_core.shell:Creating environment descriptor '/home/joon/automotive_software_final/install/autonomous_driving/share/autonomous_driving/hook/cmake_prefix_path.dsv'
[39.615s] INFO:colcon.colcon_core.shell:Creating environment hook '/home/joon/automotive_software_final/install/autonomous_driving/share/autonomous_driving/hook/cmake_prefix_path.sh'
[39.615s] Level 1:colcon.colcon_core.environment:checking '/home/joon/automotive_software_final/install/autonomous_driving/lib'
[39.615s] Level 1:colcon.colcon_core.environment:checking '/home/joon/automotive_software_final/install/autonomous_driving/bin'
[39.615s] Level 1:colcon.colcon_core.environment:checking '/home/joon/automotive_software_final/install/autonomous_driving/lib/pkgconfig/autonomous_driving.pc'
[39.615s] Level 1:colcon.colcon_core.environment:checking '/home/joon/automotive_software_final/install/autonomous_driving/lib/python3.10/site-packages'
[39.616s] Level 1:colcon.colcon_core.environment:checking '/home/joon/automotive_software_final/install/autonomous_driving/bin'
[39.616s] INFO:colcon.colcon_core.shell:Creating package script '/home/joon/automotive_software_final/install/autonomous_driving/share/autonomous_driving/package.ps1'
[39.616s] INFO:colcon.colcon_core.shell:Creating package descriptor '/home/joon/automotive_software_final/install/autonomous_driving/share/autonomous_driving/package.dsv'
[39.616s] INFO:colcon.colcon_core.shell:Creating package script '/home/joon/automotive_software_final/install/autonomous_driving/share/autonomous_driving/package.sh'
[39.617s] INFO:colcon.colcon_core.shell:Creating package script '/home/joon/automotive_software_final/install/autonomous_driving/share/autonomous_driving/package.bash'
[39.617s] INFO:colcon.colcon_core.shell:Creating package script '/home/joon/automotive_software_final/install/autonomous_driving/share/autonomous_driving/package.zsh'
[39.617s] Level 1:colcon.colcon_core.environment:create_file_with_runtime_dependencies(/home/joon/automotive_software_final/install/autonomous_driving/share/colcon-core/packages/autonomous_driving)
[39.618s] Level 1:colcon.colcon_core.environment:create_environment_scripts_only(autonomous_driving)
[39.618s] Level 1:colcon.colcon_core.environment:checking '/home/joon/automotive_software_final/install/autonomous_driving' for CMake module files
[39.618s] Level 1:colcon.colcon_core.environment:checking '/home/joon/automotive_software_final/install/autonomous_driving' for CMake config files
[39.619s] Level 1:colcon.colcon_core.shell:create_environment_hook('autonomous_driving', 'cmake_prefix_path')
[39.619s] INFO:colcon.colcon_core.shell:Creating environment hook '/home/joon/automotive_software_final/install/autonomous_driving/share/autonomous_driving/hook/cmake_prefix_path.ps1'
[39.619s] INFO:colcon.colcon_core.shell:Creating environment descriptor '/home/joon/automotive_software_final/install/autonomous_driving/share/autonomous_driving/hook/cmake_prefix_path.dsv'
[39.619s] INFO:colcon.colcon_core.shell:Creating environment hook '/home/joon/automotive_software_final/install/autonomous_driving/share/autonomous_driving/hook/cmake_prefix_path.sh'
[39.620s] Level 1:colcon.colcon_core.environment:checking '/home/joon/automotive_software_final/install/autonomous_driving/lib'
[39.620s] Level 1:colcon.colcon_core.environment:checking '/home/joon/automotive_software_final/install/autonomous_driving/bin'
[39.620s] Level 1:colcon.colcon_core.environment:checking '/home/joon/automotive_software_final/install/autonomous_driving/lib/pkgconfig/autonomous_driving.pc'
[39.620s] Level 1:colcon.colcon_core.environment:checking '/home/joon/automotive_software_final/install/autonomous_driving/lib/python3.10/site-packages'
[39.621s] Level 1:colcon.colcon_core.environment:checking '/home/joon/automotive_software_final/install/autonomous_driving/bin'
[39.621s] INFO:colcon.colcon_core.shell:Creating package script '/home/joon/automotive_software_final/install/autonomous_driving/share/autonomous_driving/package.ps1'
[39.622s] INFO:colcon.colcon_core.shell:Creating package descriptor '/home/joon/automotive_software_final/install/autonomous_driving/share/autonomous_driving/package.dsv'
[39.622s] INFO:colcon.colcon_core.shell:Creating package script '/home/joon/automotive_software_final/install/autonomous_driving/share/autonomous_driving/package.sh'
[39.623s] INFO:colcon.colcon_core.shell:Creating package script '/home/joon/automotive_software_final/install/autonomous_driving/share/autonomous_driving/package.bash'
[39.623s] INFO:colcon.colcon_core.shell:Creating package script '/home/joon/automotive_software_final/install/autonomous_driving/share/autonomous_driving/package.zsh'
[39.623s] Level 1:colcon.colcon_core.environment:create_file_with_runtime_dependencies(/home/joon/automotive_software_final/install/autonomous_driving/share/colcon-core/packages/autonomous_driving)
[44.177s] DEBUG:colcon.colcon_core.event_handler.log_command:Invoked command in '/home/joon/automotive_software_final/build/simulator' returned '0': CMAKE_PREFIX_PATH=/home/joon/automotive_software_final/install/ad_msgs:/home/joon/automotive_software_final/install/simulator:/home/joon/automotive_software_final/install/mission_manager:/home/joon/automotive_software_final/install/evaluation:/home/joon/automotive_software_final/install/autonomous_driving:/opt/ros/humble /usr/bin/cmake --build /home/joon/automotive_software_final/build/simulator -- -j16 -l16
[44.179s] DEBUG:colcon.colcon_core.event_handler.log_command:Invoking command in '/home/joon/automotive_software_final/build/simulator': CMAKE_PREFIX_PATH=/home/joon/automotive_software_final/install/ad_msgs:/home/joon/automotive_software_final/install/simulator:/home/joon/automotive_software_final/install/mission_manager:/home/joon/automotive_software_final/install/evaluation:/home/joon/automotive_software_final/install/autonomous_driving:/opt/ros/humble /usr/bin/cmake --install /home/joon/automotive_software_final/build/simulator
[44.343s] Level 1:colcon.colcon_core.environment:create_environment_scripts_only(simulator)
[44.344s] Level 1:colcon.colcon_core.environment:checking '/home/joon/automotive_software_final/install/simulator' for CMake module files
[44.345s] DEBUG:colcon.colcon_core.event_handler.log_command:Invoked command in '/home/joon/automotive_software_final/build/simulator' returned '0': CMAKE_PREFIX_PATH=/home/joon/automotive_software_final/install/ad_msgs:/home/joon/automotive_software_final/install/simulator:/home/joon/automotive_software_final/install/mission_manager:/home/joon/automotive_software_final/install/evaluation:/home/joon/automotive_software_final/install/autonomous_driving:/opt/ros/humble /usr/bin/cmake --install /home/joon/automotive_software_final/build/simulator
[44.345s] Level 1:colcon.colcon_core.environment:checking '/home/joon/automotive_software_final/install/simulator' for CMake config files
[44.345s] Level 1:colcon.colcon_core.shell:create_environment_hook('simulator', 'cmake_prefix_path')
[44.346s] INFO:colcon.colcon_core.shell:Creating environment hook '/home/joon/automotive_software_final/install/simulator/share/simulator/hook/cmake_prefix_path.ps1'
[44.347s] INFO:colcon.colcon_core.shell:Creating environment descriptor '/home/joon/automotive_software_final/install/simulator/share/simulator/hook/cmake_prefix_path.dsv'
[44.347s] INFO:colcon.colcon_core.shell:Creating environment hook '/home/joon/automotive_software_final/install/simulator/share/simulator/hook/cmake_prefix_path.sh'
[44.348s] Level 1:colcon.colcon_core.environment:checking '/home/joon/automotive_software_final/install/simulator/lib'
[44.348s] Level 1:colcon.colcon_core.environment:checking '/home/joon/automotive_software_final/install/simulator/bin'
[44.348s] Level 1:colcon.colcon_core.environment:checking '/home/joon/automotive_software_final/install/simulator/lib/pkgconfig/simulator.pc'
[44.348s] Level 1:colcon.colcon_core.environment:checking '/home/joon/automotive_software_final/install/simulator/lib/python3.10/site-packages'
[44.348s] Level 1:colcon.colcon_core.environment:checking '/home/joon/automotive_software_final/install/simulator/bin'
[44.348s] INFO:colcon.colcon_core.shell:Creating package script '/home/joon/automotive_software_final/install/simulator/share/simulator/package.ps1'
[44.349s] INFO:colcon.colcon_core.shell:Creating package descriptor '/home/joon/automotive_software_final/install/simulator/share/simulator/package.dsv'
[44.349s] INFO:colcon.colcon_core.shell:Creating package script '/home/joon/automotive_software_final/install/simulator/share/simulator/package.sh'
[44.349s] INFO:colcon.colcon_core.shell:Creating package script '/home/joon/automotive_software_final/install/simulator/share/simulator/package.bash'
[44.350s] INFO:colcon.colcon_core.shell:Creating package script '/home/joon/automotive_software_final/install/simulator/share/simulator/package.zsh'
[44.350s] Level 1:colcon.colcon_core.environment:create_file_with_runtime_dependencies(/home/joon/automotive_software_final/install/simulator/share/colcon-core/packages/simulator)
[44.351s] Level 1:colcon.colcon_core.environment:create_environment_scripts_only(simulator)
[44.351s] Level 1:colcon.colcon_core.environment:checking '/home/joon/automotive_software_final/install/simulator' for CMake module files
[44.351s] Level 1:colcon.colcon_core.environment:checking '/home/joon/automotive_software_final/install/simulator' for CMake config files
[44.352s] Level 1:colcon.colcon_core.shell:create_environment_hook('simulator', 'cmake_prefix_path')
[44.352s] INFO:colcon.colcon_core.shell:Creating environment hook '/home/joon/automotive_software_final/install/simulator/share/simulator/hook/cmake_prefix_path.ps1'
[44.352s] INFO:colcon.colcon_core.shell:Creating environment descriptor '/home/joon/automotive_software_final/install/simulator/share/simulator/hook/cmake_prefix_path.dsv'
[44.352s] INFO:colcon.colcon_core.shell:Creating environment hook '/home/joon/automotive_software_final/install/simulator/share/simulator/hook/cmake_prefix_path.sh'
[44.353s] Level 1:colcon.colcon_core.environment:checking '/home/joon/automotive_software_final/install/simulator/lib'
[44.353s] Level 1:colcon.colcon_core.environment:checking '/home/joon/automotive_software_final/install/simulator/bin'
[44.353s] Level 1:colcon.colcon_core.environment:checking '/home/joon/automotive_software_final/install/simulator/lib/pkgconfig/simulator.pc'
[44.353s] Level 1:colcon.colcon_core.environment:checking '/home/joon/automotive_software_final/install/simulator/lib/python3.10/site-packages'
[44.353s] Level 1:colcon.colcon_core.environment:checking '/home/joon/automotive_software_final/install/simulator/bin'
[44.353s] INFO:colcon.colcon_core.shell:Creating package script '/home/joon/automotive_software_final/install/simulator/share/simulator/package.ps1'
[44.354s] INFO:colcon.colcon_core.shell:Creating package descriptor '/home/joon/automotive_software_final/install/simulator/share/simulator/package.dsv'
[44.355s] INFO:colcon.colcon_core.shell:Creating package script '/home/joon/automotive_software_final/install/simulator/share/simulator/package.sh'
[44.356s] INFO:colcon.colcon_core.shell:Creating package script '/home/joon/automotive_software_final/install/simulator/share/simulator/package.bash'
[44.357s] INFO:colcon.colcon_core.shell:Creating package script '/home/joon/automotive_software_final/install/simulator/share/simulator/package.zsh'
[44.357s] Level 1:colcon.colcon_core.environment:create_file_with_runtime_dependencies(/home/joon/automotive_software_final/install/simulator/share/colcon-core/packages/simulator)
[44.358s] DEBUG:colcon.colcon_parallel_executor.executor.parallel:closing loop
[44.359s] DEBUG:colcon.colcon_parallel_executor.executor.parallel:loop closed
[44.359s] DEBUG:colcon.colcon_parallel_executor.executor.parallel:run_until_complete finished with '0'
[44.360s] DEBUG:colcon.colcon_core.event_reactor:joining thread
[44.429s] INFO:colcon.colcon_core.plugin_system:Skipping extension 'colcon_notification.desktop_notification.notify_send': Could not find 'notify-send'
[44.429s] INFO:colcon.colcon_core.plugin_system:Skipping extension 'colcon_notification.desktop_notification.terminal_notifier': Not used on non-Darwin systems
[44.429s] INFO:colcon.colcon_core.plugin_system:Skipping extension 'colcon_notification.desktop_notification.win32': Not used on non-Windows systems
[44.430s] INFO:colcon.colcon_notification.desktop_notification:Sending desktop notification using 'notify2'
[44.430s] DEBUG:colcon.colcon_notification.desktop_notification.notify2:Failed to initialize notify2: org.freedesktop.DBus.Error.FileNotFound: Failed to connect to socket /run/user/1000/bus: No such file or directory
[44.430s] DEBUG:colcon.colcon_core.event_reactor:joined thread
[44.431s] INFO:colcon.colcon_core.shell:Creating prefix script '/home/joon/automotive_software_final/install/local_setup.ps1'
[44.432s] INFO:colcon.colcon_core.shell:Creating prefix util module '/home/joon/automotive_software_final/install/_local_setup_util_ps1.py'
[44.433s] INFO:colcon.colcon_core.shell:Creating prefix chain script '/home/joon/automotive_software_final/install/setup.ps1'
[44.434s] INFO:colcon.colcon_core.shell:Creating prefix script '/home/joon/automotive_software_final/install/local_setup.sh'
[44.434s] INFO:colcon.colcon_core.shell:Creating prefix util module '/home/joon/automotive_software_final/install/_local_setup_util_sh.py'
[44.435s] INFO:colcon.colcon_core.shell:Creating prefix chain script '/home/joon/automotive_software_final/install/setup.sh'
[44.436s] INFO:colcon.colcon_core.shell:Creating prefix script '/home/joon/automotive_software_final/install/local_setup.bash'
[44.436s] INFO:colcon.colcon_core.shell:Creating prefix chain script '/home/joon/automotive_software_final/install/setup.bash'
[44.437s] INFO:colcon.colcon_core.shell:Creating prefix script '/home/joon/automotive_software_final/install/local_setup.zsh'
[44.438s] INFO:colcon.colcon_core.shell:Creating prefix chain script '/home/joon/automotive_software_final/install/setup.zsh'
