[0.311s] DEBUG:colcon:Command line arguments: ['/usr/bin/colcon', 'build', '--symlink-install']
[0.311s] DEBUG:colcon:Parsed command line arguments: Namespace(log_base=None, log_level=None, verb_name='build', build_base='build', install_base='install', merge_install=False, symlink_install=True, test_result_base=None, continue_on_error=False, executor='parallel', parallel_workers=16, event_handlers=None, ignore_user_meta=False, metas=['./colcon.meta'], base_paths=['.'], packages_ignore=None, packages_ignore_regex=None, paths=None, packages_up_to=None, packages_up_to_regex=None, packages_above=None, packages_above_and_dependencies=None, packages_above_depth=None, packages_select_by_dep=None, packages_skip_by_dep=None, packages_skip_up_to=None, packages_select_build_failed=False, packages_skip_build_finished=False, packages_select_test_failures=False, packages_skip_test_passed=False, packages_select=None, packages_skip=None, packages_select_regex=None, packages_skip_regex=None, packages_start=None, packages_end=None, allow_overriding=[], cmake_args=None, cmake_target=None, cmake_target_skip_unavailable=False, cmake_clean_cache=False, cmake_clean_first=False, cmake_force_configure=False, ament_cmake_args=None, catkin_cmake_args=None, catkin_skip_building_tests=False, mixin_files=None, mixin=None, verb_parser=<colcon_mixin.mixin.mixin_argument.MixinArgumentDecorator object at 0x79e0d80430d0>, verb_extension=<colcon_core.verb.build.BuildVerb object at 0x79e0d815f580>, main=<bound method BuildVerb.main of <colcon_core.verb.build.BuildVerb object at 0x79e0d815f580>>, mixin_verb=('build',))
[0.460s] Level 1:colcon.colcon_core.package_discovery:discover_packages(colcon_meta) check parameters
[0.460s] Level 1:colcon.colcon_core.package_discovery:discover_packages(recursive) check parameters
[0.460s] Level 1:colcon.colcon_core.package_discovery:discover_packages(ignore) check parameters
[0.460s] Level 1:colcon.colcon_core.package_discovery:discover_packages(path) check parameters
[0.460s] Level 1:colcon.colcon_core.package_discovery:discover_packages(colcon_meta) discover
[0.460s] Level 1:colcon.colcon_core.package_discovery:discover_packages(recursive) discover
[0.460s] INFO:colcon.colcon_core.package_discovery:Crawling recursively for packages in '/home/joon/mission_hard/mission_hard'
[0.460s] Level 1:colcon.colcon_core.package_identification:_identify(.) by extensions ['ignore', 'ignore_ament_install']
[0.460s] Level 1:colcon.colcon_core.package_identification:_identify(.) by extension 'ignore'
[0.460s] Level 1:colcon.colcon_core.package_identification:_identify(.) by extension 'ignore_ament_install'
[0.460s] Level 1:colcon.colcon_core.package_identification:_identify(.) by extensions ['colcon_pkg']
[0.460s] Level 1:colcon.colcon_core.package_identification:_identify(.) by extension 'colcon_pkg'
[0.460s] Level 1:colcon.colcon_core.package_identification:_identify(.) by extensions ['colcon_meta']
[0.460s] Level 1:colcon.colcon_core.package_identification:_identify(.) by extension 'colcon_meta'
[0.460s] Level 1:colcon.colcon_core.package_identification:_identify(.) by extensions ['ros']
[0.460s] Level 1:colcon.colcon_core.package_identification:_identify(.) by extension 'ros'
[0.469s] Level 1:colcon.colcon_core.package_identification:_identify(.) by extensions ['cmake', 'python']
[0.469s] Level 1:colcon.colcon_core.package_identification:_identify(.) by extension 'cmake'
[0.469s] Level 1:colcon.colcon_core.package_identification:_identify(.) by extension 'python'
[0.469s] Level 1:colcon.colcon_core.package_identification:_identify(.) by extensions ['python_setup_py']
[0.469s] Level 1:colcon.colcon_core.package_identification:_identify(.) by extension 'python_setup_py'
[0.470s] Level 1:colcon.colcon_core.package_identification:_identify(build) by extensions ['ignore', 'ignore_ament_install']
[0.470s] Level 1:colcon.colcon_core.package_identification:_identify(build) by extension 'ignore'
[0.470s] Level 1:colcon.colcon_core.package_identification:_identify(build) ignored
[0.470s] Level 1:colcon.colcon_core.package_identification:_identify(install) by extensions ['ignore', 'ignore_ament_install']
[0.470s] Level 1:colcon.colcon_core.package_identification:_identify(install) by extension 'ignore'
[0.470s] Level 1:colcon.colcon_core.package_identification:_identify(install) ignored
[0.470s] Level 1:colcon.colcon_core.package_identification:_identify(log) by extensions ['ignore', 'ignore_ament_install']
[0.470s] Level 1:colcon.colcon_core.package_identification:_identify(log) by extension 'ignore'
[0.470s] Level 1:colcon.colcon_core.package_identification:_identify(log) ignored
[0.470s] Level 1:colcon.colcon_core.package_identification:_identify(resources) by extensions ['ignore', 'ignore_ament_install']
[0.470s] Level 1:colcon.colcon_core.package_identification:_identify(resources) by extension 'ignore'
[0.470s] Level 1:colcon.colcon_core.package_identification:_identify(resources) by extension 'ignore_ament_install'
[0.470s] Level 1:colcon.colcon_core.package_identification:_identify(resources) by extensions ['colcon_pkg']
[0.470s] Level 1:colcon.colcon_core.package_identification:_identify(resources) by extension 'colcon_pkg'
[0.470s] Level 1:colcon.colcon_core.package_identification:_identify(resources) by extensions ['colcon_meta']
[0.470s] Level 1:colcon.colcon_core.package_identification:_identify(resources) by extension 'colcon_meta'
[0.470s] Level 1:colcon.colcon_core.package_identification:_identify(resources) by extensions ['ros']
[0.470s] Level 1:colcon.colcon_core.package_identification:_identify(resources) by extension 'ros'
[0.470s] Level 1:colcon.colcon_core.package_identification:_identify(resources) by extensions ['cmake', 'python']
[0.470s] Level 1:colcon.colcon_core.package_identification:_identify(resources) by extension 'cmake'
[0.470s] Level 1:colcon.colcon_core.package_identification:_identify(resources) by extension 'python'
[0.470s] Level 1:colcon.colcon_core.package_identification:_identify(resources) by extensions ['python_setup_py']
[0.470s] Level 1:colcon.colcon_core.package_identification:_identify(resources) by extension 'python_setup_py'
[0.470s] Level 1:colcon.colcon_core.package_identification:_identify(resources/csv) by extensions ['ignore', 'ignore_ament_install']
[0.470s] Level 1:colcon.colcon_core.package_identification:_identify(resources/csv) by extension 'ignore'
[0.470s] Level 1:colcon.colcon_core.package_identification:_identify(resources/csv) by extension 'ignore_ament_install'
[0.471s] Level 1:colcon.colcon_core.package_identification:_identify(resources/csv) by extensions ['colcon_pkg']
[0.471s] Level 1:colcon.colcon_core.package_identification:_identify(resources/csv) by extension 'colcon_pkg'
[0.471s] Level 1:colcon.colcon_core.package_identification:_identify(resources/csv) by extensions ['colcon_meta']
[0.471s] Level 1:colcon.colcon_core.package_identification:_identify(resources/csv) by extension 'colcon_meta'
[0.471s] Level 1:colcon.colcon_core.package_identification:_identify(resources/csv) by extensions ['ros']
[0.471s] Level 1:colcon.colcon_core.package_identification:_identify(resources/csv) by extension 'ros'
[0.471s] Level 1:colcon.colcon_core.package_identification:_identify(resources/csv) by extensions ['cmake', 'python']
[0.471s] Level 1:colcon.colcon_core.package_identification:_identify(resources/csv) by extension 'cmake'
[0.471s] Level 1:colcon.colcon_core.package_identification:_identify(resources/csv) by extension 'python'
[0.471s] Level 1:colcon.colcon_core.package_identification:_identify(resources/csv) by extensions ['python_setup_py']
[0.471s] Level 1:colcon.colcon_core.package_identification:_identify(resources/csv) by extension 'python_setup_py'
[0.471s] Level 1:colcon.colcon_core.package_identification:_identify(resources/csv/evaluation_lane) by extensions ['ignore', 'ignore_ament_install']
[0.471s] Level 1:colcon.colcon_core.package_identification:_identify(resources/csv/evaluation_lane) by extension 'ignore'
[0.471s] Level 1:colcon.colcon_core.package_identification:_identify(resources/csv/evaluation_lane) by extension 'ignore_ament_install'
[0.471s] Level 1:colcon.colcon_core.package_identification:_identify(resources/csv/evaluation_lane) by extensions ['colcon_pkg']
[0.471s] Level 1:colcon.colcon_core.package_identification:_identify(resources/csv/evaluation_lane) by extension 'colcon_pkg'
[0.471s] Level 1:colcon.colcon_core.package_identification:_identify(resources/csv/evaluation_lane) by extensions ['colcon_meta']
[0.471s] Level 1:colcon.colcon_core.package_identification:_identify(resources/csv/evaluation_lane) by extension 'colcon_meta'
[0.471s] Level 1:colcon.colcon_core.package_identification:_identify(resources/csv/evaluation_lane) by extensions ['ros']
[0.471s] Level 1:colcon.colcon_core.package_identification:_identify(resources/csv/evaluation_lane) by extension 'ros'
[0.471s] Level 1:colcon.colcon_core.package_identification:_identify(resources/csv/evaluation_lane) by extensions ['cmake', 'python']
[0.471s] Level 1:colcon.colcon_core.package_identification:_identify(resources/csv/evaluation_lane) by extension 'cmake'
[0.471s] Level 1:colcon.colcon_core.package_identification:_identify(resources/csv/evaluation_lane) by extension 'python'
[0.471s] Level 1:colcon.colcon_core.package_identification:_identify(resources/csv/evaluation_lane) by extensions ['python_setup_py']
[0.471s] Level 1:colcon.colcon_core.package_identification:_identify(resources/csv/evaluation_lane) by extension 'python_setup_py'
[0.471s] Level 1:colcon.colcon_core.package_identification:_identify(resources/csv/simulation_lane) by extensions ['ignore', 'ignore_ament_install']
[0.471s] Level 1:colcon.colcon_core.package_identification:_identify(resources/csv/simulation_lane) by extension 'ignore'
[0.471s] Level 1:colcon.colcon_core.package_identification:_identify(resources/csv/simulation_lane) by extension 'ignore_ament_install'
[0.471s] Level 1:colcon.colcon_core.package_identification:_identify(resources/csv/simulation_lane) by extensions ['colcon_pkg']
[0.471s] Level 1:colcon.colcon_core.package_identification:_identify(resources/csv/simulation_lane) by extension 'colcon_pkg'
[0.471s] Level 1:colcon.colcon_core.package_identification:_identify(resources/csv/simulation_lane) by extensions ['colcon_meta']
[0.471s] Level 1:colcon.colcon_core.package_identification:_identify(resources/csv/simulation_lane) by extension 'colcon_meta'
[0.471s] Level 1:colcon.colcon_core.package_identification:_identify(resources/csv/simulation_lane) by extensions ['ros']
[0.471s] Level 1:colcon.colcon_core.package_identification:_identify(resources/csv/simulation_lane) by extension 'ros'
[0.471s] Level 1:colcon.colcon_core.package_identification:_identify(resources/csv/simulation_lane) by extensions ['cmake', 'python']
[0.471s] Level 1:colcon.colcon_core.package_identification:_identify(resources/csv/simulation_lane) by extension 'cmake'
[0.471s] Level 1:colcon.colcon_core.package_identification:_identify(resources/csv/simulation_lane) by extension 'python'
[0.471s] Level 1:colcon.colcon_core.package_identification:_identify(resources/csv/simulation_lane) by extensions ['python_setup_py']
[0.471s] Level 1:colcon.colcon_core.package_identification:_identify(resources/csv/simulation_lane) by extension 'python_setup_py'
[0.472s] Level 1:colcon.colcon_core.package_identification:_identify(resources/meshes) by extensions ['ignore', 'ignore_ament_install']
[0.472s] Level 1:colcon.colcon_core.package_identification:_identify(resources/meshes) by extension 'ignore'
[0.472s] Level 1:colcon.colcon_core.package_identification:_identify(resources/meshes) by extension 'ignore_ament_install'
[0.472s] Level 1:colcon.colcon_core.package_identification:_identify(resources/meshes) by extensions ['colcon_pkg']
[0.472s] Level 1:colcon.colcon_core.package_identification:_identify(resources/meshes) by extension 'colcon_pkg'
[0.472s] Level 1:colcon.colcon_core.package_identification:_identify(resources/meshes) by extensions ['colcon_meta']
[0.472s] Level 1:colcon.colcon_core.package_identification:_identify(resources/meshes) by extension 'colcon_meta'
[0.472s] Level 1:colcon.colcon_core.package_identification:_identify(resources/meshes) by extensions ['ros']
[0.472s] Level 1:colcon.colcon_core.package_identification:_identify(resources/meshes) by extension 'ros'
[0.472s] Level 1:colcon.colcon_core.package_identification:_identify(resources/meshes) by extensions ['cmake', 'python']
[0.472s] Level 1:colcon.colcon_core.package_identification:_identify(resources/meshes) by extension 'cmake'
[0.472s] Level 1:colcon.colcon_core.package_identification:_identify(resources/meshes) by extension 'python'
[0.472s] Level 1:colcon.colcon_core.package_identification:_identify(resources/meshes) by extensions ['python_setup_py']
[0.472s] Level 1:colcon.colcon_core.package_identification:_identify(resources/meshes) by extension 'python_setup_py'
[0.472s] Level 1:colcon.colcon_core.package_identification:_identify(resources/rviz) by extensions ['ignore', 'ignore_ament_install']
[0.472s] Level 1:colcon.colcon_core.package_identification:_identify(resources/rviz) by extension 'ignore'
[0.472s] Level 1:colcon.colcon_core.package_identification:_identify(resources/rviz) by extension 'ignore_ament_install'
[0.472s] Level 1:colcon.colcon_core.package_identification:_identify(resources/rviz) by extensions ['colcon_pkg']
[0.472s] Level 1:colcon.colcon_core.package_identification:_identify(resources/rviz) by extension 'colcon_pkg'
[0.472s] Level 1:colcon.colcon_core.package_identification:_identify(resources/rviz) by extensions ['colcon_meta']
[0.472s] Level 1:colcon.colcon_core.package_identification:_identify(resources/rviz) by extension 'colcon_meta'
[0.472s] Level 1:colcon.colcon_core.package_identification:_identify(resources/rviz) by extensions ['ros']
[0.472s] Level 1:colcon.colcon_core.package_identification:_identify(resources/rviz) by extension 'ros'
[0.472s] Level 1:colcon.colcon_core.package_identification:_identify(resources/rviz) by extensions ['cmake', 'python']
[0.472s] Level 1:colcon.colcon_core.package_identification:_identify(resources/rviz) by extension 'cmake'
[0.472s] Level 1:colcon.colcon_core.package_identification:_identify(resources/rviz) by extension 'python'
[0.472s] Level 1:colcon.colcon_core.package_identification:_identify(resources/rviz) by extensions ['python_setup_py']
[0.472s] Level 1:colcon.colcon_core.package_identification:_identify(resources/rviz) by extension 'python_setup_py'
[0.472s] Level 1:colcon.colcon_core.package_identification:_identify(src) by extensions ['ignore', 'ignore_ament_install']
[0.472s] Level 1:colcon.colcon_core.package_identification:_identify(src) by extension 'ignore'
[0.472s] Level 1:colcon.colcon_core.package_identification:_identify(src) by extension 'ignore_ament_install'
[0.472s] Level 1:colcon.colcon_core.package_identification:_identify(src) by extensions ['colcon_pkg']
[0.472s] Level 1:colcon.colcon_core.package_identification:_identify(src) by extension 'colcon_pkg'
[0.472s] Level 1:colcon.colcon_core.package_identification:_identify(src) by extensions ['colcon_meta']
[0.472s] Level 1:colcon.colcon_core.package_identification:_identify(src) by extension 'colcon_meta'
[0.472s] Level 1:colcon.colcon_core.package_identification:_identify(src) by extensions ['ros']
[0.472s] Level 1:colcon.colcon_core.package_identification:_identify(src) by extension 'ros'
[0.473s] Level 1:colcon.colcon_core.package_identification:_identify(src) by extensions ['cmake', 'python']
[0.473s] Level 1:colcon.colcon_core.package_identification:_identify(src) by extension 'cmake'
[0.473s] Level 1:colcon.colcon_core.package_identification:_identify(src) by extension 'python'
[0.473s] Level 1:colcon.colcon_core.package_identification:_identify(src) by extensions ['python_setup_py']
[0.473s] Level 1:colcon.colcon_core.package_identification:_identify(src) by extension 'python_setup_py'
[0.473s] Level 1:colcon.colcon_core.package_identification:_identify(src/app) by extensions ['ignore', 'ignore_ament_install']
[0.473s] Level 1:colcon.colcon_core.package_identification:_identify(src/app) by extension 'ignore'
[0.473s] Level 1:colcon.colcon_core.package_identification:_identify(src/app) by extension 'ignore_ament_install'
[0.473s] Level 1:colcon.colcon_core.package_identification:_identify(src/app) by extensions ['colcon_pkg']
[0.473s] Level 1:colcon.colcon_core.package_identification:_identify(src/app) by extension 'colcon_pkg'
[0.473s] Level 1:colcon.colcon_core.package_identification:_identify(src/app) by extensions ['colcon_meta']
[0.473s] Level 1:colcon.colcon_core.package_identification:_identify(src/app) by extension 'colcon_meta'
[0.473s] Level 1:colcon.colcon_core.package_identification:_identify(src/app) by extensions ['ros']
[0.473s] Level 1:colcon.colcon_core.package_identification:_identify(src/app) by extension 'ros'
[0.473s] Level 1:colcon.colcon_core.package_identification:_identify(src/app) by extensions ['cmake', 'python']
[0.473s] Level 1:colcon.colcon_core.package_identification:_identify(src/app) by extension 'cmake'
[0.473s] Level 1:colcon.colcon_core.package_identification:_identify(src/app) by extension 'python'
[0.473s] Level 1:colcon.colcon_core.package_identification:_identify(src/app) by extensions ['python_setup_py']
[0.473s] Level 1:colcon.colcon_core.package_identification:_identify(src/app) by extension 'python_setup_py'
[0.473s] Level 1:colcon.colcon_core.package_identification:_identify(src/app/autonomous_driving) by extensions ['ignore', 'ignore_ament_install']
[0.473s] Level 1:colcon.colcon_core.package_identification:_identify(src/app/autonomous_driving) by extension 'ignore'
[0.473s] Level 1:colcon.colcon_core.package_identification:_identify(src/app/autonomous_driving) by extension 'ignore_ament_install'
[0.473s] Level 1:colcon.colcon_core.package_identification:_identify(src/app/autonomous_driving) by extensions ['colcon_pkg']
[0.473s] Level 1:colcon.colcon_core.package_identification:_identify(src/app/autonomous_driving) by extension 'colcon_pkg'
[0.473s] Level 1:colcon.colcon_core.package_identification:_identify(src/app/autonomous_driving) by extensions ['colcon_meta']
[0.473s] Level 1:colcon.colcon_core.package_identification:_identify(src/app/autonomous_driving) by extension 'colcon_meta'
[0.473s] Level 1:colcon.colcon_core.package_identification:_identify(src/app/autonomous_driving) by extensions ['ros']
[0.473s] Level 1:colcon.colcon_core.package_identification:_identify(src/app/autonomous_driving) by extension 'ros'
[0.475s] DEBUG:colcon.colcon_core.package_identification:Package 'src/app/autonomous_driving' with type 'ros.ament_cmake' and name 'autonomous_driving'
[0.475s] Level 1:colcon.colcon_core.package_identification:_identify(src/app/evaluation) by extensions ['ignore', 'ignore_ament_install']
[0.475s] Level 1:colcon.colcon_core.package_identification:_identify(src/app/evaluation) by extension 'ignore'
[0.475s] Level 1:colcon.colcon_core.package_identification:_identify(src/app/evaluation) by extension 'ignore_ament_install'
[0.476s] Level 1:colcon.colcon_core.package_identification:_identify(src/app/evaluation) by extensions ['colcon_pkg']
[0.476s] Level 1:colcon.colcon_core.package_identification:_identify(src/app/evaluation) by extension 'colcon_pkg'
[0.476s] Level 1:colcon.colcon_core.package_identification:_identify(src/app/evaluation) by extensions ['colcon_meta']
[0.476s] Level 1:colcon.colcon_core.package_identification:_identify(src/app/evaluation) by extension 'colcon_meta'
[0.476s] Level 1:colcon.colcon_core.package_identification:_identify(src/app/evaluation) by extensions ['ros']
[0.476s] Level 1:colcon.colcon_core.package_identification:_identify(src/app/evaluation) by extension 'ros'
[0.476s] DEBUG:colcon.colcon_core.package_identification:Package 'src/app/evaluation' with type 'ros.ament_cmake' and name 'evaluation'
[0.476s] Level 1:colcon.colcon_core.package_identification:_identify(src/app/mission_manager) by extensions ['ignore', 'ignore_ament_install']
[0.476s] Level 1:colcon.colcon_core.package_identification:_identify(src/app/mission_manager) by extension 'ignore'
[0.476s] Level 1:colcon.colcon_core.package_identification:_identify(src/app/mission_manager) by extension 'ignore_ament_install'
[0.477s] Level 1:colcon.colcon_core.package_identification:_identify(src/app/mission_manager) by extensions ['colcon_pkg']
[0.477s] Level 1:colcon.colcon_core.package_identification:_identify(src/app/mission_manager) by extension 'colcon_pkg'
[0.477s] Level 1:colcon.colcon_core.package_identification:_identify(src/app/mission_manager) by extensions ['colcon_meta']
[0.477s] Level 1:colcon.colcon_core.package_identification:_identify(src/app/mission_manager) by extension 'colcon_meta'
[0.477s] Level 1:colcon.colcon_core.package_identification:_identify(src/app/mission_manager) by extensions ['ros']
[0.477s] Level 1:colcon.colcon_core.package_identification:_identify(src/app/mission_manager) by extension 'ros'
[0.477s] DEBUG:colcon.colcon_core.package_identification:Package 'src/app/mission_manager' with type 'ros.ament_cmake' and name 'mission_manager'
[0.477s] Level 1:colcon.colcon_core.package_identification:_identify(src/app/simulator) by extensions ['ignore', 'ignore_ament_install']
[0.477s] Level 1:colcon.colcon_core.package_identification:_identify(src/app/simulator) by extension 'ignore'
[0.477s] Level 1:colcon.colcon_core.package_identification:_identify(src/app/simulator) by extension 'ignore_ament_install'
[0.477s] Level 1:colcon.colcon_core.package_identification:_identify(src/app/simulator) by extensions ['colcon_pkg']
[0.477s] Level 1:colcon.colcon_core.package_identification:_identify(src/app/simulator) by extension 'colcon_pkg'
[0.477s] Level 1:colcon.colcon_core.package_identification:_identify(src/app/simulator) by extensions ['colcon_meta']
[0.477s] Level 1:colcon.colcon_core.package_identification:_identify(src/app/simulator) by extension 'colcon_meta'
[0.477s] Level 1:colcon.colcon_core.package_identification:_identify(src/app/simulator) by extensions ['ros']
[0.477s] Level 1:colcon.colcon_core.package_identification:_identify(src/app/simulator) by extension 'ros'
[0.478s] DEBUG:colcon.colcon_core.package_identification:Package 'src/app/simulator' with type 'ros.ament_cmake' and name 'simulator'
[0.478s] Level 1:colcon.colcon_core.package_identification:_identify(src/bsw) by extensions ['ignore', 'ignore_ament_install']
[0.478s] Level 1:colcon.colcon_core.package_identification:_identify(src/bsw) by extension 'ignore'
[0.478s] Level 1:colcon.colcon_core.package_identification:_identify(src/bsw) by extension 'ignore_ament_install'
[0.478s] Level 1:colcon.colcon_core.package_identification:_identify(src/bsw) by extensions ['colcon_pkg']
[0.478s] Level 1:colcon.colcon_core.package_identification:_identify(src/bsw) by extension 'colcon_pkg'
[0.478s] Level 1:colcon.colcon_core.package_identification:_identify(src/bsw) by extensions ['colcon_meta']
[0.478s] Level 1:colcon.colcon_core.package_identification:_identify(src/bsw) by extension 'colcon_meta'
[0.478s] Level 1:colcon.colcon_core.package_identification:_identify(src/bsw) by extensions ['ros']
[0.478s] Level 1:colcon.colcon_core.package_identification:_identify(src/bsw) by extension 'ros'
[0.478s] Level 1:colcon.colcon_core.package_identification:_identify(src/bsw) by extensions ['cmake', 'python']
[0.478s] Level 1:colcon.colcon_core.package_identification:_identify(src/bsw) by extension 'cmake'
[0.478s] Level 1:colcon.colcon_core.package_identification:_identify(src/bsw) by extension 'python'
[0.478s] Level 1:colcon.colcon_core.package_identification:_identify(src/bsw) by extensions ['python_setup_py']
[0.478s] Level 1:colcon.colcon_core.package_identification:_identify(src/bsw) by extension 'python_setup_py'
[0.478s] Level 1:colcon.colcon_core.package_identification:_identify(src/bsw/system) by extensions ['ignore', 'ignore_ament_install']
[0.478s] Level 1:colcon.colcon_core.package_identification:_identify(src/bsw/system) by extension 'ignore'
[0.478s] Level 1:colcon.colcon_core.package_identification:_identify(src/bsw/system) by extension 'ignore_ament_install'
[0.478s] Level 1:colcon.colcon_core.package_identification:_identify(src/bsw/system) by extensions ['colcon_pkg']
[0.478s] Level 1:colcon.colcon_core.package_identification:_identify(src/bsw/system) by extension 'colcon_pkg'
[0.478s] Level 1:colcon.colcon_core.package_identification:_identify(src/bsw/system) by extensions ['colcon_meta']
[0.478s] Level 1:colcon.colcon_core.package_identification:_identify(src/bsw/system) by extension 'colcon_meta'
[0.479s] Level 1:colcon.colcon_core.package_identification:_identify(src/bsw/system) by extensions ['ros']
[0.479s] Level 1:colcon.colcon_core.package_identification:_identify(src/bsw/system) by extension 'ros'
[0.479s] Level 1:colcon.colcon_core.package_identification:_identify(src/bsw/system) by extensions ['cmake', 'python']
[0.479s] Level 1:colcon.colcon_core.package_identification:_identify(src/bsw/system) by extension 'cmake'
[0.479s] Level 1:colcon.colcon_core.package_identification:_identify(src/bsw/system) by extension 'python'
[0.479s] Level 1:colcon.colcon_core.package_identification:_identify(src/bsw/system) by extensions ['python_setup_py']
[0.479s] Level 1:colcon.colcon_core.package_identification:_identify(src/bsw/system) by extension 'python_setup_py'
[0.479s] Level 1:colcon.colcon_core.package_identification:_identify(src/bsw/system/bridge) by extensions ['ignore', 'ignore_ament_install']
[0.479s] Level 1:colcon.colcon_core.package_identification:_identify(src/bsw/system/bridge) by extension 'ignore'
[0.479s] Level 1:colcon.colcon_core.package_identification:_identify(src/bsw/system/bridge) by extension 'ignore_ament_install'
[0.479s] Level 1:colcon.colcon_core.package_identification:_identify(src/bsw/system/bridge) by extensions ['colcon_pkg']
[0.479s] Level 1:colcon.colcon_core.package_identification:_identify(src/bsw/system/bridge) by extension 'colcon_pkg'
[0.479s] Level 1:colcon.colcon_core.package_identification:_identify(src/bsw/system/bridge) by extensions ['colcon_meta']
[0.479s] Level 1:colcon.colcon_core.package_identification:_identify(src/bsw/system/bridge) by extension 'colcon_meta'
[0.479s] Level 1:colcon.colcon_core.package_identification:_identify(src/bsw/system/bridge) by extensions ['ros']
[0.479s] Level 1:colcon.colcon_core.package_identification:_identify(src/bsw/system/bridge) by extension 'ros'
[0.479s] Level 1:colcon.colcon_core.package_identification:_identify(src/bsw/system/bridge) by extensions ['cmake', 'python']
[0.479s] Level 1:colcon.colcon_core.package_identification:_identify(src/bsw/system/bridge) by extension 'cmake'
[0.479s] Level 1:colcon.colcon_core.package_identification:_identify(src/bsw/system/bridge) by extension 'python'
[0.479s] Level 1:colcon.colcon_core.package_identification:_identify(src/bsw/system/bridge) by extensions ['python_setup_py']
[0.479s] Level 1:colcon.colcon_core.package_identification:_identify(src/bsw/system/bridge) by extension 'python_setup_py'
[0.479s] Level 1:colcon.colcon_core.package_identification:_identify(src/bsw/system/interface) by extensions ['ignore', 'ignore_ament_install']
[0.479s] Level 1:colcon.colcon_core.package_identification:_identify(src/bsw/system/interface) by extension 'ignore'
[0.479s] Level 1:colcon.colcon_core.package_identification:_identify(src/bsw/system/interface) by extension 'ignore_ament_install'
[0.479s] Level 1:colcon.colcon_core.package_identification:_identify(src/bsw/system/interface) by extensions ['colcon_pkg']
[0.479s] Level 1:colcon.colcon_core.package_identification:_identify(src/bsw/system/interface) by extension 'colcon_pkg'
[0.479s] Level 1:colcon.colcon_core.package_identification:_identify(src/bsw/system/interface) by extensions ['colcon_meta']
[0.479s] Level 1:colcon.colcon_core.package_identification:_identify(src/bsw/system/interface) by extension 'colcon_meta'
[0.479s] Level 1:colcon.colcon_core.package_identification:_identify(src/bsw/system/interface) by extensions ['ros']
[0.479s] Level 1:colcon.colcon_core.package_identification:_identify(src/bsw/system/interface) by extension 'ros'
[0.479s] Level 1:colcon.colcon_core.package_identification:_identify(src/bsw/system/interface) by extensions ['cmake', 'python']
[0.479s] Level 1:colcon.colcon_core.package_identification:_identify(src/bsw/system/interface) by extension 'cmake'
[0.479s] Level 1:colcon.colcon_core.package_identification:_identify(src/bsw/system/interface) by extension 'python'
[0.479s] Level 1:colcon.colcon_core.package_identification:_identify(src/bsw/system/interface) by extensions ['python_setup_py']
[0.479s] Level 1:colcon.colcon_core.package_identification:_identify(src/bsw/system/interface) by extension 'python_setup_py'
[0.480s] Level 1:colcon.colcon_core.package_identification:_identify(src/rte) by extensions ['ignore', 'ignore_ament_install']
[0.480s] Level 1:colcon.colcon_core.package_identification:_identify(src/rte) by extension 'ignore'
[0.480s] Level 1:colcon.colcon_core.package_identification:_identify(src/rte) by extension 'ignore_ament_install'
[0.480s] Level 1:colcon.colcon_core.package_identification:_identify(src/rte) by extensions ['colcon_pkg']
[0.480s] Level 1:colcon.colcon_core.package_identification:_identify(src/rte) by extension 'colcon_pkg'
[0.480s] Level 1:colcon.colcon_core.package_identification:_identify(src/rte) by extensions ['colcon_meta']
[0.480s] Level 1:colcon.colcon_core.package_identification:_identify(src/rte) by extension 'colcon_meta'
[0.480s] Level 1:colcon.colcon_core.package_identification:_identify(src/rte) by extensions ['ros']
[0.480s] Level 1:colcon.colcon_core.package_identification:_identify(src/rte) by extension 'ros'
[0.480s] Level 1:colcon.colcon_core.package_identification:_identify(src/rte) by extensions ['cmake', 'python']
[0.480s] Level 1:colcon.colcon_core.package_identification:_identify(src/rte) by extension 'cmake'
[0.480s] Level 1:colcon.colcon_core.package_identification:_identify(src/rte) by extension 'python'
[0.480s] Level 1:colcon.colcon_core.package_identification:_identify(src/rte) by extensions ['python_setup_py']
[0.480s] Level 1:colcon.colcon_core.package_identification:_identify(src/rte) by extension 'python_setup_py'
[0.480s] Level 1:colcon.colcon_core.package_identification:_identify(src/rte/msg) by extensions ['ignore', 'ignore_ament_install']
[0.480s] Level 1:colcon.colcon_core.package_identification:_identify(src/rte/msg) by extension 'ignore'
[0.480s] Level 1:colcon.colcon_core.package_identification:_identify(src/rte/msg) by extension 'ignore_ament_install'
[0.480s] Level 1:colcon.colcon_core.package_identification:_identify(src/rte/msg) by extensions ['colcon_pkg']
[0.480s] Level 1:colcon.colcon_core.package_identification:_identify(src/rte/msg) by extension 'colcon_pkg'
[0.480s] Level 1:colcon.colcon_core.package_identification:_identify(src/rte/msg) by extensions ['colcon_meta']
[0.480s] Level 1:colcon.colcon_core.package_identification:_identify(src/rte/msg) by extension 'colcon_meta'
[0.480s] Level 1:colcon.colcon_core.package_identification:_identify(src/rte/msg) by extensions ['ros']
[0.480s] Level 1:colcon.colcon_core.package_identification:_identify(src/rte/msg) by extension 'ros'
[0.480s] Level 1:colcon.colcon_core.package_identification:_identify(src/rte/msg) by extensions ['cmake', 'python']
[0.480s] Level 1:colcon.colcon_core.package_identification:_identify(src/rte/msg) by extension 'cmake'
[0.480s] Level 1:colcon.colcon_core.package_identification:_identify(src/rte/msg) by extension 'python'
[0.480s] Level 1:colcon.colcon_core.package_identification:_identify(src/rte/msg) by extensions ['python_setup_py']
[0.480s] Level 1:colcon.colcon_core.package_identification:_identify(src/rte/msg) by extension 'python_setup_py'
[0.480s] Level 1:colcon.colcon_core.package_identification:_identify(src/rte/msg/ad_msgs) by extensions ['ignore', 'ignore_ament_install']
[0.480s] Level 1:colcon.colcon_core.package_identification:_identify(src/rte/msg/ad_msgs) by extension 'ignore'
[0.480s] Level 1:colcon.colcon_core.package_identification:_identify(src/rte/msg/ad_msgs) by extension 'ignore_ament_install'
[0.480s] Level 1:colcon.colcon_core.package_identification:_identify(src/rte/msg/ad_msgs) by extensions ['colcon_pkg']
[0.480s] Level 1:colcon.colcon_core.package_identification:_identify(src/rte/msg/ad_msgs) by extension 'colcon_pkg'
[0.481s] Level 1:colcon.colcon_core.package_identification:_identify(src/rte/msg/ad_msgs) by extensions ['colcon_meta']
[0.481s] Level 1:colcon.colcon_core.package_identification:_identify(src/rte/msg/ad_msgs) by extension 'colcon_meta'
[0.481s] Level 1:colcon.colcon_core.package_identification:_identify(src/rte/msg/ad_msgs) by extensions ['ros']
[0.481s] Level 1:colcon.colcon_core.package_identification:_identify(src/rte/msg/ad_msgs) by extension 'ros'
[0.481s] DEBUG:colcon.colcon_core.package_identification:Package 'src/rte/msg/ad_msgs' with type 'ros.ament_cmake' and name 'ad_msgs'
[0.481s] Level 1:colcon.colcon_core.package_discovery:discover_packages(recursive) using defaults
[0.481s] Level 1:colcon.colcon_core.package_discovery:discover_packages(ignore) discover
[0.481s] Level 1:colcon.colcon_core.package_discovery:discover_packages(ignore) using defaults
[0.481s] Level 1:colcon.colcon_core.package_discovery:discover_packages(path) discover
[0.481s] Level 1:colcon.colcon_core.package_discovery:discover_packages(path) using defaults
[0.514s] Level 1:colcon.colcon_core.package_discovery:discover_packages(prefix_path) check parameters
[0.514s] Level 1:colcon.colcon_core.package_discovery:discover_packages(prefix_path) discover
[0.516s] DEBUG:colcon.colcon_installed_package_information.package_discovery:Found 5 installed packages in /home/joon/mission_hard/mission_hard/install
[0.516s] DEBUG:colcon.colcon_installed_package_information.package_discovery:Found 5 installed packages in /home/joon/automotive_software_final/install
[0.518s] DEBUG:colcon.colcon_installed_package_information.package_discovery:Found 445 installed packages in /opt/ros/humble
[0.519s] Level 1:colcon.colcon_core.package_discovery:discover_packages(prefix_path) using defaults
[0.574s] Level 5:colcon.colcon_core.verb:set package 'ad_msgs' build argument 'cmake_args' from command line to 'None'
[0.574s] Level 5:colcon.colcon_core.verb:set package 'ad_msgs' build argument 'cmake_target' from command line to 'None'
[0.574s] Level 5:colcon.colcon_core.verb:set package 'ad_msgs' build argument 'cmake_target_skip_unavailable' from command line to 'False'
[0.574s] Level 5:colcon.colcon_core.verb:set package 'ad_msgs' build argument 'cmake_clean_cache' from command line to 'False'
[0.574s] Level 5:colcon.colcon_core.verb:set package 'ad_msgs' build argument 'cmake_clean_first' from command line to 'False'
[0.574s] Level 5:colcon.colcon_core.verb:set package 'ad_msgs' build argument 'cmake_force_configure' from command line to 'False'
[0.574s] Level 5:colcon.colcon_core.verb:set package 'ad_msgs' build argument 'ament_cmake_args' from command line to 'None'
[0.574s] Level 5:colcon.colcon_core.verb:set package 'ad_msgs' build argument 'catkin_cmake_args' from command line to 'None'
[0.574s] Level 5:colcon.colcon_core.verb:set package 'ad_msgs' build argument 'catkin_skip_building_tests' from command line to 'False'
[0.574s] DEBUG:colcon.colcon_core.verb:Building package 'ad_msgs' with the following arguments: {'ament_cmake_args': None, 'build_base': '/home/joon/mission_hard/mission_hard/build/ad_msgs', 'catkin_cmake_args': None, 'catkin_skip_building_tests': False, 'cmake_args': None, 'cmake_clean_cache': False, 'cmake_clean_first': False, 'cmake_force_configure': False, 'cmake_target': None, 'cmake_target_skip_unavailable': False, 'install_base': '/home/joon/mission_hard/mission_hard/install/ad_msgs', 'merge_install': False, 'path': '/home/joon/mission_hard/mission_hard/src/rte/msg/ad_msgs', 'symlink_install': True, 'test_result_base': None}
[0.575s] Level 5:colcon.colcon_core.verb:set package 'autonomous_driving' build argument 'cmake_args' from command line to 'None'
[0.575s] Level 5:colcon.colcon_core.verb:set package 'autonomous_driving' build argument 'cmake_target' from command line to 'None'
[0.575s] Level 5:colcon.colcon_core.verb:set package 'autonomous_driving' build argument 'cmake_target_skip_unavailable' from command line to 'False'
[0.575s] Level 5:colcon.colcon_core.verb:set package 'autonomous_driving' build argument 'cmake_clean_cache' from command line to 'False'
[0.575s] Level 5:colcon.colcon_core.verb:set package 'autonomous_driving' build argument 'cmake_clean_first' from command line to 'False'
[0.575s] Level 5:colcon.colcon_core.verb:set package 'autonomous_driving' build argument 'cmake_force_configure' from command line to 'False'
[0.575s] Level 5:colcon.colcon_core.verb:set package 'autonomous_driving' build argument 'ament_cmake_args' from command line to 'None'
[0.575s] Level 5:colcon.colcon_core.verb:set package 'autonomous_driving' build argument 'catkin_cmake_args' from command line to 'None'
[0.575s] Level 5:colcon.colcon_core.verb:set package 'autonomous_driving' build argument 'catkin_skip_building_tests' from command line to 'False'
[0.575s] DEBUG:colcon.colcon_core.verb:Building package 'autonomous_driving' with the following arguments: {'ament_cmake_args': None, 'build_base': '/home/joon/mission_hard/mission_hard/build/autonomous_driving', 'catkin_cmake_args': None, 'catkin_skip_building_tests': False, 'cmake_args': None, 'cmake_clean_cache': False, 'cmake_clean_first': False, 'cmake_force_configure': False, 'cmake_target': None, 'cmake_target_skip_unavailable': False, 'install_base': '/home/joon/mission_hard/mission_hard/install/autonomous_driving', 'merge_install': False, 'path': '/home/joon/mission_hard/mission_hard/src/app/autonomous_driving', 'symlink_install': True, 'test_result_base': None}
[0.575s] Level 5:colcon.colcon_core.verb:set package 'evaluation' build argument 'cmake_args' from command line to 'None'
[0.575s] Level 5:colcon.colcon_core.verb:set package 'evaluation' build argument 'cmake_target' from command line to 'None'
[0.575s] Level 5:colcon.colcon_core.verb:set package 'evaluation' build argument 'cmake_target_skip_unavailable' from command line to 'False'
[0.575s] Level 5:colcon.colcon_core.verb:set package 'evaluation' build argument 'cmake_clean_cache' from command line to 'False'
[0.575s] Level 5:colcon.colcon_core.verb:set package 'evaluation' build argument 'cmake_clean_first' from command line to 'False'
[0.575s] Level 5:colcon.colcon_core.verb:set package 'evaluation' build argument 'cmake_force_configure' from command line to 'False'
[0.575s] Level 5:colcon.colcon_core.verb:set package 'evaluation' build argument 'ament_cmake_args' from command line to 'None'
[0.575s] Level 5:colcon.colcon_core.verb:set package 'evaluation' build argument 'catkin_cmake_args' from command line to 'None'
[0.575s] Level 5:colcon.colcon_core.verb:set package 'evaluation' build argument 'catkin_skip_building_tests' from command line to 'False'
[0.575s] DEBUG:colcon.colcon_core.verb:Building package 'evaluation' with the following arguments: {'ament_cmake_args': None, 'build_base': '/home/joon/mission_hard/mission_hard/build/evaluation', 'catkin_cmake_args': None, 'catkin_skip_building_tests': False, 'cmake_args': None, 'cmake_clean_cache': False, 'cmake_clean_first': False, 'cmake_force_configure': False, 'cmake_target': None, 'cmake_target_skip_unavailable': False, 'install_base': '/home/joon/mission_hard/mission_hard/install/evaluation', 'merge_install': False, 'path': '/home/joon/mission_hard/mission_hard/src/app/evaluation', 'symlink_install': True, 'test_result_base': None}
[0.575s] Level 5:colcon.colcon_core.verb:set package 'mission_manager' build argument 'cmake_args' from command line to 'None'
[0.575s] Level 5:colcon.colcon_core.verb:set package 'mission_manager' build argument 'cmake_target' from command line to 'None'
[0.575s] Level 5:colcon.colcon_core.verb:set package 'mission_manager' build argument 'cmake_target_skip_unavailable' from command line to 'False'
[0.575s] Level 5:colcon.colcon_core.verb:set package 'mission_manager' build argument 'cmake_clean_cache' from command line to 'False'
[0.575s] Level 5:colcon.colcon_core.verb:set package 'mission_manager' build argument 'cmake_clean_first' from command line to 'False'
[0.575s] Level 5:colcon.colcon_core.verb:set package 'mission_manager' build argument 'cmake_force_configure' from command line to 'False'
[0.575s] Level 5:colcon.colcon_core.verb:set package 'mission_manager' build argument 'ament_cmake_args' from command line to 'None'
[0.575s] Level 5:colcon.colcon_core.verb:set package 'mission_manager' build argument 'catkin_cmake_args' from command line to 'None'
[0.575s] Level 5:colcon.colcon_core.verb:set package 'mission_manager' build argument 'catkin_skip_building_tests' from command line to 'False'
[0.575s] DEBUG:colcon.colcon_core.verb:Building package 'mission_manager' with the following arguments: {'ament_cmake_args': None, 'build_base': '/home/joon/mission_hard/mission_hard/build/mission_manager', 'catkin_cmake_args': None, 'catkin_skip_building_tests': False, 'cmake_args': None, 'cmake_clean_cache': False, 'cmake_clean_first': False, 'cmake_force_configure': False, 'cmake_target': None, 'cmake_target_skip_unavailable': False, 'install_base': '/home/joon/mission_hard/mission_hard/install/mission_manager', 'merge_install': False, 'path': '/home/joon/mission_hard/mission_hard/src/app/mission_manager', 'symlink_install': True, 'test_result_base': None}
[0.575s] Level 5:colcon.colcon_core.verb:set package 'simulator' build argument 'cmake_args' from command line to 'None'
[0.575s] Level 5:colcon.colcon_core.verb:set package 'simulator' build argument 'cmake_target' from command line to 'None'
[0.575s] Level 5:colcon.colcon_core.verb:set package 'simulator' build argument 'cmake_target_skip_unavailable' from command line to 'False'
[0.575s] Level 5:colcon.colcon_core.verb:set package 'simulator' build argument 'cmake_clean_cache' from command line to 'False'
[0.575s] Level 5:colcon.colcon_core.verb:set package 'simulator' build argument 'cmake_clean_first' from command line to 'False'
[0.575s] Level 5:colcon.colcon_core.verb:set package 'simulator' build argument 'cmake_force_configure' from command line to 'False'
[0.576s] Level 5:colcon.colcon_core.verb:set package 'simulator' build argument 'ament_cmake_args' from command line to 'None'
[0.576s] Level 5:colcon.colcon_core.verb:set package 'simulator' build argument 'catkin_cmake_args' from command line to 'None'
[0.576s] Level 5:colcon.colcon_core.verb:set package 'simulator' build argument 'catkin_skip_building_tests' from command line to 'False'
[0.576s] DEBUG:colcon.colcon_core.verb:Building package 'simulator' with the following arguments: {'ament_cmake_args': None, 'build_base': '/home/joon/mission_hard/mission_hard/build/simulator', 'catkin_cmake_args': None, 'catkin_skip_building_tests': False, 'cmake_args': None, 'cmake_clean_cache': False, 'cmake_clean_first': False, 'cmake_force_configure': False, 'cmake_target': None, 'cmake_target_skip_unavailable': False, 'install_base': '/home/joon/mission_hard/mission_hard/install/simulator', 'merge_install': False, 'path': '/home/joon/mission_hard/mission_hard/src/app/simulator', 'symlink_install': True, 'test_result_base': None}
[0.576s] INFO:colcon.colcon_core.executor:Executing jobs using 'parallel' executor
[0.577s] DEBUG:colcon.colcon_parallel_executor.executor.parallel:run_until_complete
[0.577s] INFO:colcon.colcon_ros.task.ament_cmake.build:Building ROS package in '/home/joon/mission_hard/mission_hard/src/rte/msg/ad_msgs' with build type 'ament_cmake'
[0.577s] INFO:colcon.colcon_cmake.task.cmake.build:Building CMake package in '/home/joon/mission_hard/mission_hard/src/rte/msg/ad_msgs'
[0.580s] INFO:colcon.colcon_core.plugin_system:Skipping extension 'colcon_core.shell.bat': Not used on non-Windows systems
[0.580s] INFO:colcon.colcon_core.shell:Skip shell extension 'powershell' for command environment: Not usable outside of PowerShell
[0.580s] DEBUG:colcon.colcon_core.shell:Skip shell extension 'dsv' for command environment
[0.592s] DEBUG:colcon.colcon_core.event_handler.log_command:Invoking command in '/home/joon/mission_hard/mission_hard/build/ad_msgs': CMAKE_PREFIX_PATH=${CMAKE_PREFIX_PATH}:/opt/ros/humble /usr/bin/cmake --build /home/joon/mission_hard/mission_hard/build/ad_msgs -- -j16 -l16
[0.914s] DEBUG:colcon.colcon_core.event_handler.log_command:Invoked command in '/home/joon/mission_hard/mission_hard/build/ad_msgs' returned '0': CMAKE_PREFIX_PATH=${CMAKE_PREFIX_PATH}:/opt/ros/humble /usr/bin/cmake --build /home/joon/mission_hard/mission_hard/build/ad_msgs -- -j16 -l16
[0.923s] DEBUG:colcon.colcon_core.event_handler.log_command:Invoking command in '/home/joon/mission_hard/mission_hard/build/ad_msgs': CMAKE_PREFIX_PATH=${CMAKE_PREFIX_PATH}:/opt/ros/humble /usr/bin/cmake --install /home/joon/mission_hard/mission_hard/build/ad_msgs
[1.007s] Level 1:colcon.colcon_core.environment:create_environment_scripts_only(ad_msgs)
[1.007s] DEBUG:colcon.colcon_core.event_handler.log_command:Invoked command in '/home/joon/mission_hard/mission_hard/build/ad_msgs' returned '0': CMAKE_PREFIX_PATH=${CMAKE_PREFIX_PATH}:/opt/ros/humble /usr/bin/cmake --install /home/joon/mission_hard/mission_hard/build/ad_msgs
[1.010s] Level 1:colcon.colcon_core.environment:checking '/home/joon/mission_hard/mission_hard/install/ad_msgs' for CMake module files
[1.010s] Level 1:colcon.colcon_core.environment:checking '/home/joon/mission_hard/mission_hard/install/ad_msgs' for CMake config files
[1.011s] Level 1:colcon.colcon_core.shell:create_environment_hook('ad_msgs', 'cmake_prefix_path')
[1.012s] INFO:colcon.colcon_core.shell:Creating environment hook '/home/joon/mission_hard/mission_hard/install/ad_msgs/share/ad_msgs/hook/cmake_prefix_path.ps1'
[1.012s] INFO:colcon.colcon_core.shell:Creating environment descriptor '/home/joon/mission_hard/mission_hard/install/ad_msgs/share/ad_msgs/hook/cmake_prefix_path.dsv'
[1.013s] INFO:colcon.colcon_core.shell:Creating environment hook '/home/joon/mission_hard/mission_hard/install/ad_msgs/share/ad_msgs/hook/cmake_prefix_path.sh'
[1.013s] Level 1:colcon.colcon_core.environment:checking '/home/joon/mission_hard/mission_hard/install/ad_msgs/lib'
[1.013s] Level 1:colcon.colcon_core.shell:create_environment_hook('ad_msgs', 'ld_library_path_lib')
[1.014s] INFO:colcon.colcon_core.shell:Creating environment hook '/home/joon/mission_hard/mission_hard/install/ad_msgs/share/ad_msgs/hook/ld_library_path_lib.ps1'
[1.014s] INFO:colcon.colcon_core.shell:Creating environment descriptor '/home/joon/mission_hard/mission_hard/install/ad_msgs/share/ad_msgs/hook/ld_library_path_lib.dsv'
[1.014s] INFO:colcon.colcon_core.shell:Creating environment hook '/home/joon/mission_hard/mission_hard/install/ad_msgs/share/ad_msgs/hook/ld_library_path_lib.sh'
[1.015s] Level 1:colcon.colcon_core.environment:checking '/home/joon/mission_hard/mission_hard/install/ad_msgs/bin'
[1.015s] Level 1:colcon.colcon_core.environment:checking '/home/joon/mission_hard/mission_hard/install/ad_msgs/lib/pkgconfig/ad_msgs.pc'
[1.015s] Level 1:colcon.colcon_core.environment:checking '/home/joon/mission_hard/mission_hard/install/ad_msgs/lib/python3.10/site-packages'
[1.015s] Level 1:colcon.colcon_core.environment:checking '/home/joon/mission_hard/mission_hard/install/ad_msgs/bin'
[1.015s] INFO:colcon.colcon_core.shell:Creating package script '/home/joon/mission_hard/mission_hard/install/ad_msgs/share/ad_msgs/package.ps1'
[1.016s] INFO:colcon.colcon_core.shell:Creating package descriptor '/home/joon/mission_hard/mission_hard/install/ad_msgs/share/ad_msgs/package.dsv'
[1.016s] INFO:colcon.colcon_core.shell:Creating package script '/home/joon/mission_hard/mission_hard/install/ad_msgs/share/ad_msgs/package.sh'
[1.017s] INFO:colcon.colcon_core.shell:Creating package script '/home/joon/mission_hard/mission_hard/install/ad_msgs/share/ad_msgs/package.bash'
[1.018s] INFO:colcon.colcon_core.shell:Creating package script '/home/joon/mission_hard/mission_hard/install/ad_msgs/share/ad_msgs/package.zsh'
[1.018s] Level 1:colcon.colcon_core.environment:create_file_with_runtime_dependencies(/home/joon/mission_hard/mission_hard/install/ad_msgs/share/colcon-core/packages/ad_msgs)
[1.019s] Level 1:colcon.colcon_core.environment:create_environment_scripts_only(ad_msgs)
[1.019s] Level 1:colcon.colcon_core.environment:checking '/home/joon/mission_hard/mission_hard/install/ad_msgs' for CMake module files
[1.020s] Level 1:colcon.colcon_core.environment:checking '/home/joon/mission_hard/mission_hard/install/ad_msgs' for CMake config files
[1.021s] Level 1:colcon.colcon_core.shell:create_environment_hook('ad_msgs', 'cmake_prefix_path')
[1.021s] INFO:colcon.colcon_core.shell:Creating environment hook '/home/joon/mission_hard/mission_hard/install/ad_msgs/share/ad_msgs/hook/cmake_prefix_path.ps1'
[1.022s] INFO:colcon.colcon_core.shell:Creating environment descriptor '/home/joon/mission_hard/mission_hard/install/ad_msgs/share/ad_msgs/hook/cmake_prefix_path.dsv'
[1.022s] INFO:colcon.colcon_core.shell:Creating environment hook '/home/joon/mission_hard/mission_hard/install/ad_msgs/share/ad_msgs/hook/cmake_prefix_path.sh'
[1.023s] Level 1:colcon.colcon_core.environment:checking '/home/joon/mission_hard/mission_hard/install/ad_msgs/lib'
[1.023s] Level 1:colcon.colcon_core.shell:create_environment_hook('ad_msgs', 'ld_library_path_lib')
[1.023s] INFO:colcon.colcon_core.shell:Creating environment hook '/home/joon/mission_hard/mission_hard/install/ad_msgs/share/ad_msgs/hook/ld_library_path_lib.ps1'
[1.023s] INFO:colcon.colcon_core.shell:Creating environment descriptor '/home/joon/mission_hard/mission_hard/install/ad_msgs/share/ad_msgs/hook/ld_library_path_lib.dsv'
[1.024s] INFO:colcon.colcon_core.shell:Creating environment hook '/home/joon/mission_hard/mission_hard/install/ad_msgs/share/ad_msgs/hook/ld_library_path_lib.sh'
[1.024s] Level 1:colcon.colcon_core.environment:checking '/home/joon/mission_hard/mission_hard/install/ad_msgs/bin'
[1.024s] Level 1:colcon.colcon_core.environment:checking '/home/joon/mission_hard/mission_hard/install/ad_msgs/lib/pkgconfig/ad_msgs.pc'
[1.024s] Level 1:colcon.colcon_core.environment:checking '/home/joon/mission_hard/mission_hard/install/ad_msgs/lib/python3.10/site-packages'
[1.024s] Level 1:colcon.colcon_core.environment:checking '/home/joon/mission_hard/mission_hard/install/ad_msgs/bin'
[1.025s] INFO:colcon.colcon_core.shell:Creating package script '/home/joon/mission_hard/mission_hard/install/ad_msgs/share/ad_msgs/package.ps1'
[1.025s] INFO:colcon.colcon_core.shell:Creating package descriptor '/home/joon/mission_hard/mission_hard/install/ad_msgs/share/ad_msgs/package.dsv'
[1.025s] INFO:colcon.colcon_core.shell:Creating package script '/home/joon/mission_hard/mission_hard/install/ad_msgs/share/ad_msgs/package.sh'
[1.026s] INFO:colcon.colcon_core.shell:Creating package script '/home/joon/mission_hard/mission_hard/install/ad_msgs/share/ad_msgs/package.bash'
[1.026s] INFO:colcon.colcon_core.shell:Creating package script '/home/joon/mission_hard/mission_hard/install/ad_msgs/share/ad_msgs/package.zsh'
[1.026s] Level 1:colcon.colcon_core.environment:create_file_with_runtime_dependencies(/home/joon/mission_hard/mission_hard/install/ad_msgs/share/colcon-core/packages/ad_msgs)
[1.026s] INFO:colcon.colcon_ros.task.ament_cmake.build:Building ROS package in '/home/joon/mission_hard/mission_hard/src/app/autonomous_driving' with build type 'ament_cmake'
[1.026s] INFO:colcon.colcon_cmake.task.cmake.build:Building CMake package in '/home/joon/mission_hard/mission_hard/src/app/autonomous_driving'
[1.027s] INFO:colcon.colcon_core.shell:Skip shell extension 'powershell' for command environment: Not usable outside of PowerShell
[1.027s] DEBUG:colcon.colcon_core.shell:Skip shell extension 'dsv' for command environment
[1.032s] INFO:colcon.colcon_ros.task.ament_cmake.build:Building ROS package in '/home/joon/mission_hard/mission_hard/src/app/evaluation' with build type 'ament_cmake'
[1.032s] INFO:colcon.colcon_cmake.task.cmake.build:Building CMake package in '/home/joon/mission_hard/mission_hard/src/app/evaluation'
[1.032s] INFO:colcon.colcon_core.shell:Skip shell extension 'powershell' for command environment: Not usable outside of PowerShell
[1.032s] DEBUG:colcon.colcon_core.shell:Skip shell extension 'dsv' for command environment
[1.037s] INFO:colcon.colcon_ros.task.ament_cmake.build:Building ROS package in '/home/joon/mission_hard/mission_hard/src/app/mission_manager' with build type 'ament_cmake'
[1.037s] INFO:colcon.colcon_cmake.task.cmake.build:Building CMake package in '/home/joon/mission_hard/mission_hard/src/app/mission_manager'
[1.038s] INFO:colcon.colcon_core.shell:Skip shell extension 'powershell' for command environment: Not usable outside of PowerShell
[1.038s] DEBUG:colcon.colcon_core.shell:Skip shell extension 'dsv' for command environment
[1.044s] INFO:colcon.colcon_ros.task.ament_cmake.build:Building ROS package in '/home/joon/mission_hard/mission_hard/src/app/simulator' with build type 'ament_cmake'
[1.044s] INFO:colcon.colcon_cmake.task.cmake.build:Building CMake package in '/home/joon/mission_hard/mission_hard/src/app/simulator'
[1.044s] INFO:colcon.colcon_core.shell:Skip shell extension 'powershell' for command environment: Not usable outside of PowerShell
[1.044s] DEBUG:colcon.colcon_core.shell:Skip shell extension 'dsv' for command environment
[1.099s] DEBUG:colcon.colcon_core.event_handler.log_command:Invoking command in '/home/joon/mission_hard/mission_hard/build/autonomous_driving': CMAKE_PREFIX_PATH=/home/joon/mission_hard/mission_hard/install/ad_msgs:/home/joon/mission_hard/mission_hard/install/simulator:/home/joon/mission_hard/mission_hard/install/mission_manager:/home/joon/mission_hard/mission_hard/install/evaluation:/home/joon/mission_hard/mission_hard/install/autonomous_driving:/home/joon/automotive_software_final/install/simulator:/home/joon/automotive_software_final/install/mission_manager:/home/joon/automotive_software_final/install/evaluation:/home/joon/automotive_software_final/install/autonomous_driving:/home/joon/automotive_software_final/install/ad_msgs:/opt/ros/humble /usr/bin/cmake --build /home/joon/mission_hard/mission_hard/build/autonomous_driving -- -j16 -l16
[1.106s] DEBUG:colcon.colcon_core.event_handler.log_command:Invoking command in '/home/joon/mission_hard/mission_hard/build/evaluation': CMAKE_PREFIX_PATH=/home/joon/mission_hard/mission_hard/install/ad_msgs:/home/joon/mission_hard/mission_hard/install/simulator:/home/joon/mission_hard/mission_hard/install/mission_manager:/home/joon/mission_hard/mission_hard/install/evaluation:/home/joon/mission_hard/mission_hard/install/autonomous_driving:/home/joon/automotive_software_final/install/simulator:/home/joon/automotive_software_final/install/mission_manager:/home/joon/automotive_software_final/install/evaluation:/home/joon/automotive_software_final/install/autonomous_driving:/home/joon/automotive_software_final/install/ad_msgs:/opt/ros/humble /usr/bin/cmake --build /home/joon/mission_hard/mission_hard/build/evaluation -- -j16 -l16
[1.114s] DEBUG:colcon.colcon_core.event_handler.log_command:Invoking command in '/home/joon/mission_hard/mission_hard/build/simulator': CMAKE_PREFIX_PATH=/home/joon/mission_hard/mission_hard/install/ad_msgs:/home/joon/mission_hard/mission_hard/install/simulator:/home/joon/mission_hard/mission_hard/install/mission_manager:/home/joon/mission_hard/mission_hard/install/evaluation:/home/joon/mission_hard/mission_hard/install/autonomous_driving:/home/joon/automotive_software_final/install/simulator:/home/joon/automotive_software_final/install/mission_manager:/home/joon/automotive_software_final/install/evaluation:/home/joon/automotive_software_final/install/autonomous_driving:/home/joon/automotive_software_final/install/ad_msgs:/opt/ros/humble /usr/bin/cmake --build /home/joon/mission_hard/mission_hard/build/simulator -- -j16 -l16
[1.120s] DEBUG:colcon.colcon_core.event_handler.log_command:Invoking command in '/home/joon/mission_hard/mission_hard/build/mission_manager': CMAKE_PREFIX_PATH=/home/joon/mission_hard/mission_hard/install/ad_msgs:/home/joon/mission_hard/mission_hard/install/simulator:/home/joon/mission_hard/mission_hard/install/mission_manager:/home/joon/mission_hard/mission_hard/install/evaluation:/home/joon/mission_hard/mission_hard/install/autonomous_driving:/home/joon/automotive_software_final/install/simulator:/home/joon/automotive_software_final/install/mission_manager:/home/joon/automotive_software_final/install/evaluation:/home/joon/automotive_software_final/install/autonomous_driving:/home/joon/automotive_software_final/install/ad_msgs:/opt/ros/humble /usr/bin/cmake --build /home/joon/mission_hard/mission_hard/build/mission_manager -- -j16 -l16
[1.183s] DEBUG:colcon.colcon_core.event_handler.log_command:Invoked command in '/home/joon/mission_hard/mission_hard/build/evaluation' returned '0': CMAKE_PREFIX_PATH=/home/joon/mission_hard/mission_hard/install/ad_msgs:/home/joon/mission_hard/mission_hard/install/simulator:/home/joon/mission_hard/mission_hard/install/mission_manager:/home/joon/mission_hard/mission_hard/install/evaluation:/home/joon/mission_hard/mission_hard/install/autonomous_driving:/home/joon/automotive_software_final/install/simulator:/home/joon/automotive_software_final/install/mission_manager:/home/joon/automotive_software_final/install/evaluation:/home/joon/automotive_software_final/install/autonomous_driving:/home/joon/automotive_software_final/install/ad_msgs:/opt/ros/humble /usr/bin/cmake --build /home/joon/mission_hard/mission_hard/build/evaluation -- -j16 -l16
[1.187s] DEBUG:colcon.colcon_core.event_handler.log_command:Invoking command in '/home/joon/mission_hard/mission_hard/build/evaluation': CMAKE_PREFIX_PATH=/home/joon/mission_hard/mission_hard/install/ad_msgs:/home/joon/mission_hard/mission_hard/install/simulator:/home/joon/mission_hard/mission_hard/install/mission_manager:/home/joon/mission_hard/mission_hard/install/evaluation:/home/joon/mission_hard/mission_hard/install/autonomous_driving:/home/joon/automotive_software_final/install/simulator:/home/joon/automotive_software_final/install/mission_manager:/home/joon/automotive_software_final/install/evaluation:/home/joon/automotive_software_final/install/autonomous_driving:/home/joon/automotive_software_final/install/ad_msgs:/opt/ros/humble /usr/bin/cmake --install /home/joon/mission_hard/mission_hard/build/evaluation
[1.193s] DEBUG:colcon.colcon_core.event_handler.log_command:Invoked command in '/home/joon/mission_hard/mission_hard/build/simulator' returned '0': CMAKE_PREFIX_PATH=/home/joon/mission_hard/mission_hard/install/ad_msgs:/home/joon/mission_hard/mission_hard/install/simulator:/home/joon/mission_hard/mission_hard/install/mission_manager:/home/joon/mission_hard/mission_hard/install/evaluation:/home/joon/mission_hard/mission_hard/install/autonomous_driving:/home/joon/automotive_software_final/install/simulator:/home/joon/automotive_software_final/install/mission_manager:/home/joon/automotive_software_final/install/evaluation:/home/joon/automotive_software_final/install/autonomous_driving:/home/joon/automotive_software_final/install/ad_msgs:/opt/ros/humble /usr/bin/cmake --build /home/joon/mission_hard/mission_hard/build/simulator -- -j16 -l16
[1.204s] DEBUG:colcon.colcon_core.event_handler.log_command:Invoking command in '/home/joon/mission_hard/mission_hard/build/simulator': CMAKE_PREFIX_PATH=/home/joon/mission_hard/mission_hard/install/ad_msgs:/home/joon/mission_hard/mission_hard/install/simulator:/home/joon/mission_hard/mission_hard/install/mission_manager:/home/joon/mission_hard/mission_hard/install/evaluation:/home/joon/mission_hard/mission_hard/install/autonomous_driving:/home/joon/automotive_software_final/install/simulator:/home/joon/automotive_software_final/install/mission_manager:/home/joon/automotive_software_final/install/evaluation:/home/joon/automotive_software_final/install/autonomous_driving:/home/joon/automotive_software_final/install/ad_msgs:/opt/ros/humble /usr/bin/cmake --install /home/joon/mission_hard/mission_hard/build/simulator
[1.212s] DEBUG:colcon.colcon_core.event_handler.log_command:Invoked command in '/home/joon/mission_hard/mission_hard/build/mission_manager' returned '0': CMAKE_PREFIX_PATH=/home/joon/mission_hard/mission_hard/install/ad_msgs:/home/joon/mission_hard/mission_hard/install/simulator:/home/joon/mission_hard/mission_hard/install/mission_manager:/home/joon/mission_hard/mission_hard/install/evaluation:/home/joon/mission_hard/mission_hard/install/autonomous_driving:/home/joon/automotive_software_final/install/simulator:/home/joon/automotive_software_final/install/mission_manager:/home/joon/automotive_software_final/install/evaluation:/home/joon/automotive_software_final/install/autonomous_driving:/home/joon/automotive_software_final/install/ad_msgs:/opt/ros/humble /usr/bin/cmake --build /home/joon/mission_hard/mission_hard/build/mission_manager -- -j16 -l16
[1.215s] DEBUG:colcon.colcon_core.event_handler.log_command:Invoking command in '/home/joon/mission_hard/mission_hard/build/mission_manager': CMAKE_PREFIX_PATH=/home/joon/mission_hard/mission_hard/install/ad_msgs:/home/joon/mission_hard/mission_hard/install/simulator:/home/joon/mission_hard/mission_hard/install/mission_manager:/home/joon/mission_hard/mission_hard/install/evaluation:/home/joon/mission_hard/mission_hard/install/autonomous_driving:/home/joon/automotive_software_final/install/simulator:/home/joon/automotive_software_final/install/mission_manager:/home/joon/automotive_software_final/install/evaluation:/home/joon/automotive_software_final/install/autonomous_driving:/home/joon/automotive_software_final/install/ad_msgs:/opt/ros/humble /usr/bin/cmake --install /home/joon/mission_hard/mission_hard/build/mission_manager
[1.217s] Level 1:colcon.colcon_core.environment:create_environment_scripts_only(evaluation)
[1.218s] DEBUG:colcon.colcon_core.event_handler.log_command:Invoked command in '/home/joon/mission_hard/mission_hard/build/evaluation' returned '0': CMAKE_PREFIX_PATH=/home/joon/mission_hard/mission_hard/install/ad_msgs:/home/joon/mission_hard/mission_hard/install/simulator:/home/joon/mission_hard/mission_hard/install/mission_manager:/home/joon/mission_hard/mission_hard/install/evaluation:/home/joon/mission_hard/mission_hard/install/autonomous_driving:/home/joon/automotive_software_final/install/simulator:/home/joon/automotive_software_final/install/mission_manager:/home/joon/automotive_software_final/install/evaluation:/home/joon/automotive_software_final/install/autonomous_driving:/home/joon/automotive_software_final/install/ad_msgs:/opt/ros/humble /usr/bin/cmake --install /home/joon/mission_hard/mission_hard/build/evaluation
[1.218s] Level 1:colcon.colcon_core.environment:checking '/home/joon/mission_hard/mission_hard/install/evaluation' for CMake module files
[1.219s] Level 1:colcon.colcon_core.environment:checking '/home/joon/mission_hard/mission_hard/install/evaluation' for CMake config files
[1.219s] Level 1:colcon.colcon_core.shell:create_environment_hook('evaluation', 'cmake_prefix_path')
[1.220s] INFO:colcon.colcon_core.shell:Creating environment hook '/home/joon/mission_hard/mission_hard/install/evaluation/share/evaluation/hook/cmake_prefix_path.ps1'
[1.221s] INFO:colcon.colcon_core.shell:Creating environment descriptor '/home/joon/mission_hard/mission_hard/install/evaluation/share/evaluation/hook/cmake_prefix_path.dsv'
[1.224s] INFO:colcon.colcon_core.shell:Creating environment hook '/home/joon/mission_hard/mission_hard/install/evaluation/share/evaluation/hook/cmake_prefix_path.sh'
[1.228s] Level 1:colcon.colcon_core.environment:checking '/home/joon/mission_hard/mission_hard/install/evaluation/lib'
[1.228s] Level 1:colcon.colcon_core.environment:checking '/home/joon/mission_hard/mission_hard/install/evaluation/bin'
[1.228s] Level 1:colcon.colcon_core.environment:checking '/home/joon/mission_hard/mission_hard/install/evaluation/lib/pkgconfig/evaluation.pc'
[1.228s] Level 1:colcon.colcon_core.environment:checking '/home/joon/mission_hard/mission_hard/install/evaluation/lib/python3.10/site-packages'
[1.229s] Level 1:colcon.colcon_core.environment:checking '/home/joon/mission_hard/mission_hard/install/evaluation/bin'
[1.229s] INFO:colcon.colcon_core.shell:Creating package script '/home/joon/mission_hard/mission_hard/install/evaluation/share/evaluation/package.ps1'
[1.230s] INFO:colcon.colcon_core.shell:Creating package descriptor '/home/joon/mission_hard/mission_hard/install/evaluation/share/evaluation/package.dsv'
[1.230s] INFO:colcon.colcon_core.shell:Creating package script '/home/joon/mission_hard/mission_hard/install/evaluation/share/evaluation/package.sh'
[1.230s] INFO:colcon.colcon_core.shell:Creating package script '/home/joon/mission_hard/mission_hard/install/evaluation/share/evaluation/package.bash'
[1.231s] INFO:colcon.colcon_core.shell:Creating package script '/home/joon/mission_hard/mission_hard/install/evaluation/share/evaluation/package.zsh'
[1.231s] Level 1:colcon.colcon_core.environment:create_file_with_runtime_dependencies(/home/joon/mission_hard/mission_hard/install/evaluation/share/colcon-core/packages/evaluation)
[1.231s] Level 1:colcon.colcon_core.environment:create_environment_scripts_only(evaluation)
[1.232s] Level 1:colcon.colcon_core.environment:checking '/home/joon/mission_hard/mission_hard/install/evaluation' for CMake module files
[1.232s] Level 1:colcon.colcon_core.environment:checking '/home/joon/mission_hard/mission_hard/install/evaluation' for CMake config files
[1.232s] Level 1:colcon.colcon_core.shell:create_environment_hook('evaluation', 'cmake_prefix_path')
[1.232s] INFO:colcon.colcon_core.shell:Creating environment hook '/home/joon/mission_hard/mission_hard/install/evaluation/share/evaluation/hook/cmake_prefix_path.ps1'
[1.233s] INFO:colcon.colcon_core.shell:Creating environment descriptor '/home/joon/mission_hard/mission_hard/install/evaluation/share/evaluation/hook/cmake_prefix_path.dsv'
[1.233s] INFO:colcon.colcon_core.shell:Creating environment hook '/home/joon/mission_hard/mission_hard/install/evaluation/share/evaluation/hook/cmake_prefix_path.sh'
[1.234s] Level 1:colcon.colcon_core.environment:checking '/home/joon/mission_hard/mission_hard/install/evaluation/lib'
[1.235s] Level 1:colcon.colcon_core.environment:checking '/home/joon/mission_hard/mission_hard/install/evaluation/bin'
[1.235s] Level 1:colcon.colcon_core.environment:checking '/home/joon/mission_hard/mission_hard/install/evaluation/lib/pkgconfig/evaluation.pc'
[1.235s] Level 1:colcon.colcon_core.environment:checking '/home/joon/mission_hard/mission_hard/install/evaluation/lib/python3.10/site-packages'
[1.235s] Level 1:colcon.colcon_core.environment:checking '/home/joon/mission_hard/mission_hard/install/evaluation/bin'
[1.236s] INFO:colcon.colcon_core.shell:Creating package script '/home/joon/mission_hard/mission_hard/install/evaluation/share/evaluation/package.ps1'
[1.236s] INFO:colcon.colcon_core.shell:Creating package descriptor '/home/joon/mission_hard/mission_hard/install/evaluation/share/evaluation/package.dsv'
[1.237s] INFO:colcon.colcon_core.shell:Creating package script '/home/joon/mission_hard/mission_hard/install/evaluation/share/evaluation/package.sh'
[1.237s] INFO:colcon.colcon_core.shell:Creating package script '/home/joon/mission_hard/mission_hard/install/evaluation/share/evaluation/package.bash'
[1.237s] INFO:colcon.colcon_core.shell:Creating package script '/home/joon/mission_hard/mission_hard/install/evaluation/share/evaluation/package.zsh'
[1.238s] Level 1:colcon.colcon_core.environment:create_file_with_runtime_dependencies(/home/joon/mission_hard/mission_hard/install/evaluation/share/colcon-core/packages/evaluation)
[1.240s] Level 1:colcon.colcon_core.environment:create_environment_scripts_only(simulator)
[1.240s] Level 1:colcon.colcon_core.environment:checking '/home/joon/mission_hard/mission_hard/install/simulator' for CMake module files
[1.241s] DEBUG:colcon.colcon_core.event_handler.log_command:Invoked command in '/home/joon/mission_hard/mission_hard/build/simulator' returned '0': CMAKE_PREFIX_PATH=/home/joon/mission_hard/mission_hard/install/ad_msgs:/home/joon/mission_hard/mission_hard/install/simulator:/home/joon/mission_hard/mission_hard/install/mission_manager:/home/joon/mission_hard/mission_hard/install/evaluation:/home/joon/mission_hard/mission_hard/install/autonomous_driving:/home/joon/automotive_software_final/install/simulator:/home/joon/automotive_software_final/install/mission_manager:/home/joon/automotive_software_final/install/evaluation:/home/joon/automotive_software_final/install/autonomous_driving:/home/joon/automotive_software_final/install/ad_msgs:/opt/ros/humble /usr/bin/cmake --install /home/joon/mission_hard/mission_hard/build/simulator
[1.241s] Level 1:colcon.colcon_core.environment:checking '/home/joon/mission_hard/mission_hard/install/simulator' for CMake config files
[1.241s] Level 1:colcon.colcon_core.shell:create_environment_hook('simulator', 'cmake_prefix_path')
[1.241s] INFO:colcon.colcon_core.shell:Creating environment hook '/home/joon/mission_hard/mission_hard/install/simulator/share/simulator/hook/cmake_prefix_path.ps1'
[1.241s] INFO:colcon.colcon_core.shell:Creating environment descriptor '/home/joon/mission_hard/mission_hard/install/simulator/share/simulator/hook/cmake_prefix_path.dsv'
[1.242s] INFO:colcon.colcon_core.shell:Creating environment hook '/home/joon/mission_hard/mission_hard/install/simulator/share/simulator/hook/cmake_prefix_path.sh'
[1.242s] Level 1:colcon.colcon_core.environment:checking '/home/joon/mission_hard/mission_hard/install/simulator/lib'
[1.242s] Level 1:colcon.colcon_core.environment:checking '/home/joon/mission_hard/mission_hard/install/simulator/bin'
[1.242s] Level 1:colcon.colcon_core.environment:checking '/home/joon/mission_hard/mission_hard/install/simulator/lib/pkgconfig/simulator.pc'
[1.242s] Level 1:colcon.colcon_core.environment:checking '/home/joon/mission_hard/mission_hard/install/simulator/lib/python3.10/site-packages'
[1.243s] Level 1:colcon.colcon_core.environment:checking '/home/joon/mission_hard/mission_hard/install/simulator/bin'
[1.243s] INFO:colcon.colcon_core.shell:Creating package script '/home/joon/mission_hard/mission_hard/install/simulator/share/simulator/package.ps1'
[1.243s] INFO:colcon.colcon_core.shell:Creating package descriptor '/home/joon/mission_hard/mission_hard/install/simulator/share/simulator/package.dsv'
[1.244s] INFO:colcon.colcon_core.shell:Creating package script '/home/joon/mission_hard/mission_hard/install/simulator/share/simulator/package.sh'
[1.245s] INFO:colcon.colcon_core.shell:Creating package script '/home/joon/mission_hard/mission_hard/install/simulator/share/simulator/package.bash'
[1.246s] INFO:colcon.colcon_core.shell:Creating package script '/home/joon/mission_hard/mission_hard/install/simulator/share/simulator/package.zsh'
[1.246s] Level 1:colcon.colcon_core.environment:create_file_with_runtime_dependencies(/home/joon/mission_hard/mission_hard/install/simulator/share/colcon-core/packages/simulator)
[1.247s] Level 1:colcon.colcon_core.environment:create_environment_scripts_only(simulator)
[1.247s] Level 1:colcon.colcon_core.environment:checking '/home/joon/mission_hard/mission_hard/install/simulator' for CMake module files
[1.248s] Level 1:colcon.colcon_core.environment:checking '/home/joon/mission_hard/mission_hard/install/simulator' for CMake config files
[1.248s] Level 1:colcon.colcon_core.shell:create_environment_hook('simulator', 'cmake_prefix_path')
[1.248s] INFO:colcon.colcon_core.shell:Creating environment hook '/home/joon/mission_hard/mission_hard/install/simulator/share/simulator/hook/cmake_prefix_path.ps1'
[1.249s] INFO:colcon.colcon_core.shell:Creating environment descriptor '/home/joon/mission_hard/mission_hard/install/simulator/share/simulator/hook/cmake_prefix_path.dsv'
[1.249s] INFO:colcon.colcon_core.shell:Creating environment hook '/home/joon/mission_hard/mission_hard/install/simulator/share/simulator/hook/cmake_prefix_path.sh'
[1.250s] Level 1:colcon.colcon_core.environment:checking '/home/joon/mission_hard/mission_hard/install/simulator/lib'
[1.250s] Level 1:colcon.colcon_core.environment:checking '/home/joon/mission_hard/mission_hard/install/simulator/bin'
[1.250s] Level 1:colcon.colcon_core.environment:checking '/home/joon/mission_hard/mission_hard/install/simulator/lib/pkgconfig/simulator.pc'
[1.250s] Level 1:colcon.colcon_core.environment:checking '/home/joon/mission_hard/mission_hard/install/simulator/lib/python3.10/site-packages'
[1.250s] Level 1:colcon.colcon_core.environment:checking '/home/joon/mission_hard/mission_hard/install/simulator/bin'
[1.250s] INFO:colcon.colcon_core.shell:Creating package script '/home/joon/mission_hard/mission_hard/install/simulator/share/simulator/package.ps1'
[1.251s] INFO:colcon.colcon_core.shell:Creating package descriptor '/home/joon/mission_hard/mission_hard/install/simulator/share/simulator/package.dsv'
[1.251s] INFO:colcon.colcon_core.shell:Creating package script '/home/joon/mission_hard/mission_hard/install/simulator/share/simulator/package.sh'
[1.252s] INFO:colcon.colcon_core.shell:Creating package script '/home/joon/mission_hard/mission_hard/install/simulator/share/simulator/package.bash'
[1.252s] INFO:colcon.colcon_core.shell:Creating package script '/home/joon/mission_hard/mission_hard/install/simulator/share/simulator/package.zsh'
[1.252s] Level 1:colcon.colcon_core.environment:create_file_with_runtime_dependencies(/home/joon/mission_hard/mission_hard/install/simulator/share/colcon-core/packages/simulator)
[1.253s] Level 1:colcon.colcon_core.environment:create_environment_scripts_only(mission_manager)
[1.253s] Level 1:colcon.colcon_core.environment:checking '/home/joon/mission_hard/mission_hard/install/mission_manager' for CMake module files
[1.255s] DEBUG:colcon.colcon_core.event_handler.log_command:Invoked command in '/home/joon/mission_hard/mission_hard/build/mission_manager' returned '0': CMAKE_PREFIX_PATH=/home/joon/mission_hard/mission_hard/install/ad_msgs:/home/joon/mission_hard/mission_hard/install/simulator:/home/joon/mission_hard/mission_hard/install/mission_manager:/home/joon/mission_hard/mission_hard/install/evaluation:/home/joon/mission_hard/mission_hard/install/autonomous_driving:/home/joon/automotive_software_final/install/simulator:/home/joon/automotive_software_final/install/mission_manager:/home/joon/automotive_software_final/install/evaluation:/home/joon/automotive_software_final/install/autonomous_driving:/home/joon/automotive_software_final/install/ad_msgs:/opt/ros/humble /usr/bin/cmake --install /home/joon/mission_hard/mission_hard/build/mission_manager
[1.255s] Level 1:colcon.colcon_core.environment:checking '/home/joon/mission_hard/mission_hard/install/mission_manager' for CMake config files
[1.255s] Level 1:colcon.colcon_core.shell:create_environment_hook('mission_manager', 'cmake_prefix_path')
[1.255s] INFO:colcon.colcon_core.shell:Creating environment hook '/home/joon/mission_hard/mission_hard/install/mission_manager/share/mission_manager/hook/cmake_prefix_path.ps1'
[1.256s] INFO:colcon.colcon_core.shell:Creating environment descriptor '/home/joon/mission_hard/mission_hard/install/mission_manager/share/mission_manager/hook/cmake_prefix_path.dsv'
[1.256s] INFO:colcon.colcon_core.shell:Creating environment hook '/home/joon/mission_hard/mission_hard/install/mission_manager/share/mission_manager/hook/cmake_prefix_path.sh'
[1.257s] Level 1:colcon.colcon_core.environment:checking '/home/joon/mission_hard/mission_hard/install/mission_manager/lib'
[1.257s] Level 1:colcon.colcon_core.environment:checking '/home/joon/mission_hard/mission_hard/install/mission_manager/bin'
[1.257s] Level 1:colcon.colcon_core.environment:checking '/home/joon/mission_hard/mission_hard/install/mission_manager/lib/pkgconfig/mission_manager.pc'
[1.257s] Level 1:colcon.colcon_core.environment:checking '/home/joon/mission_hard/mission_hard/install/mission_manager/lib/python3.10/site-packages'
[1.257s] Level 1:colcon.colcon_core.environment:checking '/home/joon/mission_hard/mission_hard/install/mission_manager/bin'
[1.257s] INFO:colcon.colcon_core.shell:Creating package script '/home/joon/mission_hard/mission_hard/install/mission_manager/share/mission_manager/package.ps1'
[1.258s] INFO:colcon.colcon_core.shell:Creating package descriptor '/home/joon/mission_hard/mission_hard/install/mission_manager/share/mission_manager/package.dsv'
[1.258s] INFO:colcon.colcon_core.shell:Creating package script '/home/joon/mission_hard/mission_hard/install/mission_manager/share/mission_manager/package.sh'
[1.259s] INFO:colcon.colcon_core.shell:Creating package script '/home/joon/mission_hard/mission_hard/install/mission_manager/share/mission_manager/package.bash'
[1.259s] INFO:colcon.colcon_core.shell:Creating package script '/home/joon/mission_hard/mission_hard/install/mission_manager/share/mission_manager/package.zsh'
[1.259s] Level 1:colcon.colcon_core.environment:create_file_with_runtime_dependencies(/home/joon/mission_hard/mission_hard/install/mission_manager/share/colcon-core/packages/mission_manager)
[1.260s] Level 1:colcon.colcon_core.environment:create_environment_scripts_only(mission_manager)
[1.260s] Level 1:colcon.colcon_core.environment:checking '/home/joon/mission_hard/mission_hard/install/mission_manager' for CMake module files
[1.260s] Level 1:colcon.colcon_core.environment:checking '/home/joon/mission_hard/mission_hard/install/mission_manager' for CMake config files
[1.260s] Level 1:colcon.colcon_core.shell:create_environment_hook('mission_manager', 'cmake_prefix_path')
[1.260s] INFO:colcon.colcon_core.shell:Creating environment hook '/home/joon/mission_hard/mission_hard/install/mission_manager/share/mission_manager/hook/cmake_prefix_path.ps1'
[1.261s] INFO:colcon.colcon_core.shell:Creating environment descriptor '/home/joon/mission_hard/mission_hard/install/mission_manager/share/mission_manager/hook/cmake_prefix_path.dsv'
[1.261s] INFO:colcon.colcon_core.shell:Creating environment hook '/home/joon/mission_hard/mission_hard/install/mission_manager/share/mission_manager/hook/cmake_prefix_path.sh'
[1.262s] Level 1:colcon.colcon_core.environment:checking '/home/joon/mission_hard/mission_hard/install/mission_manager/lib'
[1.262s] Level 1:colcon.colcon_core.environment:checking '/home/joon/mission_hard/mission_hard/install/mission_manager/bin'
[1.262s] Level 1:colcon.colcon_core.environment:checking '/home/joon/mission_hard/mission_hard/install/mission_manager/lib/pkgconfig/mission_manager.pc'
[1.262s] Level 1:colcon.colcon_core.environment:checking '/home/joon/mission_hard/mission_hard/install/mission_manager/lib/python3.10/site-packages'
[1.262s] Level 1:colcon.colcon_core.environment:checking '/home/joon/mission_hard/mission_hard/install/mission_manager/bin'
[1.262s] INFO:colcon.colcon_core.shell:Creating package script '/home/joon/mission_hard/mission_hard/install/mission_manager/share/mission_manager/package.ps1'
[1.263s] INFO:colcon.colcon_core.shell:Creating package descriptor '/home/joon/mission_hard/mission_hard/install/mission_manager/share/mission_manager/package.dsv'
[1.263s] INFO:colcon.colcon_core.shell:Creating package script '/home/joon/mission_hard/mission_hard/install/mission_manager/share/mission_manager/package.sh'
[1.263s] INFO:colcon.colcon_core.shell:Creating package script '/home/joon/mission_hard/mission_hard/install/mission_manager/share/mission_manager/package.bash'
[1.264s] INFO:colcon.colcon_core.shell:Creating package script '/home/joon/mission_hard/mission_hard/install/mission_manager/share/mission_manager/package.zsh'
[1.265s] Level 1:colcon.colcon_core.environment:create_file_with_runtime_dependencies(/home/joon/mission_hard/mission_hard/install/mission_manager/share/colcon-core/packages/mission_manager)
[6.242s] DEBUG:colcon.colcon_core.event_handler.log_command:Invoked command in '/home/joon/mission_hard/mission_hard/build/autonomous_driving' returned '0': CMAKE_PREFIX_PATH=/home/joon/mission_hard/mission_hard/install/ad_msgs:/home/joon/mission_hard/mission_hard/install/simulator:/home/joon/mission_hard/mission_hard/install/mission_manager:/home/joon/mission_hard/mission_hard/install/evaluation:/home/joon/mission_hard/mission_hard/install/autonomous_driving:/home/joon/automotive_software_final/install/simulator:/home/joon/automotive_software_final/install/mission_manager:/home/joon/automotive_software_final/install/evaluation:/home/joon/automotive_software_final/install/autonomous_driving:/home/joon/automotive_software_final/install/ad_msgs:/opt/ros/humble /usr/bin/cmake --build /home/joon/mission_hard/mission_hard/build/autonomous_driving -- -j16 -l16
[6.245s] DEBUG:colcon.colcon_core.event_handler.log_command:Invoking command in '/home/joon/mission_hard/mission_hard/build/autonomous_driving': CMAKE_PREFIX_PATH=/home/joon/mission_hard/mission_hard/install/ad_msgs:/home/joon/mission_hard/mission_hard/install/simulator:/home/joon/mission_hard/mission_hard/install/mission_manager:/home/joon/mission_hard/mission_hard/install/evaluation:/home/joon/mission_hard/mission_hard/install/autonomous_driving:/home/joon/automotive_software_final/install/simulator:/home/joon/automotive_software_final/install/mission_manager:/home/joon/automotive_software_final/install/evaluation:/home/joon/automotive_software_final/install/autonomous_driving:/home/joon/automotive_software_final/install/ad_msgs:/opt/ros/humble /usr/bin/cmake --install /home/joon/mission_hard/mission_hard/build/autonomous_driving
[6.262s] Level 1:colcon.colcon_core.environment:create_environment_scripts_only(autonomous_driving)
[6.263s] DEBUG:colcon.colcon_core.event_handler.log_command:Invoked command in '/home/joon/mission_hard/mission_hard/build/autonomous_driving' returned '0': CMAKE_PREFIX_PATH=/home/joon/mission_hard/mission_hard/install/ad_msgs:/home/joon/mission_hard/mission_hard/install/simulator:/home/joon/mission_hard/mission_hard/install/mission_manager:/home/joon/mission_hard/mission_hard/install/evaluation:/home/joon/mission_hard/mission_hard/install/autonomous_driving:/home/joon/automotive_software_final/install/simulator:/home/joon/automotive_software_final/install/mission_manager:/home/joon/automotive_software_final/install/evaluation:/home/joon/automotive_software_final/install/autonomous_driving:/home/joon/automotive_software_final/install/ad_msgs:/opt/ros/humble /usr/bin/cmake --install /home/joon/mission_hard/mission_hard/build/autonomous_driving
[6.263s] Level 1:colcon.colcon_core.environment:checking '/home/joon/mission_hard/mission_hard/install/autonomous_driving' for CMake module files
[6.264s] Level 1:colcon.colcon_core.environment:checking '/home/joon/mission_hard/mission_hard/install/autonomous_driving' for CMake config files
[6.264s] Level 1:colcon.colcon_core.shell:create_environment_hook('autonomous_driving', 'cmake_prefix_path')
[6.264s] INFO:colcon.colcon_core.shell:Creating environment hook '/home/joon/mission_hard/mission_hard/install/autonomous_driving/share/autonomous_driving/hook/cmake_prefix_path.ps1'
[6.265s] INFO:colcon.colcon_core.shell:Creating environment descriptor '/home/joon/mission_hard/mission_hard/install/autonomous_driving/share/autonomous_driving/hook/cmake_prefix_path.dsv'
[6.265s] INFO:colcon.colcon_core.shell:Creating environment hook '/home/joon/mission_hard/mission_hard/install/autonomous_driving/share/autonomous_driving/hook/cmake_prefix_path.sh'
[6.265s] Level 1:colcon.colcon_core.environment:checking '/home/joon/mission_hard/mission_hard/install/autonomous_driving/lib'
[6.265s] Level 1:colcon.colcon_core.environment:checking '/home/joon/mission_hard/mission_hard/install/autonomous_driving/bin'
[6.265s] Level 1:colcon.colcon_core.environment:checking '/home/joon/mission_hard/mission_hard/install/autonomous_driving/lib/pkgconfig/autonomous_driving.pc'
[6.266s] Level 1:colcon.colcon_core.environment:checking '/home/joon/mission_hard/mission_hard/install/autonomous_driving/lib/python3.10/site-packages'
[6.266s] Level 1:colcon.colcon_core.environment:checking '/home/joon/mission_hard/mission_hard/install/autonomous_driving/bin'
[6.266s] INFO:colcon.colcon_core.shell:Creating package script '/home/joon/mission_hard/mission_hard/install/autonomous_driving/share/autonomous_driving/package.ps1'
[6.266s] INFO:colcon.colcon_core.shell:Creating package descriptor '/home/joon/mission_hard/mission_hard/install/autonomous_driving/share/autonomous_driving/package.dsv'
[6.267s] INFO:colcon.colcon_core.shell:Creating package script '/home/joon/mission_hard/mission_hard/install/autonomous_driving/share/autonomous_driving/package.sh'
[6.267s] INFO:colcon.colcon_core.shell:Creating package script '/home/joon/mission_hard/mission_hard/install/autonomous_driving/share/autonomous_driving/package.bash'
[6.267s] INFO:colcon.colcon_core.shell:Creating package script '/home/joon/mission_hard/mission_hard/install/autonomous_driving/share/autonomous_driving/package.zsh'
[6.267s] Level 1:colcon.colcon_core.environment:create_file_with_runtime_dependencies(/home/joon/mission_hard/mission_hard/install/autonomous_driving/share/colcon-core/packages/autonomous_driving)
[6.268s] Level 1:colcon.colcon_core.environment:create_environment_scripts_only(autonomous_driving)
[6.268s] Level 1:colcon.colcon_core.environment:checking '/home/joon/mission_hard/mission_hard/install/autonomous_driving' for CMake module files
[6.268s] Level 1:colcon.colcon_core.environment:checking '/home/joon/mission_hard/mission_hard/install/autonomous_driving' for CMake config files
[6.268s] Level 1:colcon.colcon_core.shell:create_environment_hook('autonomous_driving', 'cmake_prefix_path')
[6.269s] INFO:colcon.colcon_core.shell:Creating environment hook '/home/joon/mission_hard/mission_hard/install/autonomous_driving/share/autonomous_driving/hook/cmake_prefix_path.ps1'
[6.269s] INFO:colcon.colcon_core.shell:Creating environment descriptor '/home/joon/mission_hard/mission_hard/install/autonomous_driving/share/autonomous_driving/hook/cmake_prefix_path.dsv'
[6.269s] INFO:colcon.colcon_core.shell:Creating environment hook '/home/joon/mission_hard/mission_hard/install/autonomous_driving/share/autonomous_driving/hook/cmake_prefix_path.sh'
[6.269s] Level 1:colcon.colcon_core.environment:checking '/home/joon/mission_hard/mission_hard/install/autonomous_driving/lib'
[6.269s] Level 1:colcon.colcon_core.environment:checking '/home/joon/mission_hard/mission_hard/install/autonomous_driving/bin'
[6.269s] Level 1:colcon.colcon_core.environment:checking '/home/joon/mission_hard/mission_hard/install/autonomous_driving/lib/pkgconfig/autonomous_driving.pc'
[6.270s] Level 1:colcon.colcon_core.environment:checking '/home/joon/mission_hard/mission_hard/install/autonomous_driving/lib/python3.10/site-packages'
[6.270s] Level 1:colcon.colcon_core.environment:checking '/home/joon/mission_hard/mission_hard/install/autonomous_driving/bin'
[6.270s] INFO:colcon.colcon_core.shell:Creating package script '/home/joon/mission_hard/mission_hard/install/autonomous_driving/share/autonomous_driving/package.ps1'
[6.270s] INFO:colcon.colcon_core.shell:Creating package descriptor '/home/joon/mission_hard/mission_hard/install/autonomous_driving/share/autonomous_driving/package.dsv'
[6.271s] INFO:colcon.colcon_core.shell:Creating package script '/home/joon/mission_hard/mission_hard/install/autonomous_driving/share/autonomous_driving/package.sh'
[6.271s] INFO:colcon.colcon_core.shell:Creating package script '/home/joon/mission_hard/mission_hard/install/autonomous_driving/share/autonomous_driving/package.bash'
[6.271s] INFO:colcon.colcon_core.shell:Creating package script '/home/joon/mission_hard/mission_hard/install/autonomous_driving/share/autonomous_driving/package.zsh'
[6.271s] Level 1:colcon.colcon_core.environment:create_file_with_runtime_dependencies(/home/joon/mission_hard/mission_hard/install/autonomous_driving/share/colcon-core/packages/autonomous_driving)
[6.272s] DEBUG:colcon.colcon_parallel_executor.executor.parallel:closing loop
[6.272s] DEBUG:colcon.colcon_parallel_executor.executor.parallel:loop closed
[6.272s] DEBUG:colcon.colcon_parallel_executor.executor.parallel:run_until_complete finished with '0'
[6.272s] DEBUG:colcon.colcon_core.event_reactor:joining thread
[6.319s] INFO:colcon.colcon_core.plugin_system:Skipping extension 'colcon_notification.desktop_notification.notify_send': Could not find 'notify-send'
[6.320s] INFO:colcon.colcon_core.plugin_system:Skipping extension 'colcon_notification.desktop_notification.terminal_notifier': Not used on non-Darwin systems
[6.320s] INFO:colcon.colcon_core.plugin_system:Skipping extension 'colcon_notification.desktop_notification.win32': Not used on non-Windows systems
[6.320s] INFO:colcon.colcon_notification.desktop_notification:Sending desktop notification using 'notify2'
[6.320s] DEBUG:colcon.colcon_notification.desktop_notification.notify2:Failed to initialize notify2: org.freedesktop.DBus.Error.FileNotFound: Failed to connect to socket /run/user/1000/bus: No such file or directory
[6.320s] DEBUG:colcon.colcon_core.event_reactor:joined thread
[6.320s] INFO:colcon.colcon_core.shell:Creating prefix script '/home/joon/mission_hard/mission_hard/install/local_setup.ps1'
[6.321s] INFO:colcon.colcon_core.shell:Creating prefix util module '/home/joon/mission_hard/mission_hard/install/_local_setup_util_ps1.py'
[6.322s] INFO:colcon.colcon_core.shell:Creating prefix chain script '/home/joon/mission_hard/mission_hard/install/setup.ps1'
[6.323s] INFO:colcon.colcon_core.shell:Creating prefix script '/home/joon/mission_hard/mission_hard/install/local_setup.sh'
[6.323s] INFO:colcon.colcon_core.shell:Creating prefix util module '/home/joon/mission_hard/mission_hard/install/_local_setup_util_sh.py'
[6.324s] INFO:colcon.colcon_core.shell:Creating prefix chain script '/home/joon/mission_hard/mission_hard/install/setup.sh'
[6.325s] INFO:colcon.colcon_core.shell:Creating prefix script '/home/joon/mission_hard/mission_hard/install/local_setup.bash'
[6.325s] INFO:colcon.colcon_core.shell:Creating prefix chain script '/home/joon/mission_hard/mission_hard/install/setup.bash'
[6.326s] INFO:colcon.colcon_core.shell:Creating prefix script '/home/joon/mission_hard/mission_hard/install/local_setup.zsh'
[6.327s] INFO:colcon.colcon_core.shell:Creating prefix chain script '/home/joon/mission_hard/mission_hard/install/setup.zsh'
