[0.142s] DEBUG:colcon:Command line arguments: ['/usr/bin/colcon', 'build', '--symlink-install']
[0.142s] DEBUG:colcon:Parsed command line arguments: Namespace(log_base=None, log_level=None, verb_name='build', build_base='build', install_base='install', merge_install=False, symlink_install=True, test_result_base=None, continue_on_error=False, executor='parallel', parallel_workers=16, event_handlers=None, ignore_user_meta=False, metas=['./colcon.meta'], base_paths=['.'], packages_ignore=None, packages_ignore_regex=None, paths=None, packages_up_to=None, packages_up_to_regex=None, packages_above=None, packages_above_and_dependencies=None, packages_above_depth=None, packages_select_by_dep=None, packages_skip_by_dep=None, packages_skip_up_to=None, packages_select_build_failed=False, packages_skip_build_finished=False, packages_select_test_failures=False, packages_skip_test_passed=False, packages_select=None, packages_skip=None, packages_select_regex=None, packages_skip_regex=None, packages_start=None, packages_end=None, allow_overriding=[], cmake_args=None, cmake_target=None, cmake_target_skip_unavailable=False, cmake_clean_cache=False, cmake_clean_first=False, cmake_force_configure=False, ament_cmake_args=None, catkin_cmake_args=None, catkin_skip_building_tests=False, mixin_files=None, mixin=None, verb_parser=<colcon_mixin.mixin.mixin_argument.MixinArgumentDecorator object at 0x77d3419feec0>, verb_extension=<colcon_core.verb.build.BuildVerb object at 0x77d341b07370>, main=<bound method BuildVerb.main of <colcon_core.verb.build.BuildVerb object at 0x77d341b07370>>, mixin_verb=('build',))
[0.274s] Level 1:colcon.colcon_core.package_discovery:discover_packages(colcon_meta) check parameters
[0.275s] Level 1:colcon.colcon_core.package_discovery:discover_packages(recursive) check parameters
[0.275s] Level 1:colcon.colcon_core.package_discovery:discover_packages(ignore) check parameters
[0.276s] Level 1:colcon.colcon_core.package_discovery:discover_packages(path) check parameters
[0.276s] Level 1:colcon.colcon_core.package_discovery:discover_packages(colcon_meta) discover
[0.276s] Level 1:colcon.colcon_core.package_discovery:discover_packages(recursive) discover
[0.276s] INFO:colcon.colcon_core.package_discovery:Crawling recursively for packages in '/home/joon/automotive_software_final'
[0.276s] Level 1:colcon.colcon_core.package_identification:_identify(.) by extensions ['ignore', 'ignore_ament_install']
[0.276s] Level 1:colcon.colcon_core.package_identification:_identify(.) by extension 'ignore'
[0.276s] Level 1:colcon.colcon_core.package_identification:_identify(.) by extension 'ignore_ament_install'
[0.276s] Level 1:colcon.colcon_core.package_identification:_identify(.) by extensions ['colcon_pkg']
[0.276s] Level 1:colcon.colcon_core.package_identification:_identify(.) by extension 'colcon_pkg'
[0.276s] Level 1:colcon.colcon_core.package_identification:_identify(.) by extensions ['colcon_meta']
[0.276s] Level 1:colcon.colcon_core.package_identification:_identify(.) by extension 'colcon_meta'
[0.276s] Level 1:colcon.colcon_core.package_identification:_identify(.) by extensions ['ros']
[0.276s] Level 1:colcon.colcon_core.package_identification:_identify(.) by extension 'ros'
[0.285s] Level 1:colcon.colcon_core.package_identification:_identify(.) by extensions ['cmake', 'python']
[0.285s] Level 1:colcon.colcon_core.package_identification:_identify(.) by extension 'cmake'
[0.285s] Level 1:colcon.colcon_core.package_identification:_identify(.) by extension 'python'
[0.285s] Level 1:colcon.colcon_core.package_identification:_identify(.) by extensions ['python_setup_py']
[0.285s] Level 1:colcon.colcon_core.package_identification:_identify(.) by extension 'python_setup_py'
[0.285s] Level 1:colcon.colcon_core.package_identification:_identify(build) by extensions ['ignore', 'ignore_ament_install']
[0.285s] Level 1:colcon.colcon_core.package_identification:_identify(build) by extension 'ignore'
[0.285s] Level 1:colcon.colcon_core.package_identification:_identify(build) ignored
[0.286s] Level 1:colcon.colcon_core.package_identification:_identify(install) by extensions ['ignore', 'ignore_ament_install']
[0.286s] Level 1:colcon.colcon_core.package_identification:_identify(install) by extension 'ignore'
[0.286s] Level 1:colcon.colcon_core.package_identification:_identify(install) ignored
[0.286s] Level 1:colcon.colcon_core.package_identification:_identify(log) by extensions ['ignore', 'ignore_ament_install']
[0.286s] Level 1:colcon.colcon_core.package_identification:_identify(log) by extension 'ignore'
[0.286s] Level 1:colcon.colcon_core.package_identification:_identify(log) ignored
[0.286s] Level 1:colcon.colcon_core.package_identification:_identify(resources) by extensions ['ignore', 'ignore_ament_install']
[0.286s] Level 1:colcon.colcon_core.package_identification:_identify(resources) by extension 'ignore'
[0.286s] Level 1:colcon.colcon_core.package_identification:_identify(resources) by extension 'ignore_ament_install'
[0.286s] Level 1:colcon.colcon_core.package_identification:_identify(resources) by extensions ['colcon_pkg']
[0.286s] Level 1:colcon.colcon_core.package_identification:_identify(resources) by extension 'colcon_pkg'
[0.286s] Level 1:colcon.colcon_core.package_identification:_identify(resources) by extensions ['colcon_meta']
[0.286s] Level 1:colcon.colcon_core.package_identification:_identify(resources) by extension 'colcon_meta'
[0.286s] Level 1:colcon.colcon_core.package_identification:_identify(resources) by extensions ['ros']
[0.286s] Level 1:colcon.colcon_core.package_identification:_identify(resources) by extension 'ros'
[0.286s] Level 1:colcon.colcon_core.package_identification:_identify(resources) by extensions ['cmake', 'python']
[0.286s] Level 1:colcon.colcon_core.package_identification:_identify(resources) by extension 'cmake'
[0.286s] Level 1:colcon.colcon_core.package_identification:_identify(resources) by extension 'python'
[0.286s] Level 1:colcon.colcon_core.package_identification:_identify(resources) by extensions ['python_setup_py']
[0.286s] Level 1:colcon.colcon_core.package_identification:_identify(resources) by extension 'python_setup_py'
[0.286s] Level 1:colcon.colcon_core.package_identification:_identify(resources/csv) by extensions ['ignore', 'ignore_ament_install']
[0.287s] Level 1:colcon.colcon_core.package_identification:_identify(resources/csv) by extension 'ignore'
[0.287s] Level 1:colcon.colcon_core.package_identification:_identify(resources/csv) by extension 'ignore_ament_install'
[0.287s] Level 1:colcon.colcon_core.package_identification:_identify(resources/csv) by extensions ['colcon_pkg']
[0.287s] Level 1:colcon.colcon_core.package_identification:_identify(resources/csv) by extension 'colcon_pkg'
[0.287s] Level 1:colcon.colcon_core.package_identification:_identify(resources/csv) by extensions ['colcon_meta']
[0.287s] Level 1:colcon.colcon_core.package_identification:_identify(resources/csv) by extension 'colcon_meta'
[0.287s] Level 1:colcon.colcon_core.package_identification:_identify(resources/csv) by extensions ['ros']
[0.287s] Level 1:colcon.colcon_core.package_identification:_identify(resources/csv) by extension 'ros'
[0.287s] Level 1:colcon.colcon_core.package_identification:_identify(resources/csv) by extensions ['cmake', 'python']
[0.287s] Level 1:colcon.colcon_core.package_identification:_identify(resources/csv) by extension 'cmake'
[0.287s] Level 1:colcon.colcon_core.package_identification:_identify(resources/csv) by extension 'python'
[0.287s] Level 1:colcon.colcon_core.package_identification:_identify(resources/csv) by extensions ['python_setup_py']
[0.287s] Level 1:colcon.colcon_core.package_identification:_identify(resources/csv) by extension 'python_setup_py'
[0.287s] Level 1:colcon.colcon_core.package_identification:_identify(resources/csv/evaluation_lane) by extensions ['ignore', 'ignore_ament_install']
[0.287s] Level 1:colcon.colcon_core.package_identification:_identify(resources/csv/evaluation_lane) by extension 'ignore'
[0.287s] Level 1:colcon.colcon_core.package_identification:_identify(resources/csv/evaluation_lane) by extension 'ignore_ament_install'
[0.287s] Level 1:colcon.colcon_core.package_identification:_identify(resources/csv/evaluation_lane) by extensions ['colcon_pkg']
[0.287s] Level 1:colcon.colcon_core.package_identification:_identify(resources/csv/evaluation_lane) by extension 'colcon_pkg'
[0.287s] Level 1:colcon.colcon_core.package_identification:_identify(resources/csv/evaluation_lane) by extensions ['colcon_meta']
[0.287s] Level 1:colcon.colcon_core.package_identification:_identify(resources/csv/evaluation_lane) by extension 'colcon_meta'
[0.287s] Level 1:colcon.colcon_core.package_identification:_identify(resources/csv/evaluation_lane) by extensions ['ros']
[0.287s] Level 1:colcon.colcon_core.package_identification:_identify(resources/csv/evaluation_lane) by extension 'ros'
[0.287s] Level 1:colcon.colcon_core.package_identification:_identify(resources/csv/evaluation_lane) by extensions ['cmake', 'python']
[0.287s] Level 1:colcon.colcon_core.package_identification:_identify(resources/csv/evaluation_lane) by extension 'cmake'
[0.287s] Level 1:colcon.colcon_core.package_identification:_identify(resources/csv/evaluation_lane) by extension 'python'
[0.287s] Level 1:colcon.colcon_core.package_identification:_identify(resources/csv/evaluation_lane) by extensions ['python_setup_py']
[0.287s] Level 1:colcon.colcon_core.package_identification:_identify(resources/csv/evaluation_lane) by extension 'python_setup_py'
[0.287s] Level 1:colcon.colcon_core.package_identification:_identify(resources/csv/simulation_lane) by extensions ['ignore', 'ignore_ament_install']
[0.287s] Level 1:colcon.colcon_core.package_identification:_identify(resources/csv/simulation_lane) by extension 'ignore'
[0.287s] Level 1:colcon.colcon_core.package_identification:_identify(resources/csv/simulation_lane) by extension 'ignore_ament_install'
[0.287s] Level 1:colcon.colcon_core.package_identification:_identify(resources/csv/simulation_lane) by extensions ['colcon_pkg']
[0.287s] Level 1:colcon.colcon_core.package_identification:_identify(resources/csv/simulation_lane) by extension 'colcon_pkg'
[0.287s] Level 1:colcon.colcon_core.package_identification:_identify(resources/csv/simulation_lane) by extensions ['colcon_meta']
[0.287s] Level 1:colcon.colcon_core.package_identification:_identify(resources/csv/simulation_lane) by extension 'colcon_meta'
[0.287s] Level 1:colcon.colcon_core.package_identification:_identify(resources/csv/simulation_lane) by extensions ['ros']
[0.287s] Level 1:colcon.colcon_core.package_identification:_identify(resources/csv/simulation_lane) by extension 'ros'
[0.287s] Level 1:colcon.colcon_core.package_identification:_identify(resources/csv/simulation_lane) by extensions ['cmake', 'python']
[0.288s] Level 1:colcon.colcon_core.package_identification:_identify(resources/csv/simulation_lane) by extension 'cmake'
[0.288s] Level 1:colcon.colcon_core.package_identification:_identify(resources/csv/simulation_lane) by extension 'python'
[0.288s] Level 1:colcon.colcon_core.package_identification:_identify(resources/csv/simulation_lane) by extensions ['python_setup_py']
[0.288s] Level 1:colcon.colcon_core.package_identification:_identify(resources/csv/simulation_lane) by extension 'python_setup_py'
[0.288s] Level 1:colcon.colcon_core.package_identification:_identify(resources/meshes) by extensions ['ignore', 'ignore_ament_install']
[0.288s] Level 1:colcon.colcon_core.package_identification:_identify(resources/meshes) by extension 'ignore'
[0.288s] Level 1:colcon.colcon_core.package_identification:_identify(resources/meshes) by extension 'ignore_ament_install'
[0.288s] Level 1:colcon.colcon_core.package_identification:_identify(resources/meshes) by extensions ['colcon_pkg']
[0.288s] Level 1:colcon.colcon_core.package_identification:_identify(resources/meshes) by extension 'colcon_pkg'
[0.288s] Level 1:colcon.colcon_core.package_identification:_identify(resources/meshes) by extensions ['colcon_meta']
[0.288s] Level 1:colcon.colcon_core.package_identification:_identify(resources/meshes) by extension 'colcon_meta'
[0.288s] Level 1:colcon.colcon_core.package_identification:_identify(resources/meshes) by extensions ['ros']
[0.288s] Level 1:colcon.colcon_core.package_identification:_identify(resources/meshes) by extension 'ros'
[0.288s] Level 1:colcon.colcon_core.package_identification:_identify(resources/meshes) by extensions ['cmake', 'python']
[0.288s] Level 1:colcon.colcon_core.package_identification:_identify(resources/meshes) by extension 'cmake'
[0.288s] Level 1:colcon.colcon_core.package_identification:_identify(resources/meshes) by extension 'python'
[0.288s] Level 1:colcon.colcon_core.package_identification:_identify(resources/meshes) by extensions ['python_setup_py']
[0.288s] Level 1:colcon.colcon_core.package_identification:_identify(resources/meshes) by extension 'python_setup_py'
[0.288s] Level 1:colcon.colcon_core.package_identification:_identify(resources/rviz) by extensions ['ignore', 'ignore_ament_install']
[0.288s] Level 1:colcon.colcon_core.package_identification:_identify(resources/rviz) by extension 'ignore'
[0.288s] Level 1:colcon.colcon_core.package_identification:_identify(resources/rviz) by extension 'ignore_ament_install'
[0.288s] Level 1:colcon.colcon_core.package_identification:_identify(resources/rviz) by extensions ['colcon_pkg']
[0.288s] Level 1:colcon.colcon_core.package_identification:_identify(resources/rviz) by extension 'colcon_pkg'
[0.288s] Level 1:colcon.colcon_core.package_identification:_identify(resources/rviz) by extensions ['colcon_meta']
[0.288s] Level 1:colcon.colcon_core.package_identification:_identify(resources/rviz) by extension 'colcon_meta'
[0.288s] Level 1:colcon.colcon_core.package_identification:_identify(resources/rviz) by extensions ['ros']
[0.288s] Level 1:colcon.colcon_core.package_identification:_identify(resources/rviz) by extension 'ros'
[0.289s] Level 1:colcon.colcon_core.package_identification:_identify(resources/rviz) by extensions ['cmake', 'python']
[0.289s] Level 1:colcon.colcon_core.package_identification:_identify(resources/rviz) by extension 'cmake'
[0.289s] Level 1:colcon.colcon_core.package_identification:_identify(resources/rviz) by extension 'python'
[0.289s] Level 1:colcon.colcon_core.package_identification:_identify(resources/rviz) by extensions ['python_setup_py']
[0.289s] Level 1:colcon.colcon_core.package_identification:_identify(resources/rviz) by extension 'python_setup_py'
[0.289s] Level 1:colcon.colcon_core.package_identification:_identify(src) by extensions ['ignore', 'ignore_ament_install']
[0.289s] Level 1:colcon.colcon_core.package_identification:_identify(src) by extension 'ignore'
[0.289s] Level 1:colcon.colcon_core.package_identification:_identify(src) by extension 'ignore_ament_install'
[0.289s] Level 1:colcon.colcon_core.package_identification:_identify(src) by extensions ['colcon_pkg']
[0.289s] Level 1:colcon.colcon_core.package_identification:_identify(src) by extension 'colcon_pkg'
[0.289s] Level 1:colcon.colcon_core.package_identification:_identify(src) by extensions ['colcon_meta']
[0.289s] Level 1:colcon.colcon_core.package_identification:_identify(src) by extension 'colcon_meta'
[0.289s] Level 1:colcon.colcon_core.package_identification:_identify(src) by extensions ['ros']
[0.289s] Level 1:colcon.colcon_core.package_identification:_identify(src) by extension 'ros'
[0.289s] Level 1:colcon.colcon_core.package_identification:_identify(src) by extensions ['cmake', 'python']
[0.289s] Level 1:colcon.colcon_core.package_identification:_identify(src) by extension 'cmake'
[0.289s] Level 1:colcon.colcon_core.package_identification:_identify(src) by extension 'python'
[0.289s] Level 1:colcon.colcon_core.package_identification:_identify(src) by extensions ['python_setup_py']
[0.289s] Level 1:colcon.colcon_core.package_identification:_identify(src) by extension 'python_setup_py'
[0.289s] Level 1:colcon.colcon_core.package_identification:_identify(src/app) by extensions ['ignore', 'ignore_ament_install']
[0.289s] Level 1:colcon.colcon_core.package_identification:_identify(src/app) by extension 'ignore'
[0.289s] Level 1:colcon.colcon_core.package_identification:_identify(src/app) by extension 'ignore_ament_install'
[0.289s] Level 1:colcon.colcon_core.package_identification:_identify(src/app) by extensions ['colcon_pkg']
[0.289s] Level 1:colcon.colcon_core.package_identification:_identify(src/app) by extension 'colcon_pkg'
[0.289s] Level 1:colcon.colcon_core.package_identification:_identify(src/app) by extensions ['colcon_meta']
[0.289s] Level 1:colcon.colcon_core.package_identification:_identify(src/app) by extension 'colcon_meta'
[0.289s] Level 1:colcon.colcon_core.package_identification:_identify(src/app) by extensions ['ros']
[0.289s] Level 1:colcon.colcon_core.package_identification:_identify(src/app) by extension 'ros'
[0.289s] Level 1:colcon.colcon_core.package_identification:_identify(src/app) by extensions ['cmake', 'python']
[0.289s] Level 1:colcon.colcon_core.package_identification:_identify(src/app) by extension 'cmake'
[0.289s] Level 1:colcon.colcon_core.package_identification:_identify(src/app) by extension 'python'
[0.289s] Level 1:colcon.colcon_core.package_identification:_identify(src/app) by extensions ['python_setup_py']
[0.289s] Level 1:colcon.colcon_core.package_identification:_identify(src/app) by extension 'python_setup_py'
[0.289s] Level 1:colcon.colcon_core.package_identification:_identify(src/app/autonomous_driving) by extensions ['ignore', 'ignore_ament_install']
[0.290s] Level 1:colcon.colcon_core.package_identification:_identify(src/app/autonomous_driving) by extension 'ignore'
[0.290s] Level 1:colcon.colcon_core.package_identification:_identify(src/app/autonomous_driving) by extension 'ignore_ament_install'
[0.290s] Level 1:colcon.colcon_core.package_identification:_identify(src/app/autonomous_driving) by extensions ['colcon_pkg']
[0.290s] Level 1:colcon.colcon_core.package_identification:_identify(src/app/autonomous_driving) by extension 'colcon_pkg'
[0.290s] Level 1:colcon.colcon_core.package_identification:_identify(src/app/autonomous_driving) by extensions ['colcon_meta']
[0.290s] Level 1:colcon.colcon_core.package_identification:_identify(src/app/autonomous_driving) by extension 'colcon_meta'
[0.290s] Level 1:colcon.colcon_core.package_identification:_identify(src/app/autonomous_driving) by extensions ['ros']
[0.290s] Level 1:colcon.colcon_core.package_identification:_identify(src/app/autonomous_driving) by extension 'ros'
[0.292s] DEBUG:colcon.colcon_core.package_identification:Package 'src/app/autonomous_driving' with type 'ros.ament_cmake' and name 'autonomous_driving'
[0.292s] Level 1:colcon.colcon_core.package_identification:_identify(src/app/evaluation) by extensions ['ignore', 'ignore_ament_install']
[0.292s] Level 1:colcon.colcon_core.package_identification:_identify(src/app/evaluation) by extension 'ignore'
[0.292s] Level 1:colcon.colcon_core.package_identification:_identify(src/app/evaluation) by extension 'ignore_ament_install'
[0.292s] Level 1:colcon.colcon_core.package_identification:_identify(src/app/evaluation) by extensions ['colcon_pkg']
[0.292s] Level 1:colcon.colcon_core.package_identification:_identify(src/app/evaluation) by extension 'colcon_pkg'
[0.293s] Level 1:colcon.colcon_core.package_identification:_identify(src/app/evaluation) by extensions ['colcon_meta']
[0.293s] Level 1:colcon.colcon_core.package_identification:_identify(src/app/evaluation) by extension 'colcon_meta'
[0.293s] Level 1:colcon.colcon_core.package_identification:_identify(src/app/evaluation) by extensions ['ros']
[0.293s] Level 1:colcon.colcon_core.package_identification:_identify(src/app/evaluation) by extension 'ros'
[0.293s] DEBUG:colcon.colcon_core.package_identification:Package 'src/app/evaluation' with type 'ros.ament_cmake' and name 'evaluation'
[0.293s] Level 1:colcon.colcon_core.package_identification:_identify(src/app/mission_manager) by extensions ['ignore', 'ignore_ament_install']
[0.294s] Level 1:colcon.colcon_core.package_identification:_identify(src/app/mission_manager) by extension 'ignore'
[0.294s] Level 1:colcon.colcon_core.package_identification:_identify(src/app/mission_manager) by extension 'ignore_ament_install'
[0.294s] Level 1:colcon.colcon_core.package_identification:_identify(src/app/mission_manager) by extensions ['colcon_pkg']
[0.294s] Level 1:colcon.colcon_core.package_identification:_identify(src/app/mission_manager) by extension 'colcon_pkg'
[0.294s] Level 1:colcon.colcon_core.package_identification:_identify(src/app/mission_manager) by extensions ['colcon_meta']
[0.294s] Level 1:colcon.colcon_core.package_identification:_identify(src/app/mission_manager) by extension 'colcon_meta'
[0.294s] Level 1:colcon.colcon_core.package_identification:_identify(src/app/mission_manager) by extensions ['ros']
[0.294s] Level 1:colcon.colcon_core.package_identification:_identify(src/app/mission_manager) by extension 'ros'
[0.294s] DEBUG:colcon.colcon_core.package_identification:Package 'src/app/mission_manager' with type 'ros.ament_cmake' and name 'mission_manager'
[0.294s] Level 1:colcon.colcon_core.package_identification:_identify(src/app/simulator) by extensions ['ignore', 'ignore_ament_install']
[0.294s] Level 1:colcon.colcon_core.package_identification:_identify(src/app/simulator) by extension 'ignore'
[0.295s] Level 1:colcon.colcon_core.package_identification:_identify(src/app/simulator) by extension 'ignore_ament_install'
[0.295s] Level 1:colcon.colcon_core.package_identification:_identify(src/app/simulator) by extensions ['colcon_pkg']
[0.295s] Level 1:colcon.colcon_core.package_identification:_identify(src/app/simulator) by extension 'colcon_pkg'
[0.295s] Level 1:colcon.colcon_core.package_identification:_identify(src/app/simulator) by extensions ['colcon_meta']
[0.295s] Level 1:colcon.colcon_core.package_identification:_identify(src/app/simulator) by extension 'colcon_meta'
[0.295s] Level 1:colcon.colcon_core.package_identification:_identify(src/app/simulator) by extensions ['ros']
[0.295s] Level 1:colcon.colcon_core.package_identification:_identify(src/app/simulator) by extension 'ros'
[0.295s] DEBUG:colcon.colcon_core.package_identification:Package 'src/app/simulator' with type 'ros.ament_cmake' and name 'simulator'
[0.295s] Level 1:colcon.colcon_core.package_identification:_identify(src/bsw) by extensions ['ignore', 'ignore_ament_install']
[0.295s] Level 1:colcon.colcon_core.package_identification:_identify(src/bsw) by extension 'ignore'
[0.295s] Level 1:colcon.colcon_core.package_identification:_identify(src/bsw) by extension 'ignore_ament_install'
[0.295s] Level 1:colcon.colcon_core.package_identification:_identify(src/bsw) by extensions ['colcon_pkg']
[0.295s] Level 1:colcon.colcon_core.package_identification:_identify(src/bsw) by extension 'colcon_pkg'
[0.295s] Level 1:colcon.colcon_core.package_identification:_identify(src/bsw) by extensions ['colcon_meta']
[0.295s] Level 1:colcon.colcon_core.package_identification:_identify(src/bsw) by extension 'colcon_meta'
[0.295s] Level 1:colcon.colcon_core.package_identification:_identify(src/bsw) by extensions ['ros']
[0.295s] Level 1:colcon.colcon_core.package_identification:_identify(src/bsw) by extension 'ros'
[0.295s] Level 1:colcon.colcon_core.package_identification:_identify(src/bsw) by extensions ['cmake', 'python']
[0.295s] Level 1:colcon.colcon_core.package_identification:_identify(src/bsw) by extension 'cmake'
[0.296s] Level 1:colcon.colcon_core.package_identification:_identify(src/bsw) by extension 'python'
[0.296s] Level 1:colcon.colcon_core.package_identification:_identify(src/bsw) by extensions ['python_setup_py']
[0.296s] Level 1:colcon.colcon_core.package_identification:_identify(src/bsw) by extension 'python_setup_py'
[0.296s] Level 1:colcon.colcon_core.package_identification:_identify(src/bsw/system) by extensions ['ignore', 'ignore_ament_install']
[0.296s] Level 1:colcon.colcon_core.package_identification:_identify(src/bsw/system) by extension 'ignore'
[0.296s] Level 1:colcon.colcon_core.package_identification:_identify(src/bsw/system) by extension 'ignore_ament_install'
[0.296s] Level 1:colcon.colcon_core.package_identification:_identify(src/bsw/system) by extensions ['colcon_pkg']
[0.296s] Level 1:colcon.colcon_core.package_identification:_identify(src/bsw/system) by extension 'colcon_pkg'
[0.296s] Level 1:colcon.colcon_core.package_identification:_identify(src/bsw/system) by extensions ['colcon_meta']
[0.296s] Level 1:colcon.colcon_core.package_identification:_identify(src/bsw/system) by extension 'colcon_meta'
[0.296s] Level 1:colcon.colcon_core.package_identification:_identify(src/bsw/system) by extensions ['ros']
[0.296s] Level 1:colcon.colcon_core.package_identification:_identify(src/bsw/system) by extension 'ros'
[0.296s] Level 1:colcon.colcon_core.package_identification:_identify(src/bsw/system) by extensions ['cmake', 'python']
[0.296s] Level 1:colcon.colcon_core.package_identification:_identify(src/bsw/system) by extension 'cmake'
[0.296s] Level 1:colcon.colcon_core.package_identification:_identify(src/bsw/system) by extension 'python'
[0.296s] Level 1:colcon.colcon_core.package_identification:_identify(src/bsw/system) by extensions ['python_setup_py']
[0.296s] Level 1:colcon.colcon_core.package_identification:_identify(src/bsw/system) by extension 'python_setup_py'
[0.296s] Level 1:colcon.colcon_core.package_identification:_identify(src/bsw/system/bridge) by extensions ['ignore', 'ignore_ament_install']
[0.296s] Level 1:colcon.colcon_core.package_identification:_identify(src/bsw/system/bridge) by extension 'ignore'
[0.296s] Level 1:colcon.colcon_core.package_identification:_identify(src/bsw/system/bridge) by extension 'ignore_ament_install'
[0.296s] Level 1:colcon.colcon_core.package_identification:_identify(src/bsw/system/bridge) by extensions ['colcon_pkg']
[0.296s] Level 1:colcon.colcon_core.package_identification:_identify(src/bsw/system/bridge) by extension 'colcon_pkg'
[0.296s] Level 1:colcon.colcon_core.package_identification:_identify(src/bsw/system/bridge) by extensions ['colcon_meta']
[0.296s] Level 1:colcon.colcon_core.package_identification:_identify(src/bsw/system/bridge) by extension 'colcon_meta'
[0.296s] Level 1:colcon.colcon_core.package_identification:_identify(src/bsw/system/bridge) by extensions ['ros']
[0.296s] Level 1:colcon.colcon_core.package_identification:_identify(src/bsw/system/bridge) by extension 'ros'
[0.297s] Level 1:colcon.colcon_core.package_identification:_identify(src/bsw/system/bridge) by extensions ['cmake', 'python']
[0.297s] Level 1:colcon.colcon_core.package_identification:_identify(src/bsw/system/bridge) by extension 'cmake'
[0.297s] Level 1:colcon.colcon_core.package_identification:_identify(src/bsw/system/bridge) by extension 'python'
[0.297s] Level 1:colcon.colcon_core.package_identification:_identify(src/bsw/system/bridge) by extensions ['python_setup_py']
[0.297s] Level 1:colcon.colcon_core.package_identification:_identify(src/bsw/system/bridge) by extension 'python_setup_py'
[0.297s] Level 1:colcon.colcon_core.package_identification:_identify(src/bsw/system/interface) by extensions ['ignore', 'ignore_ament_install']
[0.297s] Level 1:colcon.colcon_core.package_identification:_identify(src/bsw/system/interface) by extension 'ignore'
[0.297s] Level 1:colcon.colcon_core.package_identification:_identify(src/bsw/system/interface) by extension 'ignore_ament_install'
[0.297s] Level 1:colcon.colcon_core.package_identification:_identify(src/bsw/system/interface) by extensions ['colcon_pkg']
[0.297s] Level 1:colcon.colcon_core.package_identification:_identify(src/bsw/system/interface) by extension 'colcon_pkg'
[0.297s] Level 1:colcon.colcon_core.package_identification:_identify(src/bsw/system/interface) by extensions ['colcon_meta']
[0.297s] Level 1:colcon.colcon_core.package_identification:_identify(src/bsw/system/interface) by extension 'colcon_meta'
[0.297s] Level 1:colcon.colcon_core.package_identification:_identify(src/bsw/system/interface) by extensions ['ros']
[0.297s] Level 1:colcon.colcon_core.package_identification:_identify(src/bsw/system/interface) by extension 'ros'
[0.297s] Level 1:colcon.colcon_core.package_identification:_identify(src/bsw/system/interface) by extensions ['cmake', 'python']
[0.297s] Level 1:colcon.colcon_core.package_identification:_identify(src/bsw/system/interface) by extension 'cmake'
[0.297s] Level 1:colcon.colcon_core.package_identification:_identify(src/bsw/system/interface) by extension 'python'
[0.297s] Level 1:colcon.colcon_core.package_identification:_identify(src/bsw/system/interface) by extensions ['python_setup_py']
[0.297s] Level 1:colcon.colcon_core.package_identification:_identify(src/bsw/system/interface) by extension 'python_setup_py'
[0.297s] Level 1:colcon.colcon_core.package_identification:_identify(src/rte) by extensions ['ignore', 'ignore_ament_install']
[0.297s] Level 1:colcon.colcon_core.package_identification:_identify(src/rte) by extension 'ignore'
[0.297s] Level 1:colcon.colcon_core.package_identification:_identify(src/rte) by extension 'ignore_ament_install'
[0.297s] Level 1:colcon.colcon_core.package_identification:_identify(src/rte) by extensions ['colcon_pkg']
[0.297s] Level 1:colcon.colcon_core.package_identification:_identify(src/rte) by extension 'colcon_pkg'
[0.297s] Level 1:colcon.colcon_core.package_identification:_identify(src/rte) by extensions ['colcon_meta']
[0.297s] Level 1:colcon.colcon_core.package_identification:_identify(src/rte) by extension 'colcon_meta'
[0.298s] Level 1:colcon.colcon_core.package_identification:_identify(src/rte) by extensions ['ros']
[0.298s] Level 1:colcon.colcon_core.package_identification:_identify(src/rte) by extension 'ros'
[0.298s] Level 1:colcon.colcon_core.package_identification:_identify(src/rte) by extensions ['cmake', 'python']
[0.298s] Level 1:colcon.colcon_core.package_identification:_identify(src/rte) by extension 'cmake'
[0.298s] Level 1:colcon.colcon_core.package_identification:_identify(src/rte) by extension 'python'
[0.298s] Level 1:colcon.colcon_core.package_identification:_identify(src/rte) by extensions ['python_setup_py']
[0.298s] Level 1:colcon.colcon_core.package_identification:_identify(src/rte) by extension 'python_setup_py'
[0.298s] Level 1:colcon.colcon_core.package_identification:_identify(src/rte/msg) by extensions ['ignore', 'ignore_ament_install']
[0.298s] Level 1:colcon.colcon_core.package_identification:_identify(src/rte/msg) by extension 'ignore'
[0.298s] Level 1:colcon.colcon_core.package_identification:_identify(src/rte/msg) by extension 'ignore_ament_install'
[0.298s] Level 1:colcon.colcon_core.package_identification:_identify(src/rte/msg) by extensions ['colcon_pkg']
[0.298s] Level 1:colcon.colcon_core.package_identification:_identify(src/rte/msg) by extension 'colcon_pkg'
[0.298s] Level 1:colcon.colcon_core.package_identification:_identify(src/rte/msg) by extensions ['colcon_meta']
[0.298s] Level 1:colcon.colcon_core.package_identification:_identify(src/rte/msg) by extension 'colcon_meta'
[0.298s] Level 1:colcon.colcon_core.package_identification:_identify(src/rte/msg) by extensions ['ros']
[0.298s] Level 1:colcon.colcon_core.package_identification:_identify(src/rte/msg) by extension 'ros'
[0.298s] Level 1:colcon.colcon_core.package_identification:_identify(src/rte/msg) by extensions ['cmake', 'python']
[0.298s] Level 1:colcon.colcon_core.package_identification:_identify(src/rte/msg) by extension 'cmake'
[0.298s] Level 1:colcon.colcon_core.package_identification:_identify(src/rte/msg) by extension 'python'
[0.298s] Level 1:colcon.colcon_core.package_identification:_identify(src/rte/msg) by extensions ['python_setup_py']
[0.298s] Level 1:colcon.colcon_core.package_identification:_identify(src/rte/msg) by extension 'python_setup_py'
[0.298s] Level 1:colcon.colcon_core.package_identification:_identify(src/rte/msg/ad_msgs) by extensions ['ignore', 'ignore_ament_install']
[0.298s] Level 1:colcon.colcon_core.package_identification:_identify(src/rte/msg/ad_msgs) by extension 'ignore'
[0.298s] Level 1:colcon.colcon_core.package_identification:_identify(src/rte/msg/ad_msgs) by extension 'ignore_ament_install'
[0.298s] Level 1:colcon.colcon_core.package_identification:_identify(src/rte/msg/ad_msgs) by extensions ['colcon_pkg']
[0.298s] Level 1:colcon.colcon_core.package_identification:_identify(src/rte/msg/ad_msgs) by extension 'colcon_pkg'
[0.298s] Level 1:colcon.colcon_core.package_identification:_identify(src/rte/msg/ad_msgs) by extensions ['colcon_meta']
[0.298s] Level 1:colcon.colcon_core.package_identification:_identify(src/rte/msg/ad_msgs) by extension 'colcon_meta'
[0.298s] Level 1:colcon.colcon_core.package_identification:_identify(src/rte/msg/ad_msgs) by extensions ['ros']
[0.298s] Level 1:colcon.colcon_core.package_identification:_identify(src/rte/msg/ad_msgs) by extension 'ros'
[0.299s] DEBUG:colcon.colcon_core.package_identification:Package 'src/rte/msg/ad_msgs' with type 'ros.ament_cmake' and name 'ad_msgs'
[0.299s] Level 1:colcon.colcon_core.package_discovery:discover_packages(recursive) using defaults
[0.299s] Level 1:colcon.colcon_core.package_discovery:discover_packages(ignore) discover
[0.299s] Level 1:colcon.colcon_core.package_discovery:discover_packages(ignore) using defaults
[0.299s] Level 1:colcon.colcon_core.package_discovery:discover_packages(path) discover
[0.299s] Level 1:colcon.colcon_core.package_discovery:discover_packages(path) using defaults
[0.327s] Level 1:colcon.colcon_core.package_discovery:discover_packages(prefix_path) check parameters
[0.327s] Level 1:colcon.colcon_core.package_discovery:discover_packages(prefix_path) discover
[0.329s] DEBUG:colcon.colcon_installed_package_information.package_discovery:Found 5 installed packages in /home/joon/automotive_software_final/install
[0.330s] DEBUG:colcon.colcon_installed_package_information.package_discovery:Found 445 installed packages in /opt/ros/humble
[0.331s] Level 1:colcon.colcon_core.package_discovery:discover_packages(prefix_path) using defaults
[0.368s] Level 5:colcon.colcon_core.verb:set package 'ad_msgs' build argument 'cmake_args' from command line to 'None'
[0.368s] Level 5:colcon.colcon_core.verb:set package 'ad_msgs' build argument 'cmake_target' from command line to 'None'
[0.368s] Level 5:colcon.colcon_core.verb:set package 'ad_msgs' build argument 'cmake_target_skip_unavailable' from command line to 'False'
[0.368s] Level 5:colcon.colcon_core.verb:set package 'ad_msgs' build argument 'cmake_clean_cache' from command line to 'False'
[0.368s] Level 5:colcon.colcon_core.verb:set package 'ad_msgs' build argument 'cmake_clean_first' from command line to 'False'
[0.368s] Level 5:colcon.colcon_core.verb:set package 'ad_msgs' build argument 'cmake_force_configure' from command line to 'False'
[0.368s] Level 5:colcon.colcon_core.verb:set package 'ad_msgs' build argument 'ament_cmake_args' from command line to 'None'
[0.368s] Level 5:colcon.colcon_core.verb:set package 'ad_msgs' build argument 'catkin_cmake_args' from command line to 'None'
[0.368s] Level 5:colcon.colcon_core.verb:set package 'ad_msgs' build argument 'catkin_skip_building_tests' from command line to 'False'
[0.368s] DEBUG:colcon.colcon_core.verb:Building package 'ad_msgs' with the following arguments: {'ament_cmake_args': None, 'build_base': '/home/joon/automotive_software_final/build/ad_msgs', 'catkin_cmake_args': None, 'catkin_skip_building_tests': False, 'cmake_args': None, 'cmake_clean_cache': False, 'cmake_clean_first': False, 'cmake_force_configure': False, 'cmake_target': None, 'cmake_target_skip_unavailable': False, 'install_base': '/home/joon/automotive_software_final/install/ad_msgs', 'merge_install': False, 'path': '/home/joon/automotive_software_final/src/rte/msg/ad_msgs', 'symlink_install': True, 'test_result_base': None}
[0.368s] Level 5:colcon.colcon_core.verb:set package 'autonomous_driving' build argument 'cmake_args' from command line to 'None'
[0.368s] Level 5:colcon.colcon_core.verb:set package 'autonomous_driving' build argument 'cmake_target' from command line to 'None'
[0.368s] Level 5:colcon.colcon_core.verb:set package 'autonomous_driving' build argument 'cmake_target_skip_unavailable' from command line to 'False'
[0.368s] Level 5:colcon.colcon_core.verb:set package 'autonomous_driving' build argument 'cmake_clean_cache' from command line to 'False'
[0.368s] Level 5:colcon.colcon_core.verb:set package 'autonomous_driving' build argument 'cmake_clean_first' from command line to 'False'
[0.368s] Level 5:colcon.colcon_core.verb:set package 'autonomous_driving' build argument 'cmake_force_configure' from command line to 'False'
[0.368s] Level 5:colcon.colcon_core.verb:set package 'autonomous_driving' build argument 'ament_cmake_args' from command line to 'None'
[0.368s] Level 5:colcon.colcon_core.verb:set package 'autonomous_driving' build argument 'catkin_cmake_args' from command line to 'None'
[0.368s] Level 5:colcon.colcon_core.verb:set package 'autonomous_driving' build argument 'catkin_skip_building_tests' from command line to 'False'
[0.368s] DEBUG:colcon.colcon_core.verb:Building package 'autonomous_driving' with the following arguments: {'ament_cmake_args': None, 'build_base': '/home/joon/automotive_software_final/build/autonomous_driving', 'catkin_cmake_args': None, 'catkin_skip_building_tests': False, 'cmake_args': None, 'cmake_clean_cache': False, 'cmake_clean_first': False, 'cmake_force_configure': False, 'cmake_target': None, 'cmake_target_skip_unavailable': False, 'install_base': '/home/joon/automotive_software_final/install/autonomous_driving', 'merge_install': False, 'path': '/home/joon/automotive_software_final/src/app/autonomous_driving', 'symlink_install': True, 'test_result_base': None}
[0.369s] Level 5:colcon.colcon_core.verb:set package 'evaluation' build argument 'cmake_args' from command line to 'None'
[0.369s] Level 5:colcon.colcon_core.verb:set package 'evaluation' build argument 'cmake_target' from command line to 'None'
[0.369s] Level 5:colcon.colcon_core.verb:set package 'evaluation' build argument 'cmake_target_skip_unavailable' from command line to 'False'
[0.369s] Level 5:colcon.colcon_core.verb:set package 'evaluation' build argument 'cmake_clean_cache' from command line to 'False'
[0.369s] Level 5:colcon.colcon_core.verb:set package 'evaluation' build argument 'cmake_clean_first' from command line to 'False'
[0.369s] Level 5:colcon.colcon_core.verb:set package 'evaluation' build argument 'cmake_force_configure' from command line to 'False'
[0.369s] Level 5:colcon.colcon_core.verb:set package 'evaluation' build argument 'ament_cmake_args' from command line to 'None'
[0.369s] Level 5:colcon.colcon_core.verb:set package 'evaluation' build argument 'catkin_cmake_args' from command line to 'None'
[0.369s] Level 5:colcon.colcon_core.verb:set package 'evaluation' build argument 'catkin_skip_building_tests' from command line to 'False'
[0.369s] DEBUG:colcon.colcon_core.verb:Building package 'evaluation' with the following arguments: {'ament_cmake_args': None, 'build_base': '/home/joon/automotive_software_final/build/evaluation', 'catkin_cmake_args': None, 'catkin_skip_building_tests': False, 'cmake_args': None, 'cmake_clean_cache': False, 'cmake_clean_first': False, 'cmake_force_configure': False, 'cmake_target': None, 'cmake_target_skip_unavailable': False, 'install_base': '/home/joon/automotive_software_final/install/evaluation', 'merge_install': False, 'path': '/home/joon/automotive_software_final/src/app/evaluation', 'symlink_install': True, 'test_result_base': None}
[0.369s] Level 5:colcon.colcon_core.verb:set package 'mission_manager' build argument 'cmake_args' from command line to 'None'
[0.369s] Level 5:colcon.colcon_core.verb:set package 'mission_manager' build argument 'cmake_target' from command line to 'None'
[0.369s] Level 5:colcon.colcon_core.verb:set package 'mission_manager' build argument 'cmake_target_skip_unavailable' from command line to 'False'
[0.369s] Level 5:colcon.colcon_core.verb:set package 'mission_manager' build argument 'cmake_clean_cache' from command line to 'False'
[0.369s] Level 5:colcon.colcon_core.verb:set package 'mission_manager' build argument 'cmake_clean_first' from command line to 'False'
[0.369s] Level 5:colcon.colcon_core.verb:set package 'mission_manager' build argument 'cmake_force_configure' from command line to 'False'
[0.369s] Level 5:colcon.colcon_core.verb:set package 'mission_manager' build argument 'ament_cmake_args' from command line to 'None'
[0.369s] Level 5:colcon.colcon_core.verb:set package 'mission_manager' build argument 'catkin_cmake_args' from command line to 'None'
[0.369s] Level 5:colcon.colcon_core.verb:set package 'mission_manager' build argument 'catkin_skip_building_tests' from command line to 'False'
[0.369s] DEBUG:colcon.colcon_core.verb:Building package 'mission_manager' with the following arguments: {'ament_cmake_args': None, 'build_base': '/home/joon/automotive_software_final/build/mission_manager', 'catkin_cmake_args': None, 'catkin_skip_building_tests': False, 'cmake_args': None, 'cmake_clean_cache': False, 'cmake_clean_first': False, 'cmake_force_configure': False, 'cmake_target': None, 'cmake_target_skip_unavailable': False, 'install_base': '/home/joon/automotive_software_final/install/mission_manager', 'merge_install': False, 'path': '/home/joon/automotive_software_final/src/app/mission_manager', 'symlink_install': True, 'test_result_base': None}
[0.369s] Level 5:colcon.colcon_core.verb:set package 'simulator' build argument 'cmake_args' from command line to 'None'
[0.370s] Level 5:colcon.colcon_core.verb:set package 'simulator' build argument 'cmake_target' from command line to 'None'
[0.370s] Level 5:colcon.colcon_core.verb:set package 'simulator' build argument 'cmake_target_skip_unavailable' from command line to 'False'
[0.370s] Level 5:colcon.colcon_core.verb:set package 'simulator' build argument 'cmake_clean_cache' from command line to 'False'
[0.370s] Level 5:colcon.colcon_core.verb:set package 'simulator' build argument 'cmake_clean_first' from command line to 'False'
[0.370s] Level 5:colcon.colcon_core.verb:set package 'simulator' build argument 'cmake_force_configure' from command line to 'False'
[0.370s] Level 5:colcon.colcon_core.verb:set package 'simulator' build argument 'ament_cmake_args' from command line to 'None'
[0.370s] Level 5:colcon.colcon_core.verb:set package 'simulator' build argument 'catkin_cmake_args' from command line to 'None'
[0.370s] Level 5:colcon.colcon_core.verb:set package 'simulator' build argument 'catkin_skip_building_tests' from command line to 'False'
[0.370s] DEBUG:colcon.colcon_core.verb:Building package 'simulator' with the following arguments: {'ament_cmake_args': None, 'build_base': '/home/joon/automotive_software_final/build/simulator', 'catkin_cmake_args': None, 'catkin_skip_building_tests': False, 'cmake_args': None, 'cmake_clean_cache': False, 'cmake_clean_first': False, 'cmake_force_configure': False, 'cmake_target': None, 'cmake_target_skip_unavailable': False, 'install_base': '/home/joon/automotive_software_final/install/simulator', 'merge_install': False, 'path': '/home/joon/automotive_software_final/src/app/simulator', 'symlink_install': True, 'test_result_base': None}
[0.370s] INFO:colcon.colcon_core.executor:Executing jobs using 'parallel' executor
[0.371s] DEBUG:colcon.colcon_parallel_executor.executor.parallel:run_until_complete
[0.371s] INFO:colcon.colcon_ros.task.ament_cmake.build:Building ROS package in '/home/joon/automotive_software_final/src/rte/msg/ad_msgs' with build type 'ament_cmake'
[0.371s] INFO:colcon.colcon_cmake.task.cmake.build:Building CMake package in '/home/joon/automotive_software_final/src/rte/msg/ad_msgs'
[0.373s] INFO:colcon.colcon_core.plugin_system:Skipping extension 'colcon_core.shell.bat': Not used on non-Windows systems
[0.374s] INFO:colcon.colcon_core.shell:Skip shell extension 'powershell' for command environment: Not usable outside of PowerShell
[0.374s] DEBUG:colcon.colcon_core.shell:Skip shell extension 'dsv' for command environment
[0.382s] DEBUG:colcon.colcon_core.event_handler.log_command:Invoking command in '/home/joon/automotive_software_final/build/ad_msgs': CMAKE_PREFIX_PATH=${CMAKE_PREFIX_PATH}:/opt/ros/humble /usr/bin/cmake --build /home/joon/automotive_software_final/build/ad_msgs -- -j16 -l16
[0.748s] DEBUG:colcon.colcon_core.event_handler.log_command:Invoked command in '/home/joon/automotive_software_final/build/ad_msgs' returned '0': CMAKE_PREFIX_PATH=${CMAKE_PREFIX_PATH}:/opt/ros/humble /usr/bin/cmake --build /home/joon/automotive_software_final/build/ad_msgs -- -j16 -l16
[0.761s] DEBUG:colcon.colcon_core.event_handler.log_command:Invoking command in '/home/joon/automotive_software_final/build/ad_msgs': CMAKE_PREFIX_PATH=${CMAKE_PREFIX_PATH}:/opt/ros/humble /usr/bin/cmake --install /home/joon/automotive_software_final/build/ad_msgs
[0.862s] Level 1:colcon.colcon_core.environment:create_environment_scripts_only(ad_msgs)
[0.863s] DEBUG:colcon.colcon_core.event_handler.log_command:Invoked command in '/home/joon/automotive_software_final/build/ad_msgs' returned '0': CMAKE_PREFIX_PATH=${CMAKE_PREFIX_PATH}:/opt/ros/humble /usr/bin/cmake --install /home/joon/automotive_software_final/build/ad_msgs
[0.866s] Level 1:colcon.colcon_core.environment:checking '/home/joon/automotive_software_final/install/ad_msgs' for CMake module files
[0.867s] Level 1:colcon.colcon_core.environment:checking '/home/joon/automotive_software_final/install/ad_msgs' for CMake config files
[0.868s] Level 1:colcon.colcon_core.shell:create_environment_hook('ad_msgs', 'cmake_prefix_path')
[0.868s] INFO:colcon.colcon_core.shell:Creating environment hook '/home/joon/automotive_software_final/install/ad_msgs/share/ad_msgs/hook/cmake_prefix_path.ps1'
[0.869s] INFO:colcon.colcon_core.shell:Creating environment descriptor '/home/joon/automotive_software_final/install/ad_msgs/share/ad_msgs/hook/cmake_prefix_path.dsv'
[0.870s] INFO:colcon.colcon_core.shell:Creating environment hook '/home/joon/automotive_software_final/install/ad_msgs/share/ad_msgs/hook/cmake_prefix_path.sh'
[0.871s] Level 1:colcon.colcon_core.environment:checking '/home/joon/automotive_software_final/install/ad_msgs/lib'
[0.871s] Level 1:colcon.colcon_core.shell:create_environment_hook('ad_msgs', 'ld_library_path_lib')
[0.871s] INFO:colcon.colcon_core.shell:Creating environment hook '/home/joon/automotive_software_final/install/ad_msgs/share/ad_msgs/hook/ld_library_path_lib.ps1'
[0.872s] INFO:colcon.colcon_core.shell:Creating environment descriptor '/home/joon/automotive_software_final/install/ad_msgs/share/ad_msgs/hook/ld_library_path_lib.dsv'
[0.872s] INFO:colcon.colcon_core.shell:Creating environment hook '/home/joon/automotive_software_final/install/ad_msgs/share/ad_msgs/hook/ld_library_path_lib.sh'
[0.873s] Level 1:colcon.colcon_core.environment:checking '/home/joon/automotive_software_final/install/ad_msgs/bin'
[0.873s] Level 1:colcon.colcon_core.environment:checking '/home/joon/automotive_software_final/install/ad_msgs/lib/pkgconfig/ad_msgs.pc'
[0.873s] Level 1:colcon.colcon_core.environment:checking '/home/joon/automotive_software_final/install/ad_msgs/lib/python3.10/site-packages'
[0.873s] Level 1:colcon.colcon_core.environment:checking '/home/joon/automotive_software_final/install/ad_msgs/bin'
[0.874s] INFO:colcon.colcon_core.shell:Creating package script '/home/joon/automotive_software_final/install/ad_msgs/share/ad_msgs/package.ps1'
[0.875s] INFO:colcon.colcon_core.shell:Creating package descriptor '/home/joon/automotive_software_final/install/ad_msgs/share/ad_msgs/package.dsv'
[0.877s] INFO:colcon.colcon_core.shell:Creating package script '/home/joon/automotive_software_final/install/ad_msgs/share/ad_msgs/package.sh'
[0.878s] INFO:colcon.colcon_core.shell:Creating package script '/home/joon/automotive_software_final/install/ad_msgs/share/ad_msgs/package.bash'
[0.878s] INFO:colcon.colcon_core.shell:Creating package script '/home/joon/automotive_software_final/install/ad_msgs/share/ad_msgs/package.zsh'
[0.879s] Level 1:colcon.colcon_core.environment:create_file_with_runtime_dependencies(/home/joon/automotive_software_final/install/ad_msgs/share/colcon-core/packages/ad_msgs)
[0.880s] Level 1:colcon.colcon_core.environment:create_environment_scripts_only(ad_msgs)
[0.880s] Level 1:colcon.colcon_core.environment:checking '/home/joon/automotive_software_final/install/ad_msgs' for CMake module files
[0.881s] Level 1:colcon.colcon_core.environment:checking '/home/joon/automotive_software_final/install/ad_msgs' for CMake config files
[0.882s] Level 1:colcon.colcon_core.shell:create_environment_hook('ad_msgs', 'cmake_prefix_path')
[0.882s] INFO:colcon.colcon_core.shell:Creating environment hook '/home/joon/automotive_software_final/install/ad_msgs/share/ad_msgs/hook/cmake_prefix_path.ps1'
[0.883s] INFO:colcon.colcon_core.shell:Creating environment descriptor '/home/joon/automotive_software_final/install/ad_msgs/share/ad_msgs/hook/cmake_prefix_path.dsv'
[0.883s] INFO:colcon.colcon_core.shell:Creating environment hook '/home/joon/automotive_software_final/install/ad_msgs/share/ad_msgs/hook/cmake_prefix_path.sh'
[0.884s] Level 1:colcon.colcon_core.environment:checking '/home/joon/automotive_software_final/install/ad_msgs/lib'
[0.884s] Level 1:colcon.colcon_core.shell:create_environment_hook('ad_msgs', 'ld_library_path_lib')
[0.884s] INFO:colcon.colcon_core.shell:Creating environment hook '/home/joon/automotive_software_final/install/ad_msgs/share/ad_msgs/hook/ld_library_path_lib.ps1'
[0.885s] INFO:colcon.colcon_core.shell:Creating environment descriptor '/home/joon/automotive_software_final/install/ad_msgs/share/ad_msgs/hook/ld_library_path_lib.dsv'
[0.885s] INFO:colcon.colcon_core.shell:Creating environment hook '/home/joon/automotive_software_final/install/ad_msgs/share/ad_msgs/hook/ld_library_path_lib.sh'
[0.886s] Level 1:colcon.colcon_core.environment:checking '/home/joon/automotive_software_final/install/ad_msgs/bin'
[0.886s] Level 1:colcon.colcon_core.environment:checking '/home/joon/automotive_software_final/install/ad_msgs/lib/pkgconfig/ad_msgs.pc'
[0.886s] Level 1:colcon.colcon_core.environment:checking '/home/joon/automotive_software_final/install/ad_msgs/lib/python3.10/site-packages'
[0.886s] Level 1:colcon.colcon_core.environment:checking '/home/joon/automotive_software_final/install/ad_msgs/bin'
[0.887s] INFO:colcon.colcon_core.shell:Creating package script '/home/joon/automotive_software_final/install/ad_msgs/share/ad_msgs/package.ps1'
[0.887s] INFO:colcon.colcon_core.shell:Creating package descriptor '/home/joon/automotive_software_final/install/ad_msgs/share/ad_msgs/package.dsv'
[0.888s] INFO:colcon.colcon_core.shell:Creating package script '/home/joon/automotive_software_final/install/ad_msgs/share/ad_msgs/package.sh'
[0.888s] INFO:colcon.colcon_core.shell:Creating package script '/home/joon/automotive_software_final/install/ad_msgs/share/ad_msgs/package.bash'
[0.888s] INFO:colcon.colcon_core.shell:Creating package script '/home/joon/automotive_software_final/install/ad_msgs/share/ad_msgs/package.zsh'
[0.889s] Level 1:colcon.colcon_core.environment:create_file_with_runtime_dependencies(/home/joon/automotive_software_final/install/ad_msgs/share/colcon-core/packages/ad_msgs)
[0.889s] INFO:colcon.colcon_ros.task.ament_cmake.build:Building ROS package in '/home/joon/automotive_software_final/src/app/autonomous_driving' with build type 'ament_cmake'
[0.889s] INFO:colcon.colcon_cmake.task.cmake.build:Building CMake package in '/home/joon/automotive_software_final/src/app/autonomous_driving'
[0.891s] INFO:colcon.colcon_core.shell:Skip shell extension 'powershell' for command environment: Not usable outside of PowerShell
[0.891s] DEBUG:colcon.colcon_core.shell:Skip shell extension 'dsv' for command environment
[0.897s] INFO:colcon.colcon_ros.task.ament_cmake.build:Building ROS package in '/home/joon/automotive_software_final/src/app/evaluation' with build type 'ament_cmake'
[0.897s] INFO:colcon.colcon_cmake.task.cmake.build:Building CMake package in '/home/joon/automotive_software_final/src/app/evaluation'
[0.898s] INFO:colcon.colcon_core.shell:Skip shell extension 'powershell' for command environment: Not usable outside of PowerShell
[0.898s] DEBUG:colcon.colcon_core.shell:Skip shell extension 'dsv' for command environment
[0.902s] INFO:colcon.colcon_ros.task.ament_cmake.build:Building ROS package in '/home/joon/automotive_software_final/src/app/mission_manager' with build type 'ament_cmake'
[0.902s] INFO:colcon.colcon_cmake.task.cmake.build:Building CMake package in '/home/joon/automotive_software_final/src/app/mission_manager'
[0.903s] INFO:colcon.colcon_core.shell:Skip shell extension 'powershell' for command environment: Not usable outside of PowerShell
[0.903s] DEBUG:colcon.colcon_core.shell:Skip shell extension 'dsv' for command environment
[0.907s] INFO:colcon.colcon_ros.task.ament_cmake.build:Building ROS package in '/home/joon/automotive_software_final/src/app/simulator' with build type 'ament_cmake'
[0.908s] INFO:colcon.colcon_cmake.task.cmake.build:Building CMake package in '/home/joon/automotive_software_final/src/app/simulator'
[0.909s] INFO:colcon.colcon_core.shell:Skip shell extension 'powershell' for command environment: Not usable outside of PowerShell
[0.909s] DEBUG:colcon.colcon_core.shell:Skip shell extension 'dsv' for command environment
[0.965s] DEBUG:colcon.colcon_core.event_handler.log_command:Invoking command in '/home/joon/automotive_software_final/build/autonomous_driving': CMAKE_PREFIX_PATH=/home/joon/automotive_software_final/install/ad_msgs:/home/joon/automotive_software_final/install/simulator:/home/joon/automotive_software_final/install/mission_manager:/home/joon/automotive_software_final/install/evaluation:/home/joon/automotive_software_final/install/autonomous_driving:/opt/ros/humble /usr/bin/cmake --build /home/joon/automotive_software_final/build/autonomous_driving -- -j16 -l16
[0.972s] DEBUG:colcon.colcon_core.event_handler.log_command:Invoking command in '/home/joon/automotive_software_final/build/evaluation': CMAKE_PREFIX_PATH=/home/joon/automotive_software_final/install/ad_msgs:/home/joon/automotive_software_final/install/simulator:/home/joon/automotive_software_final/install/mission_manager:/home/joon/automotive_software_final/install/evaluation:/home/joon/automotive_software_final/install/autonomous_driving:/opt/ros/humble /usr/bin/cmake --build /home/joon/automotive_software_final/build/evaluation -- -j16 -l16
[0.982s] DEBUG:colcon.colcon_core.event_handler.log_command:Invoking command in '/home/joon/automotive_software_final/build/simulator': CMAKE_PREFIX_PATH=/home/joon/automotive_software_final/install/ad_msgs:/home/joon/automotive_software_final/install/simulator:/home/joon/automotive_software_final/install/mission_manager:/home/joon/automotive_software_final/install/evaluation:/home/joon/automotive_software_final/install/autonomous_driving:/opt/ros/humble /usr/bin/cmake --build /home/joon/automotive_software_final/build/simulator -- -j16 -l16
[0.989s] DEBUG:colcon.colcon_core.event_handler.log_command:Invoking command in '/home/joon/automotive_software_final/build/mission_manager': CMAKE_PREFIX_PATH=/home/joon/automotive_software_final/install/ad_msgs:/home/joon/automotive_software_final/install/simulator:/home/joon/automotive_software_final/install/mission_manager:/home/joon/automotive_software_final/install/evaluation:/home/joon/automotive_software_final/install/autonomous_driving:/opt/ros/humble /usr/bin/cmake --build /home/joon/automotive_software_final/build/mission_manager -- -j16 -l16
[1.060s] DEBUG:colcon.colcon_core.event_handler.log_command:Invoked command in '/home/joon/automotive_software_final/build/evaluation' returned '0': CMAKE_PREFIX_PATH=/home/joon/automotive_software_final/install/ad_msgs:/home/joon/automotive_software_final/install/simulator:/home/joon/automotive_software_final/install/mission_manager:/home/joon/automotive_software_final/install/evaluation:/home/joon/automotive_software_final/install/autonomous_driving:/opt/ros/humble /usr/bin/cmake --build /home/joon/automotive_software_final/build/evaluation -- -j16 -l16
[1.065s] DEBUG:colcon.colcon_core.event_handler.log_command:Invoking command in '/home/joon/automotive_software_final/build/evaluation': CMAKE_PREFIX_PATH=/home/joon/automotive_software_final/install/ad_msgs:/home/joon/automotive_software_final/install/simulator:/home/joon/automotive_software_final/install/mission_manager:/home/joon/automotive_software_final/install/evaluation:/home/joon/automotive_software_final/install/autonomous_driving:/opt/ros/humble /usr/bin/cmake --install /home/joon/automotive_software_final/build/evaluation
[1.087s] DEBUG:colcon.colcon_core.event_handler.log_command:Invoked command in '/home/joon/automotive_software_final/build/simulator' returned '0': CMAKE_PREFIX_PATH=/home/joon/automotive_software_final/install/ad_msgs:/home/joon/automotive_software_final/install/simulator:/home/joon/automotive_software_final/install/mission_manager:/home/joon/automotive_software_final/install/evaluation:/home/joon/automotive_software_final/install/autonomous_driving:/opt/ros/humble /usr/bin/cmake --build /home/joon/automotive_software_final/build/simulator -- -j16 -l16
[1.091s] DEBUG:colcon.colcon_core.event_handler.log_command:Invoking command in '/home/joon/automotive_software_final/build/simulator': CMAKE_PREFIX_PATH=/home/joon/automotive_software_final/install/ad_msgs:/home/joon/automotive_software_final/install/simulator:/home/joon/automotive_software_final/install/mission_manager:/home/joon/automotive_software_final/install/evaluation:/home/joon/automotive_software_final/install/autonomous_driving:/opt/ros/humble /usr/bin/cmake --install /home/joon/automotive_software_final/build/simulator
[1.094s] DEBUG:colcon.colcon_core.event_handler.log_command:Invoked command in '/home/joon/automotive_software_final/build/mission_manager' returned '0': CMAKE_PREFIX_PATH=/home/joon/automotive_software_final/install/ad_msgs:/home/joon/automotive_software_final/install/simulator:/home/joon/automotive_software_final/install/mission_manager:/home/joon/automotive_software_final/install/evaluation:/home/joon/automotive_software_final/install/autonomous_driving:/opt/ros/humble /usr/bin/cmake --build /home/joon/automotive_software_final/build/mission_manager -- -j16 -l16
[1.099s] DEBUG:colcon.colcon_core.event_handler.log_command:Invoking command in '/home/joon/automotive_software_final/build/mission_manager': CMAKE_PREFIX_PATH=/home/joon/automotive_software_final/install/ad_msgs:/home/joon/automotive_software_final/install/simulator:/home/joon/automotive_software_final/install/mission_manager:/home/joon/automotive_software_final/install/evaluation:/home/joon/automotive_software_final/install/autonomous_driving:/opt/ros/humble /usr/bin/cmake --install /home/joon/automotive_software_final/build/mission_manager
[1.106s] Level 1:colcon.colcon_core.environment:create_environment_scripts_only(evaluation)
[1.107s] Level 1:colcon.colcon_core.environment:checking '/home/joon/automotive_software_final/install/evaluation' for CMake module files
[1.112s] DEBUG:colcon.colcon_core.event_handler.log_command:Invoked command in '/home/joon/automotive_software_final/build/evaluation' returned '0': CMAKE_PREFIX_PATH=/home/joon/automotive_software_final/install/ad_msgs:/home/joon/automotive_software_final/install/simulator:/home/joon/automotive_software_final/install/mission_manager:/home/joon/automotive_software_final/install/evaluation:/home/joon/automotive_software_final/install/autonomous_driving:/opt/ros/humble /usr/bin/cmake --install /home/joon/automotive_software_final/build/evaluation
[1.114s] Level 1:colcon.colcon_core.environment:checking '/home/joon/automotive_software_final/install/evaluation' for CMake config files
[1.117s] Level 1:colcon.colcon_core.shell:create_environment_hook('evaluation', 'cmake_prefix_path')
[1.118s] INFO:colcon.colcon_core.shell:Creating environment hook '/home/joon/automotive_software_final/install/evaluation/share/evaluation/hook/cmake_prefix_path.ps1'
[1.119s] INFO:colcon.colcon_core.shell:Creating environment descriptor '/home/joon/automotive_software_final/install/evaluation/share/evaluation/hook/cmake_prefix_path.dsv'
[1.128s] INFO:colcon.colcon_core.shell:Creating environment hook '/home/joon/automotive_software_final/install/evaluation/share/evaluation/hook/cmake_prefix_path.sh'
[1.132s] Level 1:colcon.colcon_core.environment:checking '/home/joon/automotive_software_final/install/evaluation/lib'
[1.132s] Level 1:colcon.colcon_core.environment:checking '/home/joon/automotive_software_final/install/evaluation/bin'
[1.132s] Level 1:colcon.colcon_core.environment:checking '/home/joon/automotive_software_final/install/evaluation/lib/pkgconfig/evaluation.pc'
[1.133s] Level 1:colcon.colcon_core.environment:checking '/home/joon/automotive_software_final/install/evaluation/lib/python3.10/site-packages'
[1.133s] Level 1:colcon.colcon_core.environment:checking '/home/joon/automotive_software_final/install/evaluation/bin'
[1.134s] INFO:colcon.colcon_core.shell:Creating package script '/home/joon/automotive_software_final/install/evaluation/share/evaluation/package.ps1'
[1.135s] INFO:colcon.colcon_core.shell:Creating package descriptor '/home/joon/automotive_software_final/install/evaluation/share/evaluation/package.dsv'
[1.136s] INFO:colcon.colcon_core.shell:Creating package script '/home/joon/automotive_software_final/install/evaluation/share/evaluation/package.sh'
[1.138s] INFO:colcon.colcon_core.shell:Creating package script '/home/joon/automotive_software_final/install/evaluation/share/evaluation/package.bash'
[1.138s] INFO:colcon.colcon_core.shell:Creating package script '/home/joon/automotive_software_final/install/evaluation/share/evaluation/package.zsh'
[1.139s] Level 1:colcon.colcon_core.environment:create_file_with_runtime_dependencies(/home/joon/automotive_software_final/install/evaluation/share/colcon-core/packages/evaluation)
[1.140s] Level 1:colcon.colcon_core.environment:create_environment_scripts_only(evaluation)
[1.140s] Level 1:colcon.colcon_core.environment:checking '/home/joon/automotive_software_final/install/evaluation' for CMake module files
[1.142s] Level 1:colcon.colcon_core.environment:checking '/home/joon/automotive_software_final/install/evaluation' for CMake config files
[1.145s] Level 1:colcon.colcon_core.shell:create_environment_hook('evaluation', 'cmake_prefix_path')
[1.146s] INFO:colcon.colcon_core.shell:Creating environment hook '/home/joon/automotive_software_final/install/evaluation/share/evaluation/hook/cmake_prefix_path.ps1'
[1.148s] INFO:colcon.colcon_core.shell:Creating environment descriptor '/home/joon/automotive_software_final/install/evaluation/share/evaluation/hook/cmake_prefix_path.dsv'
[1.149s] INFO:colcon.colcon_core.shell:Creating environment hook '/home/joon/automotive_software_final/install/evaluation/share/evaluation/hook/cmake_prefix_path.sh'
[1.150s] Level 1:colcon.colcon_core.environment:checking '/home/joon/automotive_software_final/install/evaluation/lib'
[1.150s] Level 1:colcon.colcon_core.environment:checking '/home/joon/automotive_software_final/install/evaluation/bin'
[1.150s] Level 1:colcon.colcon_core.environment:checking '/home/joon/automotive_software_final/install/evaluation/lib/pkgconfig/evaluation.pc'
[1.151s] Level 1:colcon.colcon_core.environment:checking '/home/joon/automotive_software_final/install/evaluation/lib/python3.10/site-packages'
[1.151s] Level 1:colcon.colcon_core.environment:checking '/home/joon/automotive_software_final/install/evaluation/bin'
[1.152s] INFO:colcon.colcon_core.shell:Creating package script '/home/joon/automotive_software_final/install/evaluation/share/evaluation/package.ps1'
[1.153s] INFO:colcon.colcon_core.shell:Creating package descriptor '/home/joon/automotive_software_final/install/evaluation/share/evaluation/package.dsv'
[1.154s] INFO:colcon.colcon_core.shell:Creating package script '/home/joon/automotive_software_final/install/evaluation/share/evaluation/package.sh'
[1.156s] INFO:colcon.colcon_core.shell:Creating package script '/home/joon/automotive_software_final/install/evaluation/share/evaluation/package.bash'
[1.157s] INFO:colcon.colcon_core.shell:Creating package script '/home/joon/automotive_software_final/install/evaluation/share/evaluation/package.zsh'
[1.158s] Level 1:colcon.colcon_core.environment:create_file_with_runtime_dependencies(/home/joon/automotive_software_final/install/evaluation/share/colcon-core/packages/evaluation)
[1.163s] Level 1:colcon.colcon_core.environment:create_environment_scripts_only(simulator)
[1.164s] Level 1:colcon.colcon_core.environment:checking '/home/joon/automotive_software_final/install/simulator' for CMake module files
[1.167s] DEBUG:colcon.colcon_core.event_handler.log_command:Invoked command in '/home/joon/automotive_software_final/build/simulator' returned '0': CMAKE_PREFIX_PATH=/home/joon/automotive_software_final/install/ad_msgs:/home/joon/automotive_software_final/install/simulator:/home/joon/automotive_software_final/install/mission_manager:/home/joon/automotive_software_final/install/evaluation:/home/joon/automotive_software_final/install/autonomous_driving:/opt/ros/humble /usr/bin/cmake --install /home/joon/automotive_software_final/build/simulator
[1.167s] Level 1:colcon.colcon_core.environment:checking '/home/joon/automotive_software_final/install/simulator' for CMake config files
[1.168s] Level 1:colcon.colcon_core.shell:create_environment_hook('simulator', 'cmake_prefix_path')
[1.168s] INFO:colcon.colcon_core.shell:Creating environment hook '/home/joon/automotive_software_final/install/simulator/share/simulator/hook/cmake_prefix_path.ps1'
[1.170s] INFO:colcon.colcon_core.shell:Creating environment descriptor '/home/joon/automotive_software_final/install/simulator/share/simulator/hook/cmake_prefix_path.dsv'
[1.171s] INFO:colcon.colcon_core.shell:Creating environment hook '/home/joon/automotive_software_final/install/simulator/share/simulator/hook/cmake_prefix_path.sh'
[1.173s] Level 1:colcon.colcon_core.environment:checking '/home/joon/automotive_software_final/install/simulator/lib'
[1.173s] Level 1:colcon.colcon_core.environment:checking '/home/joon/automotive_software_final/install/simulator/bin'
[1.173s] Level 1:colcon.colcon_core.environment:checking '/home/joon/automotive_software_final/install/simulator/lib/pkgconfig/simulator.pc'
[1.174s] Level 1:colcon.colcon_core.environment:checking '/home/joon/automotive_software_final/install/simulator/lib/python3.10/site-packages'
[1.175s] Level 1:colcon.colcon_core.environment:checking '/home/joon/automotive_software_final/install/simulator/bin'
[1.177s] INFO:colcon.colcon_core.shell:Creating package script '/home/joon/automotive_software_final/install/simulator/share/simulator/package.ps1'
[1.179s] INFO:colcon.colcon_core.shell:Creating package descriptor '/home/joon/automotive_software_final/install/simulator/share/simulator/package.dsv'
[1.180s] INFO:colcon.colcon_core.shell:Creating package script '/home/joon/automotive_software_final/install/simulator/share/simulator/package.sh'
[1.181s] INFO:colcon.colcon_core.shell:Creating package script '/home/joon/automotive_software_final/install/simulator/share/simulator/package.bash'
[1.182s] INFO:colcon.colcon_core.shell:Creating package script '/home/joon/automotive_software_final/install/simulator/share/simulator/package.zsh'
[1.182s] Level 1:colcon.colcon_core.environment:create_file_with_runtime_dependencies(/home/joon/automotive_software_final/install/simulator/share/colcon-core/packages/simulator)
[1.183s] Level 1:colcon.colcon_core.environment:create_environment_scripts_only(simulator)
[1.184s] Level 1:colcon.colcon_core.environment:checking '/home/joon/automotive_software_final/install/simulator' for CMake module files
[1.185s] Level 1:colcon.colcon_core.environment:checking '/home/joon/automotive_software_final/install/simulator' for CMake config files
[1.185s] Level 1:colcon.colcon_core.shell:create_environment_hook('simulator', 'cmake_prefix_path')
[1.186s] INFO:colcon.colcon_core.shell:Creating environment hook '/home/joon/automotive_software_final/install/simulator/share/simulator/hook/cmake_prefix_path.ps1'
[1.187s] INFO:colcon.colcon_core.shell:Creating environment descriptor '/home/joon/automotive_software_final/install/simulator/share/simulator/hook/cmake_prefix_path.dsv'
[1.188s] INFO:colcon.colcon_core.shell:Creating environment hook '/home/joon/automotive_software_final/install/simulator/share/simulator/hook/cmake_prefix_path.sh'
[1.189s] Level 1:colcon.colcon_core.environment:checking '/home/joon/automotive_software_final/install/simulator/lib'
[1.189s] Level 1:colcon.colcon_core.environment:checking '/home/joon/automotive_software_final/install/simulator/bin'
[1.190s] Level 1:colcon.colcon_core.environment:checking '/home/joon/automotive_software_final/install/simulator/lib/pkgconfig/simulator.pc'
[1.190s] Level 1:colcon.colcon_core.environment:checking '/home/joon/automotive_software_final/install/simulator/lib/python3.10/site-packages'
[1.190s] Level 1:colcon.colcon_core.environment:checking '/home/joon/automotive_software_final/install/simulator/bin'
[1.191s] INFO:colcon.colcon_core.shell:Creating package script '/home/joon/automotive_software_final/install/simulator/share/simulator/package.ps1'
[1.194s] INFO:colcon.colcon_core.shell:Creating package descriptor '/home/joon/automotive_software_final/install/simulator/share/simulator/package.dsv'
[1.195s] INFO:colcon.colcon_core.shell:Creating package script '/home/joon/automotive_software_final/install/simulator/share/simulator/package.sh'
[1.197s] INFO:colcon.colcon_core.shell:Creating package script '/home/joon/automotive_software_final/install/simulator/share/simulator/package.bash'
[1.198s] INFO:colcon.colcon_core.shell:Creating package script '/home/joon/automotive_software_final/install/simulator/share/simulator/package.zsh'
[1.199s] Level 1:colcon.colcon_core.environment:create_file_with_runtime_dependencies(/home/joon/automotive_software_final/install/simulator/share/colcon-core/packages/simulator)
[1.201s] Level 1:colcon.colcon_core.environment:create_environment_scripts_only(mission_manager)
[1.202s] Level 1:colcon.colcon_core.environment:checking '/home/joon/automotive_software_final/install/mission_manager' for CMake module files
[1.205s] DEBUG:colcon.colcon_core.event_handler.log_command:Invoked command in '/home/joon/automotive_software_final/build/mission_manager' returned '0': CMAKE_PREFIX_PATH=/home/joon/automotive_software_final/install/ad_msgs:/home/joon/automotive_software_final/install/simulator:/home/joon/automotive_software_final/install/mission_manager:/home/joon/automotive_software_final/install/evaluation:/home/joon/automotive_software_final/install/autonomous_driving:/opt/ros/humble /usr/bin/cmake --install /home/joon/automotive_software_final/build/mission_manager
[1.206s] Level 1:colcon.colcon_core.environment:checking '/home/joon/automotive_software_final/install/mission_manager' for CMake config files
[1.206s] Level 1:colcon.colcon_core.shell:create_environment_hook('mission_manager', 'cmake_prefix_path')
[1.207s] INFO:colcon.colcon_core.shell:Creating environment hook '/home/joon/automotive_software_final/install/mission_manager/share/mission_manager/hook/cmake_prefix_path.ps1'
[1.208s] INFO:colcon.colcon_core.shell:Creating environment descriptor '/home/joon/automotive_software_final/install/mission_manager/share/mission_manager/hook/cmake_prefix_path.dsv'
[1.209s] INFO:colcon.colcon_core.shell:Creating environment hook '/home/joon/automotive_software_final/install/mission_manager/share/mission_manager/hook/cmake_prefix_path.sh'
[1.210s] Level 1:colcon.colcon_core.environment:checking '/home/joon/automotive_software_final/install/mission_manager/lib'
[1.210s] Level 1:colcon.colcon_core.environment:checking '/home/joon/automotive_software_final/install/mission_manager/bin'
[1.210s] Level 1:colcon.colcon_core.environment:checking '/home/joon/automotive_software_final/install/mission_manager/lib/pkgconfig/mission_manager.pc'
[1.210s] Level 1:colcon.colcon_core.environment:checking '/home/joon/automotive_software_final/install/mission_manager/lib/python3.10/site-packages'
[1.211s] Level 1:colcon.colcon_core.environment:checking '/home/joon/automotive_software_final/install/mission_manager/bin'
[1.211s] INFO:colcon.colcon_core.shell:Creating package script '/home/joon/automotive_software_final/install/mission_manager/share/mission_manager/package.ps1'
[1.212s] INFO:colcon.colcon_core.shell:Creating package descriptor '/home/joon/automotive_software_final/install/mission_manager/share/mission_manager/package.dsv'
[1.213s] INFO:colcon.colcon_core.shell:Creating package script '/home/joon/automotive_software_final/install/mission_manager/share/mission_manager/package.sh'
[1.214s] INFO:colcon.colcon_core.shell:Creating package script '/home/joon/automotive_software_final/install/mission_manager/share/mission_manager/package.bash'
[1.215s] INFO:colcon.colcon_core.shell:Creating package script '/home/joon/automotive_software_final/install/mission_manager/share/mission_manager/package.zsh'
[1.215s] Level 1:colcon.colcon_core.environment:create_file_with_runtime_dependencies(/home/joon/automotive_software_final/install/mission_manager/share/colcon-core/packages/mission_manager)
[1.216s] Level 1:colcon.colcon_core.environment:create_environment_scripts_only(mission_manager)
[1.216s] Level 1:colcon.colcon_core.environment:checking '/home/joon/automotive_software_final/install/mission_manager' for CMake module files
[1.217s] Level 1:colcon.colcon_core.environment:checking '/home/joon/automotive_software_final/install/mission_manager' for CMake config files
[1.217s] Level 1:colcon.colcon_core.shell:create_environment_hook('mission_manager', 'cmake_prefix_path')
[1.217s] INFO:colcon.colcon_core.shell:Creating environment hook '/home/joon/automotive_software_final/install/mission_manager/share/mission_manager/hook/cmake_prefix_path.ps1'
[1.218s] INFO:colcon.colcon_core.shell:Creating environment descriptor '/home/joon/automotive_software_final/install/mission_manager/share/mission_manager/hook/cmake_prefix_path.dsv'
[1.218s] INFO:colcon.colcon_core.shell:Creating environment hook '/home/joon/automotive_software_final/install/mission_manager/share/mission_manager/hook/cmake_prefix_path.sh'
[1.219s] Level 1:colcon.colcon_core.environment:checking '/home/joon/automotive_software_final/install/mission_manager/lib'
[1.219s] Level 1:colcon.colcon_core.environment:checking '/home/joon/automotive_software_final/install/mission_manager/bin'
[1.219s] Level 1:colcon.colcon_core.environment:checking '/home/joon/automotive_software_final/install/mission_manager/lib/pkgconfig/mission_manager.pc'
[1.220s] Level 1:colcon.colcon_core.environment:checking '/home/joon/automotive_software_final/install/mission_manager/lib/python3.10/site-packages'
[1.220s] Level 1:colcon.colcon_core.environment:checking '/home/joon/automotive_software_final/install/mission_manager/bin'
[1.220s] INFO:colcon.colcon_core.shell:Creating package script '/home/joon/automotive_software_final/install/mission_manager/share/mission_manager/package.ps1'
[1.221s] INFO:colcon.colcon_core.shell:Creating package descriptor '/home/joon/automotive_software_final/install/mission_manager/share/mission_manager/package.dsv'
[1.222s] INFO:colcon.colcon_core.shell:Creating package script '/home/joon/automotive_software_final/install/mission_manager/share/mission_manager/package.sh'
[1.223s] INFO:colcon.colcon_core.shell:Creating package script '/home/joon/automotive_software_final/install/mission_manager/share/mission_manager/package.bash'
[1.224s] INFO:colcon.colcon_core.shell:Creating package script '/home/joon/automotive_software_final/install/mission_manager/share/mission_manager/package.zsh'
[1.224s] Level 1:colcon.colcon_core.environment:create_file_with_runtime_dependencies(/home/joon/automotive_software_final/install/mission_manager/share/colcon-core/packages/mission_manager)
[7.684s] DEBUG:colcon.colcon_core.event_handler.log_command:Invoked command in '/home/joon/automotive_software_final/build/autonomous_driving' returned '0': CMAKE_PREFIX_PATH=/home/joon/automotive_software_final/install/ad_msgs:/home/joon/automotive_software_final/install/simulator:/home/joon/automotive_software_final/install/mission_manager:/home/joon/automotive_software_final/install/evaluation:/home/joon/automotive_software_final/install/autonomous_driving:/opt/ros/humble /usr/bin/cmake --build /home/joon/automotive_software_final/build/autonomous_driving -- -j16 -l16
[7.687s] DEBUG:colcon.colcon_core.event_handler.log_command:Invoking command in '/home/joon/automotive_software_final/build/autonomous_driving': CMAKE_PREFIX_PATH=/home/joon/automotive_software_final/install/ad_msgs:/home/joon/automotive_software_final/install/simulator:/home/joon/automotive_software_final/install/mission_manager:/home/joon/automotive_software_final/install/evaluation:/home/joon/automotive_software_final/install/autonomous_driving:/opt/ros/humble /usr/bin/cmake --install /home/joon/automotive_software_final/build/autonomous_driving
[7.706s] Level 1:colcon.colcon_core.environment:create_environment_scripts_only(autonomous_driving)
[7.706s] Level 1:colcon.colcon_core.environment:checking '/home/joon/automotive_software_final/install/autonomous_driving' for CMake module files
[7.707s] DEBUG:colcon.colcon_core.event_handler.log_command:Invoked command in '/home/joon/automotive_software_final/build/autonomous_driving' returned '0': CMAKE_PREFIX_PATH=/home/joon/automotive_software_final/install/ad_msgs:/home/joon/automotive_software_final/install/simulator:/home/joon/automotive_software_final/install/mission_manager:/home/joon/automotive_software_final/install/evaluation:/home/joon/automotive_software_final/install/autonomous_driving:/opt/ros/humble /usr/bin/cmake --install /home/joon/automotive_software_final/build/autonomous_driving
[7.708s] Level 1:colcon.colcon_core.environment:checking '/home/joon/automotive_software_final/install/autonomous_driving' for CMake config files
[7.708s] Level 1:colcon.colcon_core.shell:create_environment_hook('autonomous_driving', 'cmake_prefix_path')
[7.708s] INFO:colcon.colcon_core.shell:Creating environment hook '/home/joon/automotive_software_final/install/autonomous_driving/share/autonomous_driving/hook/cmake_prefix_path.ps1'
[7.709s] INFO:colcon.colcon_core.shell:Creating environment descriptor '/home/joon/automotive_software_final/install/autonomous_driving/share/autonomous_driving/hook/cmake_prefix_path.dsv'
[7.709s] INFO:colcon.colcon_core.shell:Creating environment hook '/home/joon/automotive_software_final/install/autonomous_driving/share/autonomous_driving/hook/cmake_prefix_path.sh'
[7.710s] Level 1:colcon.colcon_core.environment:checking '/home/joon/automotive_software_final/install/autonomous_driving/lib'
[7.710s] Level 1:colcon.colcon_core.environment:checking '/home/joon/automotive_software_final/install/autonomous_driving/bin'
[7.710s] Level 1:colcon.colcon_core.environment:checking '/home/joon/automotive_software_final/install/autonomous_driving/lib/pkgconfig/autonomous_driving.pc'
[7.710s] Level 1:colcon.colcon_core.environment:checking '/home/joon/automotive_software_final/install/autonomous_driving/lib/python3.10/site-packages'
[7.710s] Level 1:colcon.colcon_core.environment:checking '/home/joon/automotive_software_final/install/autonomous_driving/bin'
[7.711s] INFO:colcon.colcon_core.shell:Creating package script '/home/joon/automotive_software_final/install/autonomous_driving/share/autonomous_driving/package.ps1'
[7.711s] INFO:colcon.colcon_core.shell:Creating package descriptor '/home/joon/automotive_software_final/install/autonomous_driving/share/autonomous_driving/package.dsv'
[7.711s] INFO:colcon.colcon_core.shell:Creating package script '/home/joon/automotive_software_final/install/autonomous_driving/share/autonomous_driving/package.sh'
[7.712s] INFO:colcon.colcon_core.shell:Creating package script '/home/joon/automotive_software_final/install/autonomous_driving/share/autonomous_driving/package.bash'
[7.712s] INFO:colcon.colcon_core.shell:Creating package script '/home/joon/automotive_software_final/install/autonomous_driving/share/autonomous_driving/package.zsh'
[7.712s] Level 1:colcon.colcon_core.environment:create_file_with_runtime_dependencies(/home/joon/automotive_software_final/install/autonomous_driving/share/colcon-core/packages/autonomous_driving)
[7.713s] Level 1:colcon.colcon_core.environment:create_environment_scripts_only(autonomous_driving)
[7.713s] Level 1:colcon.colcon_core.environment:checking '/home/joon/automotive_software_final/install/autonomous_driving' for CMake module files
[7.713s] Level 1:colcon.colcon_core.environment:checking '/home/joon/automotive_software_final/install/autonomous_driving' for CMake config files
[7.713s] Level 1:colcon.colcon_core.shell:create_environment_hook('autonomous_driving', 'cmake_prefix_path')
[7.714s] INFO:colcon.colcon_core.shell:Creating environment hook '/home/joon/automotive_software_final/install/autonomous_driving/share/autonomous_driving/hook/cmake_prefix_path.ps1'
[7.714s] INFO:colcon.colcon_core.shell:Creating environment descriptor '/home/joon/automotive_software_final/install/autonomous_driving/share/autonomous_driving/hook/cmake_prefix_path.dsv'
[7.714s] INFO:colcon.colcon_core.shell:Creating environment hook '/home/joon/automotive_software_final/install/autonomous_driving/share/autonomous_driving/hook/cmake_prefix_path.sh'
[7.714s] Level 1:colcon.colcon_core.environment:checking '/home/joon/automotive_software_final/install/autonomous_driving/lib'
[7.715s] Level 1:colcon.colcon_core.environment:checking '/home/joon/automotive_software_final/install/autonomous_driving/bin'
[7.715s] Level 1:colcon.colcon_core.environment:checking '/home/joon/automotive_software_final/install/autonomous_driving/lib/pkgconfig/autonomous_driving.pc'
[7.715s] Level 1:colcon.colcon_core.environment:checking '/home/joon/automotive_software_final/install/autonomous_driving/lib/python3.10/site-packages'
[7.715s] Level 1:colcon.colcon_core.environment:checking '/home/joon/automotive_software_final/install/autonomous_driving/bin'
[7.715s] INFO:colcon.colcon_core.shell:Creating package script '/home/joon/automotive_software_final/install/autonomous_driving/share/autonomous_driving/package.ps1'
[7.718s] INFO:colcon.colcon_core.shell:Creating package descriptor '/home/joon/automotive_software_final/install/autonomous_driving/share/autonomous_driving/package.dsv'
[7.718s] INFO:colcon.colcon_core.shell:Creating package script '/home/joon/automotive_software_final/install/autonomous_driving/share/autonomous_driving/package.sh'
[7.719s] INFO:colcon.colcon_core.shell:Creating package script '/home/joon/automotive_software_final/install/autonomous_driving/share/autonomous_driving/package.bash'
[7.719s] INFO:colcon.colcon_core.shell:Creating package script '/home/joon/automotive_software_final/install/autonomous_driving/share/autonomous_driving/package.zsh'
[7.720s] Level 1:colcon.colcon_core.environment:create_file_with_runtime_dependencies(/home/joon/automotive_software_final/install/autonomous_driving/share/colcon-core/packages/autonomous_driving)
[7.721s] DEBUG:colcon.colcon_parallel_executor.executor.parallel:closing loop
[7.722s] DEBUG:colcon.colcon_parallel_executor.executor.parallel:loop closed
[7.722s] DEBUG:colcon.colcon_parallel_executor.executor.parallel:run_until_complete finished with '0'
[7.722s] DEBUG:colcon.colcon_core.event_reactor:joining thread
[8.131s] INFO:colcon.colcon_core.plugin_system:Skipping extension 'colcon_notification.desktop_notification.notify_send': Could not find 'notify-send'
[8.131s] INFO:colcon.colcon_core.plugin_system:Skipping extension 'colcon_notification.desktop_notification.terminal_notifier': Not used on non-Darwin systems
[8.131s] INFO:colcon.colcon_core.plugin_system:Skipping extension 'colcon_notification.desktop_notification.win32': Not used on non-Windows systems
[8.131s] INFO:colcon.colcon_notification.desktop_notification:Sending desktop notification using 'notify2'
[8.131s] DEBUG:colcon.colcon_notification.desktop_notification.notify2:Failed to initialize notify2: org.freedesktop.DBus.Error.FileNotFound: Failed to connect to socket /run/user/1000/bus: No such file or directory
[8.131s] DEBUG:colcon.colcon_core.event_reactor:joined thread
[8.132s] INFO:colcon.colcon_core.shell:Creating prefix script '/home/joon/automotive_software_final/install/local_setup.ps1'
[8.133s] INFO:colcon.colcon_core.shell:Creating prefix util module '/home/joon/automotive_software_final/install/_local_setup_util_ps1.py'
[8.134s] INFO:colcon.colcon_core.shell:Creating prefix chain script '/home/joon/automotive_software_final/install/setup.ps1'
[8.135s] INFO:colcon.colcon_core.shell:Creating prefix script '/home/joon/automotive_software_final/install/local_setup.sh'
[8.136s] INFO:colcon.colcon_core.shell:Creating prefix util module '/home/joon/automotive_software_final/install/_local_setup_util_sh.py'
[8.137s] INFO:colcon.colcon_core.shell:Creating prefix chain script '/home/joon/automotive_software_final/install/setup.sh'
[8.138s] INFO:colcon.colcon_core.shell:Creating prefix script '/home/joon/automotive_software_final/install/local_setup.bash'
[8.139s] INFO:colcon.colcon_core.shell:Creating prefix chain script '/home/joon/automotive_software_final/install/setup.bash'
[8.140s] INFO:colcon.colcon_core.shell:Creating prefix script '/home/joon/automotive_software_final/install/local_setup.zsh'
[8.141s] INFO:colcon.colcon_core.shell:Creating prefix chain script '/home/joon/automotive_software_final/install/setup.zsh'
