[0.127s] Invoking command in '/home/joon/mission_hard/mission_hard/build/autonomous_driving': AMENT_PREFIX_PATH=/home/joon/mission_hard/mission_hard/install/ad_msgs:${AMENT_PREFIX_PATH} CMAKE_PREFIX_PATH=/home/joon/mission_hard/mission_hard/install/ad_msgs:/opt/ros/humble LD_LIBRARY_PATH=/home/joon/mission_hard/mission_hard/install/ad_msgs/lib:${LD_LIBRARY_PATH} PYTHONPATH=/home/joon/mission_hard/mission_hard/install/ad_msgs/local/lib/python3.10/dist-packages:${PYTHONPATH} /usr/bin/cmake /home/joon/mission_hard/mission_hard/src/app/autonomous_driving -DCMAKE_INSTALL_PREFIX=/home/joon/mission_hard/mission_hard/install/autonomous_driving
[0.146s] -- Found ament_cmake: 1.3.12 (/opt/ros/humble/share/ament_cmake/cmake)
[0.322s] -- Override CMake install command with custom implementation using symlinks instead of copying resources
[0.335s] -- Found rclcpp: 16.0.15 (/opt/ros/humble/share/rclcpp/cmake)
[0.571s] -- Found rosidl_generator_c: 3.1.7 (/opt/ros/humble/share/rosidl_generator_c/cmake)
[0.575s] -- Found rosidl_adapter: 3.1.7 (/opt/ros/humble/share/rosidl_adapter/cmake)
[0.581s] -- Found rosidl_generator_cpp: 3.1.7 (/opt/ros/humble/share/rosidl_generator_cpp/cmake)
[0.592s] -- Using all available rosidl_typesupport_c: rosidl_typesupport_fastrtps_c;rosidl_typesupport_introspection_c
[0.607s] -- Using all available rosidl_typesupport_cpp: rosidl_typesupport_fastrtps_cpp;rosidl_typesupport_introspection_cpp
[0.645s] -- Found rmw_implementation_cmake: 6.1.2 (/opt/ros/humble/share/rmw_implementation_cmake/cmake)
[0.646s] -- Found rmw_fastrtps_cpp: 6.2.8 (/opt/ros/humble/share/rmw_fastrtps_cpp/cmake)
[8.795s] -- Using RMW implementation 'rmw_fastrtps_cpp' as default
[8.847s] -- Found ad_msgs: 0.0.0 (/home/joon/mission_hard/mission_hard/install/ad_msgs/share/ad_msgs/cmake)
[8.951s] -- Found tf2: 0.25.16 (/opt/ros/humble/share/tf2/cmake)
[8.956s] -- Found tf2_ros: 0.25.16 (/opt/ros/humble/share/tf2_ros/cmake)
[9.124s] -- Configuring done
[9.141s] -- Generating done
[9.146s] -- Build files have been written to: /home/joon/mission_hard/mission_hard/build/autonomous_driving
[9.156s] Invoked command in '/home/joon/mission_hard/mission_hard/build/autonomous_driving' returned '0': AMENT_PREFIX_PATH=/home/joon/mission_hard/mission_hard/install/ad_msgs:${AMENT_PREFIX_PATH} CMAKE_PREFIX_PATH=/home/joon/mission_hard/mission_hard/install/ad_msgs:/opt/ros/humble LD_LIBRARY_PATH=/home/joon/mission_hard/mission_hard/install/ad_msgs/lib:${LD_LIBRARY_PATH} PYTHONPATH=/home/joon/mission_hard/mission_hard/install/ad_msgs/local/lib/python3.10/dist-packages:${PYTHONPATH} /usr/bin/cmake /home/joon/mission_hard/mission_hard/src/app/autonomous_driving -DCMAKE_INSTALL_PREFIX=/home/joon/mission_hard/mission_hard/install/autonomous_driving
[9.160s] Invoking command in '/home/joon/mission_hard/mission_hard/build/autonomous_driving': AMENT_PREFIX_PATH=/home/joon/mission_hard/mission_hard/install/ad_msgs:${AMENT_PREFIX_PATH} CMAKE_PREFIX_PATH=/home/joon/mission_hard/mission_hard/install/ad_msgs:/opt/ros/humble LD_LIBRARY_PATH=/home/joon/mission_hard/mission_hard/install/ad_msgs/lib:${LD_LIBRARY_PATH} PYTHONPATH=/home/joon/mission_hard/mission_hard/install/ad_msgs/local/lib/python3.10/dist-packages:${PYTHONPATH} /usr/bin/cmake --build /home/joon/mission_hard/mission_hard/build/autonomous_driving -- -j16 -l16
[9.212s] Consolidate compiler generated dependencies of target lane_processor_node
[9.230s] [ 50%] Building CXX object CMakeFiles/lane_processor_node.dir/src/lane_processor.cpp.o
[40.844s] [100%] Linking CXX executable lane_processor_node
[42.562s] [100%] Built target lane_processor_node
[42.582s] Invoked command in '/home/joon/mission_hard/mission_hard/build/autonomous_driving' returned '0': AMENT_PREFIX_PATH=/home/joon/mission_hard/mission_hard/install/ad_msgs:${AMENT_PREFIX_PATH} CMAKE_PREFIX_PATH=/home/joon/mission_hard/mission_hard/install/ad_msgs:/opt/ros/humble LD_LIBRARY_PATH=/home/joon/mission_hard/mission_hard/install/ad_msgs/lib:${LD_LIBRARY_PATH} PYTHONPATH=/home/joon/mission_hard/mission_hard/install/ad_msgs/local/lib/python3.10/dist-packages:${PYTHONPATH} /usr/bin/cmake --build /home/joon/mission_hard/mission_hard/build/autonomous_driving -- -j16 -l16
[42.598s] Invoking command in '/home/joon/mission_hard/mission_hard/build/autonomous_driving': AMENT_PREFIX_PATH=/home/joon/mission_hard/mission_hard/install/ad_msgs:${AMENT_PREFIX_PATH} CMAKE_PREFIX_PATH=/home/joon/mission_hard/mission_hard/install/ad_msgs:/opt/ros/humble LD_LIBRARY_PATH=/home/joon/mission_hard/mission_hard/install/ad_msgs/lib:${LD_LIBRARY_PATH} PYTHONPATH=/home/joon/mission_hard/mission_hard/install/ad_msgs/local/lib/python3.10/dist-packages:${PYTHONPATH} /usr/bin/cmake --install /home/joon/mission_hard/mission_hard/build/autonomous_driving
[42.607s] -- Install configuration: ""
[42.608s] -- Execute custom install script
[42.608s] -- Up-to-date symlink: /home/joon/mission_hard/mission_hard/install/autonomous_driving/lib/autonomous_driving/lane_processor_node
[42.609s] -- Up-to-date symlink: /home/joon/mission_hard/mission_hard/install/autonomous_driving/share/autonomous_driving/launch/autonomous_driving.launch.xml
[42.609s] -- Up-to-date symlink: /home/joon/mission_hard/mission_hard/install/autonomous_driving/share/autonomous_driving/launch/autonomous_driving.launch.xml:Zone.Identifier
[42.610s] -- Up-to-date symlink: /home/joon/mission_hard/mission_hard/install/autonomous_driving/share/autonomous_driving/launch/autonomous_driving.launch.xml:Zone.Identifier:Zone.Identifier
[42.610s] -- Up-to-date symlink: /home/joon/mission_hard/mission_hard/install/autonomous_driving/share/autonomous_driving/launch/manual_driving.launch.xml
[42.611s] -- Up-to-date symlink: /home/joon/mission_hard/mission_hard/install/autonomous_driving/share/autonomous_driving/launch/manual_driving.launch.xml:Zone.Identifier
[42.612s] -- Up-to-date symlink: /home/joon/mission_hard/mission_hard/install/autonomous_driving/share/autonomous_driving/launch/manual_driving.launch.xml:Zone.Identifier:Zone.Identifier
[42.612s] -- Up-to-date symlink: /home/joon/mission_hard/mission_hard/install/autonomous_driving/lib/autonomous_driving/simultaneous_inputs.py
[42.612s] -- Up-to-date symlink: /home/joon/mission_hard/mission_hard/install/autonomous_driving/share/ament_index/resource_index/package_run_dependencies/autonomous_driving
[42.613s] -- Up-to-date symlink: /home/joon/mission_hard/mission_hard/install/autonomous_driving/share/ament_index/resource_index/parent_prefix_path/autonomous_driving
[42.613s] -- Up-to-date symlink: /home/joon/mission_hard/mission_hard/install/autonomous_driving/share/autonomous_driving/environment/ament_prefix_path.sh
[42.613s] -- Up-to-date symlink: /home/joon/mission_hard/mission_hard/install/autonomous_driving/share/autonomous_driving/environment/ament_prefix_path.dsv
[42.613s] -- Up-to-date symlink: /home/joon/mission_hard/mission_hard/install/autonomous_driving/share/autonomous_driving/environment/path.sh
[42.613s] -- Up-to-date symlink: /home/joon/mission_hard/mission_hard/install/autonomous_driving/share/autonomous_driving/environment/path.dsv
[42.613s] -- Up-to-date symlink: /home/joon/mission_hard/mission_hard/install/autonomous_driving/share/autonomous_driving/local_setup.bash
[42.613s] -- Up-to-date symlink: /home/joon/mission_hard/mission_hard/install/autonomous_driving/share/autonomous_driving/local_setup.sh
[42.613s] -- Up-to-date symlink: /home/joon/mission_hard/mission_hard/install/autonomous_driving/share/autonomous_driving/local_setup.zsh
[42.613s] -- Up-to-date symlink: /home/joon/mission_hard/mission_hard/install/autonomous_driving/share/autonomous_driving/local_setup.dsv
[42.613s] -- Symlinking: /home/joon/mission_hard/mission_hard/install/autonomous_driving/share/autonomous_driving/package.dsv
[42.628s] -- Up-to-date symlink: /home/joon/mission_hard/mission_hard/install/autonomous_driving/share/ament_index/resource_index/packages/autonomous_driving
[42.629s] -- Up-to-date symlink: /home/joon/mission_hard/mission_hard/install/autonomous_driving/share/autonomous_driving/cmake/autonomous_drivingConfig.cmake
[42.629s] -- Up-to-date symlink: /home/joon/mission_hard/mission_hard/install/autonomous_driving/share/autonomous_driving/cmake/autonomous_drivingConfig-version.cmake
[42.629s] -- Up-to-date symlink: /home/joon/mission_hard/mission_hard/install/autonomous_driving/share/autonomous_driving/package.xml
[42.632s] Invoked command in '/home/joon/mission_hard/mission_hard/build/autonomous_driving' returned '0': AMENT_PREFIX_PATH=/home/joon/mission_hard/mission_hard/install/ad_msgs:${AMENT_PREFIX_PATH} CMAKE_PREFIX_PATH=/home/joon/mission_hard/mission_hard/install/ad_msgs:/opt/ros/humble LD_LIBRARY_PATH=/home/joon/mission_hard/mission_hard/install/ad_msgs/lib:${LD_LIBRARY_PATH} PYTHONPATH=/home/joon/mission_hard/mission_hard/install/ad_msgs/local/lib/python3.10/dist-packages:${PYTHONPATH} /usr/bin/cmake --install /home/joon/mission_hard/mission_hard/build/autonomous_driving
