[0.326s] DEBUG:colcon:Command line arguments: ['/usr/bin/colcon', 'build', '--symlink-install']
[0.326s] DEBUG:colcon:Parsed command line arguments: Namespace(log_base=None, log_level=None, verb_name='build', build_base='build', install_base='install', merge_install=False, symlink_install=True, test_result_base=None, continue_on_error=False, executor='parallel', parallel_workers=16, event_handlers=None, ignore_user_meta=False, metas=['./colcon.meta'], base_paths=['.'], packages_ignore=None, packages_ignore_regex=None, paths=None, packages_up_to=None, packages_up_to_regex=None, packages_above=None, packages_above_and_dependencies=None, packages_above_depth=None, packages_select_by_dep=None, packages_skip_by_dep=None, packages_skip_up_to=None, packages_select_build_failed=False, packages_skip_build_finished=False, packages_select_test_failures=False, packages_skip_test_passed=False, packages_select=None, packages_skip=None, packages_select_regex=None, packages_skip_regex=None, packages_start=None, packages_end=None, allow_overriding=[], cmake_args=None, cmake_target=None, cmake_target_skip_unavailable=False, cmake_clean_cache=False, cmake_clean_first=False, cmake_force_configure=False, ament_cmake_args=None, catkin_cmake_args=None, catkin_skip_building_tests=False, mixin_files=None, mixin=None, verb_parser=<colcon_mixin.mixin.mixin_argument.MixinArgumentDecorator object at 0x78d79114ee60>, verb_extension=<colcon_core.verb.build.BuildVerb object at 0x78d79125b310>, main=<bound method BuildVerb.main of <colcon_core.verb.build.BuildVerb object at 0x78d79125b310>>, mixin_verb=('build',))
[0.515s] Level 1:colcon.colcon_core.package_discovery:discover_packages(colcon_meta) check parameters
[0.516s] Level 1:colcon.colcon_core.package_discovery:discover_packages(recursive) check parameters
[0.516s] Level 1:colcon.colcon_core.package_discovery:discover_packages(ignore) check parameters
[0.516s] Level 1:colcon.colcon_core.package_discovery:discover_packages(path) check parameters
[0.516s] Level 1:colcon.colcon_core.package_discovery:discover_packages(colcon_meta) discover
[0.516s] Level 1:colcon.colcon_core.package_discovery:discover_packages(recursive) discover
[0.516s] INFO:colcon.colcon_core.package_discovery:Crawling recursively for packages in '/home/joon/mission_hard/mission_hard'
[0.516s] Level 1:colcon.colcon_core.package_identification:_identify(.) by extensions ['ignore', 'ignore_ament_install']
[0.516s] Level 1:colcon.colcon_core.package_identification:_identify(.) by extension 'ignore'
[0.516s] Level 1:colcon.colcon_core.package_identification:_identify(.) by extension 'ignore_ament_install'
[0.516s] Level 1:colcon.colcon_core.package_identification:_identify(.) by extensions ['colcon_pkg']
[0.516s] Level 1:colcon.colcon_core.package_identification:_identify(.) by extension 'colcon_pkg'
[0.516s] Level 1:colcon.colcon_core.package_identification:_identify(.) by extensions ['colcon_meta']
[0.516s] Level 1:colcon.colcon_core.package_identification:_identify(.) by extension 'colcon_meta'
[0.516s] Level 1:colcon.colcon_core.package_identification:_identify(.) by extensions ['ros']
[0.516s] Level 1:colcon.colcon_core.package_identification:_identify(.) by extension 'ros'
[0.529s] Level 1:colcon.colcon_core.package_identification:_identify(.) by extensions ['cmake', 'python']
[0.529s] Level 1:colcon.colcon_core.package_identification:_identify(.) by extension 'cmake'
[0.529s] Level 1:colcon.colcon_core.package_identification:_identify(.) by extension 'python'
[0.529s] Level 1:colcon.colcon_core.package_identification:_identify(.) by extensions ['python_setup_py']
[0.529s] Level 1:colcon.colcon_core.package_identification:_identify(.) by extension 'python_setup_py'
[0.529s] Level 1:colcon.colcon_core.package_identification:_identify(build) by extensions ['ignore', 'ignore_ament_install']
[0.529s] Level 1:colcon.colcon_core.package_identification:_identify(build) by extension 'ignore'
[0.529s] Level 1:colcon.colcon_core.package_identification:_identify(build) ignored
[0.529s] Level 1:colcon.colcon_core.package_identification:_identify(install) by extensions ['ignore', 'ignore_ament_install']
[0.529s] Level 1:colcon.colcon_core.package_identification:_identify(install) by extension 'ignore'
[0.529s] Level 1:colcon.colcon_core.package_identification:_identify(install) ignored
[0.529s] Level 1:colcon.colcon_core.package_identification:_identify(log) by extensions ['ignore', 'ignore_ament_install']
[0.529s] Level 1:colcon.colcon_core.package_identification:_identify(log) by extension 'ignore'
[0.529s] Level 1:colcon.colcon_core.package_identification:_identify(log) ignored
[0.529s] Level 1:colcon.colcon_core.package_identification:_identify(resources) by extensions ['ignore', 'ignore_ament_install']
[0.530s] Level 1:colcon.colcon_core.package_identification:_identify(resources) by extension 'ignore'
[0.530s] Level 1:colcon.colcon_core.package_identification:_identify(resources) by extension 'ignore_ament_install'
[0.530s] Level 1:colcon.colcon_core.package_identification:_identify(resources) by extensions ['colcon_pkg']
[0.530s] Level 1:colcon.colcon_core.package_identification:_identify(resources) by extension 'colcon_pkg'
[0.530s] Level 1:colcon.colcon_core.package_identification:_identify(resources) by extensions ['colcon_meta']
[0.530s] Level 1:colcon.colcon_core.package_identification:_identify(resources) by extension 'colcon_meta'
[0.530s] Level 1:colcon.colcon_core.package_identification:_identify(resources) by extensions ['ros']
[0.530s] Level 1:colcon.colcon_core.package_identification:_identify(resources) by extension 'ros'
[0.530s] Level 1:colcon.colcon_core.package_identification:_identify(resources) by extensions ['cmake', 'python']
[0.530s] Level 1:colcon.colcon_core.package_identification:_identify(resources) by extension 'cmake'
[0.530s] Level 1:colcon.colcon_core.package_identification:_identify(resources) by extension 'python'
[0.530s] Level 1:colcon.colcon_core.package_identification:_identify(resources) by extensions ['python_setup_py']
[0.530s] Level 1:colcon.colcon_core.package_identification:_identify(resources) by extension 'python_setup_py'
[0.530s] Level 1:colcon.colcon_core.package_identification:_identify(resources/csv) by extensions ['ignore', 'ignore_ament_install']
[0.530s] Level 1:colcon.colcon_core.package_identification:_identify(resources/csv) by extension 'ignore'
[0.530s] Level 1:colcon.colcon_core.package_identification:_identify(resources/csv) by extension 'ignore_ament_install'
[0.530s] Level 1:colcon.colcon_core.package_identification:_identify(resources/csv) by extensions ['colcon_pkg']
[0.530s] Level 1:colcon.colcon_core.package_identification:_identify(resources/csv) by extension 'colcon_pkg'
[0.530s] Level 1:colcon.colcon_core.package_identification:_identify(resources/csv) by extensions ['colcon_meta']
[0.530s] Level 1:colcon.colcon_core.package_identification:_identify(resources/csv) by extension 'colcon_meta'
[0.530s] Level 1:colcon.colcon_core.package_identification:_identify(resources/csv) by extensions ['ros']
[0.530s] Level 1:colcon.colcon_core.package_identification:_identify(resources/csv) by extension 'ros'
[0.530s] Level 1:colcon.colcon_core.package_identification:_identify(resources/csv) by extensions ['cmake', 'python']
[0.530s] Level 1:colcon.colcon_core.package_identification:_identify(resources/csv) by extension 'cmake'
[0.530s] Level 1:colcon.colcon_core.package_identification:_identify(resources/csv) by extension 'python'
[0.530s] Level 1:colcon.colcon_core.package_identification:_identify(resources/csv) by extensions ['python_setup_py']
[0.530s] Level 1:colcon.colcon_core.package_identification:_identify(resources/csv) by extension 'python_setup_py'
[0.530s] Level 1:colcon.colcon_core.package_identification:_identify(resources/csv/evaluation_lane) by extensions ['ignore', 'ignore_ament_install']
[0.530s] Level 1:colcon.colcon_core.package_identification:_identify(resources/csv/evaluation_lane) by extension 'ignore'
[0.530s] Level 1:colcon.colcon_core.package_identification:_identify(resources/csv/evaluation_lane) by extension 'ignore_ament_install'
[0.530s] Level 1:colcon.colcon_core.package_identification:_identify(resources/csv/evaluation_lane) by extensions ['colcon_pkg']
[0.530s] Level 1:colcon.colcon_core.package_identification:_identify(resources/csv/evaluation_lane) by extension 'colcon_pkg'
[0.530s] Level 1:colcon.colcon_core.package_identification:_identify(resources/csv/evaluation_lane) by extensions ['colcon_meta']
[0.530s] Level 1:colcon.colcon_core.package_identification:_identify(resources/csv/evaluation_lane) by extension 'colcon_meta'
[0.530s] Level 1:colcon.colcon_core.package_identification:_identify(resources/csv/evaluation_lane) by extensions ['ros']
[0.530s] Level 1:colcon.colcon_core.package_identification:_identify(resources/csv/evaluation_lane) by extension 'ros'
[0.530s] Level 1:colcon.colcon_core.package_identification:_identify(resources/csv/evaluation_lane) by extensions ['cmake', 'python']
[0.530s] Level 1:colcon.colcon_core.package_identification:_identify(resources/csv/evaluation_lane) by extension 'cmake'
[0.530s] Level 1:colcon.colcon_core.package_identification:_identify(resources/csv/evaluation_lane) by extension 'python'
[0.530s] Level 1:colcon.colcon_core.package_identification:_identify(resources/csv/evaluation_lane) by extensions ['python_setup_py']
[0.530s] Level 1:colcon.colcon_core.package_identification:_identify(resources/csv/evaluation_lane) by extension 'python_setup_py'
[0.531s] Level 1:colcon.colcon_core.package_identification:_identify(resources/csv/simulation_lane) by extensions ['ignore', 'ignore_ament_install']
[0.531s] Level 1:colcon.colcon_core.package_identification:_identify(resources/csv/simulation_lane) by extension 'ignore'
[0.531s] Level 1:colcon.colcon_core.package_identification:_identify(resources/csv/simulation_lane) by extension 'ignore_ament_install'
[0.531s] Level 1:colcon.colcon_core.package_identification:_identify(resources/csv/simulation_lane) by extensions ['colcon_pkg']
[0.531s] Level 1:colcon.colcon_core.package_identification:_identify(resources/csv/simulation_lane) by extension 'colcon_pkg'
[0.531s] Level 1:colcon.colcon_core.package_identification:_identify(resources/csv/simulation_lane) by extensions ['colcon_meta']
[0.531s] Level 1:colcon.colcon_core.package_identification:_identify(resources/csv/simulation_lane) by extension 'colcon_meta'
[0.531s] Level 1:colcon.colcon_core.package_identification:_identify(resources/csv/simulation_lane) by extensions ['ros']
[0.531s] Level 1:colcon.colcon_core.package_identification:_identify(resources/csv/simulation_lane) by extension 'ros'
[0.531s] Level 1:colcon.colcon_core.package_identification:_identify(resources/csv/simulation_lane) by extensions ['cmake', 'python']
[0.531s] Level 1:colcon.colcon_core.package_identification:_identify(resources/csv/simulation_lane) by extension 'cmake'
[0.531s] Level 1:colcon.colcon_core.package_identification:_identify(resources/csv/simulation_lane) by extension 'python'
[0.531s] Level 1:colcon.colcon_core.package_identification:_identify(resources/csv/simulation_lane) by extensions ['python_setup_py']
[0.531s] Level 1:colcon.colcon_core.package_identification:_identify(resources/csv/simulation_lane) by extension 'python_setup_py'
[0.531s] Level 1:colcon.colcon_core.package_identification:_identify(resources/meshes) by extensions ['ignore', 'ignore_ament_install']
[0.531s] Level 1:colcon.colcon_core.package_identification:_identify(resources/meshes) by extension 'ignore'
[0.531s] Level 1:colcon.colcon_core.package_identification:_identify(resources/meshes) by extension 'ignore_ament_install'
[0.531s] Level 1:colcon.colcon_core.package_identification:_identify(resources/meshes) by extensions ['colcon_pkg']
[0.531s] Level 1:colcon.colcon_core.package_identification:_identify(resources/meshes) by extension 'colcon_pkg'
[0.531s] Level 1:colcon.colcon_core.package_identification:_identify(resources/meshes) by extensions ['colcon_meta']
[0.531s] Level 1:colcon.colcon_core.package_identification:_identify(resources/meshes) by extension 'colcon_meta'
[0.531s] Level 1:colcon.colcon_core.package_identification:_identify(resources/meshes) by extensions ['ros']
[0.531s] Level 1:colcon.colcon_core.package_identification:_identify(resources/meshes) by extension 'ros'
[0.531s] Level 1:colcon.colcon_core.package_identification:_identify(resources/meshes) by extensions ['cmake', 'python']
[0.531s] Level 1:colcon.colcon_core.package_identification:_identify(resources/meshes) by extension 'cmake'
[0.531s] Level 1:colcon.colcon_core.package_identification:_identify(resources/meshes) by extension 'python'
[0.531s] Level 1:colcon.colcon_core.package_identification:_identify(resources/meshes) by extensions ['python_setup_py']
[0.531s] Level 1:colcon.colcon_core.package_identification:_identify(resources/meshes) by extension 'python_setup_py'
[0.531s] Level 1:colcon.colcon_core.package_identification:_identify(resources/rviz) by extensions ['ignore', 'ignore_ament_install']
[0.531s] Level 1:colcon.colcon_core.package_identification:_identify(resources/rviz) by extension 'ignore'
[0.531s] Level 1:colcon.colcon_core.package_identification:_identify(resources/rviz) by extension 'ignore_ament_install'
[0.531s] Level 1:colcon.colcon_core.package_identification:_identify(resources/rviz) by extensions ['colcon_pkg']
[0.531s] Level 1:colcon.colcon_core.package_identification:_identify(resources/rviz) by extension 'colcon_pkg'
[0.531s] Level 1:colcon.colcon_core.package_identification:_identify(resources/rviz) by extensions ['colcon_meta']
[0.531s] Level 1:colcon.colcon_core.package_identification:_identify(resources/rviz) by extension 'colcon_meta'
[0.531s] Level 1:colcon.colcon_core.package_identification:_identify(resources/rviz) by extensions ['ros']
[0.531s] Level 1:colcon.colcon_core.package_identification:_identify(resources/rviz) by extension 'ros'
[0.532s] Level 1:colcon.colcon_core.package_identification:_identify(resources/rviz) by extensions ['cmake', 'python']
[0.532s] Level 1:colcon.colcon_core.package_identification:_identify(resources/rviz) by extension 'cmake'
[0.532s] Level 1:colcon.colcon_core.package_identification:_identify(resources/rviz) by extension 'python'
[0.532s] Level 1:colcon.colcon_core.package_identification:_identify(resources/rviz) by extensions ['python_setup_py']
[0.532s] Level 1:colcon.colcon_core.package_identification:_identify(resources/rviz) by extension 'python_setup_py'
[0.532s] Level 1:colcon.colcon_core.package_identification:_identify(src) by extensions ['ignore', 'ignore_ament_install']
[0.532s] Level 1:colcon.colcon_core.package_identification:_identify(src) by extension 'ignore'
[0.532s] Level 1:colcon.colcon_core.package_identification:_identify(src) by extension 'ignore_ament_install'
[0.532s] Level 1:colcon.colcon_core.package_identification:_identify(src) by extensions ['colcon_pkg']
[0.532s] Level 1:colcon.colcon_core.package_identification:_identify(src) by extension 'colcon_pkg'
[0.532s] Level 1:colcon.colcon_core.package_identification:_identify(src) by extensions ['colcon_meta']
[0.532s] Level 1:colcon.colcon_core.package_identification:_identify(src) by extension 'colcon_meta'
[0.532s] Level 1:colcon.colcon_core.package_identification:_identify(src) by extensions ['ros']
[0.532s] Level 1:colcon.colcon_core.package_identification:_identify(src) by extension 'ros'
[0.532s] Level 1:colcon.colcon_core.package_identification:_identify(src) by extensions ['cmake', 'python']
[0.532s] Level 1:colcon.colcon_core.package_identification:_identify(src) by extension 'cmake'
[0.532s] Level 1:colcon.colcon_core.package_identification:_identify(src) by extension 'python'
[0.532s] Level 1:colcon.colcon_core.package_identification:_identify(src) by extensions ['python_setup_py']
[0.532s] Level 1:colcon.colcon_core.package_identification:_identify(src) by extension 'python_setup_py'
[0.532s] Level 1:colcon.colcon_core.package_identification:_identify(src/app) by extensions ['ignore', 'ignore_ament_install']
[0.532s] Level 1:colcon.colcon_core.package_identification:_identify(src/app) by extension 'ignore'
[0.532s] Level 1:colcon.colcon_core.package_identification:_identify(src/app) by extension 'ignore_ament_install'
[0.532s] Level 1:colcon.colcon_core.package_identification:_identify(src/app) by extensions ['colcon_pkg']
[0.532s] Level 1:colcon.colcon_core.package_identification:_identify(src/app) by extension 'colcon_pkg'
[0.532s] Level 1:colcon.colcon_core.package_identification:_identify(src/app) by extensions ['colcon_meta']
[0.532s] Level 1:colcon.colcon_core.package_identification:_identify(src/app) by extension 'colcon_meta'
[0.532s] Level 1:colcon.colcon_core.package_identification:_identify(src/app) by extensions ['ros']
[0.532s] Level 1:colcon.colcon_core.package_identification:_identify(src/app) by extension 'ros'
[0.532s] Level 1:colcon.colcon_core.package_identification:_identify(src/app) by extensions ['cmake', 'python']
[0.532s] Level 1:colcon.colcon_core.package_identification:_identify(src/app) by extension 'cmake'
[0.532s] Level 1:colcon.colcon_core.package_identification:_identify(src/app) by extension 'python'
[0.532s] Level 1:colcon.colcon_core.package_identification:_identify(src/app) by extensions ['python_setup_py']
[0.532s] Level 1:colcon.colcon_core.package_identification:_identify(src/app) by extension 'python_setup_py'
[0.532s] Level 1:colcon.colcon_core.package_identification:_identify(src/app/autonomous_driving) by extensions ['ignore', 'ignore_ament_install']
[0.532s] Level 1:colcon.colcon_core.package_identification:_identify(src/app/autonomous_driving) by extension 'ignore'
[0.532s] Level 1:colcon.colcon_core.package_identification:_identify(src/app/autonomous_driving) by extension 'ignore_ament_install'
[0.532s] Level 1:colcon.colcon_core.package_identification:_identify(src/app/autonomous_driving) by extensions ['colcon_pkg']
[0.532s] Level 1:colcon.colcon_core.package_identification:_identify(src/app/autonomous_driving) by extension 'colcon_pkg'
[0.532s] Level 1:colcon.colcon_core.package_identification:_identify(src/app/autonomous_driving) by extensions ['colcon_meta']
[0.532s] Level 1:colcon.colcon_core.package_identification:_identify(src/app/autonomous_driving) by extension 'colcon_meta'
[0.532s] Level 1:colcon.colcon_core.package_identification:_identify(src/app/autonomous_driving) by extensions ['ros']
[0.532s] Level 1:colcon.colcon_core.package_identification:_identify(src/app/autonomous_driving) by extension 'ros'
[0.535s] DEBUG:colcon.colcon_core.package_identification:Package 'src/app/autonomous_driving' with type 'ros.ament_cmake' and name 'autonomous_driving'
[0.535s] Level 1:colcon.colcon_core.package_identification:_identify(src/app/evaluation) by extensions ['ignore', 'ignore_ament_install']
[0.535s] Level 1:colcon.colcon_core.package_identification:_identify(src/app/evaluation) by extension 'ignore'
[0.535s] Level 1:colcon.colcon_core.package_identification:_identify(src/app/evaluation) by extension 'ignore_ament_install'
[0.535s] Level 1:colcon.colcon_core.package_identification:_identify(src/app/evaluation) by extensions ['colcon_pkg']
[0.535s] Level 1:colcon.colcon_core.package_identification:_identify(src/app/evaluation) by extension 'colcon_pkg'
[0.535s] Level 1:colcon.colcon_core.package_identification:_identify(src/app/evaluation) by extensions ['colcon_meta']
[0.535s] Level 1:colcon.colcon_core.package_identification:_identify(src/app/evaluation) by extension 'colcon_meta'
[0.535s] Level 1:colcon.colcon_core.package_identification:_identify(src/app/evaluation) by extensions ['ros']
[0.535s] Level 1:colcon.colcon_core.package_identification:_identify(src/app/evaluation) by extension 'ros'
[0.536s] DEBUG:colcon.colcon_core.package_identification:Package 'src/app/evaluation' with type 'ros.ament_cmake' and name 'evaluation'
[0.536s] Level 1:colcon.colcon_core.package_identification:_identify(src/app/mission_manager) by extensions ['ignore', 'ignore_ament_install']
[0.536s] Level 1:colcon.colcon_core.package_identification:_identify(src/app/mission_manager) by extension 'ignore'
[0.536s] Level 1:colcon.colcon_core.package_identification:_identify(src/app/mission_manager) by extension 'ignore_ament_install'
[0.536s] Level 1:colcon.colcon_core.package_identification:_identify(src/app/mission_manager) by extensions ['colcon_pkg']
[0.536s] Level 1:colcon.colcon_core.package_identification:_identify(src/app/mission_manager) by extension 'colcon_pkg'
[0.536s] Level 1:colcon.colcon_core.package_identification:_identify(src/app/mission_manager) by extensions ['colcon_meta']
[0.536s] Level 1:colcon.colcon_core.package_identification:_identify(src/app/mission_manager) by extension 'colcon_meta'
[0.536s] Level 1:colcon.colcon_core.package_identification:_identify(src/app/mission_manager) by extensions ['ros']
[0.536s] Level 1:colcon.colcon_core.package_identification:_identify(src/app/mission_manager) by extension 'ros'
[0.536s] DEBUG:colcon.colcon_core.package_identification:Package 'src/app/mission_manager' with type 'ros.ament_cmake' and name 'mission_manager'
[0.536s] Level 1:colcon.colcon_core.package_identification:_identify(src/app/simulator) by extensions ['ignore', 'ignore_ament_install']
[0.536s] Level 1:colcon.colcon_core.package_identification:_identify(src/app/simulator) by extension 'ignore'
[0.536s] Level 1:colcon.colcon_core.package_identification:_identify(src/app/simulator) by extension 'ignore_ament_install'
[0.536s] Level 1:colcon.colcon_core.package_identification:_identify(src/app/simulator) by extensions ['colcon_pkg']
[0.536s] Level 1:colcon.colcon_core.package_identification:_identify(src/app/simulator) by extension 'colcon_pkg'
[0.536s] Level 1:colcon.colcon_core.package_identification:_identify(src/app/simulator) by extensions ['colcon_meta']
[0.536s] Level 1:colcon.colcon_core.package_identification:_identify(src/app/simulator) by extension 'colcon_meta'
[0.536s] Level 1:colcon.colcon_core.package_identification:_identify(src/app/simulator) by extensions ['ros']
[0.537s] Level 1:colcon.colcon_core.package_identification:_identify(src/app/simulator) by extension 'ros'
[0.537s] DEBUG:colcon.colcon_core.package_identification:Package 'src/app/simulator' with type 'ros.ament_cmake' and name 'simulator'
[0.537s] Level 1:colcon.colcon_core.package_identification:_identify(src/bsw) by extensions ['ignore', 'ignore_ament_install']
[0.537s] Level 1:colcon.colcon_core.package_identification:_identify(src/bsw) by extension 'ignore'
[0.537s] Level 1:colcon.colcon_core.package_identification:_identify(src/bsw) by extension 'ignore_ament_install'
[0.537s] Level 1:colcon.colcon_core.package_identification:_identify(src/bsw) by extensions ['colcon_pkg']
[0.537s] Level 1:colcon.colcon_core.package_identification:_identify(src/bsw) by extension 'colcon_pkg'
[0.537s] Level 1:colcon.colcon_core.package_identification:_identify(src/bsw) by extensions ['colcon_meta']
[0.537s] Level 1:colcon.colcon_core.package_identification:_identify(src/bsw) by extension 'colcon_meta'
[0.537s] Level 1:colcon.colcon_core.package_identification:_identify(src/bsw) by extensions ['ros']
[0.537s] Level 1:colcon.colcon_core.package_identification:_identify(src/bsw) by extension 'ros'
[0.537s] Level 1:colcon.colcon_core.package_identification:_identify(src/bsw) by extensions ['cmake', 'python']
[0.537s] Level 1:colcon.colcon_core.package_identification:_identify(src/bsw) by extension 'cmake'
[0.537s] Level 1:colcon.colcon_core.package_identification:_identify(src/bsw) by extension 'python'
[0.537s] Level 1:colcon.colcon_core.package_identification:_identify(src/bsw) by extensions ['python_setup_py']
[0.537s] Level 1:colcon.colcon_core.package_identification:_identify(src/bsw) by extension 'python_setup_py'
[0.537s] Level 1:colcon.colcon_core.package_identification:_identify(src/bsw/system) by extensions ['ignore', 'ignore_ament_install']
[0.537s] Level 1:colcon.colcon_core.package_identification:_identify(src/bsw/system) by extension 'ignore'
[0.537s] Level 1:colcon.colcon_core.package_identification:_identify(src/bsw/system) by extension 'ignore_ament_install'
[0.537s] Level 1:colcon.colcon_core.package_identification:_identify(src/bsw/system) by extensions ['colcon_pkg']
[0.537s] Level 1:colcon.colcon_core.package_identification:_identify(src/bsw/system) by extension 'colcon_pkg'
[0.537s] Level 1:colcon.colcon_core.package_identification:_identify(src/bsw/system) by extensions ['colcon_meta']
[0.537s] Level 1:colcon.colcon_core.package_identification:_identify(src/bsw/system) by extension 'colcon_meta'
[0.537s] Level 1:colcon.colcon_core.package_identification:_identify(src/bsw/system) by extensions ['ros']
[0.537s] Level 1:colcon.colcon_core.package_identification:_identify(src/bsw/system) by extension 'ros'
[0.538s] Level 1:colcon.colcon_core.package_identification:_identify(src/bsw/system) by extensions ['cmake', 'python']
[0.538s] Level 1:colcon.colcon_core.package_identification:_identify(src/bsw/system) by extension 'cmake'
[0.538s] Level 1:colcon.colcon_core.package_identification:_identify(src/bsw/system) by extension 'python'
[0.538s] Level 1:colcon.colcon_core.package_identification:_identify(src/bsw/system) by extensions ['python_setup_py']
[0.538s] Level 1:colcon.colcon_core.package_identification:_identify(src/bsw/system) by extension 'python_setup_py'
[0.538s] Level 1:colcon.colcon_core.package_identification:_identify(src/bsw/system/bridge) by extensions ['ignore', 'ignore_ament_install']
[0.538s] Level 1:colcon.colcon_core.package_identification:_identify(src/bsw/system/bridge) by extension 'ignore'
[0.538s] Level 1:colcon.colcon_core.package_identification:_identify(src/bsw/system/bridge) by extension 'ignore_ament_install'
[0.538s] Level 1:colcon.colcon_core.package_identification:_identify(src/bsw/system/bridge) by extensions ['colcon_pkg']
[0.538s] Level 1:colcon.colcon_core.package_identification:_identify(src/bsw/system/bridge) by extension 'colcon_pkg'
[0.538s] Level 1:colcon.colcon_core.package_identification:_identify(src/bsw/system/bridge) by extensions ['colcon_meta']
[0.538s] Level 1:colcon.colcon_core.package_identification:_identify(src/bsw/system/bridge) by extension 'colcon_meta'
[0.538s] Level 1:colcon.colcon_core.package_identification:_identify(src/bsw/system/bridge) by extensions ['ros']
[0.538s] Level 1:colcon.colcon_core.package_identification:_identify(src/bsw/system/bridge) by extension 'ros'
[0.538s] Level 1:colcon.colcon_core.package_identification:_identify(src/bsw/system/bridge) by extensions ['cmake', 'python']
[0.538s] Level 1:colcon.colcon_core.package_identification:_identify(src/bsw/system/bridge) by extension 'cmake'
[0.538s] Level 1:colcon.colcon_core.package_identification:_identify(src/bsw/system/bridge) by extension 'python'
[0.538s] Level 1:colcon.colcon_core.package_identification:_identify(src/bsw/system/bridge) by extensions ['python_setup_py']
[0.538s] Level 1:colcon.colcon_core.package_identification:_identify(src/bsw/system/bridge) by extension 'python_setup_py'
[0.538s] Level 1:colcon.colcon_core.package_identification:_identify(src/bsw/system/interface) by extensions ['ignore', 'ignore_ament_install']
[0.538s] Level 1:colcon.colcon_core.package_identification:_identify(src/bsw/system/interface) by extension 'ignore'
[0.538s] Level 1:colcon.colcon_core.package_identification:_identify(src/bsw/system/interface) by extension 'ignore_ament_install'
[0.538s] Level 1:colcon.colcon_core.package_identification:_identify(src/bsw/system/interface) by extensions ['colcon_pkg']
[0.538s] Level 1:colcon.colcon_core.package_identification:_identify(src/bsw/system/interface) by extension 'colcon_pkg'
[0.538s] Level 1:colcon.colcon_core.package_identification:_identify(src/bsw/system/interface) by extensions ['colcon_meta']
[0.538s] Level 1:colcon.colcon_core.package_identification:_identify(src/bsw/system/interface) by extension 'colcon_meta'
[0.538s] Level 1:colcon.colcon_core.package_identification:_identify(src/bsw/system/interface) by extensions ['ros']
[0.538s] Level 1:colcon.colcon_core.package_identification:_identify(src/bsw/system/interface) by extension 'ros'
[0.538s] Level 1:colcon.colcon_core.package_identification:_identify(src/bsw/system/interface) by extensions ['cmake', 'python']
[0.538s] Level 1:colcon.colcon_core.package_identification:_identify(src/bsw/system/interface) by extension 'cmake'
[0.538s] Level 1:colcon.colcon_core.package_identification:_identify(src/bsw/system/interface) by extension 'python'
[0.538s] Level 1:colcon.colcon_core.package_identification:_identify(src/bsw/system/interface) by extensions ['python_setup_py']
[0.538s] Level 1:colcon.colcon_core.package_identification:_identify(src/bsw/system/interface) by extension 'python_setup_py'
[0.538s] Level 1:colcon.colcon_core.package_identification:_identify(src/rte) by extensions ['ignore', 'ignore_ament_install']
[0.538s] Level 1:colcon.colcon_core.package_identification:_identify(src/rte) by extension 'ignore'
[0.538s] Level 1:colcon.colcon_core.package_identification:_identify(src/rte) by extension 'ignore_ament_install'
[0.538s] Level 1:colcon.colcon_core.package_identification:_identify(src/rte) by extensions ['colcon_pkg']
[0.538s] Level 1:colcon.colcon_core.package_identification:_identify(src/rte) by extension 'colcon_pkg'
[0.538s] Level 1:colcon.colcon_core.package_identification:_identify(src/rte) by extensions ['colcon_meta']
[0.538s] Level 1:colcon.colcon_core.package_identification:_identify(src/rte) by extension 'colcon_meta'
[0.538s] Level 1:colcon.colcon_core.package_identification:_identify(src/rte) by extensions ['ros']
[0.538s] Level 1:colcon.colcon_core.package_identification:_identify(src/rte) by extension 'ros'
[0.538s] Level 1:colcon.colcon_core.package_identification:_identify(src/rte) by extensions ['cmake', 'python']
[0.538s] Level 1:colcon.colcon_core.package_identification:_identify(src/rte) by extension 'cmake'
[0.538s] Level 1:colcon.colcon_core.package_identification:_identify(src/rte) by extension 'python'
[0.538s] Level 1:colcon.colcon_core.package_identification:_identify(src/rte) by extensions ['python_setup_py']
[0.539s] Level 1:colcon.colcon_core.package_identification:_identify(src/rte) by extension 'python_setup_py'
[0.539s] Level 1:colcon.colcon_core.package_identification:_identify(src/rte/msg) by extensions ['ignore', 'ignore_ament_install']
[0.539s] Level 1:colcon.colcon_core.package_identification:_identify(src/rte/msg) by extension 'ignore'
[0.539s] Level 1:colcon.colcon_core.package_identification:_identify(src/rte/msg) by extension 'ignore_ament_install'
[0.539s] Level 1:colcon.colcon_core.package_identification:_identify(src/rte/msg) by extensions ['colcon_pkg']
[0.539s] Level 1:colcon.colcon_core.package_identification:_identify(src/rte/msg) by extension 'colcon_pkg'
[0.539s] Level 1:colcon.colcon_core.package_identification:_identify(src/rte/msg) by extensions ['colcon_meta']
[0.539s] Level 1:colcon.colcon_core.package_identification:_identify(src/rte/msg) by extension 'colcon_meta'
[0.539s] Level 1:colcon.colcon_core.package_identification:_identify(src/rte/msg) by extensions ['ros']
[0.539s] Level 1:colcon.colcon_core.package_identification:_identify(src/rte/msg) by extension 'ros'
[0.539s] Level 1:colcon.colcon_core.package_identification:_identify(src/rte/msg) by extensions ['cmake', 'python']
[0.539s] Level 1:colcon.colcon_core.package_identification:_identify(src/rte/msg) by extension 'cmake'
[0.539s] Level 1:colcon.colcon_core.package_identification:_identify(src/rte/msg) by extension 'python'
[0.539s] Level 1:colcon.colcon_core.package_identification:_identify(src/rte/msg) by extensions ['python_setup_py']
[0.539s] Level 1:colcon.colcon_core.package_identification:_identify(src/rte/msg) by extension 'python_setup_py'
[0.539s] Level 1:colcon.colcon_core.package_identification:_identify(src/rte/msg/ad_msgs) by extensions ['ignore', 'ignore_ament_install']
[0.539s] Level 1:colcon.colcon_core.package_identification:_identify(src/rte/msg/ad_msgs) by extension 'ignore'
[0.539s] Level 1:colcon.colcon_core.package_identification:_identify(src/rte/msg/ad_msgs) by extension 'ignore_ament_install'
[0.539s] Level 1:colcon.colcon_core.package_identification:_identify(src/rte/msg/ad_msgs) by extensions ['colcon_pkg']
[0.539s] Level 1:colcon.colcon_core.package_identification:_identify(src/rte/msg/ad_msgs) by extension 'colcon_pkg'
[0.539s] Level 1:colcon.colcon_core.package_identification:_identify(src/rte/msg/ad_msgs) by extensions ['colcon_meta']
[0.539s] Level 1:colcon.colcon_core.package_identification:_identify(src/rte/msg/ad_msgs) by extension 'colcon_meta'
[0.539s] Level 1:colcon.colcon_core.package_identification:_identify(src/rte/msg/ad_msgs) by extensions ['ros']
[0.539s] Level 1:colcon.colcon_core.package_identification:_identify(src/rte/msg/ad_msgs) by extension 'ros'
[0.540s] DEBUG:colcon.colcon_core.package_identification:Package 'src/rte/msg/ad_msgs' with type 'ros.ament_cmake' and name 'ad_msgs'
[0.540s] Level 1:colcon.colcon_core.package_discovery:discover_packages(recursive) using defaults
[0.540s] Level 1:colcon.colcon_core.package_discovery:discover_packages(ignore) discover
[0.540s] Level 1:colcon.colcon_core.package_discovery:discover_packages(ignore) using defaults
[0.540s] Level 1:colcon.colcon_core.package_discovery:discover_packages(path) discover
[0.540s] Level 1:colcon.colcon_core.package_discovery:discover_packages(path) using defaults
[0.573s] Level 1:colcon.colcon_core.package_discovery:discover_packages(prefix_path) check parameters
[0.573s] Level 1:colcon.colcon_core.package_discovery:discover_packages(prefix_path) discover
[0.575s] DEBUG:colcon.colcon_installed_package_information.package_discovery:Found 5 installed packages in /home/joon/automotive_software_final/install
[0.577s] DEBUG:colcon.colcon_installed_package_information.package_discovery:Found 445 installed packages in /opt/ros/humble
[0.578s] Level 1:colcon.colcon_core.package_discovery:discover_packages(prefix_path) using defaults
[0.654s] Level 5:colcon.colcon_core.verb:set package 'ad_msgs' build argument 'cmake_args' from command line to 'None'
[0.654s] Level 5:colcon.colcon_core.verb:set package 'ad_msgs' build argument 'cmake_target' from command line to 'None'
[0.655s] Level 5:colcon.colcon_core.verb:set package 'ad_msgs' build argument 'cmake_target_skip_unavailable' from command line to 'False'
[0.655s] Level 5:colcon.colcon_core.verb:set package 'ad_msgs' build argument 'cmake_clean_cache' from command line to 'False'
[0.655s] Level 5:colcon.colcon_core.verb:set package 'ad_msgs' build argument 'cmake_clean_first' from command line to 'False'
[0.655s] Level 5:colcon.colcon_core.verb:set package 'ad_msgs' build argument 'cmake_force_configure' from command line to 'False'
[0.655s] Level 5:colcon.colcon_core.verb:set package 'ad_msgs' build argument 'ament_cmake_args' from command line to 'None'
[0.655s] Level 5:colcon.colcon_core.verb:set package 'ad_msgs' build argument 'catkin_cmake_args' from command line to 'None'
[0.655s] Level 5:colcon.colcon_core.verb:set package 'ad_msgs' build argument 'catkin_skip_building_tests' from command line to 'False'
[0.655s] DEBUG:colcon.colcon_core.verb:Building package 'ad_msgs' with the following arguments: {'ament_cmake_args': None, 'build_base': '/home/joon/mission_hard/mission_hard/build/ad_msgs', 'catkin_cmake_args': None, 'catkin_skip_building_tests': False, 'cmake_args': None, 'cmake_clean_cache': False, 'cmake_clean_first': False, 'cmake_force_configure': False, 'cmake_target': None, 'cmake_target_skip_unavailable': False, 'install_base': '/home/joon/mission_hard/mission_hard/install/ad_msgs', 'merge_install': False, 'path': '/home/joon/mission_hard/mission_hard/src/rte/msg/ad_msgs', 'symlink_install': True, 'test_result_base': None}
[0.655s] Level 5:colcon.colcon_core.verb:set package 'autonomous_driving' build argument 'cmake_args' from command line to 'None'
[0.655s] Level 5:colcon.colcon_core.verb:set package 'autonomous_driving' build argument 'cmake_target' from command line to 'None'
[0.655s] Level 5:colcon.colcon_core.verb:set package 'autonomous_driving' build argument 'cmake_target_skip_unavailable' from command line to 'False'
[0.655s] Level 5:colcon.colcon_core.verb:set package 'autonomous_driving' build argument 'cmake_clean_cache' from command line to 'False'
[0.655s] Level 5:colcon.colcon_core.verb:set package 'autonomous_driving' build argument 'cmake_clean_first' from command line to 'False'
[0.655s] Level 5:colcon.colcon_core.verb:set package 'autonomous_driving' build argument 'cmake_force_configure' from command line to 'False'
[0.655s] Level 5:colcon.colcon_core.verb:set package 'autonomous_driving' build argument 'ament_cmake_args' from command line to 'None'
[0.655s] Level 5:colcon.colcon_core.verb:set package 'autonomous_driving' build argument 'catkin_cmake_args' from command line to 'None'
[0.655s] Level 5:colcon.colcon_core.verb:set package 'autonomous_driving' build argument 'catkin_skip_building_tests' from command line to 'False'
[0.655s] DEBUG:colcon.colcon_core.verb:Building package 'autonomous_driving' with the following arguments: {'ament_cmake_args': None, 'build_base': '/home/joon/mission_hard/mission_hard/build/autonomous_driving', 'catkin_cmake_args': None, 'catkin_skip_building_tests': False, 'cmake_args': None, 'cmake_clean_cache': False, 'cmake_clean_first': False, 'cmake_force_configure': False, 'cmake_target': None, 'cmake_target_skip_unavailable': False, 'install_base': '/home/joon/mission_hard/mission_hard/install/autonomous_driving', 'merge_install': False, 'path': '/home/joon/mission_hard/mission_hard/src/app/autonomous_driving', 'symlink_install': True, 'test_result_base': None}
[0.655s] Level 5:colcon.colcon_core.verb:set package 'evaluation' build argument 'cmake_args' from command line to 'None'
[0.655s] Level 5:colcon.colcon_core.verb:set package 'evaluation' build argument 'cmake_target' from command line to 'None'
[0.655s] Level 5:colcon.colcon_core.verb:set package 'evaluation' build argument 'cmake_target_skip_unavailable' from command line to 'False'
[0.655s] Level 5:colcon.colcon_core.verb:set package 'evaluation' build argument 'cmake_clean_cache' from command line to 'False'
[0.655s] Level 5:colcon.colcon_core.verb:set package 'evaluation' build argument 'cmake_clean_first' from command line to 'False'
[0.655s] Level 5:colcon.colcon_core.verb:set package 'evaluation' build argument 'cmake_force_configure' from command line to 'False'
[0.655s] Level 5:colcon.colcon_core.verb:set package 'evaluation' build argument 'ament_cmake_args' from command line to 'None'
[0.655s] Level 5:colcon.colcon_core.verb:set package 'evaluation' build argument 'catkin_cmake_args' from command line to 'None'
[0.655s] Level 5:colcon.colcon_core.verb:set package 'evaluation' build argument 'catkin_skip_building_tests' from command line to 'False'
[0.655s] DEBUG:colcon.colcon_core.verb:Building package 'evaluation' with the following arguments: {'ament_cmake_args': None, 'build_base': '/home/joon/mission_hard/mission_hard/build/evaluation', 'catkin_cmake_args': None, 'catkin_skip_building_tests': False, 'cmake_args': None, 'cmake_clean_cache': False, 'cmake_clean_first': False, 'cmake_force_configure': False, 'cmake_target': None, 'cmake_target_skip_unavailable': False, 'install_base': '/home/joon/mission_hard/mission_hard/install/evaluation', 'merge_install': False, 'path': '/home/joon/mission_hard/mission_hard/src/app/evaluation', 'symlink_install': True, 'test_result_base': None}
[0.655s] Level 5:colcon.colcon_core.verb:set package 'mission_manager' build argument 'cmake_args' from command line to 'None'
[0.655s] Level 5:colcon.colcon_core.verb:set package 'mission_manager' build argument 'cmake_target' from command line to 'None'
[0.655s] Level 5:colcon.colcon_core.verb:set package 'mission_manager' build argument 'cmake_target_skip_unavailable' from command line to 'False'
[0.655s] Level 5:colcon.colcon_core.verb:set package 'mission_manager' build argument 'cmake_clean_cache' from command line to 'False'
[0.655s] Level 5:colcon.colcon_core.verb:set package 'mission_manager' build argument 'cmake_clean_first' from command line to 'False'
[0.655s] Level 5:colcon.colcon_core.verb:set package 'mission_manager' build argument 'cmake_force_configure' from command line to 'False'
[0.655s] Level 5:colcon.colcon_core.verb:set package 'mission_manager' build argument 'ament_cmake_args' from command line to 'None'
[0.655s] Level 5:colcon.colcon_core.verb:set package 'mission_manager' build argument 'catkin_cmake_args' from command line to 'None'
[0.655s] Level 5:colcon.colcon_core.verb:set package 'mission_manager' build argument 'catkin_skip_building_tests' from command line to 'False'
[0.655s] DEBUG:colcon.colcon_core.verb:Building package 'mission_manager' with the following arguments: {'ament_cmake_args': None, 'build_base': '/home/joon/mission_hard/mission_hard/build/mission_manager', 'catkin_cmake_args': None, 'catkin_skip_building_tests': False, 'cmake_args': None, 'cmake_clean_cache': False, 'cmake_clean_first': False, 'cmake_force_configure': False, 'cmake_target': None, 'cmake_target_skip_unavailable': False, 'install_base': '/home/joon/mission_hard/mission_hard/install/mission_manager', 'merge_install': False, 'path': '/home/joon/mission_hard/mission_hard/src/app/mission_manager', 'symlink_install': True, 'test_result_base': None}
[0.656s] Level 5:colcon.colcon_core.verb:set package 'simulator' build argument 'cmake_args' from command line to 'None'
[0.656s] Level 5:colcon.colcon_core.verb:set package 'simulator' build argument 'cmake_target' from command line to 'None'
[0.656s] Level 5:colcon.colcon_core.verb:set package 'simulator' build argument 'cmake_target_skip_unavailable' from command line to 'False'
[0.656s] Level 5:colcon.colcon_core.verb:set package 'simulator' build argument 'cmake_clean_cache' from command line to 'False'
[0.656s] Level 5:colcon.colcon_core.verb:set package 'simulator' build argument 'cmake_clean_first' from command line to 'False'
[0.656s] Level 5:colcon.colcon_core.verb:set package 'simulator' build argument 'cmake_force_configure' from command line to 'False'
[0.656s] Level 5:colcon.colcon_core.verb:set package 'simulator' build argument 'ament_cmake_args' from command line to 'None'
[0.656s] Level 5:colcon.colcon_core.verb:set package 'simulator' build argument 'catkin_cmake_args' from command line to 'None'
[0.656s] Level 5:colcon.colcon_core.verb:set package 'simulator' build argument 'catkin_skip_building_tests' from command line to 'False'
[0.656s] DEBUG:colcon.colcon_core.verb:Building package 'simulator' with the following arguments: {'ament_cmake_args': None, 'build_base': '/home/joon/mission_hard/mission_hard/build/simulator', 'catkin_cmake_args': None, 'catkin_skip_building_tests': False, 'cmake_args': None, 'cmake_clean_cache': False, 'cmake_clean_first': False, 'cmake_force_configure': False, 'cmake_target': None, 'cmake_target_skip_unavailable': False, 'install_base': '/home/joon/mission_hard/mission_hard/install/simulator', 'merge_install': False, 'path': '/home/joon/mission_hard/mission_hard/src/app/simulator', 'symlink_install': True, 'test_result_base': None}
[0.656s] INFO:colcon.colcon_core.executor:Executing jobs using 'parallel' executor
[0.657s] DEBUG:colcon.colcon_parallel_executor.executor.parallel:run_until_complete
[0.657s] INFO:colcon.colcon_ros.task.ament_cmake.build:Building ROS package in '/home/joon/mission_hard/mission_hard/src/rte/msg/ad_msgs' with build type 'ament_cmake'
[0.657s] INFO:colcon.colcon_cmake.task.cmake.build:Building CMake package in '/home/joon/mission_hard/mission_hard/src/rte/msg/ad_msgs'
[0.666s] INFO:colcon.colcon_core.plugin_system:Skipping extension 'colcon_core.shell.bat': Not used on non-Windows systems
[0.666s] INFO:colcon.colcon_core.shell:Skip shell extension 'powershell' for command environment: Not usable outside of PowerShell
[0.666s] DEBUG:colcon.colcon_core.shell:Skip shell extension 'dsv' for command environment
[0.677s] DEBUG:colcon.colcon_core.event_handler.log_command:Invoking command in '/home/joon/mission_hard/mission_hard/build/ad_msgs': CMAKE_PREFIX_PATH=${CMAKE_PREFIX_PATH}:/opt/ros/humble /usr/bin/cmake --build /home/joon/mission_hard/mission_hard/build/ad_msgs -- -j16 -l16
[0.948s] DEBUG:colcon.colcon_core.event_handler.log_command:Invoked command in '/home/joon/mission_hard/mission_hard/build/ad_msgs' returned '0': CMAKE_PREFIX_PATH=${CMAKE_PREFIX_PATH}:/opt/ros/humble /usr/bin/cmake --build /home/joon/mission_hard/mission_hard/build/ad_msgs -- -j16 -l16
[0.956s] DEBUG:colcon.colcon_core.event_handler.log_command:Invoking command in '/home/joon/mission_hard/mission_hard/build/ad_msgs': CMAKE_PREFIX_PATH=${CMAKE_PREFIX_PATH}:/opt/ros/humble /usr/bin/cmake --install /home/joon/mission_hard/mission_hard/build/ad_msgs
[1.021s] Level 1:colcon.colcon_core.environment:create_environment_scripts_only(ad_msgs)
[1.021s] DEBUG:colcon.colcon_core.event_handler.log_command:Invoked command in '/home/joon/mission_hard/mission_hard/build/ad_msgs' returned '0': CMAKE_PREFIX_PATH=${CMAKE_PREFIX_PATH}:/opt/ros/humble /usr/bin/cmake --install /home/joon/mission_hard/mission_hard/build/ad_msgs
[1.026s] Level 1:colcon.colcon_core.environment:checking '/home/joon/mission_hard/mission_hard/install/ad_msgs' for CMake module files
[1.026s] Level 1:colcon.colcon_core.environment:checking '/home/joon/mission_hard/mission_hard/install/ad_msgs' for CMake config files
[1.027s] Level 1:colcon.colcon_core.shell:create_environment_hook('ad_msgs', 'cmake_prefix_path')
[1.027s] INFO:colcon.colcon_core.shell:Creating environment hook '/home/joon/mission_hard/mission_hard/install/ad_msgs/share/ad_msgs/hook/cmake_prefix_path.ps1'
[1.028s] INFO:colcon.colcon_core.shell:Creating environment descriptor '/home/joon/mission_hard/mission_hard/install/ad_msgs/share/ad_msgs/hook/cmake_prefix_path.dsv'
[1.028s] INFO:colcon.colcon_core.shell:Creating environment hook '/home/joon/mission_hard/mission_hard/install/ad_msgs/share/ad_msgs/hook/cmake_prefix_path.sh'
[1.029s] Level 1:colcon.colcon_core.environment:checking '/home/joon/mission_hard/mission_hard/install/ad_msgs/lib'
[1.029s] Level 1:colcon.colcon_core.shell:create_environment_hook('ad_msgs', 'ld_library_path_lib')
[1.029s] INFO:colcon.colcon_core.shell:Creating environment hook '/home/joon/mission_hard/mission_hard/install/ad_msgs/share/ad_msgs/hook/ld_library_path_lib.ps1'
[1.029s] INFO:colcon.colcon_core.shell:Creating environment descriptor '/home/joon/mission_hard/mission_hard/install/ad_msgs/share/ad_msgs/hook/ld_library_path_lib.dsv'
[1.029s] INFO:colcon.colcon_core.shell:Creating environment hook '/home/joon/mission_hard/mission_hard/install/ad_msgs/share/ad_msgs/hook/ld_library_path_lib.sh'
[1.030s] Level 1:colcon.colcon_core.environment:checking '/home/joon/mission_hard/mission_hard/install/ad_msgs/bin'
[1.030s] Level 1:colcon.colcon_core.environment:checking '/home/joon/mission_hard/mission_hard/install/ad_msgs/lib/pkgconfig/ad_msgs.pc'
[1.030s] Level 1:colcon.colcon_core.environment:checking '/home/joon/mission_hard/mission_hard/install/ad_msgs/lib/python3.10/site-packages'
[1.030s] Level 1:colcon.colcon_core.environment:checking '/home/joon/mission_hard/mission_hard/install/ad_msgs/bin'
[1.030s] INFO:colcon.colcon_core.shell:Creating package script '/home/joon/mission_hard/mission_hard/install/ad_msgs/share/ad_msgs/package.ps1'
[1.031s] INFO:colcon.colcon_core.shell:Creating package descriptor '/home/joon/mission_hard/mission_hard/install/ad_msgs/share/ad_msgs/package.dsv'
[1.031s] INFO:colcon.colcon_core.shell:Creating package script '/home/joon/mission_hard/mission_hard/install/ad_msgs/share/ad_msgs/package.sh'
[1.031s] INFO:colcon.colcon_core.shell:Creating package script '/home/joon/mission_hard/mission_hard/install/ad_msgs/share/ad_msgs/package.bash'
[1.032s] INFO:colcon.colcon_core.shell:Creating package script '/home/joon/mission_hard/mission_hard/install/ad_msgs/share/ad_msgs/package.zsh'
[1.032s] Level 1:colcon.colcon_core.environment:create_file_with_runtime_dependencies(/home/joon/mission_hard/mission_hard/install/ad_msgs/share/colcon-core/packages/ad_msgs)
[1.032s] Level 1:colcon.colcon_core.environment:create_environment_scripts_only(ad_msgs)
[1.033s] Level 1:colcon.colcon_core.environment:checking '/home/joon/mission_hard/mission_hard/install/ad_msgs' for CMake module files
[1.033s] Level 1:colcon.colcon_core.environment:checking '/home/joon/mission_hard/mission_hard/install/ad_msgs' for CMake config files
[1.034s] Level 1:colcon.colcon_core.shell:create_environment_hook('ad_msgs', 'cmake_prefix_path')
[1.034s] INFO:colcon.colcon_core.shell:Creating environment hook '/home/joon/mission_hard/mission_hard/install/ad_msgs/share/ad_msgs/hook/cmake_prefix_path.ps1'
[1.034s] INFO:colcon.colcon_core.shell:Creating environment descriptor '/home/joon/mission_hard/mission_hard/install/ad_msgs/share/ad_msgs/hook/cmake_prefix_path.dsv'
[1.034s] INFO:colcon.colcon_core.shell:Creating environment hook '/home/joon/mission_hard/mission_hard/install/ad_msgs/share/ad_msgs/hook/cmake_prefix_path.sh'
[1.034s] Level 1:colcon.colcon_core.environment:checking '/home/joon/mission_hard/mission_hard/install/ad_msgs/lib'
[1.035s] Level 1:colcon.colcon_core.shell:create_environment_hook('ad_msgs', 'ld_library_path_lib')
[1.035s] INFO:colcon.colcon_core.shell:Creating environment hook '/home/joon/mission_hard/mission_hard/install/ad_msgs/share/ad_msgs/hook/ld_library_path_lib.ps1'
[1.035s] INFO:colcon.colcon_core.shell:Creating environment descriptor '/home/joon/mission_hard/mission_hard/install/ad_msgs/share/ad_msgs/hook/ld_library_path_lib.dsv'
[1.035s] INFO:colcon.colcon_core.shell:Creating environment hook '/home/joon/mission_hard/mission_hard/install/ad_msgs/share/ad_msgs/hook/ld_library_path_lib.sh'
[1.035s] Level 1:colcon.colcon_core.environment:checking '/home/joon/mission_hard/mission_hard/install/ad_msgs/bin'
[1.035s] Level 1:colcon.colcon_core.environment:checking '/home/joon/mission_hard/mission_hard/install/ad_msgs/lib/pkgconfig/ad_msgs.pc'
[1.035s] Level 1:colcon.colcon_core.environment:checking '/home/joon/mission_hard/mission_hard/install/ad_msgs/lib/python3.10/site-packages'
[1.036s] Level 1:colcon.colcon_core.environment:checking '/home/joon/mission_hard/mission_hard/install/ad_msgs/bin'
[1.036s] INFO:colcon.colcon_core.shell:Creating package script '/home/joon/mission_hard/mission_hard/install/ad_msgs/share/ad_msgs/package.ps1'
[1.036s] INFO:colcon.colcon_core.shell:Creating package descriptor '/home/joon/mission_hard/mission_hard/install/ad_msgs/share/ad_msgs/package.dsv'
[1.036s] INFO:colcon.colcon_core.shell:Creating package script '/home/joon/mission_hard/mission_hard/install/ad_msgs/share/ad_msgs/package.sh'
[1.036s] INFO:colcon.colcon_core.shell:Creating package script '/home/joon/mission_hard/mission_hard/install/ad_msgs/share/ad_msgs/package.bash'
[1.037s] INFO:colcon.colcon_core.shell:Creating package script '/home/joon/mission_hard/mission_hard/install/ad_msgs/share/ad_msgs/package.zsh'
[1.037s] Level 1:colcon.colcon_core.environment:create_file_with_runtime_dependencies(/home/joon/mission_hard/mission_hard/install/ad_msgs/share/colcon-core/packages/ad_msgs)
[1.037s] INFO:colcon.colcon_ros.task.ament_cmake.build:Building ROS package in '/home/joon/mission_hard/mission_hard/src/app/autonomous_driving' with build type 'ament_cmake'
[1.037s] INFO:colcon.colcon_cmake.task.cmake.build:Building CMake package in '/home/joon/mission_hard/mission_hard/src/app/autonomous_driving'
[1.038s] INFO:colcon.colcon_core.shell:Skip shell extension 'powershell' for command environment: Not usable outside of PowerShell
[1.038s] DEBUG:colcon.colcon_core.shell:Skip shell extension 'dsv' for command environment
[1.040s] INFO:colcon.colcon_ros.task.ament_cmake.build:Building ROS package in '/home/joon/mission_hard/mission_hard/src/app/evaluation' with build type 'ament_cmake'
[1.040s] INFO:colcon.colcon_cmake.task.cmake.build:Building CMake package in '/home/joon/mission_hard/mission_hard/src/app/evaluation'
[1.041s] INFO:colcon.colcon_core.shell:Skip shell extension 'powershell' for command environment: Not usable outside of PowerShell
[1.041s] DEBUG:colcon.colcon_core.shell:Skip shell extension 'dsv' for command environment
[1.043s] INFO:colcon.colcon_ros.task.ament_cmake.build:Building ROS package in '/home/joon/mission_hard/mission_hard/src/app/mission_manager' with build type 'ament_cmake'
[1.043s] INFO:colcon.colcon_cmake.task.cmake.build:Building CMake package in '/home/joon/mission_hard/mission_hard/src/app/mission_manager'
[1.043s] INFO:colcon.colcon_core.shell:Skip shell extension 'powershell' for command environment: Not usable outside of PowerShell
[1.043s] DEBUG:colcon.colcon_core.shell:Skip shell extension 'dsv' for command environment
[1.046s] INFO:colcon.colcon_ros.task.ament_cmake.build:Building ROS package in '/home/joon/mission_hard/mission_hard/src/app/simulator' with build type 'ament_cmake'
[1.046s] INFO:colcon.colcon_cmake.task.cmake.build:Building CMake package in '/home/joon/mission_hard/mission_hard/src/app/simulator'
[1.046s] INFO:colcon.colcon_core.shell:Skip shell extension 'powershell' for command environment: Not usable outside of PowerShell
[1.046s] DEBUG:colcon.colcon_core.shell:Skip shell extension 'dsv' for command environment
[1.110s] DEBUG:colcon.colcon_core.event_handler.log_command:Invoking command in '/home/joon/mission_hard/mission_hard/build/evaluation': AMENT_PREFIX_PATH=/home/joon/mission_hard/mission_hard/install/ad_msgs:${AMENT_PREFIX_PATH} CMAKE_PREFIX_PATH=/home/joon/mission_hard/mission_hard/install/ad_msgs:/home/joon/automotive_software_final/install/simulator:/home/joon/automotive_software_final/install/mission_manager:/home/joon/automotive_software_final/install/evaluation:/home/joon/automotive_software_final/install/autonomous_driving:/home/joon/automotive_software_final/install/ad_msgs:/opt/ros/humble LD_LIBRARY_PATH=/home/joon/mission_hard/mission_hard/install/ad_msgs/lib:${LD_LIBRARY_PATH} PYTHONPATH=/home/joon/mission_hard/mission_hard/install/ad_msgs/local/lib/python3.10/dist-packages:${PYTHONPATH} /usr/bin/cmake --build /home/joon/mission_hard/mission_hard/build/evaluation -- -j16 -l16
[1.112s] DEBUG:colcon.colcon_core.event_handler.log_command:Invoking command in '/home/joon/mission_hard/mission_hard/build/autonomous_driving': AMENT_PREFIX_PATH=/home/joon/mission_hard/mission_hard/install/ad_msgs:${AMENT_PREFIX_PATH} CMAKE_PREFIX_PATH=/home/joon/mission_hard/mission_hard/install/ad_msgs:/home/joon/automotive_software_final/install/simulator:/home/joon/automotive_software_final/install/mission_manager:/home/joon/automotive_software_final/install/evaluation:/home/joon/automotive_software_final/install/autonomous_driving:/home/joon/automotive_software_final/install/ad_msgs:/opt/ros/humble LD_LIBRARY_PATH=/home/joon/mission_hard/mission_hard/install/ad_msgs/lib:${LD_LIBRARY_PATH} PYTHONPATH=/home/joon/mission_hard/mission_hard/install/ad_msgs/local/lib/python3.10/dist-packages:${PYTHONPATH} /usr/bin/cmake --build /home/joon/mission_hard/mission_hard/build/autonomous_driving -- -j16 -l16
[1.127s] DEBUG:colcon.colcon_core.event_handler.log_command:Invoking command in '/home/joon/mission_hard/mission_hard/build/mission_manager': AMENT_PREFIX_PATH=/home/joon/mission_hard/mission_hard/install/ad_msgs:${AMENT_PREFIX_PATH} CMAKE_PREFIX_PATH=/home/joon/mission_hard/mission_hard/install/ad_msgs:/home/joon/automotive_software_final/install/simulator:/home/joon/automotive_software_final/install/mission_manager:/home/joon/automotive_software_final/install/evaluation:/home/joon/automotive_software_final/install/autonomous_driving:/home/joon/automotive_software_final/install/ad_msgs:/opt/ros/humble LD_LIBRARY_PATH=/home/joon/mission_hard/mission_hard/install/ad_msgs/lib:${LD_LIBRARY_PATH} PYTHONPATH=/home/joon/mission_hard/mission_hard/install/ad_msgs/local/lib/python3.10/dist-packages:${PYTHONPATH} /usr/bin/cmake --build /home/joon/mission_hard/mission_hard/build/mission_manager -- -j16 -l16
[1.132s] DEBUG:colcon.colcon_core.event_handler.log_command:Invoking command in '/home/joon/mission_hard/mission_hard/build/simulator': AMENT_PREFIX_PATH=/home/joon/mission_hard/mission_hard/install/ad_msgs:${AMENT_PREFIX_PATH} CMAKE_PREFIX_PATH=/home/joon/mission_hard/mission_hard/install/ad_msgs:/home/joon/automotive_software_final/install/simulator:/home/joon/automotive_software_final/install/mission_manager:/home/joon/automotive_software_final/install/evaluation:/home/joon/automotive_software_final/install/autonomous_driving:/home/joon/automotive_software_final/install/ad_msgs:/opt/ros/humble LD_LIBRARY_PATH=/home/joon/mission_hard/mission_hard/install/ad_msgs/lib:${LD_LIBRARY_PATH} PYTHONPATH=/home/joon/mission_hard/mission_hard/install/ad_msgs/local/lib/python3.10/dist-packages:${PYTHONPATH} /usr/bin/cmake --build /home/joon/mission_hard/mission_hard/build/simulator -- -j16 -l16
[12.117s] DEBUG:colcon.colcon_core.event_handler.log_command:Invoked command in '/home/joon/mission_hard/mission_hard/build/simulator' returned '0': AMENT_PREFIX_PATH=/home/joon/mission_hard/mission_hard/install/ad_msgs:${AMENT_PREFIX_PATH} CMAKE_PREFIX_PATH=/home/joon/mission_hard/mission_hard/install/ad_msgs:/home/joon/automotive_software_final/install/simulator:/home/joon/automotive_software_final/install/mission_manager:/home/joon/automotive_software_final/install/evaluation:/home/joon/automotive_software_final/install/autonomous_driving:/home/joon/automotive_software_final/install/ad_msgs:/opt/ros/humble LD_LIBRARY_PATH=/home/joon/mission_hard/mission_hard/install/ad_msgs/lib:${LD_LIBRARY_PATH} PYTHONPATH=/home/joon/mission_hard/mission_hard/install/ad_msgs/local/lib/python3.10/dist-packages:${PYTHONPATH} /usr/bin/cmake --build /home/joon/mission_hard/mission_hard/build/simulator -- -j16 -l16
[12.119s] DEBUG:colcon.colcon_core.event_handler.log_command:Invoking command in '/home/joon/mission_hard/mission_hard/build/simulator': AMENT_PREFIX_PATH=/home/joon/mission_hard/mission_hard/install/ad_msgs:${AMENT_PREFIX_PATH} CMAKE_PREFIX_PATH=/home/joon/mission_hard/mission_hard/install/ad_msgs:/home/joon/automotive_software_final/install/simulator:/home/joon/automotive_software_final/install/mission_manager:/home/joon/automotive_software_final/install/evaluation:/home/joon/automotive_software_final/install/autonomous_driving:/home/joon/automotive_software_final/install/ad_msgs:/opt/ros/humble LD_LIBRARY_PATH=/home/joon/mission_hard/mission_hard/install/ad_msgs/lib:${LD_LIBRARY_PATH} PYTHONPATH=/home/joon/mission_hard/mission_hard/install/ad_msgs/local/lib/python3.10/dist-packages:${PYTHONPATH} /usr/bin/cmake --install /home/joon/mission_hard/mission_hard/build/simulator
[12.305s] Level 1:colcon.colcon_core.environment:create_environment_scripts_only(simulator)
[12.305s] Level 1:colcon.colcon_core.environment:checking '/home/joon/mission_hard/mission_hard/install/simulator' for CMake module files
[12.306s] DEBUG:colcon.colcon_core.event_handler.log_command:Invoked command in '/home/joon/mission_hard/mission_hard/build/simulator' returned '0': AMENT_PREFIX_PATH=/home/joon/mission_hard/mission_hard/install/ad_msgs:${AMENT_PREFIX_PATH} CMAKE_PREFIX_PATH=/home/joon/mission_hard/mission_hard/install/ad_msgs:/home/joon/automotive_software_final/install/simulator:/home/joon/automotive_software_final/install/mission_manager:/home/joon/automotive_software_final/install/evaluation:/home/joon/automotive_software_final/install/autonomous_driving:/home/joon/automotive_software_final/install/ad_msgs:/opt/ros/humble LD_LIBRARY_PATH=/home/joon/mission_hard/mission_hard/install/ad_msgs/lib:${LD_LIBRARY_PATH} PYTHONPATH=/home/joon/mission_hard/mission_hard/install/ad_msgs/local/lib/python3.10/dist-packages:${PYTHONPATH} /usr/bin/cmake --install /home/joon/mission_hard/mission_hard/build/simulator
[12.306s] Level 1:colcon.colcon_core.environment:checking '/home/joon/mission_hard/mission_hard/install/simulator' for CMake config files
[12.307s] Level 1:colcon.colcon_core.shell:create_environment_hook('simulator', 'cmake_prefix_path')
[12.307s] INFO:colcon.colcon_core.shell:Creating environment hook '/home/joon/mission_hard/mission_hard/install/simulator/share/simulator/hook/cmake_prefix_path.ps1'
[12.308s] INFO:colcon.colcon_core.shell:Creating environment descriptor '/home/joon/mission_hard/mission_hard/install/simulator/share/simulator/hook/cmake_prefix_path.dsv'
[12.308s] INFO:colcon.colcon_core.shell:Creating environment hook '/home/joon/mission_hard/mission_hard/install/simulator/share/simulator/hook/cmake_prefix_path.sh'
[12.308s] Level 1:colcon.colcon_core.environment:checking '/home/joon/mission_hard/mission_hard/install/simulator/lib'
[12.308s] Level 1:colcon.colcon_core.environment:checking '/home/joon/mission_hard/mission_hard/install/simulator/bin'
[12.308s] Level 1:colcon.colcon_core.environment:checking '/home/joon/mission_hard/mission_hard/install/simulator/lib/pkgconfig/simulator.pc'
[12.309s] Level 1:colcon.colcon_core.environment:checking '/home/joon/mission_hard/mission_hard/install/simulator/lib/python3.10/site-packages'
[12.309s] Level 1:colcon.colcon_core.environment:checking '/home/joon/mission_hard/mission_hard/install/simulator/bin'
[12.309s] INFO:colcon.colcon_core.shell:Creating package script '/home/joon/mission_hard/mission_hard/install/simulator/share/simulator/package.ps1'
[12.310s] INFO:colcon.colcon_core.shell:Creating package descriptor '/home/joon/mission_hard/mission_hard/install/simulator/share/simulator/package.dsv'
[12.310s] INFO:colcon.colcon_core.shell:Creating package script '/home/joon/mission_hard/mission_hard/install/simulator/share/simulator/package.sh'
[12.311s] INFO:colcon.colcon_core.shell:Creating package script '/home/joon/mission_hard/mission_hard/install/simulator/share/simulator/package.bash'
[12.311s] INFO:colcon.colcon_core.shell:Creating package script '/home/joon/mission_hard/mission_hard/install/simulator/share/simulator/package.zsh'
[12.311s] Level 1:colcon.colcon_core.environment:create_file_with_runtime_dependencies(/home/joon/mission_hard/mission_hard/install/simulator/share/colcon-core/packages/simulator)
[12.312s] Level 1:colcon.colcon_core.environment:create_environment_scripts_only(simulator)
[12.312s] Level 1:colcon.colcon_core.environment:checking '/home/joon/mission_hard/mission_hard/install/simulator' for CMake module files
[12.312s] Level 1:colcon.colcon_core.environment:checking '/home/joon/mission_hard/mission_hard/install/simulator' for CMake config files
[12.312s] Level 1:colcon.colcon_core.shell:create_environment_hook('simulator', 'cmake_prefix_path')
[12.312s] INFO:colcon.colcon_core.shell:Creating environment hook '/home/joon/mission_hard/mission_hard/install/simulator/share/simulator/hook/cmake_prefix_path.ps1'
[12.313s] INFO:colcon.colcon_core.shell:Creating environment descriptor '/home/joon/mission_hard/mission_hard/install/simulator/share/simulator/hook/cmake_prefix_path.dsv'
[12.313s] INFO:colcon.colcon_core.shell:Creating environment hook '/home/joon/mission_hard/mission_hard/install/simulator/share/simulator/hook/cmake_prefix_path.sh'
[12.314s] Level 1:colcon.colcon_core.environment:checking '/home/joon/mission_hard/mission_hard/install/simulator/lib'
[12.314s] Level 1:colcon.colcon_core.environment:checking '/home/joon/mission_hard/mission_hard/install/simulator/bin'
[12.314s] Level 1:colcon.colcon_core.environment:checking '/home/joon/mission_hard/mission_hard/install/simulator/lib/pkgconfig/simulator.pc'
[12.314s] Level 1:colcon.colcon_core.environment:checking '/home/joon/mission_hard/mission_hard/install/simulator/lib/python3.10/site-packages'
[12.314s] Level 1:colcon.colcon_core.environment:checking '/home/joon/mission_hard/mission_hard/install/simulator/bin'
[12.314s] INFO:colcon.colcon_core.shell:Creating package script '/home/joon/mission_hard/mission_hard/install/simulator/share/simulator/package.ps1'
[12.315s] INFO:colcon.colcon_core.shell:Creating package descriptor '/home/joon/mission_hard/mission_hard/install/simulator/share/simulator/package.dsv'
[12.315s] INFO:colcon.colcon_core.shell:Creating package script '/home/joon/mission_hard/mission_hard/install/simulator/share/simulator/package.sh'
[12.315s] INFO:colcon.colcon_core.shell:Creating package script '/home/joon/mission_hard/mission_hard/install/simulator/share/simulator/package.bash'
[12.316s] INFO:colcon.colcon_core.shell:Creating package script '/home/joon/mission_hard/mission_hard/install/simulator/share/simulator/package.zsh'
[12.316s] Level 1:colcon.colcon_core.environment:create_file_with_runtime_dependencies(/home/joon/mission_hard/mission_hard/install/simulator/share/colcon-core/packages/simulator)
[14.395s] DEBUG:colcon.colcon_core.event_handler.log_command:Invoked command in '/home/joon/mission_hard/mission_hard/build/evaluation' returned '0': AMENT_PREFIX_PATH=/home/joon/mission_hard/mission_hard/install/ad_msgs:${AMENT_PREFIX_PATH} CMAKE_PREFIX_PATH=/home/joon/mission_hard/mission_hard/install/ad_msgs:/home/joon/automotive_software_final/install/simulator:/home/joon/automotive_software_final/install/mission_manager:/home/joon/automotive_software_final/install/evaluation:/home/joon/automotive_software_final/install/autonomous_driving:/home/joon/automotive_software_final/install/ad_msgs:/opt/ros/humble LD_LIBRARY_PATH=/home/joon/mission_hard/mission_hard/install/ad_msgs/lib:${LD_LIBRARY_PATH} PYTHONPATH=/home/joon/mission_hard/mission_hard/install/ad_msgs/local/lib/python3.10/dist-packages:${PYTHONPATH} /usr/bin/cmake --build /home/joon/mission_hard/mission_hard/build/evaluation -- -j16 -l16
[14.397s] DEBUG:colcon.colcon_core.event_handler.log_command:Invoking command in '/home/joon/mission_hard/mission_hard/build/evaluation': AMENT_PREFIX_PATH=/home/joon/mission_hard/mission_hard/install/ad_msgs:${AMENT_PREFIX_PATH} CMAKE_PREFIX_PATH=/home/joon/mission_hard/mission_hard/install/ad_msgs:/home/joon/automotive_software_final/install/simulator:/home/joon/automotive_software_final/install/mission_manager:/home/joon/automotive_software_final/install/evaluation:/home/joon/automotive_software_final/install/autonomous_driving:/home/joon/automotive_software_final/install/ad_msgs:/opt/ros/humble LD_LIBRARY_PATH=/home/joon/mission_hard/mission_hard/install/ad_msgs/lib:${LD_LIBRARY_PATH} PYTHONPATH=/home/joon/mission_hard/mission_hard/install/ad_msgs/local/lib/python3.10/dist-packages:${PYTHONPATH} /usr/bin/cmake --install /home/joon/mission_hard/mission_hard/build/evaluation
[14.538s] Level 1:colcon.colcon_core.environment:create_environment_scripts_only(evaluation)
[14.538s] Level 1:colcon.colcon_core.environment:checking '/home/joon/mission_hard/mission_hard/install/evaluation' for CMake module files
[14.539s] DEBUG:colcon.colcon_core.event_handler.log_command:Invoked command in '/home/joon/mission_hard/mission_hard/build/evaluation' returned '0': AMENT_PREFIX_PATH=/home/joon/mission_hard/mission_hard/install/ad_msgs:${AMENT_PREFIX_PATH} CMAKE_PREFIX_PATH=/home/joon/mission_hard/mission_hard/install/ad_msgs:/home/joon/automotive_software_final/install/simulator:/home/joon/automotive_software_final/install/mission_manager:/home/joon/automotive_software_final/install/evaluation:/home/joon/automotive_software_final/install/autonomous_driving:/home/joon/automotive_software_final/install/ad_msgs:/opt/ros/humble LD_LIBRARY_PATH=/home/joon/mission_hard/mission_hard/install/ad_msgs/lib:${LD_LIBRARY_PATH} PYTHONPATH=/home/joon/mission_hard/mission_hard/install/ad_msgs/local/lib/python3.10/dist-packages:${PYTHONPATH} /usr/bin/cmake --install /home/joon/mission_hard/mission_hard/build/evaluation
[14.539s] Level 1:colcon.colcon_core.environment:checking '/home/joon/mission_hard/mission_hard/install/evaluation' for CMake config files
[14.539s] Level 1:colcon.colcon_core.shell:create_environment_hook('evaluation', 'cmake_prefix_path')
[14.539s] INFO:colcon.colcon_core.shell:Creating environment hook '/home/joon/mission_hard/mission_hard/install/evaluation/share/evaluation/hook/cmake_prefix_path.ps1'
[14.540s] INFO:colcon.colcon_core.shell:Creating environment descriptor '/home/joon/mission_hard/mission_hard/install/evaluation/share/evaluation/hook/cmake_prefix_path.dsv'
[14.540s] INFO:colcon.colcon_core.shell:Creating environment hook '/home/joon/mission_hard/mission_hard/install/evaluation/share/evaluation/hook/cmake_prefix_path.sh'
[14.540s] Level 1:colcon.colcon_core.environment:checking '/home/joon/mission_hard/mission_hard/install/evaluation/lib'
[14.540s] Level 1:colcon.colcon_core.environment:checking '/home/joon/mission_hard/mission_hard/install/evaluation/bin'
[14.540s] Level 1:colcon.colcon_core.environment:checking '/home/joon/mission_hard/mission_hard/install/evaluation/lib/pkgconfig/evaluation.pc'
[14.541s] Level 1:colcon.colcon_core.environment:checking '/home/joon/mission_hard/mission_hard/install/evaluation/lib/python3.10/site-packages'
[14.541s] Level 1:colcon.colcon_core.environment:checking '/home/joon/mission_hard/mission_hard/install/evaluation/bin'
[14.541s] INFO:colcon.colcon_core.shell:Creating package script '/home/joon/mission_hard/mission_hard/install/evaluation/share/evaluation/package.ps1'
[14.541s] INFO:colcon.colcon_core.shell:Creating package descriptor '/home/joon/mission_hard/mission_hard/install/evaluation/share/evaluation/package.dsv'
[14.542s] INFO:colcon.colcon_core.shell:Creating package script '/home/joon/mission_hard/mission_hard/install/evaluation/share/evaluation/package.sh'
[14.542s] INFO:colcon.colcon_core.shell:Creating package script '/home/joon/mission_hard/mission_hard/install/evaluation/share/evaluation/package.bash'
[14.542s] INFO:colcon.colcon_core.shell:Creating package script '/home/joon/mission_hard/mission_hard/install/evaluation/share/evaluation/package.zsh'
[14.542s] Level 1:colcon.colcon_core.environment:create_file_with_runtime_dependencies(/home/joon/mission_hard/mission_hard/install/evaluation/share/colcon-core/packages/evaluation)
[14.543s] Level 1:colcon.colcon_core.environment:create_environment_scripts_only(evaluation)
[14.543s] Level 1:colcon.colcon_core.environment:checking '/home/joon/mission_hard/mission_hard/install/evaluation' for CMake module files
[14.544s] Level 1:colcon.colcon_core.environment:checking '/home/joon/mission_hard/mission_hard/install/evaluation' for CMake config files
[14.544s] Level 1:colcon.colcon_core.shell:create_environment_hook('evaluation', 'cmake_prefix_path')
[14.544s] INFO:colcon.colcon_core.shell:Creating environment hook '/home/joon/mission_hard/mission_hard/install/evaluation/share/evaluation/hook/cmake_prefix_path.ps1'
[14.545s] INFO:colcon.colcon_core.shell:Creating environment descriptor '/home/joon/mission_hard/mission_hard/install/evaluation/share/evaluation/hook/cmake_prefix_path.dsv'
[14.545s] INFO:colcon.colcon_core.shell:Creating environment hook '/home/joon/mission_hard/mission_hard/install/evaluation/share/evaluation/hook/cmake_prefix_path.sh'
[14.545s] Level 1:colcon.colcon_core.environment:checking '/home/joon/mission_hard/mission_hard/install/evaluation/lib'
[14.545s] Level 1:colcon.colcon_core.environment:checking '/home/joon/mission_hard/mission_hard/install/evaluation/bin'
[14.545s] Level 1:colcon.colcon_core.environment:checking '/home/joon/mission_hard/mission_hard/install/evaluation/lib/pkgconfig/evaluation.pc'
[14.546s] Level 1:colcon.colcon_core.environment:checking '/home/joon/mission_hard/mission_hard/install/evaluation/lib/python3.10/site-packages'
[14.546s] Level 1:colcon.colcon_core.environment:checking '/home/joon/mission_hard/mission_hard/install/evaluation/bin'
[14.546s] INFO:colcon.colcon_core.shell:Creating package script '/home/joon/mission_hard/mission_hard/install/evaluation/share/evaluation/package.ps1'
[14.546s] INFO:colcon.colcon_core.shell:Creating package descriptor '/home/joon/mission_hard/mission_hard/install/evaluation/share/evaluation/package.dsv'
[14.547s] INFO:colcon.colcon_core.shell:Creating package script '/home/joon/mission_hard/mission_hard/install/evaluation/share/evaluation/package.sh'
[14.547s] INFO:colcon.colcon_core.shell:Creating package script '/home/joon/mission_hard/mission_hard/install/evaluation/share/evaluation/package.bash'
[14.547s] INFO:colcon.colcon_core.shell:Creating package script '/home/joon/mission_hard/mission_hard/install/evaluation/share/evaluation/package.zsh'
[14.548s] Level 1:colcon.colcon_core.environment:create_file_with_runtime_dependencies(/home/joon/mission_hard/mission_hard/install/evaluation/share/colcon-core/packages/evaluation)
[15.174s] DEBUG:colcon.colcon_core.event_handler.log_command:Invoked command in '/home/joon/mission_hard/mission_hard/build/mission_manager' returned '0': AMENT_PREFIX_PATH=/home/joon/mission_hard/mission_hard/install/ad_msgs:${AMENT_PREFIX_PATH} CMAKE_PREFIX_PATH=/home/joon/mission_hard/mission_hard/install/ad_msgs:/home/joon/automotive_software_final/install/simulator:/home/joon/automotive_software_final/install/mission_manager:/home/joon/automotive_software_final/install/evaluation:/home/joon/automotive_software_final/install/autonomous_driving:/home/joon/automotive_software_final/install/ad_msgs:/opt/ros/humble LD_LIBRARY_PATH=/home/joon/mission_hard/mission_hard/install/ad_msgs/lib:${LD_LIBRARY_PATH} PYTHONPATH=/home/joon/mission_hard/mission_hard/install/ad_msgs/local/lib/python3.10/dist-packages:${PYTHONPATH} /usr/bin/cmake --build /home/joon/mission_hard/mission_hard/build/mission_manager -- -j16 -l16
[15.176s] DEBUG:colcon.colcon_core.event_handler.log_command:Invoking command in '/home/joon/mission_hard/mission_hard/build/mission_manager': AMENT_PREFIX_PATH=/home/joon/mission_hard/mission_hard/install/ad_msgs:${AMENT_PREFIX_PATH} CMAKE_PREFIX_PATH=/home/joon/mission_hard/mission_hard/install/ad_msgs:/home/joon/automotive_software_final/install/simulator:/home/joon/automotive_software_final/install/mission_manager:/home/joon/automotive_software_final/install/evaluation:/home/joon/automotive_software_final/install/autonomous_driving:/home/joon/automotive_software_final/install/ad_msgs:/opt/ros/humble LD_LIBRARY_PATH=/home/joon/mission_hard/mission_hard/install/ad_msgs/lib:${LD_LIBRARY_PATH} PYTHONPATH=/home/joon/mission_hard/mission_hard/install/ad_msgs/local/lib/python3.10/dist-packages:${PYTHONPATH} /usr/bin/cmake --install /home/joon/mission_hard/mission_hard/build/mission_manager
[15.323s] Level 1:colcon.colcon_core.environment:create_environment_scripts_only(mission_manager)
[15.323s] Level 1:colcon.colcon_core.environment:checking '/home/joon/mission_hard/mission_hard/install/mission_manager' for CMake module files
[15.324s] DEBUG:colcon.colcon_core.event_handler.log_command:Invoked command in '/home/joon/mission_hard/mission_hard/build/mission_manager' returned '0': AMENT_PREFIX_PATH=/home/joon/mission_hard/mission_hard/install/ad_msgs:${AMENT_PREFIX_PATH} CMAKE_PREFIX_PATH=/home/joon/mission_hard/mission_hard/install/ad_msgs:/home/joon/automotive_software_final/install/simulator:/home/joon/automotive_software_final/install/mission_manager:/home/joon/automotive_software_final/install/evaluation:/home/joon/automotive_software_final/install/autonomous_driving:/home/joon/automotive_software_final/install/ad_msgs:/opt/ros/humble LD_LIBRARY_PATH=/home/joon/mission_hard/mission_hard/install/ad_msgs/lib:${LD_LIBRARY_PATH} PYTHONPATH=/home/joon/mission_hard/mission_hard/install/ad_msgs/local/lib/python3.10/dist-packages:${PYTHONPATH} /usr/bin/cmake --install /home/joon/mission_hard/mission_hard/build/mission_manager
[15.324s] Level 1:colcon.colcon_core.environment:checking '/home/joon/mission_hard/mission_hard/install/mission_manager' for CMake config files
[15.324s] Level 1:colcon.colcon_core.shell:create_environment_hook('mission_manager', 'cmake_prefix_path')
[15.324s] INFO:colcon.colcon_core.shell:Creating environment hook '/home/joon/mission_hard/mission_hard/install/mission_manager/share/mission_manager/hook/cmake_prefix_path.ps1'
[15.325s] INFO:colcon.colcon_core.shell:Creating environment descriptor '/home/joon/mission_hard/mission_hard/install/mission_manager/share/mission_manager/hook/cmake_prefix_path.dsv'
[15.325s] INFO:colcon.colcon_core.shell:Creating environment hook '/home/joon/mission_hard/mission_hard/install/mission_manager/share/mission_manager/hook/cmake_prefix_path.sh'
[15.325s] Level 1:colcon.colcon_core.environment:checking '/home/joon/mission_hard/mission_hard/install/mission_manager/lib'
[15.325s] Level 1:colcon.colcon_core.environment:checking '/home/joon/mission_hard/mission_hard/install/mission_manager/bin'
[15.325s] Level 1:colcon.colcon_core.environment:checking '/home/joon/mission_hard/mission_hard/install/mission_manager/lib/pkgconfig/mission_manager.pc'
[15.326s] Level 1:colcon.colcon_core.environment:checking '/home/joon/mission_hard/mission_hard/install/mission_manager/lib/python3.10/site-packages'
[15.326s] Level 1:colcon.colcon_core.environment:checking '/home/joon/mission_hard/mission_hard/install/mission_manager/bin'
[15.326s] INFO:colcon.colcon_core.shell:Creating package script '/home/joon/mission_hard/mission_hard/install/mission_manager/share/mission_manager/package.ps1'
[15.326s] INFO:colcon.colcon_core.shell:Creating package descriptor '/home/joon/mission_hard/mission_hard/install/mission_manager/share/mission_manager/package.dsv'
[15.326s] INFO:colcon.colcon_core.shell:Creating package script '/home/joon/mission_hard/mission_hard/install/mission_manager/share/mission_manager/package.sh'
[15.327s] INFO:colcon.colcon_core.shell:Creating package script '/home/joon/mission_hard/mission_hard/install/mission_manager/share/mission_manager/package.bash'
[15.327s] INFO:colcon.colcon_core.shell:Creating package script '/home/joon/mission_hard/mission_hard/install/mission_manager/share/mission_manager/package.zsh'
[15.327s] Level 1:colcon.colcon_core.environment:create_file_with_runtime_dependencies(/home/joon/mission_hard/mission_hard/install/mission_manager/share/colcon-core/packages/mission_manager)
[15.328s] Level 1:colcon.colcon_core.environment:create_environment_scripts_only(mission_manager)
[15.328s] Level 1:colcon.colcon_core.environment:checking '/home/joon/mission_hard/mission_hard/install/mission_manager' for CMake module files
[15.328s] Level 1:colcon.colcon_core.environment:checking '/home/joon/mission_hard/mission_hard/install/mission_manager' for CMake config files
[15.328s] Level 1:colcon.colcon_core.shell:create_environment_hook('mission_manager', 'cmake_prefix_path')
[15.328s] INFO:colcon.colcon_core.shell:Creating environment hook '/home/joon/mission_hard/mission_hard/install/mission_manager/share/mission_manager/hook/cmake_prefix_path.ps1'
[15.328s] INFO:colcon.colcon_core.shell:Creating environment descriptor '/home/joon/mission_hard/mission_hard/install/mission_manager/share/mission_manager/hook/cmake_prefix_path.dsv'
[15.329s] INFO:colcon.colcon_core.shell:Creating environment hook '/home/joon/mission_hard/mission_hard/install/mission_manager/share/mission_manager/hook/cmake_prefix_path.sh'
[15.329s] Level 1:colcon.colcon_core.environment:checking '/home/joon/mission_hard/mission_hard/install/mission_manager/lib'
[15.329s] Level 1:colcon.colcon_core.environment:checking '/home/joon/mission_hard/mission_hard/install/mission_manager/bin'
[15.329s] Level 1:colcon.colcon_core.environment:checking '/home/joon/mission_hard/mission_hard/install/mission_manager/lib/pkgconfig/mission_manager.pc'
[15.329s] Level 1:colcon.colcon_core.environment:checking '/home/joon/mission_hard/mission_hard/install/mission_manager/lib/python3.10/site-packages'
[15.329s] Level 1:colcon.colcon_core.environment:checking '/home/joon/mission_hard/mission_hard/install/mission_manager/bin'
[15.329s] INFO:colcon.colcon_core.shell:Creating package script '/home/joon/mission_hard/mission_hard/install/mission_manager/share/mission_manager/package.ps1'
[15.330s] INFO:colcon.colcon_core.shell:Creating package descriptor '/home/joon/mission_hard/mission_hard/install/mission_manager/share/mission_manager/package.dsv'
[15.330s] INFO:colcon.colcon_core.shell:Creating package script '/home/joon/mission_hard/mission_hard/install/mission_manager/share/mission_manager/package.sh'
[15.330s] INFO:colcon.colcon_core.shell:Creating package script '/home/joon/mission_hard/mission_hard/install/mission_manager/share/mission_manager/package.bash'
[15.330s] INFO:colcon.colcon_core.shell:Creating package script '/home/joon/mission_hard/mission_hard/install/mission_manager/share/mission_manager/package.zsh'
[15.331s] Level 1:colcon.colcon_core.environment:create_file_with_runtime_dependencies(/home/joon/mission_hard/mission_hard/install/mission_manager/share/colcon-core/packages/mission_manager)
[20.243s] DEBUG:colcon.colcon_core.event_handler.log_command:Invoked command in '/home/joon/mission_hard/mission_hard/build/autonomous_driving' returned '0': AMENT_PREFIX_PATH=/home/joon/mission_hard/mission_hard/install/ad_msgs:${AMENT_PREFIX_PATH} CMAKE_PREFIX_PATH=/home/joon/mission_hard/mission_hard/install/ad_msgs:/home/joon/automotive_software_final/install/simulator:/home/joon/automotive_software_final/install/mission_manager:/home/joon/automotive_software_final/install/evaluation:/home/joon/automotive_software_final/install/autonomous_driving:/home/joon/automotive_software_final/install/ad_msgs:/opt/ros/humble LD_LIBRARY_PATH=/home/joon/mission_hard/mission_hard/install/ad_msgs/lib:${LD_LIBRARY_PATH} PYTHONPATH=/home/joon/mission_hard/mission_hard/install/ad_msgs/local/lib/python3.10/dist-packages:${PYTHONPATH} /usr/bin/cmake --build /home/joon/mission_hard/mission_hard/build/autonomous_driving -- -j16 -l16
[20.244s] DEBUG:colcon.colcon_core.event_handler.log_command:Invoking command in '/home/joon/mission_hard/mission_hard/build/autonomous_driving': AMENT_PREFIX_PATH=/home/joon/mission_hard/mission_hard/install/ad_msgs:${AMENT_PREFIX_PATH} CMAKE_PREFIX_PATH=/home/joon/mission_hard/mission_hard/install/ad_msgs:/home/joon/automotive_software_final/install/simulator:/home/joon/automotive_software_final/install/mission_manager:/home/joon/automotive_software_final/install/evaluation:/home/joon/automotive_software_final/install/autonomous_driving:/home/joon/automotive_software_final/install/ad_msgs:/opt/ros/humble LD_LIBRARY_PATH=/home/joon/mission_hard/mission_hard/install/ad_msgs/lib:${LD_LIBRARY_PATH} PYTHONPATH=/home/joon/mission_hard/mission_hard/install/ad_msgs/local/lib/python3.10/dist-packages:${PYTHONPATH} /usr/bin/cmake --install /home/joon/mission_hard/mission_hard/build/autonomous_driving
[20.430s] Level 1:colcon.colcon_core.environment:create_environment_scripts_only(autonomous_driving)
[20.431s] Level 1:colcon.colcon_core.environment:checking '/home/joon/mission_hard/mission_hard/install/autonomous_driving' for CMake module files
[20.431s] DEBUG:colcon.colcon_core.event_handler.log_command:Invoked command in '/home/joon/mission_hard/mission_hard/build/autonomous_driving' returned '0': AMENT_PREFIX_PATH=/home/joon/mission_hard/mission_hard/install/ad_msgs:${AMENT_PREFIX_PATH} CMAKE_PREFIX_PATH=/home/joon/mission_hard/mission_hard/install/ad_msgs:/home/joon/automotive_software_final/install/simulator:/home/joon/automotive_software_final/install/mission_manager:/home/joon/automotive_software_final/install/evaluation:/home/joon/automotive_software_final/install/autonomous_driving:/home/joon/automotive_software_final/install/ad_msgs:/opt/ros/humble LD_LIBRARY_PATH=/home/joon/mission_hard/mission_hard/install/ad_msgs/lib:${LD_LIBRARY_PATH} PYTHONPATH=/home/joon/mission_hard/mission_hard/install/ad_msgs/local/lib/python3.10/dist-packages:${PYTHONPATH} /usr/bin/cmake --install /home/joon/mission_hard/mission_hard/build/autonomous_driving
[20.432s] Level 1:colcon.colcon_core.environment:checking '/home/joon/mission_hard/mission_hard/install/autonomous_driving' for CMake config files
[20.432s] Level 1:colcon.colcon_core.shell:create_environment_hook('autonomous_driving', 'cmake_prefix_path')
[20.432s] INFO:colcon.colcon_core.shell:Creating environment hook '/home/joon/mission_hard/mission_hard/install/autonomous_driving/share/autonomous_driving/hook/cmake_prefix_path.ps1'
[20.433s] INFO:colcon.colcon_core.shell:Creating environment descriptor '/home/joon/mission_hard/mission_hard/install/autonomous_driving/share/autonomous_driving/hook/cmake_prefix_path.dsv'
[20.434s] INFO:colcon.colcon_core.shell:Creating environment hook '/home/joon/mission_hard/mission_hard/install/autonomous_driving/share/autonomous_driving/hook/cmake_prefix_path.sh'
[20.434s] Level 1:colcon.colcon_core.environment:checking '/home/joon/mission_hard/mission_hard/install/autonomous_driving/lib'
[20.434s] Level 1:colcon.colcon_core.environment:checking '/home/joon/mission_hard/mission_hard/install/autonomous_driving/bin'
[20.434s] Level 1:colcon.colcon_core.environment:checking '/home/joon/mission_hard/mission_hard/install/autonomous_driving/lib/pkgconfig/autonomous_driving.pc'
[20.434s] Level 1:colcon.colcon_core.environment:checking '/home/joon/mission_hard/mission_hard/install/autonomous_driving/lib/python3.10/site-packages'
[20.435s] Level 1:colcon.colcon_core.environment:checking '/home/joon/mission_hard/mission_hard/install/autonomous_driving/bin'
[20.435s] INFO:colcon.colcon_core.shell:Creating package script '/home/joon/mission_hard/mission_hard/install/autonomous_driving/share/autonomous_driving/package.ps1'
[20.435s] INFO:colcon.colcon_core.shell:Creating package descriptor '/home/joon/mission_hard/mission_hard/install/autonomous_driving/share/autonomous_driving/package.dsv'
[20.435s] INFO:colcon.colcon_core.shell:Creating package script '/home/joon/mission_hard/mission_hard/install/autonomous_driving/share/autonomous_driving/package.sh'
[20.436s] INFO:colcon.colcon_core.shell:Creating package script '/home/joon/mission_hard/mission_hard/install/autonomous_driving/share/autonomous_driving/package.bash'
[20.436s] INFO:colcon.colcon_core.shell:Creating package script '/home/joon/mission_hard/mission_hard/install/autonomous_driving/share/autonomous_driving/package.zsh'
[20.436s] Level 1:colcon.colcon_core.environment:create_file_with_runtime_dependencies(/home/joon/mission_hard/mission_hard/install/autonomous_driving/share/colcon-core/packages/autonomous_driving)
[20.437s] Level 1:colcon.colcon_core.environment:create_environment_scripts_only(autonomous_driving)
[20.437s] Level 1:colcon.colcon_core.environment:checking '/home/joon/mission_hard/mission_hard/install/autonomous_driving' for CMake module files
[20.437s] Level 1:colcon.colcon_core.environment:checking '/home/joon/mission_hard/mission_hard/install/autonomous_driving' for CMake config files
[20.437s] Level 1:colcon.colcon_core.shell:create_environment_hook('autonomous_driving', 'cmake_prefix_path')
[20.438s] INFO:colcon.colcon_core.shell:Creating environment hook '/home/joon/mission_hard/mission_hard/install/autonomous_driving/share/autonomous_driving/hook/cmake_prefix_path.ps1'
[20.438s] INFO:colcon.colcon_core.shell:Creating environment descriptor '/home/joon/mission_hard/mission_hard/install/autonomous_driving/share/autonomous_driving/hook/cmake_prefix_path.dsv'
[20.438s] INFO:colcon.colcon_core.shell:Creating environment hook '/home/joon/mission_hard/mission_hard/install/autonomous_driving/share/autonomous_driving/hook/cmake_prefix_path.sh'
[20.439s] Level 1:colcon.colcon_core.environment:checking '/home/joon/mission_hard/mission_hard/install/autonomous_driving/lib'
[20.439s] Level 1:colcon.colcon_core.environment:checking '/home/joon/mission_hard/mission_hard/install/autonomous_driving/bin'
[20.439s] Level 1:colcon.colcon_core.environment:checking '/home/joon/mission_hard/mission_hard/install/autonomous_driving/lib/pkgconfig/autonomous_driving.pc'
[20.439s] Level 1:colcon.colcon_core.environment:checking '/home/joon/mission_hard/mission_hard/install/autonomous_driving/lib/python3.10/site-packages'
[20.439s] Level 1:colcon.colcon_core.environment:checking '/home/joon/mission_hard/mission_hard/install/autonomous_driving/bin'
[20.439s] INFO:colcon.colcon_core.shell:Creating package script '/home/joon/mission_hard/mission_hard/install/autonomous_driving/share/autonomous_driving/package.ps1'
[20.440s] INFO:colcon.colcon_core.shell:Creating package descriptor '/home/joon/mission_hard/mission_hard/install/autonomous_driving/share/autonomous_driving/package.dsv'
[20.440s] INFO:colcon.colcon_core.shell:Creating package script '/home/joon/mission_hard/mission_hard/install/autonomous_driving/share/autonomous_driving/package.sh'
[20.440s] INFO:colcon.colcon_core.shell:Creating package script '/home/joon/mission_hard/mission_hard/install/autonomous_driving/share/autonomous_driving/package.bash'
[20.440s] INFO:colcon.colcon_core.shell:Creating package script '/home/joon/mission_hard/mission_hard/install/autonomous_driving/share/autonomous_driving/package.zsh'
[20.441s] Level 1:colcon.colcon_core.environment:create_file_with_runtime_dependencies(/home/joon/mission_hard/mission_hard/install/autonomous_driving/share/colcon-core/packages/autonomous_driving)
[20.441s] DEBUG:colcon.colcon_parallel_executor.executor.parallel:closing loop
[20.441s] DEBUG:colcon.colcon_parallel_executor.executor.parallel:loop closed
[20.442s] DEBUG:colcon.colcon_parallel_executor.executor.parallel:run_until_complete finished with '0'
[20.442s] DEBUG:colcon.colcon_core.event_reactor:joining thread
[20.505s] INFO:colcon.colcon_core.plugin_system:Skipping extension 'colcon_notification.desktop_notification.notify_send': Could not find 'notify-send'
[20.506s] INFO:colcon.colcon_core.plugin_system:Skipping extension 'colcon_notification.desktop_notification.terminal_notifier': Not used on non-Darwin systems
[20.506s] INFO:colcon.colcon_core.plugin_system:Skipping extension 'colcon_notification.desktop_notification.win32': Not used on non-Windows systems
[20.506s] INFO:colcon.colcon_notification.desktop_notification:Sending desktop notification using 'notify2'
[20.506s] DEBUG:colcon.colcon_notification.desktop_notification.notify2:Failed to initialize notify2: org.freedesktop.DBus.Error.FileNotFound: Failed to connect to socket /run/user/1000/bus: No such file or directory
[20.506s] DEBUG:colcon.colcon_core.event_reactor:joined thread
[20.507s] INFO:colcon.colcon_core.shell:Creating prefix script '/home/joon/mission_hard/mission_hard/install/local_setup.ps1'
[20.507s] INFO:colcon.colcon_core.shell:Creating prefix util module '/home/joon/mission_hard/mission_hard/install/_local_setup_util_ps1.py'
[20.508s] INFO:colcon.colcon_core.shell:Creating prefix chain script '/home/joon/mission_hard/mission_hard/install/setup.ps1'
[20.509s] INFO:colcon.colcon_core.shell:Creating prefix script '/home/joon/mission_hard/mission_hard/install/local_setup.sh'
[20.510s] INFO:colcon.colcon_core.shell:Creating prefix util module '/home/joon/mission_hard/mission_hard/install/_local_setup_util_sh.py'
[20.510s] INFO:colcon.colcon_core.shell:Creating prefix chain script '/home/joon/mission_hard/mission_hard/install/setup.sh'
[20.511s] INFO:colcon.colcon_core.shell:Creating prefix script '/home/joon/mission_hard/mission_hard/install/local_setup.bash'
[20.511s] INFO:colcon.colcon_core.shell:Creating prefix chain script '/home/joon/mission_hard/mission_hard/install/setup.bash'
[20.512s] INFO:colcon.colcon_core.shell:Creating prefix script '/home/joon/mission_hard/mission_hard/install/local_setup.zsh'
[20.513s] INFO:colcon.colcon_core.shell:Creating prefix chain script '/home/joon/mission_hard/mission_hard/install/setup.zsh'
