[0.128s] Invoking command in '/home/joon/automotive_software_final/build/autonomous_driving': AMENT_PREFIX_PATH=/home/joon/automotive_software_final/install/ad_msgs:${AMENT_PREFIX_PATH} CMAKE_PREFIX_PATH=/home/joon/automotive_software_final/install/ad_msgs:/opt/ros/humble LD_LIBRARY_PATH=/home/joon/automotive_software_final/install/ad_msgs/lib:${LD_LIBRARY_PATH} PYTHONPATH=/home/joon/automotive_software_final/install/ad_msgs/local/lib/python3.10/dist-packages:${PYTHONPATH} /usr/bin/cmake /home/joon/automotive_software_final/src/app/autonomous_driving -DCMAKE_INSTALL_PREFIX=/home/joon/automotive_software_final/install/autonomous_driving
[0.140s] -- Found ament_cmake: 1.3.12 (/opt/ros/humble/share/ament_cmake/cmake)
[0.338s] -- Override CMake install command with custom implementation using symlinks instead of copying resources
[0.390s] -- Found rclcpp: 16.0.15 (/opt/ros/humble/share/rclcpp/cmake)
[0.666s] -- Found rosidl_generator_c: 3.1.7 (/opt/ros/humble/share/rosidl_generator_c/cmake)
[0.672s] -- Found rosidl_adapter: 3.1.7 (/opt/ros/humble/share/rosidl_adapter/cmake)
[0.687s] -- Found rosidl_generator_cpp: 3.1.7 (/opt/ros/humble/share/rosidl_generator_cpp/cmake)
[0.708s] -- Using all available rosidl_typesupport_c: rosidl_typesupport_fastrtps_c;rosidl_typesupport_introspection_c
[0.740s] -- Using all available rosidl_typesupport_cpp: rosidl_typesupport_fastrtps_cpp;rosidl_typesupport_introspection_cpp
[0.812s] -- Found rmw_implementation_cmake: 6.1.2 (/opt/ros/humble/share/rmw_implementation_cmake/cmake)
[0.817s] -- Found rmw_fastrtps_cpp: 6.2.8 (/opt/ros/humble/share/rmw_fastrtps_cpp/cmake)
[6.931s] -- Using RMW implementation 'rmw_fastrtps_cpp' as default
[7.040s] -- Found ad_msgs: 0.0.0 (/home/joon/automotive_software_final/install/ad_msgs/share/ad_msgs/cmake)
[7.168s] -- Found tf2: 0.25.16 (/opt/ros/humble/share/tf2/cmake)
[7.178s] -- Found tf2_ros: 0.25.16 (/opt/ros/humble/share/tf2_ros/cmake)
[7.381s] -- Configuring done
[7.413s] -- Generating done
[7.422s] -- Build files have been written to: /home/joon/automotive_software_final/build/autonomous_driving
[7.432s] Invoked command in '/home/joon/automotive_software_final/build/autonomous_driving' returned '0': AMENT_PREFIX_PATH=/home/joon/automotive_software_final/install/ad_msgs:${AMENT_PREFIX_PATH} CMAKE_PREFIX_PATH=/home/joon/automotive_software_final/install/ad_msgs:/opt/ros/humble LD_LIBRARY_PATH=/home/joon/automotive_software_final/install/ad_msgs/lib:${LD_LIBRARY_PATH} PYTHONPATH=/home/joon/automotive_software_final/install/ad_msgs/local/lib/python3.10/dist-packages:${PYTHONPATH} /usr/bin/cmake /home/joon/automotive_software_final/src/app/autonomous_driving -DCMAKE_INSTALL_PREFIX=/home/joon/automotive_software_final/install/autonomous_driving
[7.434s] Invoking command in '/home/joon/automotive_software_final/build/autonomous_driving': AMENT_PREFIX_PATH=/home/joon/automotive_software_final/install/ad_msgs:${AMENT_PREFIX_PATH} CMAKE_PREFIX_PATH=/home/joon/automotive_software_final/install/ad_msgs:/opt/ros/humble LD_LIBRARY_PATH=/home/joon/automotive_software_final/install/ad_msgs/lib:${LD_LIBRARY_PATH} PYTHONPATH=/home/joon/automotive_software_final/install/ad_msgs/local/lib/python3.10/dist-packages:${PYTHONPATH} /usr/bin/cmake --build /home/joon/automotive_software_final/build/autonomous_driving -- -j16 -l16
[7.481s] Consolidate compiler generated dependencies of target autonomous_driving
[7.497s] [ 66%] Building CXX object CMakeFiles/autonomous_driving.dir/src/autonomous_driving_node.cpp.o
[7.497s] [ 66%] Building CXX object CMakeFiles/autonomous_driving.dir/src/lane_processor.cpp.o
[9.220s] /home/joon/automotive_software_final/src/app/autonomous_driving/src/lane_processor.cpp: In member function ‘std::vector<geometry_msgs::msg::Point_<std::allocator<void> > > lane_processor::LaneProcessor::getLane1PointsMemoryVehicleFrame(const interface::VehicleState&) const’:
[9.220s] /home/joon/automotive_software_final/src/app/autonomous_driving/src/lane_processor.cpp:415:36: warning: unused parameter ‘vehicle_state’ [-Wunused-parameter]
[9.220s]   415 |     const interface::VehicleState& vehicle_state) const {
[9.220s]       |     ~~~~~~~~~~~~~~~~~~~~~~~~~~~~~~~^~~~~~~~~~~~~
[9.220s] /home/joon/automotive_software_final/src/app/autonomous_driving/src/lane_processor.cpp: In member function ‘std::vector<geometry_msgs::msg::Point_<std::allocator<void> > > lane_processor::LaneProcessor::getLane4PointsMemoryVehicleFrame(const interface::VehicleState&) const’:
[9.221s] /home/joon/automotive_software_final/src/app/autonomous_driving/src/lane_processor.cpp:467:36: warning: unused parameter ‘vehicle_state’ [-Wunused-parameter]
[9.221s]   467 |     const interface::VehicleState& vehicle_state) const {
[9.221s]       |     ~~~~~~~~~~~~~~~~~~~~~~~~~~~~~~~^~~~~~~~~~~~~
[29.690s] [100%] Linking CXX executable autonomous_driving
[31.149s] [100%] Built target autonomous_driving
[31.164s] Invoked command in '/home/joon/automotive_software_final/build/autonomous_driving' returned '0': AMENT_PREFIX_PATH=/home/joon/automotive_software_final/install/ad_msgs:${AMENT_PREFIX_PATH} CMAKE_PREFIX_PATH=/home/joon/automotive_software_final/install/ad_msgs:/opt/ros/humble LD_LIBRARY_PATH=/home/joon/automotive_software_final/install/ad_msgs/lib:${LD_LIBRARY_PATH} PYTHONPATH=/home/joon/automotive_software_final/install/ad_msgs/local/lib/python3.10/dist-packages:${PYTHONPATH} /usr/bin/cmake --build /home/joon/automotive_software_final/build/autonomous_driving -- -j16 -l16
[31.176s] Invoking command in '/home/joon/automotive_software_final/build/autonomous_driving': AMENT_PREFIX_PATH=/home/joon/automotive_software_final/install/ad_msgs:${AMENT_PREFIX_PATH} CMAKE_PREFIX_PATH=/home/joon/automotive_software_final/install/ad_msgs:/opt/ros/humble LD_LIBRARY_PATH=/home/joon/automotive_software_final/install/ad_msgs/lib:${LD_LIBRARY_PATH} PYTHONPATH=/home/joon/automotive_software_final/install/ad_msgs/local/lib/python3.10/dist-packages:${PYTHONPATH} /usr/bin/cmake --install /home/joon/automotive_software_final/build/autonomous_driving
[31.185s] -- Install configuration: ""
[31.186s] -- Execute custom install script
[31.186s] -- Up-to-date symlink: /home/joon/automotive_software_final/install/autonomous_driving/lib/autonomous_driving/autonomous_driving
[31.187s] -- Up-to-date symlink: /home/joon/automotive_software_final/install/autonomous_driving/share/autonomous_driving/launch/autonomous_driving.launch.xml
[31.188s] -- Up-to-date symlink: /home/joon/automotive_software_final/install/autonomous_driving/share/autonomous_driving/launch/autonomous_driving.launch.xml:Zone.Identifier
[31.188s] -- Up-to-date symlink: /home/joon/automotive_software_final/install/autonomous_driving/share/autonomous_driving/launch/manual_driving.launch.xml
[31.188s] -- Up-to-date symlink: /home/joon/automotive_software_final/install/autonomous_driving/share/autonomous_driving/launch/manual_driving.launch.xml:Zone.Identifier
[31.188s] -- Up-to-date symlink: /home/joon/automotive_software_final/install/autonomous_driving/lib/autonomous_driving/simultaneous_inputs.py
[31.188s] -- Up-to-date symlink: /home/joon/automotive_software_final/install/autonomous_driving/share/ament_index/resource_index/package_run_dependencies/autonomous_driving
[31.189s] -- Up-to-date symlink: /home/joon/automotive_software_final/install/autonomous_driving/share/ament_index/resource_index/parent_prefix_path/autonomous_driving
[31.189s] -- Up-to-date symlink: /home/joon/automotive_software_final/install/autonomous_driving/share/autonomous_driving/environment/ament_prefix_path.sh
[31.189s] -- Up-to-date symlink: /home/joon/automotive_software_final/install/autonomous_driving/share/autonomous_driving/environment/ament_prefix_path.dsv
[31.189s] -- Up-to-date symlink: /home/joon/automotive_software_final/install/autonomous_driving/share/autonomous_driving/environment/path.sh
[31.189s] -- Up-to-date symlink: /home/joon/automotive_software_final/install/autonomous_driving/share/autonomous_driving/environment/path.dsv
[31.190s] -- Up-to-date symlink: /home/joon/automotive_software_final/install/autonomous_driving/share/autonomous_driving/local_setup.bash
[31.190s] -- Up-to-date symlink: /home/joon/automotive_software_final/install/autonomous_driving/share/autonomous_driving/local_setup.sh
[31.190s] -- Up-to-date symlink: /home/joon/automotive_software_final/install/autonomous_driving/share/autonomous_driving/local_setup.zsh
[31.190s] -- Up-to-date symlink: /home/joon/automotive_software_final/install/autonomous_driving/share/autonomous_driving/local_setup.dsv
[31.190s] -- Symlinking: /home/joon/automotive_software_final/install/autonomous_driving/share/autonomous_driving/package.dsv
[31.200s] -- Up-to-date symlink: /home/joon/automotive_software_final/install/autonomous_driving/share/ament_index/resource_index/packages/autonomous_driving
[31.200s] -- Up-to-date symlink: /home/joon/automotive_software_final/install/autonomous_driving/share/autonomous_driving/cmake/autonomous_drivingConfig.cmake
[31.200s] -- Up-to-date symlink: /home/joon/automotive_software_final/install/autonomous_driving/share/autonomous_driving/cmake/autonomous_drivingConfig-version.cmake
[31.201s] -- Up-to-date symlink: /home/joon/automotive_software_final/install/autonomous_driving/share/autonomous_driving/package.xml
[31.203s] Invoked command in '/home/joon/automotive_software_final/build/autonomous_driving' returned '0': AMENT_PREFIX_PATH=/home/joon/automotive_software_final/install/ad_msgs:${AMENT_PREFIX_PATH} CMAKE_PREFIX_PATH=/home/joon/automotive_software_final/install/ad_msgs:/opt/ros/humble LD_LIBRARY_PATH=/home/joon/automotive_software_final/install/ad_msgs/lib:${LD_LIBRARY_PATH} PYTHONPATH=/home/joon/automotive_software_final/install/ad_msgs/local/lib/python3.10/dist-packages:${PYTHONPATH} /usr/bin/cmake --install /home/joon/automotive_software_final/build/autonomous_driving
