[35m[1mConsolidate compiler generated dependencies of target vehicle[0m
[35m[1mConsolidate compiler generated dependencies of target lane_detection[0m
[35m[1mConsolidate compiler generated dependencies of target display[0m
[ 28%] Built target vehicle
[ 42%] [32mBuilding CXX object CMakeFiles/lane_detection.dir/home/joon/mission_hard/mission_hard/src/bsw/system/interface/interface_lane.cpp.o[0m
[ 71%] Built target display
[ 85%] [32mBuilding CXX object CMakeFiles/lane_detection.dir/src/lane_detection/lane_detection_node.cpp.o[0m
[100%] [32m[1mLinking CXX executable lane_detection[0m
[100%] Built target lane_detection
-- Install configuration: ""
-- Execute custom install script
-- Symlinking: /home/joon/mission_hard/mission_hard/install/simulator/lib/simulator/vehicle
-- Symlinking: /home/joon/mission_hard/mission_hard/install/simulator/lib/simulator/lane_detection
-- Symlinking: /home/joon/mission_hard/mission_hard/install/simulator/lib/simulator/display
-- Symlinking: /home/joon/mission_hard/mission_hard/install/simulator/share/simulator/launch/simulation.launch.xml
-- Symlinking: /home/joon/mission_hard/mission_hard/install/simulator/share/simulator/launch/simulation.launch.xml:Zone.Identifier
-- Symlinking: /home/joon/mission_hard/mission_hard/install/simulator/share/ament_index/resource_index/package_run_dependencies/simulator
-- Symlinking: /home/joon/mission_hard/mission_hard/install/simulator/share/ament_index/resource_index/parent_prefix_path/simulator
-- Symlinking: /home/joon/mission_hard/mission_hard/install/simulator/share/simulator/environment/ament_prefix_path.sh
-- Symlinking: /home/joon/mission_hard/mission_hard/install/simulator/share/simulator/environment/ament_prefix_path.dsv
-- Symlinking: /home/joon/mission_hard/mission_hard/install/simulator/share/simulator/environment/path.sh
-- Symlinking: /home/joon/mission_hard/mission_hard/install/simulator/share/simulator/environment/path.dsv
-- Symlinking: /home/joon/mission_hard/mission_hard/install/simulator/share/simulator/local_setup.bash
-- Symlinking: /home/joon/mission_hard/mission_hard/install/simulator/share/simulator/local_setup.sh
-- Symlinking: /home/joon/mission_hard/mission_hard/install/simulator/share/simulator/local_setup.zsh
-- Symlinking: /home/joon/mission_hard/mission_hard/install/simulator/share/simulator/local_setup.dsv
-- Symlinking: /home/joon/mission_hard/mission_hard/install/simulator/share/simulator/package.dsv
-- Symlinking: /home/joon/mission_hard/mission_hard/install/simulator/share/ament_index/resource_index/packages/simulator
-- Symlinking: /home/joon/mission_hard/mission_hard/install/simulator/share/simulator/cmake/simulatorConfig.cmake
-- Symlinking: /home/joon/mission_hard/mission_hard/install/simulator/share/simulator/cmake/simulatorConfig-version.cmake
-- Symlinking: /home/joon/mission_hard/mission_hard/install/simulator/share/simulator/package.xml
