[0.180s] Invoking command in '/home/joon/mission_hard/mission_hard/build/autonomous_driving': AMENT_PREFIX_PATH=/home/joon/mission_hard/mission_hard/install/ad_msgs CMAKE_PREFIX_PATH=/home/joon/mission_hard/mission_hard/install/ad_msgs LD_LIBRARY_PATH=/home/joon/mission_hard/mission_hard/install/ad_msgs/lib PYTHONPATH=/home/joon/mission_hard/mission_hard/install/ad_msgs/local/lib/python3.10/dist-packages /usr/bin/cmake /home/joon/mission_hard/mission_hard/src/app/autonomous_driving -DCMAKE_INSTALL_PREFIX=/home/joon/mission_hard/mission_hard/install/autonomous_driving
[0.327s] -- Found ament_cmake: 1.3.12 (/opt/ros/humble/share/ament_cmake/cmake)
[0.637s] Traceback (most recent call last):
[0.638s]   File "/opt/ros/humble/share/ament_cmake_core/cmake/package_templates/templates_2_cmake.py", line 21, in <module>
[0.638s]     from ament_package.templates import get_environment_hook_template_path
[0.638s] ModuleNotFoundError: No module named 'ament_package'
[0.665s] CMake Error at /opt/ros/humble/share/ament_cmake_core/cmake/ament_cmake_package_templates-extras.cmake:41 (message):
[0.666s]   execute_process(/usr/bin/python3
[0.666s]   /opt/ros/humble/share/ament_cmake_core/cmake/package_templates/templates_2_cmake.py
[0.666s]   /home/joon/mission_hard/mission_hard/build/autonomous_driving/ament_cmake_package_templates/templates.cmake)
[0.666s]   returned error code 1
[0.666s] Call Stack (most recent call first):
[0.666s]   /opt/ros/humble/share/ament_cmake_core/cmake/ament_cmake_coreConfig.cmake:41 (include)
[0.666s]   /opt/ros/humble/share/ament_cmake/cmake/ament_cmake_export_dependencies-extras.cmake:15 (find_package)
[0.666s]   /opt/ros/humble/share/ament_cmake/cmake/ament_cmakeConfig.cmake:41 (include)
[0.666s]   CMakeLists.txt:21 (find_package)
[0.666s] 
[0.666s] 
[0.669s] -- Configuring incomplete, errors occurred!
[0.669s] See also "/home/joon/mission_hard/mission_hard/build/autonomous_driving/CMakeFiles/CMakeOutput.log".
[0.680s] Invoked command in '/home/joon/mission_hard/mission_hard/build/autonomous_driving' returned '1': AMENT_PREFIX_PATH=/home/joon/mission_hard/mission_hard/install/ad_msgs CMAKE_PREFIX_PATH=/home/joon/mission_hard/mission_hard/install/ad_msgs LD_LIBRARY_PATH=/home/joon/mission_hard/mission_hard/install/ad_msgs/lib PYTHONPATH=/home/joon/mission_hard/mission_hard/install/ad_msgs/local/lib/python3.10/dist-packages /usr/bin/cmake /home/joon/mission_hard/mission_hard/src/app/autonomous_driving -DCMAKE_INSTALL_PREFIX=/home/joon/mission_hard/mission_hard/install/autonomous_driving
