[0.013s] Invoking command in '/home/joon/mission_hard/mission_hard/build/ad_msgs': CMAKE_PREFIX_PATH=${CMAKE_PREFIX_PATH}:/opt/ros/humble /usr/bin/cmake /home/joon/mission_hard/mission_hard/src/rte/msg/ad_msgs -DAMENT_CMAKE_SYMLINK_INSTALL=1 -DCMAKE_INSTALL_PREFIX=/home/joon/mission_hard/mission_hard/install/ad_msgs
[0.208s] -- The C compiler identification is GNU 11.4.0
[0.799s] -- The CXX compiler identification is GNU 11.4.0
[1.251s] -- Detecting C compiler ABI info
[1.417s] -- Detecting C compiler ABI info - done
[1.421s] -- Check for working C compiler: /usr/bin/cc - skipped
[1.422s] -- Detecting C compile features
[1.422s] -- Detecting C compile features - done
[1.424s] -- Detecting CXX compiler ABI info
[1.591s] -- Detecting CXX compiler ABI info - done
[1.596s] -- Check for working CXX compiler: /usr/bin/c++ - skipped
[1.596s] -- Detecting CXX compile features
[1.596s] -- Detecting CXX compile features - done
[1.599s] -- Found ament_cmake: 1.3.12 (/opt/ros/humble/share/ament_cmake/cmake)
[1.721s] -- Found Python3: /usr/bin/python3 (found version "3.10.12") found components: Interpreter 
[1.769s] -- Override CMake install command with custom implementation using symlinks instead of copying resources
[1.791s] -- Found rosidl_default_generators: 1.2.0 (/opt/ros/humble/share/rosidl_default_generators/cmake)
[1.793s] -- Using all available rosidl_typesupport_c: rosidl_typesupport_fastrtps_c;rosidl_typesupport_introspection_c
[1.799s] -- Found rosidl_adapter: 3.1.7 (/opt/ros/humble/share/rosidl_adapter/cmake)
[2.139s] -- Using all available rosidl_typesupport_cpp: rosidl_typesupport_fastrtps_cpp;rosidl_typesupport_introspection_cpp
[2.163s] -- Found std_msgs: 4.9.0 (/opt/ros/humble/share/std_msgs/cmake)
[2.181s] -- Found geometry_msgs: 4.9.0 (/opt/ros/humble/share/geometry_msgs/cmake)
[2.190s] -- Found visualization_msgs: 4.9.0 (/opt/ros/humble/share/visualization_msgs/cmake)
[2.214s] -- Found nav_msgs: 4.9.0 (/opt/ros/humble/share/nav_msgs/cmake)
[2.467s] -- Found ament_cmake_ros: 0.10.0 (/opt/ros/humble/share/ament_cmake_ros/cmake)
[2.664s] -- Using all available rosidl_typesupport_c: rosidl_typesupport_fastrtps_c;rosidl_typesupport_introspection_c
[2.919s] -- Using all available rosidl_typesupport_cpp: rosidl_typesupport_fastrtps_cpp;rosidl_typesupport_introspection_cpp
[3.172s] -- Found PythonInterp: /usr/bin/python3 (found suitable version "3.10.12", minimum required is "3.6") 
[3.174s] -- Found python_cmake_module: 0.10.0 (/opt/ros/humble/share/python_cmake_module/cmake)
[3.788s] -- Found PythonLibs: /usr/lib/x86_64-linux-gnu/libpython3.10.so (found suitable version "3.10.12", minimum required is "3.5") 
[3.788s] -- Using PYTHON_EXECUTABLE: /usr/bin/python3
[3.788s] -- Using PYTHON_INCLUDE_DIRS: /usr/include/python3.10
[3.788s] -- Using PYTHON_LIBRARIES: /usr/lib/x86_64-linux-gnu/libpython3.10.so
[3.804s] -- Found PythonExtra: .so  
[4.015s] -- Configuring done
[4.057s] -- Generating done
[4.067s] -- Build files have been written to: /home/joon/mission_hard/mission_hard/build/ad_msgs
[4.076s] Invoked command in '/home/joon/mission_hard/mission_hard/build/ad_msgs' returned '0': CMAKE_PREFIX_PATH=${CMAKE_PREFIX_PATH}:/opt/ros/humble /usr/bin/cmake /home/joon/mission_hard/mission_hard/src/rte/msg/ad_msgs -DAMENT_CMAKE_SYMLINK_INSTALL=1 -DCMAKE_INSTALL_PREFIX=/home/joon/mission_hard/mission_hard/install/ad_msgs
[4.079s] Invoking command in '/home/joon/mission_hard/mission_hard/build/ad_msgs': CMAKE_PREFIX_PATH=${CMAKE_PREFIX_PATH}:/opt/ros/humble /usr/bin/cmake --build /home/joon/mission_hard/mission_hard/build/ad_msgs -- -j16 -l16
[4.107s] [  1%] [34m[1mGenerating C code for ROS interfaces[0m
[4.114s] [  1%] [34m[1mGenerating C++ code for ROS interfaces[0m
[4.120s] [  1%] Built target ament_cmake_python_symlink_ad_msgs
[4.290s] running egg_info
[4.291s] creating ad_msgs.egg-info
[4.291s] writing ad_msgs.egg-info/PKG-INFO
[4.291s] writing dependency_links to ad_msgs.egg-info/dependency_links.txt
[4.291s] writing top-level names to ad_msgs.egg-info/top_level.txt
[4.291s] writing manifest file 'ad_msgs.egg-info/SOURCES.txt'
[4.293s] reading manifest file 'ad_msgs.egg-info/SOURCES.txt'
[4.294s] writing manifest file 'ad_msgs.egg-info/SOURCES.txt'
[4.315s] [  1%] Built target ament_cmake_python_build_ad_msgs_egg
[4.591s] [  1%] Built target ad_msgs__cpp
[4.599s] [  3%] [34m[1mGenerating C++ introspection for ROS interfaces[0m
[4.599s] [  2%] [34m[1mGenerating C++ type support for eProsima Fast-RTPS[0m
[4.599s] [  4%] [34m[1mGenerating C++ type support dispatch for ROS interfaces[0m
[4.607s] [  5%] [32mBuilding C object CMakeFiles/ad_msgs__rosidl_generator_c.dir/rosidl_generator_c/ad_msgs/msg/detail/vehicle_command__functions.c.o[0m
[4.608s] [  6%] [32mBuilding C object CMakeFiles/ad_msgs__rosidl_generator_c.dir/rosidl_generator_c/ad_msgs/msg/detail/vehicle_state__functions.c.o[0m
[4.609s] [  7%] [32mBuilding C object CMakeFiles/ad_msgs__rosidl_generator_c.dir/rosidl_generator_c/ad_msgs/msg/detail/mission__functions.c.o[0m
[4.609s] [  8%] [32mBuilding C object CMakeFiles/ad_msgs__rosidl_generator_c.dir/rosidl_generator_c/ad_msgs/msg/detail/polyfit_lane_data__functions.c.o[0m
[4.609s] [  9%] [32mBuilding C object CMakeFiles/ad_msgs__rosidl_generator_c.dir/rosidl_generator_c/ad_msgs/msg/detail/mission_object__functions.c.o[0m
[4.610s] [ 10%] [32mBuilding C object CMakeFiles/ad_msgs__rosidl_generator_c.dir/rosidl_generator_c/ad_msgs/msg/detail/polyfit_lane_data_array__functions.c.o[0m
[4.610s] [ 11%] [32mBuilding C object CMakeFiles/ad_msgs__rosidl_generator_c.dir/rosidl_generator_c/ad_msgs/msg/detail/mission_display__functions.c.o[0m
[4.611s] [ 13%] [32mBuilding C object CMakeFiles/ad_msgs__rosidl_generator_c.dir/rosidl_generator_c/ad_msgs/msg/detail/mission_region__functions.c.o[0m
[4.611s] [ 13%] [32mBuilding C object CMakeFiles/ad_msgs__rosidl_generator_c.dir/rosidl_generator_c/ad_msgs/msg/detail/lane_point_data__functions.c.o[0m
[4.613s] [ 14%] [32mBuilding C object CMakeFiles/ad_msgs__rosidl_generator_c.dir/rosidl_generator_c/ad_msgs/msg/detail/lane_point_data_array__functions.c.o[0m
[4.678s] [ 15%] [32m[1mLinking C shared library libad_msgs__rosidl_generator_c.so[0m
[4.793s] [ 15%] Built target ad_msgs__rosidl_generator_c
[4.802s] [ 17%] [34m[1mGenerating C introspection for ROS interfaces[0m
[4.802s] [ 17%] [34m[1mGenerating C type support for eProsima Fast-RTPS[0m
[4.803s] [ 18%] [34m[1mGenerating C type support dispatch for ROS interfaces[0m
[5.021s] [ 22%] [32mBuilding CXX object CMakeFiles/ad_msgs__rosidl_typesupport_cpp.dir/rosidl_typesupport_cpp/ad_msgs/msg/vehicle_state__type_support.cpp.o[0m
[5.021s] [ 22%] [32mBuilding CXX object CMakeFiles/ad_msgs__rosidl_typesupport_cpp.dir/rosidl_typesupport_cpp/ad_msgs/msg/mission_display__type_support.cpp.o[0m
[5.022s] [ 22%] [32mBuilding CXX object CMakeFiles/ad_msgs__rosidl_typesupport_cpp.dir/rosidl_typesupport_cpp/ad_msgs/msg/polyfit_lane_data__type_support.cpp.o[0m
[5.022s] [ 22%] [32mBuilding CXX object CMakeFiles/ad_msgs__rosidl_typesupport_cpp.dir/rosidl_typesupport_cpp/ad_msgs/msg/mission_region__type_support.cpp.o[0m
[5.022s] [ 23%] [32mBuilding CXX object CMakeFiles/ad_msgs__rosidl_typesupport_cpp.dir/rosidl_typesupport_cpp/ad_msgs/msg/mission_object__type_support.cpp.o[0m
[5.022s] [ 25%] [32mBuilding CXX object CMakeFiles/ad_msgs__rosidl_typesupport_cpp.dir/rosidl_typesupport_cpp/ad_msgs/msg/mission__type_support.cpp.o[0m
[5.022s] [ 25%] [32mBuilding CXX object CMakeFiles/ad_msgs__rosidl_typesupport_cpp.dir/rosidl_typesupport_cpp/ad_msgs/msg/vehicle_command__type_support.cpp.o[0m
[5.022s] [ 26%] [32mBuilding CXX object CMakeFiles/ad_msgs__rosidl_typesupport_cpp.dir/rosidl_typesupport_cpp/ad_msgs/msg/lane_point_data_array__type_support.cpp.o[0m
[5.025s] [ 27%] [32mBuilding CXX object CMakeFiles/ad_msgs__rosidl_typesupport_cpp.dir/rosidl_typesupport_cpp/ad_msgs/msg/polyfit_lane_data_array__type_support.cpp.o[0m
[5.027s] [ 28%] [32mBuilding CXX object CMakeFiles/ad_msgs__rosidl_typesupport_cpp.dir/rosidl_typesupport_cpp/ad_msgs/msg/lane_point_data__type_support.cpp.o[0m
[5.290s] [ 29%] [32mBuilding CXX object CMakeFiles/ad_msgs__rosidl_typesupport_introspection_cpp.dir/rosidl_typesupport_introspection_cpp/ad_msgs/msg/detail/vehicle_state__type_support.cpp.o[0m
[5.344s] [ 30%] [32mBuilding CXX object CMakeFiles/ad_msgs__rosidl_typesupport_introspection_cpp.dir/rosidl_typesupport_introspection_cpp/ad_msgs/msg/detail/vehicle_command__type_support.cpp.o[0m
[5.449s] [ 31%] [32mBuilding CXX object CMakeFiles/ad_msgs__rosidl_typesupport_fastrtps_cpp.dir/rosidl_typesupport_fastrtps_cpp/ad_msgs/msg/detail/dds_fastrtps/vehicle_state__type_support.cpp.o[0m
[5.456s] [ 32%] [32mBuilding CXX object CMakeFiles/ad_msgs__rosidl_typesupport_introspection_cpp.dir/rosidl_typesupport_introspection_cpp/ad_msgs/msg/detail/mission_object__type_support.cpp.o[0m
[5.456s] [ 33%] [32mBuilding CXX object CMakeFiles/ad_msgs__rosidl_typesupport_introspection_cpp.dir/rosidl_typesupport_introspection_cpp/ad_msgs/msg/detail/mission__type_support.cpp.o[0m
[5.466s] [ 34%] [32mBuilding CXX object CMakeFiles/ad_msgs__rosidl_typesupport_introspection_cpp.dir/rosidl_typesupport_introspection_cpp/ad_msgs/msg/detail/mission_region__type_support.cpp.o[0m
[5.467s] [ 35%] [32mBuilding CXX object CMakeFiles/ad_msgs__rosidl_typesupport_introspection_cpp.dir/rosidl_typesupport_introspection_cpp/ad_msgs/msg/detail/mission_display__type_support.cpp.o[0m
[5.481s] [ 36%] [32mBuilding CXX object CMakeFiles/ad_msgs__rosidl_typesupport_introspection_cpp.dir/rosidl_typesupport_introspection_cpp/ad_msgs/msg/detail/polyfit_lane_data__type_support.cpp.o[0m
[5.500s] [ 37%] [32mBuilding CXX object CMakeFiles/ad_msgs__rosidl_typesupport_c.dir/rosidl_typesupport_c/ad_msgs/msg/vehicle_state__type_support.cpp.o[0m
[5.510s] [ 38%] [32mBuilding CXX object CMakeFiles/ad_msgs__rosidl_typesupport_c.dir/rosidl_typesupport_c/ad_msgs/msg/vehicle_command__type_support.cpp.o[0m
[5.557s] [ 39%] [32mBuilding CXX object CMakeFiles/ad_msgs__rosidl_typesupport_fastrtps_cpp.dir/rosidl_typesupport_fastrtps_cpp/ad_msgs/msg/detail/dds_fastrtps/vehicle_command__type_support.cpp.o[0m
[5.558s] [ 40%] [32mBuilding CXX object CMakeFiles/ad_msgs__rosidl_typesupport_c.dir/rosidl_typesupport_c/ad_msgs/msg/mission__type_support.cpp.o[0m
[5.561s] [ 41%] [32mBuilding CXX object CMakeFiles/ad_msgs__rosidl_typesupport_c.dir/rosidl_typesupport_c/ad_msgs/msg/mission_object__type_support.cpp.o[0m
[5.573s] [ 41%] [32mBuilding CXX object CMakeFiles/ad_msgs__rosidl_typesupport_fastrtps_cpp.dir/rosidl_typesupport_fastrtps_cpp/ad_msgs/msg/detail/dds_fastrtps/mission__type_support.cpp.o[0m
[5.594s] [ 42%] [32mBuilding CXX object CMakeFiles/ad_msgs__rosidl_typesupport_introspection_cpp.dir/rosidl_typesupport_introspection_cpp/ad_msgs/msg/detail/lane_point_data__type_support.cpp.o[0m
[5.600s] [ 43%] [32m[1mLinking CXX shared library libad_msgs__rosidl_typesupport_cpp.so[0m
[5.624s] [ 44%] [32mBuilding CXX object CMakeFiles/ad_msgs__rosidl_typesupport_introspection_cpp.dir/rosidl_typesupport_introspection_cpp/ad_msgs/msg/detail/lane_point_data_array__type_support.cpp.o[0m
[5.632s] [ 45%] [32mBuilding CXX object CMakeFiles/ad_msgs__rosidl_typesupport_c.dir/rosidl_typesupport_c/ad_msgs/msg/mission_region__type_support.cpp.o[0m
[5.710s] [ 46%] [32mBuilding CXX object CMakeFiles/ad_msgs__rosidl_typesupport_c.dir/rosidl_typesupport_c/ad_msgs/msg/mission_display__type_support.cpp.o[0m
[5.781s] [ 47%] [32mBuilding CXX object CMakeFiles/ad_msgs__rosidl_typesupport_c.dir/rosidl_typesupport_c/ad_msgs/msg/polyfit_lane_data__type_support.cpp.o[0m
[5.813s] [ 48%] [32mBuilding C object CMakeFiles/ad_msgs__rosidl_typesupport_introspection_c.dir/rosidl_typesupport_introspection_c/ad_msgs/msg/detail/vehicle_state__type_support.c.o[0m
[5.851s] [ 49%] [32mBuilding CXX object CMakeFiles/ad_msgs__rosidl_typesupport_c.dir/rosidl_typesupport_c/ad_msgs/msg/lane_point_data__type_support.cpp.o[0m
[5.860s] [ 49%] Built target ad_msgs__rosidl_typesupport_cpp
[5.871s] [ 50%] [32mBuilding C object CMakeFiles/ad_msgs__rosidl_typesupport_introspection_c.dir/rosidl_typesupport_introspection_c/ad_msgs/msg/detail/vehicle_command__type_support.c.o[0m
[5.918s] [ 51%] [32mBuilding C object CMakeFiles/ad_msgs__rosidl_typesupport_introspection_c.dir/rosidl_typesupport_introspection_c/ad_msgs/msg/detail/mission__type_support.c.o[0m
[5.935s] [ 51%] [32mBuilding CXX object CMakeFiles/ad_msgs__rosidl_typesupport_c.dir/rosidl_typesupport_c/ad_msgs/msg/lane_point_data_array__type_support.cpp.o[0m
[5.943s] [ 52%] [32mBuilding CXX object CMakeFiles/ad_msgs__rosidl_typesupport_fastrtps_cpp.dir/rosidl_typesupport_fastrtps_cpp/ad_msgs/msg/detail/dds_fastrtps/mission_object__type_support.cpp.o[0m
[5.947s] [ 53%] [32mBuilding CXX object CMakeFiles/ad_msgs__rosidl_typesupport_fastrtps_c.dir/rosidl_typesupport_fastrtps_c/ad_msgs/msg/detail/vehicle_state__type_support_c.cpp.o[0m
[5.998s] [ 54%] [32mBuilding C object CMakeFiles/ad_msgs__rosidl_typesupport_introspection_c.dir/rosidl_typesupport_introspection_c/ad_msgs/msg/detail/mission_object__type_support.c.o[0m
[6.014s] [ 55%] [32mBuilding CXX object CMakeFiles/ad_msgs__rosidl_typesupport_c.dir/rosidl_typesupport_c/ad_msgs/msg/polyfit_lane_data_array__type_support.cpp.o[0m
[6.026s] [ 56%] [32mBuilding CXX object CMakeFiles/ad_msgs__rosidl_typesupport_fastrtps_cpp.dir/rosidl_typesupport_fastrtps_cpp/ad_msgs/msg/detail/dds_fastrtps/mission_region__type_support.cpp.o[0m
[6.051s] [ 57%] [32mBuilding C object CMakeFiles/ad_msgs__rosidl_typesupport_introspection_c.dir/rosidl_typesupport_introspection_c/ad_msgs/msg/detail/mission_region__type_support.c.o[0m
[6.078s] [ 58%] [32m[1mLinking CXX shared library libad_msgs__rosidl_typesupport_c.so[0m
[6.100s] [ 59%] [32mBuilding CXX object CMakeFiles/ad_msgs__rosidl_typesupport_introspection_cpp.dir/rosidl_typesupport_introspection_cpp/ad_msgs/msg/detail/polyfit_lane_data_array__type_support.cpp.o[0m
[6.114s] [ 60%] [32mBuilding C object CMakeFiles/ad_msgs__rosidl_typesupport_introspection_c.dir/rosidl_typesupport_introspection_c/ad_msgs/msg/detail/mission_display__type_support.c.o[0m
[6.115s] [ 61%] [32mBuilding CXX object CMakeFiles/ad_msgs__rosidl_typesupport_fastrtps_c.dir/rosidl_typesupport_fastrtps_c/ad_msgs/msg/detail/vehicle_command__type_support_c.cpp.o[0m
[6.121s] [ 62%] [32mBuilding CXX object CMakeFiles/ad_msgs__rosidl_typesupport_fastrtps_c.dir/rosidl_typesupport_fastrtps_c/ad_msgs/msg/detail/mission__type_support_c.cpp.o[0m
[6.141s] [ 63%] [32mBuilding C object CMakeFiles/ad_msgs__rosidl_typesupport_introspection_c.dir/rosidl_typesupport_introspection_c/ad_msgs/msg/detail/polyfit_lane_data__type_support.c.o[0m
[6.174s] [ 64%] [32mBuilding C object CMakeFiles/ad_msgs__rosidl_typesupport_introspection_c.dir/rosidl_typesupport_introspection_c/ad_msgs/msg/detail/lane_point_data__type_support.c.o[0m
[6.181s] [ 65%] [32mBuilding C object CMakeFiles/ad_msgs__rosidl_typesupport_introspection_c.dir/rosidl_typesupport_introspection_c/ad_msgs/msg/detail/lane_point_data_array__type_support.c.o[0m
[6.194s] [ 66%] [32mBuilding C object CMakeFiles/ad_msgs__rosidl_typesupport_introspection_c.dir/rosidl_typesupport_introspection_c/ad_msgs/msg/detail/polyfit_lane_data_array__type_support.c.o[0m
[6.237s] [ 67%] [32mBuilding CXX object CMakeFiles/ad_msgs__rosidl_typesupport_fastrtps_cpp.dir/rosidl_typesupport_fastrtps_cpp/ad_msgs/msg/detail/dds_fastrtps/mission_display__type_support.cpp.o[0m
[6.243s] [ 68%] [32mBuilding CXX object CMakeFiles/ad_msgs__rosidl_typesupport_fastrtps_cpp.dir/rosidl_typesupport_fastrtps_cpp/ad_msgs/msg/detail/dds_fastrtps/lane_point_data__type_support.cpp.o[0m
[6.251s] [ 70%] [32mBuilding CXX object CMakeFiles/ad_msgs__rosidl_typesupport_fastrtps_c.dir/rosidl_typesupport_fastrtps_c/ad_msgs/msg/detail/mission_object__type_support_c.cpp.o[0m
[6.251s] [ 70%] [32mBuilding CXX object CMakeFiles/ad_msgs__rosidl_typesupport_fastrtps_cpp.dir/rosidl_typesupport_fastrtps_cpp/ad_msgs/msg/detail/dds_fastrtps/polyfit_lane_data__type_support.cpp.o[0m
[6.254s] [ 70%] Built target ad_msgs__rosidl_typesupport_c
[6.259s] [ 71%] [32m[1mLinking C shared library libad_msgs__rosidl_typesupport_introspection_c.so[0m
[6.265s] [ 72%] [32mBuilding CXX object CMakeFiles/ad_msgs__rosidl_typesupport_fastrtps_c.dir/rosidl_typesupport_fastrtps_c/ad_msgs/msg/detail/mission_region__type_support_c.cpp.o[0m
[6.396s] [ 72%] Built target ad_msgs__rosidl_typesupport_introspection_c
[6.415s] [ 73%] [32mBuilding CXX object CMakeFiles/ad_msgs__rosidl_typesupport_fastrtps_cpp.dir/rosidl_typesupport_fastrtps_cpp/ad_msgs/msg/detail/dds_fastrtps/lane_point_data_array__type_support.cpp.o[0m
[6.450s] [ 74%] [32mBuilding CXX object CMakeFiles/ad_msgs__rosidl_typesupport_fastrtps_c.dir/rosidl_typesupport_fastrtps_c/ad_msgs/msg/detail/mission_display__type_support_c.cpp.o[0m
[6.534s] [ 75%] [32mBuilding CXX object CMakeFiles/ad_msgs__rosidl_typesupport_fastrtps_cpp.dir/rosidl_typesupport_fastrtps_cpp/ad_msgs/msg/detail/dds_fastrtps/polyfit_lane_data_array__type_support.cpp.o[0m
[6.653s] [ 76%] [32mBuilding CXX object CMakeFiles/ad_msgs__rosidl_typesupport_fastrtps_c.dir/rosidl_typesupport_fastrtps_c/ad_msgs/msg/detail/polyfit_lane_data__type_support_c.cpp.o[0m
[6.672s] [ 77%] [32mBuilding CXX object CMakeFiles/ad_msgs__rosidl_typesupport_fastrtps_c.dir/rosidl_typesupport_fastrtps_c/ad_msgs/msg/detail/lane_point_data__type_support_c.cpp.o[0m
[6.695s] [ 78%] [32mBuilding CXX object CMakeFiles/ad_msgs__rosidl_typesupport_fastrtps_c.dir/rosidl_typesupport_fastrtps_c/ad_msgs/msg/detail/lane_point_data_array__type_support_c.cpp.o[0m
[6.743s] [ 79%] [32mBuilding CXX object CMakeFiles/ad_msgs__rosidl_typesupport_fastrtps_c.dir/rosidl_typesupport_fastrtps_c/ad_msgs/msg/detail/polyfit_lane_data_array__type_support_c.cpp.o[0m
[6.930s] [ 80%] [32m[1mLinking CXX shared library libad_msgs__rosidl_typesupport_introspection_cpp.so[0m
[7.112s] [ 80%] Built target ad_msgs__rosidl_typesupport_introspection_cpp
[7.171s] [ 81%] [32m[1mLinking CXX shared library libad_msgs__rosidl_typesupport_fastrtps_c.so[0m
[7.197s] [ 82%] [32m[1mLinking CXX shared library libad_msgs__rosidl_typesupport_fastrtps_cpp.so[0m
[7.315s] [ 82%] Built target ad_msgs__rosidl_typesupport_fastrtps_c
[7.347s] [ 82%] Built target ad_msgs__rosidl_typesupport_fastrtps_cpp
[7.363s] [ 82%] Built target ad_msgs
[7.378s] [ 83%] [34m[1mGenerating Python code for ROS interfaces[0m
[8.001s] [ 83%] Built target ad_msgs__py
[8.018s] [ 84%] [32mBuilding C object CMakeFiles/ad_msgs__rosidl_generator_py.dir/rosidl_generator_py/ad_msgs/msg/_mission_object_s.c.o[0m
[8.018s] [ 85%] [32mBuilding C object CMakeFiles/ad_msgs__rosidl_generator_py.dir/rosidl_generator_py/ad_msgs/msg/_mission_s.c.o[0m
[8.018s] [ 86%] [32mBuilding C object CMakeFiles/ad_msgs__rosidl_generator_py.dir/rosidl_generator_py/ad_msgs/msg/_vehicle_state_s.c.o[0m
[8.019s] [ 87%] [32mBuilding C object CMakeFiles/ad_msgs__rosidl_generator_py.dir/rosidl_generator_py/ad_msgs/msg/_vehicle_command_s.c.o[0m
[8.021s] [ 89%] [32mBuilding C object CMakeFiles/ad_msgs__rosidl_generator_py.dir/rosidl_generator_py/ad_msgs/msg/_polyfit_lane_data_s.c.o[0m
[8.021s] [ 89%] [32mBuilding C object CMakeFiles/ad_msgs__rosidl_generator_py.dir/rosidl_generator_py/ad_msgs/msg/_mission_display_s.c.o[0m
[8.021s] [ 90%] [32mBuilding C object CMakeFiles/ad_msgs__rosidl_generator_py.dir/rosidl_generator_py/ad_msgs/msg/_lane_point_data_array_s.c.o[0m
[8.023s] [ 91%] [32mBuilding C object CMakeFiles/ad_msgs__rosidl_generator_py.dir/rosidl_generator_py/ad_msgs/msg/_lane_point_data_s.c.o[0m
[8.023s] [ 92%] [32mBuilding C object CMakeFiles/ad_msgs__rosidl_generator_py.dir/rosidl_generator_py/ad_msgs/msg/_mission_region_s.c.o[0m
[8.025s] [ 93%] [32mBuilding C object CMakeFiles/ad_msgs__rosidl_generator_py.dir/rosidl_generator_py/ad_msgs/msg/_polyfit_lane_data_array_s.c.o[0m
[8.154s] [ 94%] [32m[1mLinking C shared library rosidl_generator_py/ad_msgs/libad_msgs__rosidl_generator_py.so[0m
[8.307s] [ 94%] Built target ad_msgs__rosidl_generator_py
[8.322s] [ 97%] [32mBuilding C object CMakeFiles/ad_msgs__rosidl_typesupport_fastrtps_c__pyext.dir/rosidl_generator_py/ad_msgs/_ad_msgs_s.ep.rosidl_typesupport_fastrtps_c.c.o[0m
[8.322s] [ 97%] [32mBuilding C object CMakeFiles/ad_msgs__rosidl_typesupport_introspection_c__pyext.dir/rosidl_generator_py/ad_msgs/_ad_msgs_s.ep.rosidl_typesupport_introspection_c.c.o[0m
[8.322s] [ 97%] [32mBuilding C object CMakeFiles/ad_msgs__rosidl_typesupport_c__pyext.dir/rosidl_generator_py/ad_msgs/_ad_msgs_s.ep.rosidl_typesupport_c.c.o[0m
[8.405s] [ 98%] [32m[1mLinking C shared library rosidl_generator_py/ad_msgs/ad_msgs_s__rosidl_typesupport_fastrtps_c.cpython-310-x86_64-linux-gnu.so[0m
[8.405s] [ 99%] [32m[1mLinking C shared library rosidl_generator_py/ad_msgs/ad_msgs_s__rosidl_typesupport_introspection_c.cpython-310-x86_64-linux-gnu.so[0m
[8.408s] [100%] [32m[1mLinking C shared library rosidl_generator_py/ad_msgs/ad_msgs_s__rosidl_typesupport_c.cpython-310-x86_64-linux-gnu.so[0m
[8.501s] [100%] Built target ad_msgs__rosidl_typesupport_fastrtps_c__pyext
[8.501s] [100%] Built target ad_msgs__rosidl_typesupport_introspection_c__pyext
[8.501s] [100%] Built target ad_msgs__rosidl_typesupport_c__pyext
[8.512s] Invoked command in '/home/joon/mission_hard/mission_hard/build/ad_msgs' returned '0': CMAKE_PREFIX_PATH=${CMAKE_PREFIX_PATH}:/opt/ros/humble /usr/bin/cmake --build /home/joon/mission_hard/mission_hard/build/ad_msgs -- -j16 -l16
[8.520s] Invoking command in '/home/joon/mission_hard/mission_hard/build/ad_msgs': CMAKE_PREFIX_PATH=${CMAKE_PREFIX_PATH}:/opt/ros/humble /usr/bin/cmake --install /home/joon/mission_hard/mission_hard/build/ad_msgs
[8.524s] -- Install configuration: ""
[8.525s] -- Execute custom install script
[8.525s] -- Symlinking: /home/joon/mission_hard/mission_hard/install/ad_msgs/share/ament_index/resource_index/rosidl_interfaces/ad_msgs
[8.532s] -- Symlinking: /home/joon/mission_hard/mission_hard/install/ad_msgs/include/ad_msgs/ad_msgs/msg/detail/lane_point_data__functions.h
[8.538s] -- Symlinking: /home/joon/mission_hard/mission_hard/install/ad_msgs/include/ad_msgs/ad_msgs/msg/detail/lane_point_data__struct.h
[8.544s] -- Symlinking: /home/joon/mission_hard/mission_hard/install/ad_msgs/include/ad_msgs/ad_msgs/msg/detail/lane_point_data__type_support.h
[8.550s] -- Symlinking: /home/joon/mission_hard/mission_hard/install/ad_msgs/include/ad_msgs/ad_msgs/msg/detail/lane_point_data_array__functions.h
[8.556s] -- Symlinking: /home/joon/mission_hard/mission_hard/install/ad_msgs/include/ad_msgs/ad_msgs/msg/detail/lane_point_data_array__struct.h
[8.563s] -- Symlinking: /home/joon/mission_hard/mission_hard/install/ad_msgs/include/ad_msgs/ad_msgs/msg/detail/lane_point_data_array__type_support.h
[8.569s] -- Symlinking: /home/joon/mission_hard/mission_hard/install/ad_msgs/include/ad_msgs/ad_msgs/msg/detail/mission__functions.h
[8.575s] -- Symlinking: /home/joon/mission_hard/mission_hard/install/ad_msgs/include/ad_msgs/ad_msgs/msg/detail/mission__struct.h
[8.581s] -- Symlinking: /home/joon/mission_hard/mission_hard/install/ad_msgs/include/ad_msgs/ad_msgs/msg/detail/mission__type_support.h
[8.588s] -- Symlinking: /home/joon/mission_hard/mission_hard/install/ad_msgs/include/ad_msgs/ad_msgs/msg/detail/mission_display__functions.h
[8.596s] -- Symlinking: /home/joon/mission_hard/mission_hard/install/ad_msgs/include/ad_msgs/ad_msgs/msg/detail/mission_display__struct.h
[8.602s] -- Symlinking: /home/joon/mission_hard/mission_hard/install/ad_msgs/include/ad_msgs/ad_msgs/msg/detail/mission_display__type_support.h
[8.610s] -- Symlinking: /home/joon/mission_hard/mission_hard/install/ad_msgs/include/ad_msgs/ad_msgs/msg/detail/mission_object__functions.h
[8.617s] -- Symlinking: /home/joon/mission_hard/mission_hard/install/ad_msgs/include/ad_msgs/ad_msgs/msg/detail/mission_object__struct.h
[8.624s] -- Symlinking: /home/joon/mission_hard/mission_hard/install/ad_msgs/include/ad_msgs/ad_msgs/msg/detail/mission_object__type_support.h
[8.632s] -- Symlinking: /home/joon/mission_hard/mission_hard/install/ad_msgs/include/ad_msgs/ad_msgs/msg/detail/mission_region__functions.h
[8.640s] -- Symlinking: /home/joon/mission_hard/mission_hard/install/ad_msgs/include/ad_msgs/ad_msgs/msg/detail/mission_region__struct.h
[8.647s] -- Symlinking: /home/joon/mission_hard/mission_hard/install/ad_msgs/include/ad_msgs/ad_msgs/msg/detail/mission_region__type_support.h
[8.653s] -- Symlinking: /home/joon/mission_hard/mission_hard/install/ad_msgs/include/ad_msgs/ad_msgs/msg/detail/polyfit_lane_data__functions.h
[8.660s] -- Symlinking: /home/joon/mission_hard/mission_hard/install/ad_msgs/include/ad_msgs/ad_msgs/msg/detail/polyfit_lane_data__struct.h
[8.667s] -- Symlinking: /home/joon/mission_hard/mission_hard/install/ad_msgs/include/ad_msgs/ad_msgs/msg/detail/polyfit_lane_data__type_support.h
[8.674s] -- Symlinking: /home/joon/mission_hard/mission_hard/install/ad_msgs/include/ad_msgs/ad_msgs/msg/detail/polyfit_lane_data_array__functions.h
[8.681s] -- Symlinking: /home/joon/mission_hard/mission_hard/install/ad_msgs/include/ad_msgs/ad_msgs/msg/detail/polyfit_lane_data_array__struct.h
[8.688s] -- Symlinking: /home/joon/mission_hard/mission_hard/install/ad_msgs/include/ad_msgs/ad_msgs/msg/detail/polyfit_lane_data_array__type_support.h
[8.695s] -- Symlinking: /home/joon/mission_hard/mission_hard/install/ad_msgs/include/ad_msgs/ad_msgs/msg/detail/vehicle_command__functions.h
[8.703s] -- Symlinking: /home/joon/mission_hard/mission_hard/install/ad_msgs/include/ad_msgs/ad_msgs/msg/detail/vehicle_command__struct.h
[8.710s] -- Symlinking: /home/joon/mission_hard/mission_hard/install/ad_msgs/include/ad_msgs/ad_msgs/msg/detail/vehicle_command__type_support.h
[8.716s] -- Symlinking: /home/joon/mission_hard/mission_hard/install/ad_msgs/include/ad_msgs/ad_msgs/msg/detail/vehicle_state__functions.h
[8.723s] -- Symlinking: /home/joon/mission_hard/mission_hard/install/ad_msgs/include/ad_msgs/ad_msgs/msg/detail/vehicle_state__struct.h
[8.730s] -- Symlinking: /home/joon/mission_hard/mission_hard/install/ad_msgs/include/ad_msgs/ad_msgs/msg/detail/vehicle_state__type_support.h
[8.736s] -- Symlinking: /home/joon/mission_hard/mission_hard/install/ad_msgs/include/ad_msgs/ad_msgs/msg/lane_point_data.h
[8.742s] -- Symlinking: /home/joon/mission_hard/mission_hard/install/ad_msgs/include/ad_msgs/ad_msgs/msg/lane_point_data_array.h
[8.749s] -- Symlinking: /home/joon/mission_hard/mission_hard/install/ad_msgs/include/ad_msgs/ad_msgs/msg/mission.h
[8.755s] -- Symlinking: /home/joon/mission_hard/mission_hard/install/ad_msgs/include/ad_msgs/ad_msgs/msg/mission_display.h
[8.763s] -- Symlinking: /home/joon/mission_hard/mission_hard/install/ad_msgs/include/ad_msgs/ad_msgs/msg/mission_object.h
[8.770s] -- Symlinking: /home/joon/mission_hard/mission_hard/install/ad_msgs/include/ad_msgs/ad_msgs/msg/mission_region.h
[8.777s] -- Symlinking: /home/joon/mission_hard/mission_hard/install/ad_msgs/include/ad_msgs/ad_msgs/msg/polyfit_lane_data.h
[8.784s] -- Symlinking: /home/joon/mission_hard/mission_hard/install/ad_msgs/include/ad_msgs/ad_msgs/msg/polyfit_lane_data_array.h
[8.791s] -- Symlinking: /home/joon/mission_hard/mission_hard/install/ad_msgs/include/ad_msgs/ad_msgs/msg/rosidl_generator_c__visibility_control.h
[8.799s] -- Symlinking: /home/joon/mission_hard/mission_hard/install/ad_msgs/include/ad_msgs/ad_msgs/msg/vehicle_command.h
[8.807s] -- Symlinking: /home/joon/mission_hard/mission_hard/install/ad_msgs/include/ad_msgs/ad_msgs/msg/vehicle_state.h
[8.815s] -- Symlinking: /home/joon/mission_hard/mission_hard/install/ad_msgs/share/ad_msgs/environment/library_path.sh
[8.822s] -- Symlinking: /home/joon/mission_hard/mission_hard/install/ad_msgs/share/ad_msgs/environment/library_path.dsv
[8.830s] -- Symlinking: /home/joon/mission_hard/mission_hard/install/ad_msgs/include/ad_msgs/ad_msgs/msg/detail/lane_point_data__rosidl_typesupport_fastrtps_c.h
[8.835s] -- Symlinking: /home/joon/mission_hard/mission_hard/install/ad_msgs/include/ad_msgs/ad_msgs/msg/detail/lane_point_data_array__rosidl_typesupport_fastrtps_c.h
[8.842s] -- Symlinking: /home/joon/mission_hard/mission_hard/install/ad_msgs/include/ad_msgs/ad_msgs/msg/detail/mission__rosidl_typesupport_fastrtps_c.h
[8.848s] -- Symlinking: /home/joon/mission_hard/mission_hard/install/ad_msgs/include/ad_msgs/ad_msgs/msg/detail/mission_display__rosidl_typesupport_fastrtps_c.h
[8.855s] -- Symlinking: /home/joon/mission_hard/mission_hard/install/ad_msgs/include/ad_msgs/ad_msgs/msg/detail/mission_object__rosidl_typesupport_fastrtps_c.h
[8.862s] -- Symlinking: /home/joon/mission_hard/mission_hard/install/ad_msgs/include/ad_msgs/ad_msgs/msg/detail/mission_region__rosidl_typesupport_fastrtps_c.h
[8.869s] -- Symlinking: /home/joon/mission_hard/mission_hard/install/ad_msgs/include/ad_msgs/ad_msgs/msg/detail/polyfit_lane_data__rosidl_typesupport_fastrtps_c.h
[8.876s] -- Symlinking: /home/joon/mission_hard/mission_hard/install/ad_msgs/include/ad_msgs/ad_msgs/msg/detail/polyfit_lane_data_array__rosidl_typesupport_fastrtps_c.h
[8.883s] -- Symlinking: /home/joon/mission_hard/mission_hard/install/ad_msgs/include/ad_msgs/ad_msgs/msg/detail/vehicle_command__rosidl_typesupport_fastrtps_c.h
[8.890s] -- Symlinking: /home/joon/mission_hard/mission_hard/install/ad_msgs/include/ad_msgs/ad_msgs/msg/detail/vehicle_state__rosidl_typesupport_fastrtps_c.h
[8.897s] -- Symlinking: /home/joon/mission_hard/mission_hard/install/ad_msgs/include/ad_msgs/ad_msgs/msg/rosidl_typesupport_fastrtps_c__visibility_control.h
[8.906s] -- Symlinking: /home/joon/mission_hard/mission_hard/install/ad_msgs/include/ad_msgs/ad_msgs/msg/detail/lane_point_data__rosidl_typesupport_introspection_c.h
[8.914s] -- Symlinking: /home/joon/mission_hard/mission_hard/install/ad_msgs/include/ad_msgs/ad_msgs/msg/detail/lane_point_data_array__rosidl_typesupport_introspection_c.h
[8.920s] -- Symlinking: /home/joon/mission_hard/mission_hard/install/ad_msgs/include/ad_msgs/ad_msgs/msg/detail/mission__rosidl_typesupport_introspection_c.h
[8.928s] -- Symlinking: /home/joon/mission_hard/mission_hard/install/ad_msgs/include/ad_msgs/ad_msgs/msg/detail/mission_display__rosidl_typesupport_introspection_c.h
[8.935s] -- Symlinking: /home/joon/mission_hard/mission_hard/install/ad_msgs/include/ad_msgs/ad_msgs/msg/detail/mission_object__rosidl_typesupport_introspection_c.h
[8.941s] -- Symlinking: /home/joon/mission_hard/mission_hard/install/ad_msgs/include/ad_msgs/ad_msgs/msg/detail/mission_region__rosidl_typesupport_introspection_c.h
[8.948s] -- Symlinking: /home/joon/mission_hard/mission_hard/install/ad_msgs/include/ad_msgs/ad_msgs/msg/detail/polyfit_lane_data__rosidl_typesupport_introspection_c.h
[8.954s] -- Symlinking: /home/joon/mission_hard/mission_hard/install/ad_msgs/include/ad_msgs/ad_msgs/msg/detail/polyfit_lane_data_array__rosidl_typesupport_introspection_c.h
[8.962s] -- Symlinking: /home/joon/mission_hard/mission_hard/install/ad_msgs/include/ad_msgs/ad_msgs/msg/detail/vehicle_command__rosidl_typesupport_introspection_c.h
[8.968s] -- Symlinking: /home/joon/mission_hard/mission_hard/install/ad_msgs/include/ad_msgs/ad_msgs/msg/detail/vehicle_state__rosidl_typesupport_introspection_c.h
[8.975s] -- Symlinking: /home/joon/mission_hard/mission_hard/install/ad_msgs/include/ad_msgs/ad_msgs/msg/rosidl_typesupport_introspection_c__visibility_control.h
[8.983s] -- Symlinking: /home/joon/mission_hard/mission_hard/install/ad_msgs/include/ad_msgs/ad_msgs/msg/detail/lane_point_data__builder.hpp
[8.990s] -- Symlinking: /home/joon/mission_hard/mission_hard/install/ad_msgs/include/ad_msgs/ad_msgs/msg/detail/lane_point_data__struct.hpp
[8.996s] -- Symlinking: /home/joon/mission_hard/mission_hard/install/ad_msgs/include/ad_msgs/ad_msgs/msg/detail/lane_point_data__traits.hpp
[9.003s] -- Symlinking: /home/joon/mission_hard/mission_hard/install/ad_msgs/include/ad_msgs/ad_msgs/msg/detail/lane_point_data__type_support.hpp
[9.010s] -- Symlinking: /home/joon/mission_hard/mission_hard/install/ad_msgs/include/ad_msgs/ad_msgs/msg/detail/lane_point_data_array__builder.hpp
[9.017s] -- Symlinking: /home/joon/mission_hard/mission_hard/install/ad_msgs/include/ad_msgs/ad_msgs/msg/detail/lane_point_data_array__struct.hpp
[9.024s] -- Symlinking: /home/joon/mission_hard/mission_hard/install/ad_msgs/include/ad_msgs/ad_msgs/msg/detail/lane_point_data_array__traits.hpp
[9.030s] -- Symlinking: /home/joon/mission_hard/mission_hard/install/ad_msgs/include/ad_msgs/ad_msgs/msg/detail/lane_point_data_array__type_support.hpp
[9.037s] -- Symlinking: /home/joon/mission_hard/mission_hard/install/ad_msgs/include/ad_msgs/ad_msgs/msg/detail/mission__builder.hpp
[9.043s] -- Symlinking: /home/joon/mission_hard/mission_hard/install/ad_msgs/include/ad_msgs/ad_msgs/msg/detail/mission__struct.hpp
[9.049s] -- Symlinking: /home/joon/mission_hard/mission_hard/install/ad_msgs/include/ad_msgs/ad_msgs/msg/detail/mission__traits.hpp
[9.055s] -- Symlinking: /home/joon/mission_hard/mission_hard/install/ad_msgs/include/ad_msgs/ad_msgs/msg/detail/mission__type_support.hpp
[9.062s] -- Symlinking: /home/joon/mission_hard/mission_hard/install/ad_msgs/include/ad_msgs/ad_msgs/msg/detail/mission_display__builder.hpp
[9.068s] -- Symlinking: /home/joon/mission_hard/mission_hard/install/ad_msgs/include/ad_msgs/ad_msgs/msg/detail/mission_display__struct.hpp
[9.074s] -- Symlinking: /home/joon/mission_hard/mission_hard/install/ad_msgs/include/ad_msgs/ad_msgs/msg/detail/mission_display__traits.hpp
[9.081s] -- Symlinking: /home/joon/mission_hard/mission_hard/install/ad_msgs/include/ad_msgs/ad_msgs/msg/detail/mission_display__type_support.hpp
[9.088s] -- Symlinking: /home/joon/mission_hard/mission_hard/install/ad_msgs/include/ad_msgs/ad_msgs/msg/detail/mission_object__builder.hpp
[9.095s] -- Symlinking: /home/joon/mission_hard/mission_hard/install/ad_msgs/include/ad_msgs/ad_msgs/msg/detail/mission_object__struct.hpp
[9.101s] -- Symlinking: /home/joon/mission_hard/mission_hard/install/ad_msgs/include/ad_msgs/ad_msgs/msg/detail/mission_object__traits.hpp
[9.109s] -- Symlinking: /home/joon/mission_hard/mission_hard/install/ad_msgs/include/ad_msgs/ad_msgs/msg/detail/mission_object__type_support.hpp
[9.117s] -- Symlinking: /home/joon/mission_hard/mission_hard/install/ad_msgs/include/ad_msgs/ad_msgs/msg/detail/mission_region__builder.hpp
[9.123s] -- Symlinking: /home/joon/mission_hard/mission_hard/install/ad_msgs/include/ad_msgs/ad_msgs/msg/detail/mission_region__struct.hpp
[9.130s] -- Symlinking: /home/joon/mission_hard/mission_hard/install/ad_msgs/include/ad_msgs/ad_msgs/msg/detail/mission_region__traits.hpp
[9.136s] -- Symlinking: /home/joon/mission_hard/mission_hard/install/ad_msgs/include/ad_msgs/ad_msgs/msg/detail/mission_region__type_support.hpp
[9.142s] -- Symlinking: /home/joon/mission_hard/mission_hard/install/ad_msgs/include/ad_msgs/ad_msgs/msg/detail/polyfit_lane_data__builder.hpp
[9.148s] -- Symlinking: /home/joon/mission_hard/mission_hard/install/ad_msgs/include/ad_msgs/ad_msgs/msg/detail/polyfit_lane_data__struct.hpp
[9.154s] -- Symlinking: /home/joon/mission_hard/mission_hard/install/ad_msgs/include/ad_msgs/ad_msgs/msg/detail/polyfit_lane_data__traits.hpp
[9.161s] -- Symlinking: /home/joon/mission_hard/mission_hard/install/ad_msgs/include/ad_msgs/ad_msgs/msg/detail/polyfit_lane_data__type_support.hpp
[9.168s] -- Symlinking: /home/joon/mission_hard/mission_hard/install/ad_msgs/include/ad_msgs/ad_msgs/msg/detail/polyfit_lane_data_array__builder.hpp
[9.174s] -- Symlinking: /home/joon/mission_hard/mission_hard/install/ad_msgs/include/ad_msgs/ad_msgs/msg/detail/polyfit_lane_data_array__struct.hpp
[9.181s] -- Symlinking: /home/joon/mission_hard/mission_hard/install/ad_msgs/include/ad_msgs/ad_msgs/msg/detail/polyfit_lane_data_array__traits.hpp
[9.188s] -- Symlinking: /home/joon/mission_hard/mission_hard/install/ad_msgs/include/ad_msgs/ad_msgs/msg/detail/polyfit_lane_data_array__type_support.hpp
[9.195s] -- Symlinking: /home/joon/mission_hard/mission_hard/install/ad_msgs/include/ad_msgs/ad_msgs/msg/detail/vehicle_command__builder.hpp
[9.202s] -- Symlinking: /home/joon/mission_hard/mission_hard/install/ad_msgs/include/ad_msgs/ad_msgs/msg/detail/vehicle_command__struct.hpp
[9.209s] -- Symlinking: /home/joon/mission_hard/mission_hard/install/ad_msgs/include/ad_msgs/ad_msgs/msg/detail/vehicle_command__traits.hpp
[9.216s] -- Symlinking: /home/joon/mission_hard/mission_hard/install/ad_msgs/include/ad_msgs/ad_msgs/msg/detail/vehicle_command__type_support.hpp
[9.223s] -- Symlinking: /home/joon/mission_hard/mission_hard/install/ad_msgs/include/ad_msgs/ad_msgs/msg/detail/vehicle_state__builder.hpp
[9.230s] -- Symlinking: /home/joon/mission_hard/mission_hard/install/ad_msgs/include/ad_msgs/ad_msgs/msg/detail/vehicle_state__struct.hpp
[9.237s] -- Symlinking: /home/joon/mission_hard/mission_hard/install/ad_msgs/include/ad_msgs/ad_msgs/msg/detail/vehicle_state__traits.hpp
[9.243s] -- Symlinking: /home/joon/mission_hard/mission_hard/install/ad_msgs/include/ad_msgs/ad_msgs/msg/detail/vehicle_state__type_support.hpp
[9.250s] -- Symlinking: /home/joon/mission_hard/mission_hard/install/ad_msgs/include/ad_msgs/ad_msgs/msg/lane_point_data.hpp
[9.257s] -- Symlinking: /home/joon/mission_hard/mission_hard/install/ad_msgs/include/ad_msgs/ad_msgs/msg/lane_point_data_array.hpp
[9.266s] -- Symlinking: /home/joon/mission_hard/mission_hard/install/ad_msgs/include/ad_msgs/ad_msgs/msg/mission.hpp
[9.274s] -- Symlinking: /home/joon/mission_hard/mission_hard/install/ad_msgs/include/ad_msgs/ad_msgs/msg/mission_display.hpp
[9.281s] -- Symlinking: /home/joon/mission_hard/mission_hard/install/ad_msgs/include/ad_msgs/ad_msgs/msg/mission_object.hpp
[9.287s] -- Symlinking: /home/joon/mission_hard/mission_hard/install/ad_msgs/include/ad_msgs/ad_msgs/msg/mission_region.hpp
[9.294s] -- Symlinking: /home/joon/mission_hard/mission_hard/install/ad_msgs/include/ad_msgs/ad_msgs/msg/polyfit_lane_data.hpp
[9.300s] -- Symlinking: /home/joon/mission_hard/mission_hard/install/ad_msgs/include/ad_msgs/ad_msgs/msg/polyfit_lane_data_array.hpp
[9.307s] -- Symlinking: /home/joon/mission_hard/mission_hard/install/ad_msgs/include/ad_msgs/ad_msgs/msg/rosidl_generator_cpp__visibility_control.hpp
[9.314s] -- Symlinking: /home/joon/mission_hard/mission_hard/install/ad_msgs/include/ad_msgs/ad_msgs/msg/vehicle_command.hpp
[9.321s] -- Symlinking: /home/joon/mission_hard/mission_hard/install/ad_msgs/include/ad_msgs/ad_msgs/msg/vehicle_state.hpp
[9.331s] -- Symlinking: /home/joon/mission_hard/mission_hard/install/ad_msgs/include/ad_msgs/ad_msgs/msg/detail/lane_point_data__rosidl_typesupport_fastrtps_cpp.hpp
[9.338s] -- Symlinking: /home/joon/mission_hard/mission_hard/install/ad_msgs/include/ad_msgs/ad_msgs/msg/detail/lane_point_data_array__rosidl_typesupport_fastrtps_cpp.hpp
[9.344s] -- Symlinking: /home/joon/mission_hard/mission_hard/install/ad_msgs/include/ad_msgs/ad_msgs/msg/detail/mission__rosidl_typesupport_fastrtps_cpp.hpp
[9.351s] -- Symlinking: /home/joon/mission_hard/mission_hard/install/ad_msgs/include/ad_msgs/ad_msgs/msg/detail/mission_display__rosidl_typesupport_fastrtps_cpp.hpp
[9.357s] -- Symlinking: /home/joon/mission_hard/mission_hard/install/ad_msgs/include/ad_msgs/ad_msgs/msg/detail/mission_object__rosidl_typesupport_fastrtps_cpp.hpp
[9.364s] -- Symlinking: /home/joon/mission_hard/mission_hard/install/ad_msgs/include/ad_msgs/ad_msgs/msg/detail/mission_region__rosidl_typesupport_fastrtps_cpp.hpp
[9.371s] -- Symlinking: /home/joon/mission_hard/mission_hard/install/ad_msgs/include/ad_msgs/ad_msgs/msg/detail/polyfit_lane_data__rosidl_typesupport_fastrtps_cpp.hpp
[9.377s] -- Symlinking: /home/joon/mission_hard/mission_hard/install/ad_msgs/include/ad_msgs/ad_msgs/msg/detail/polyfit_lane_data_array__rosidl_typesupport_fastrtps_cpp.hpp
[9.384s] -- Symlinking: /home/joon/mission_hard/mission_hard/install/ad_msgs/include/ad_msgs/ad_msgs/msg/detail/vehicle_command__rosidl_typesupport_fastrtps_cpp.hpp
[9.391s] -- Symlinking: /home/joon/mission_hard/mission_hard/install/ad_msgs/include/ad_msgs/ad_msgs/msg/detail/vehicle_state__rosidl_typesupport_fastrtps_cpp.hpp
[9.397s] -- Symlinking: /home/joon/mission_hard/mission_hard/install/ad_msgs/include/ad_msgs/ad_msgs/msg/rosidl_typesupport_fastrtps_cpp__visibility_control.h
[9.404s] -- Symlinking: /home/joon/mission_hard/mission_hard/install/ad_msgs/include/ad_msgs/ad_msgs/msg/detail/lane_point_data__rosidl_typesupport_introspection_cpp.hpp
[9.411s] -- Symlinking: /home/joon/mission_hard/mission_hard/install/ad_msgs/include/ad_msgs/ad_msgs/msg/detail/lane_point_data_array__rosidl_typesupport_introspection_cpp.hpp
[9.418s] -- Symlinking: /home/joon/mission_hard/mission_hard/install/ad_msgs/include/ad_msgs/ad_msgs/msg/detail/mission__rosidl_typesupport_introspection_cpp.hpp
[9.425s] -- Symlinking: /home/joon/mission_hard/mission_hard/install/ad_msgs/include/ad_msgs/ad_msgs/msg/detail/mission_display__rosidl_typesupport_introspection_cpp.hpp
[9.432s] -- Symlinking: /home/joon/mission_hard/mission_hard/install/ad_msgs/include/ad_msgs/ad_msgs/msg/detail/mission_object__rosidl_typesupport_introspection_cpp.hpp
[9.439s] -- Symlinking: /home/joon/mission_hard/mission_hard/install/ad_msgs/include/ad_msgs/ad_msgs/msg/detail/mission_region__rosidl_typesupport_introspection_cpp.hpp
[9.445s] -- Symlinking: /home/joon/mission_hard/mission_hard/install/ad_msgs/include/ad_msgs/ad_msgs/msg/detail/polyfit_lane_data__rosidl_typesupport_introspection_cpp.hpp
[9.452s] -- Symlinking: /home/joon/mission_hard/mission_hard/install/ad_msgs/include/ad_msgs/ad_msgs/msg/detail/polyfit_lane_data_array__rosidl_typesupport_introspection_cpp.hpp
[9.459s] -- Symlinking: /home/joon/mission_hard/mission_hard/install/ad_msgs/include/ad_msgs/ad_msgs/msg/detail/vehicle_command__rosidl_typesupport_introspection_cpp.hpp
[9.467s] -- Symlinking: /home/joon/mission_hard/mission_hard/install/ad_msgs/include/ad_msgs/ad_msgs/msg/detail/vehicle_state__rosidl_typesupport_introspection_cpp.hpp
[9.474s] -- Symlinking: /home/joon/mission_hard/mission_hard/install/ad_msgs/share/ad_msgs/environment/pythonpath.sh
[9.481s] -- Symlinking: /home/joon/mission_hard/mission_hard/install/ad_msgs/share/ad_msgs/environment/pythonpath.dsv
[9.489s] -- Symlinking: /home/joon/mission_hard/mission_hard/install/ad_msgs/local/lib/python3.10/dist-packages/ad_msgs-0.0.0-py3.10.egg-info/PKG-INFO
[9.495s] -- Symlinking: /home/joon/mission_hard/mission_hard/install/ad_msgs/local/lib/python3.10/dist-packages/ad_msgs-0.0.0-py3.10.egg-info/SOURCES.txt
[9.502s] -- Symlinking: /home/joon/mission_hard/mission_hard/install/ad_msgs/local/lib/python3.10/dist-packages/ad_msgs-0.0.0-py3.10.egg-info/dependency_links.txt
[9.509s] -- Symlinking: /home/joon/mission_hard/mission_hard/install/ad_msgs/local/lib/python3.10/dist-packages/ad_msgs-0.0.0-py3.10.egg-info/top_level.txt
[9.515s] -- Symlinking: /home/joon/mission_hard/mission_hard/install/ad_msgs/local/lib/python3.10/dist-packages/ad_msgs/__init__.py
[9.522s] -- Symlinking: /home/joon/mission_hard/mission_hard/install/ad_msgs/local/lib/python3.10/dist-packages/ad_msgs/_ad_msgs_s.ep.rosidl_typesupport_c.c
[9.528s] -- Symlinking: /home/joon/mission_hard/mission_hard/install/ad_msgs/local/lib/python3.10/dist-packages/ad_msgs/_ad_msgs_s.ep.rosidl_typesupport_fastrtps_c.c
[9.535s] -- Symlinking: /home/joon/mission_hard/mission_hard/install/ad_msgs/local/lib/python3.10/dist-packages/ad_msgs/_ad_msgs_s.ep.rosidl_typesupport_introspection_c.c
[9.540s] -- Symlinking: /home/joon/mission_hard/mission_hard/install/ad_msgs/local/lib/python3.10/dist-packages/ad_msgs/ad_msgs_s__rosidl_typesupport_c.cpython-310-x86_64-linux-gnu.so
[9.546s] -- Symlinking: /home/joon/mission_hard/mission_hard/install/ad_msgs/local/lib/python3.10/dist-packages/ad_msgs/ad_msgs_s__rosidl_typesupport_fastrtps_c.cpython-310-x86_64-linux-gnu.so
[9.552s] -- Symlinking: /home/joon/mission_hard/mission_hard/install/ad_msgs/local/lib/python3.10/dist-packages/ad_msgs/ad_msgs_s__rosidl_typesupport_introspection_c.cpython-310-x86_64-linux-gnu.so
[9.559s] -- Symlinking: /home/joon/mission_hard/mission_hard/install/ad_msgs/local/lib/python3.10/dist-packages/ad_msgs/libad_msgs__rosidl_generator_py.so
[9.566s] -- Symlinking: /home/joon/mission_hard/mission_hard/install/ad_msgs/local/lib/python3.10/dist-packages/ad_msgs/msg/__init__.py
[9.573s] -- Symlinking: /home/joon/mission_hard/mission_hard/install/ad_msgs/local/lib/python3.10/dist-packages/ad_msgs/msg/_lane_point_data.py
[9.580s] -- Symlinking: /home/joon/mission_hard/mission_hard/install/ad_msgs/local/lib/python3.10/dist-packages/ad_msgs/msg/_lane_point_data_array.py
[9.587s] -- Symlinking: /home/joon/mission_hard/mission_hard/install/ad_msgs/local/lib/python3.10/dist-packages/ad_msgs/msg/_lane_point_data_array_s.c
[9.593s] -- Symlinking: /home/joon/mission_hard/mission_hard/install/ad_msgs/local/lib/python3.10/dist-packages/ad_msgs/msg/_lane_point_data_s.c
[9.600s] -- Symlinking: /home/joon/mission_hard/mission_hard/install/ad_msgs/local/lib/python3.10/dist-packages/ad_msgs/msg/_mission.py
[9.607s] -- Symlinking: /home/joon/mission_hard/mission_hard/install/ad_msgs/local/lib/python3.10/dist-packages/ad_msgs/msg/_mission_display.py
[9.613s] -- Symlinking: /home/joon/mission_hard/mission_hard/install/ad_msgs/local/lib/python3.10/dist-packages/ad_msgs/msg/_mission_display_s.c
[9.620s] -- Symlinking: /home/joon/mission_hard/mission_hard/install/ad_msgs/local/lib/python3.10/dist-packages/ad_msgs/msg/_mission_object.py
[9.627s] -- Symlinking: /home/joon/mission_hard/mission_hard/install/ad_msgs/local/lib/python3.10/dist-packages/ad_msgs/msg/_mission_object_s.c
[9.632s] -- Symlinking: /home/joon/mission_hard/mission_hard/install/ad_msgs/local/lib/python3.10/dist-packages/ad_msgs/msg/_mission_region.py
[9.639s] -- Symlinking: /home/joon/mission_hard/mission_hard/install/ad_msgs/local/lib/python3.10/dist-packages/ad_msgs/msg/_mission_region_s.c
[9.644s] -- Symlinking: /home/joon/mission_hard/mission_hard/install/ad_msgs/local/lib/python3.10/dist-packages/ad_msgs/msg/_mission_s.c
[9.650s] -- Symlinking: /home/joon/mission_hard/mission_hard/install/ad_msgs/local/lib/python3.10/dist-packages/ad_msgs/msg/_polyfit_lane_data.py
[9.656s] -- Symlinking: /home/joon/mission_hard/mission_hard/install/ad_msgs/local/lib/python3.10/dist-packages/ad_msgs/msg/_polyfit_lane_data_array.py
[9.662s] -- Symlinking: /home/joon/mission_hard/mission_hard/install/ad_msgs/local/lib/python3.10/dist-packages/ad_msgs/msg/_polyfit_lane_data_array_s.c
[9.670s] -- Symlinking: /home/joon/mission_hard/mission_hard/install/ad_msgs/local/lib/python3.10/dist-packages/ad_msgs/msg/_polyfit_lane_data_s.c
[9.676s] -- Symlinking: /home/joon/mission_hard/mission_hard/install/ad_msgs/local/lib/python3.10/dist-packages/ad_msgs/msg/_vehicle_command.py
[9.682s] -- Symlinking: /home/joon/mission_hard/mission_hard/install/ad_msgs/local/lib/python3.10/dist-packages/ad_msgs/msg/_vehicle_command_s.c
[9.689s] -- Symlinking: /home/joon/mission_hard/mission_hard/install/ad_msgs/local/lib/python3.10/dist-packages/ad_msgs/msg/_vehicle_state.py
[9.696s] -- Symlinking: /home/joon/mission_hard/mission_hard/install/ad_msgs/local/lib/python3.10/dist-packages/ad_msgs/msg/_vehicle_state_s.c
[9.703s] -- Up-to-date symlink: /home/joon/mission_hard/mission_hard/install/ad_msgs/local/lib/python3.10/dist-packages/ad_msgs/ad_msgs_s__rosidl_typesupport_fastrtps_c.cpython-310-x86_64-linux-gnu.so
[9.703s] -- Up-to-date symlink: /home/joon/mission_hard/mission_hard/install/ad_msgs/local/lib/python3.10/dist-packages/ad_msgs/ad_msgs_s__rosidl_typesupport_introspection_c.cpython-310-x86_64-linux-gnu.so
[9.703s] -- Up-to-date symlink: /home/joon/mission_hard/mission_hard/install/ad_msgs/local/lib/python3.10/dist-packages/ad_msgs/ad_msgs_s__rosidl_typesupport_c.cpython-310-x86_64-linux-gnu.so
[9.703s] -- Symlinking: /home/joon/mission_hard/mission_hard/install/ad_msgs/share/ad_msgs/msg/VehicleState.idl
[9.710s] -- Symlinking: /home/joon/mission_hard/mission_hard/install/ad_msgs/share/ad_msgs/msg/VehicleCommand.idl
[9.717s] -- Symlinking: /home/joon/mission_hard/mission_hard/install/ad_msgs/share/ad_msgs/msg/Mission.idl
[9.723s] -- Symlinking: /home/joon/mission_hard/mission_hard/install/ad_msgs/share/ad_msgs/msg/MissionObject.idl
[9.729s] -- Symlinking: /home/joon/mission_hard/mission_hard/install/ad_msgs/share/ad_msgs/msg/MissionRegion.idl
[9.736s] -- Symlinking: /home/joon/mission_hard/mission_hard/install/ad_msgs/share/ad_msgs/msg/MissionDisplay.idl
[9.742s] -- Symlinking: /home/joon/mission_hard/mission_hard/install/ad_msgs/share/ad_msgs/msg/PolyfitLaneData.idl
[9.748s] -- Symlinking: /home/joon/mission_hard/mission_hard/install/ad_msgs/share/ad_msgs/msg/LanePointData.idl
[9.754s] -- Symlinking: /home/joon/mission_hard/mission_hard/install/ad_msgs/share/ad_msgs/msg/LanePointDataArray.idl
[9.760s] -- Symlinking: /home/joon/mission_hard/mission_hard/install/ad_msgs/share/ad_msgs/msg/PolyfitLaneDataArray.idl
[9.767s] -- Symlinking: /home/joon/mission_hard/mission_hard/install/ad_msgs/share/ad_msgs/msg/VehicleState.msg
[9.774s] -- Symlinking: /home/joon/mission_hard/mission_hard/install/ad_msgs/share/ad_msgs/msg/VehicleCommand.msg
[9.780s] -- Symlinking: /home/joon/mission_hard/mission_hard/install/ad_msgs/share/ad_msgs/msg/Mission.msg
[9.786s] -- Symlinking: /home/joon/mission_hard/mission_hard/install/ad_msgs/share/ad_msgs/msg/MissionObject.msg
[9.793s] -- Symlinking: /home/joon/mission_hard/mission_hard/install/ad_msgs/share/ad_msgs/msg/MissionRegion.msg
[9.799s] -- Symlinking: /home/joon/mission_hard/mission_hard/install/ad_msgs/share/ad_msgs/msg/MissionDisplay.msg
[9.806s] -- Symlinking: /home/joon/mission_hard/mission_hard/install/ad_msgs/share/ad_msgs/msg/PolyfitLaneData.msg
[9.812s] -- Symlinking: /home/joon/mission_hard/mission_hard/install/ad_msgs/share/ad_msgs/msg/LanePointData.msg
[9.819s] -- Symlinking: /home/joon/mission_hard/mission_hard/install/ad_msgs/share/ad_msgs/msg/LanePointDataArray.msg
[9.825s] -- Symlinking: /home/joon/mission_hard/mission_hard/install/ad_msgs/share/ad_msgs/msg/PolyfitLaneDataArray.msg
[9.832s] -- Symlinking: /home/joon/mission_hard/mission_hard/install/ad_msgs/share/ament_index/resource_index/package_run_dependencies/ad_msgs
[9.838s] -- Symlinking: /home/joon/mission_hard/mission_hard/install/ad_msgs/share/ament_index/resource_index/parent_prefix_path/ad_msgs
[9.844s] -- Symlinking: /home/joon/mission_hard/mission_hard/install/ad_msgs/share/ad_msgs/environment/ament_prefix_path.sh
[9.850s] -- Symlinking: /home/joon/mission_hard/mission_hard/install/ad_msgs/share/ad_msgs/environment/ament_prefix_path.dsv
[9.856s] -- Symlinking: /home/joon/mission_hard/mission_hard/install/ad_msgs/share/ad_msgs/environment/path.sh
[9.862s] -- Symlinking: /home/joon/mission_hard/mission_hard/install/ad_msgs/share/ad_msgs/environment/path.dsv
[9.869s] -- Symlinking: /home/joon/mission_hard/mission_hard/install/ad_msgs/share/ad_msgs/local_setup.bash
[9.877s] -- Symlinking: /home/joon/mission_hard/mission_hard/install/ad_msgs/share/ad_msgs/local_setup.sh
[9.883s] -- Symlinking: /home/joon/mission_hard/mission_hard/install/ad_msgs/share/ad_msgs/local_setup.zsh
[9.890s] -- Symlinking: /home/joon/mission_hard/mission_hard/install/ad_msgs/share/ad_msgs/local_setup.dsv
[9.897s] -- Symlinking: /home/joon/mission_hard/mission_hard/install/ad_msgs/share/ad_msgs/package.dsv
[9.904s] -- Symlinking: /home/joon/mission_hard/mission_hard/install/ad_msgs/share/ament_index/resource_index/packages/ad_msgs
[9.911s] -- Symlinking: /home/joon/mission_hard/mission_hard/install/ad_msgs/share/ad_msgs/cmake/rosidl_cmake-extras.cmake
[9.917s] -- Symlinking: /home/joon/mission_hard/mission_hard/install/ad_msgs/share/ad_msgs/cmake/ament_cmake_export_dependencies-extras.cmake
[9.924s] -- Symlinking: /home/joon/mission_hard/mission_hard/install/ad_msgs/share/ad_msgs/cmake/ament_cmake_export_include_directories-extras.cmake
[9.929s] -- Symlinking: /home/joon/mission_hard/mission_hard/install/ad_msgs/share/ad_msgs/cmake/ament_cmake_export_libraries-extras.cmake
[9.936s] -- Symlinking: /home/joon/mission_hard/mission_hard/install/ad_msgs/share/ad_msgs/cmake/ament_cmake_export_targets-extras.cmake
[9.942s] -- Symlinking: /home/joon/mission_hard/mission_hard/install/ad_msgs/share/ad_msgs/cmake/rosidl_cmake_export_typesupport_targets-extras.cmake
[9.949s] -- Symlinking: /home/joon/mission_hard/mission_hard/install/ad_msgs/share/ad_msgs/cmake/rosidl_cmake_export_typesupport_libraries-extras.cmake
[9.955s] -- Symlinking: /home/joon/mission_hard/mission_hard/install/ad_msgs/share/ad_msgs/cmake/ad_msgsConfig.cmake
[9.961s] -- Symlinking: /home/joon/mission_hard/mission_hard/install/ad_msgs/share/ad_msgs/cmake/ad_msgsConfig-version.cmake
[9.968s] -- Symlinking: /home/joon/mission_hard/mission_hard/install/ad_msgs/share/ad_msgs/package.xml
[9.975s] -- Installing: /home/joon/mission_hard/mission_hard/install/ad_msgs/lib/libad_msgs__rosidl_generator_c.so
[9.976s] -- Set runtime path of "/home/joon/mission_hard/mission_hard/install/ad_msgs/lib/libad_msgs__rosidl_generator_c.so" to ""
[9.976s] -- Installing: /home/joon/mission_hard/mission_hard/install/ad_msgs/lib/libad_msgs__rosidl_typesupport_fastrtps_c.so
[9.976s] -- Set runtime path of "/home/joon/mission_hard/mission_hard/install/ad_msgs/lib/libad_msgs__rosidl_typesupport_fastrtps_c.so" to ""
[9.976s] -- Installing: /home/joon/mission_hard/mission_hard/install/ad_msgs/lib/libad_msgs__rosidl_typesupport_introspection_c.so
[9.976s] -- Set runtime path of "/home/joon/mission_hard/mission_hard/install/ad_msgs/lib/libad_msgs__rosidl_typesupport_introspection_c.so" to ""
[9.976s] -- Installing: /home/joon/mission_hard/mission_hard/install/ad_msgs/lib/libad_msgs__rosidl_typesupport_c.so
[9.976s] -- Set runtime path of "/home/joon/mission_hard/mission_hard/install/ad_msgs/lib/libad_msgs__rosidl_typesupport_c.so" to ""
[9.976s] -- Installing: /home/joon/mission_hard/mission_hard/install/ad_msgs/lib/libad_msgs__rosidl_typesupport_fastrtps_cpp.so
[9.976s] -- Set runtime path of "/home/joon/mission_hard/mission_hard/install/ad_msgs/lib/libad_msgs__rosidl_typesupport_fastrtps_cpp.so" to ""
[9.976s] -- Installing: /home/joon/mission_hard/mission_hard/install/ad_msgs/lib/libad_msgs__rosidl_typesupport_introspection_cpp.so
[9.977s] -- Set runtime path of "/home/joon/mission_hard/mission_hard/install/ad_msgs/lib/libad_msgs__rosidl_typesupport_introspection_cpp.so" to ""
[9.977s] -- Installing: /home/joon/mission_hard/mission_hard/install/ad_msgs/lib/libad_msgs__rosidl_typesupport_cpp.so
[9.977s] -- Set runtime path of "/home/joon/mission_hard/mission_hard/install/ad_msgs/lib/libad_msgs__rosidl_typesupport_cpp.so" to ""
[10.007s] Listing '/home/joon/mission_hard/mission_hard/install/ad_msgs/local/lib/python3.10/dist-packages/ad_msgs'...
[10.007s] Compiling '/home/joon/mission_hard/mission_hard/install/ad_msgs/local/lib/python3.10/dist-packages/ad_msgs/__init__.py'...
[10.007s] Listing '/home/joon/mission_hard/mission_hard/install/ad_msgs/local/lib/python3.10/dist-packages/ad_msgs/msg'...
[10.007s] Compiling '/home/joon/mission_hard/mission_hard/install/ad_msgs/local/lib/python3.10/dist-packages/ad_msgs/msg/__init__.py'...
[10.007s] Compiling '/home/joon/mission_hard/mission_hard/install/ad_msgs/local/lib/python3.10/dist-packages/ad_msgs/msg/_lane_point_data.py'...
[10.007s] Compiling '/home/joon/mission_hard/mission_hard/install/ad_msgs/local/lib/python3.10/dist-packages/ad_msgs/msg/_lane_point_data_array.py'...
[10.007s] Compiling '/home/joon/mission_hard/mission_hard/install/ad_msgs/local/lib/python3.10/dist-packages/ad_msgs/msg/_mission.py'...
[10.007s] Compiling '/home/joon/mission_hard/mission_hard/install/ad_msgs/local/lib/python3.10/dist-packages/ad_msgs/msg/_mission_display.py'...
[10.007s] Compiling '/home/joon/mission_hard/mission_hard/install/ad_msgs/local/lib/python3.10/dist-packages/ad_msgs/msg/_mission_object.py'...
[10.007s] Compiling '/home/joon/mission_hard/mission_hard/install/ad_msgs/local/lib/python3.10/dist-packages/ad_msgs/msg/_mission_region.py'...
[10.007s] Compiling '/home/joon/mission_hard/mission_hard/install/ad_msgs/local/lib/python3.10/dist-packages/ad_msgs/msg/_polyfit_lane_data.py'...
[10.007s] Compiling '/home/joon/mission_hard/mission_hard/install/ad_msgs/local/lib/python3.10/dist-packages/ad_msgs/msg/_polyfit_lane_data_array.py'...
[10.007s] Compiling '/home/joon/mission_hard/mission_hard/install/ad_msgs/local/lib/python3.10/dist-packages/ad_msgs/msg/_vehicle_command.py'...
[10.007s] Compiling '/home/joon/mission_hard/mission_hard/install/ad_msgs/local/lib/python3.10/dist-packages/ad_msgs/msg/_vehicle_state.py'...
[10.011s] -- Installing: /home/joon/mission_hard/mission_hard/install/ad_msgs/lib/libad_msgs__rosidl_generator_py.so
[10.011s] -- Set runtime path of "/home/joon/mission_hard/mission_hard/install/ad_msgs/lib/libad_msgs__rosidl_generator_py.so" to ""
[10.011s] -- Installing: /home/joon/mission_hard/mission_hard/install/ad_msgs/share/ad_msgs/cmake/export_ad_msgs__rosidl_generator_cExport.cmake
[10.011s] -- Installing: /home/joon/mission_hard/mission_hard/install/ad_msgs/share/ad_msgs/cmake/export_ad_msgs__rosidl_generator_cExport-noconfig.cmake
[10.011s] -- Installing: /home/joon/mission_hard/mission_hard/install/ad_msgs/share/ad_msgs/cmake/export_ad_msgs__rosidl_typesupport_fastrtps_cExport.cmake
[10.011s] -- Installing: /home/joon/mission_hard/mission_hard/install/ad_msgs/share/ad_msgs/cmake/export_ad_msgs__rosidl_typesupport_fastrtps_cExport-noconfig.cmake
[10.011s] -- Installing: /home/joon/mission_hard/mission_hard/install/ad_msgs/share/ad_msgs/cmake/ad_msgs__rosidl_typesupport_introspection_cExport.cmake
[10.011s] -- Installing: /home/joon/mission_hard/mission_hard/install/ad_msgs/share/ad_msgs/cmake/ad_msgs__rosidl_typesupport_introspection_cExport-noconfig.cmake
[10.012s] -- Installing: /home/joon/mission_hard/mission_hard/install/ad_msgs/share/ad_msgs/cmake/ad_msgs__rosidl_typesupport_cExport.cmake
[10.012s] -- Installing: /home/joon/mission_hard/mission_hard/install/ad_msgs/share/ad_msgs/cmake/ad_msgs__rosidl_typesupport_cExport-noconfig.cmake
[10.012s] -- Installing: /home/joon/mission_hard/mission_hard/install/ad_msgs/share/ad_msgs/cmake/export_ad_msgs__rosidl_generator_cppExport.cmake
[10.012s] -- Installing: /home/joon/mission_hard/mission_hard/install/ad_msgs/share/ad_msgs/cmake/export_ad_msgs__rosidl_typesupport_fastrtps_cppExport.cmake
[10.012s] -- Installing: /home/joon/mission_hard/mission_hard/install/ad_msgs/share/ad_msgs/cmake/export_ad_msgs__rosidl_typesupport_fastrtps_cppExport-noconfig.cmake
[10.012s] -- Installing: /home/joon/mission_hard/mission_hard/install/ad_msgs/share/ad_msgs/cmake/ad_msgs__rosidl_typesupport_introspection_cppExport.cmake
[10.012s] -- Installing: /home/joon/mission_hard/mission_hard/install/ad_msgs/share/ad_msgs/cmake/ad_msgs__rosidl_typesupport_introspection_cppExport-noconfig.cmake
[10.012s] -- Installing: /home/joon/mission_hard/mission_hard/install/ad_msgs/share/ad_msgs/cmake/ad_msgs__rosidl_typesupport_cppExport.cmake
[10.012s] -- Installing: /home/joon/mission_hard/mission_hard/install/ad_msgs/share/ad_msgs/cmake/ad_msgs__rosidl_typesupport_cppExport-noconfig.cmake
[10.013s] -- Installing: /home/joon/mission_hard/mission_hard/install/ad_msgs/share/ad_msgs/cmake/export_ad_msgs__rosidl_generator_pyExport.cmake
[10.013s] -- Installing: /home/joon/mission_hard/mission_hard/install/ad_msgs/share/ad_msgs/cmake/export_ad_msgs__rosidl_generator_pyExport-noconfig.cmake
[10.016s] Invoked command in '/home/joon/mission_hard/mission_hard/build/ad_msgs' returned '0': CMAKE_PREFIX_PATH=${CMAKE_PREFIX_PATH}:/opt/ros/humble /usr/bin/cmake --install /home/joon/mission_hard/mission_hard/build/ad_msgs
