[1.276s] Invoking command in '/home/joon/mission_hard/mission_hard/build/autonomous_driving': AMENT_PREFIX_PATH=/home/joon/mission_hard/mission_hard/install/ad_msgs:${AMENT_PREFIX_PATH} CMAKE_PREFIX_PATH=/home/joon/mission_hard/mission_hard/install/ad_msgs:/opt/ros/humble LD_LIBRARY_PATH=/home/joon/mission_hard/mission_hard/install/ad_msgs/lib:${LD_LIBRARY_PATH} PYTHONPATH=/home/joon/mission_hard/mission_hard/install/ad_msgs/local/lib/python3.10/dist-packages:${PYTHONPATH} /usr/bin/cmake /home/joon/mission_hard/mission_hard/src/app/autonomous_driving -DCMAKE_INSTALL_PREFIX=/home/joon/mission_hard/mission_hard/install/autonomous_driving
[1.294s] -- Found ament_cmake: 1.3.12 (/opt/ros/humble/share/ament_cmake/cmake)
[1.441s] -- Override CMake install command with custom implementation using symlinks instead of copying resources
[1.448s] -- Found rclcpp: 16.0.15 (/opt/ros/humble/share/rclcpp/cmake)
[7.897s] -- Found rosidl_generator_c: 3.1.7 (/opt/ros/humble/share/rosidl_generator_c/cmake)
[7.900s] -- Found rosidl_adapter: 3.1.7 (/opt/ros/humble/share/rosidl_adapter/cmake)
[7.907s] -- Found rosidl_generator_cpp: 3.1.7 (/opt/ros/humble/share/rosidl_generator_cpp/cmake)
[7.916s] -- Using all available rosidl_typesupport_c: rosidl_typesupport_fastrtps_c;rosidl_typesupport_introspection_c
[7.927s] -- Using all available rosidl_typesupport_cpp: rosidl_typesupport_fastrtps_cpp;rosidl_typesupport_introspection_cpp
[7.956s] -- Found rmw_implementation_cmake: 6.1.2 (/opt/ros/humble/share/rmw_implementation_cmake/cmake)
[7.957s] -- Found rmw_fastrtps_cpp: 6.2.8 (/opt/ros/humble/share/rmw_fastrtps_cpp/cmake)
[37.793s] -- Using RMW implementation 'rmw_fastrtps_cpp' as default
[37.875s] -- Found ad_msgs: 0.0.0 (/home/joon/mission_hard/mission_hard/install/ad_msgs/share/ad_msgs/cmake)
[38.020s] -- Found tf2: 0.25.16 (/opt/ros/humble/share/tf2/cmake)
[38.028s] -- Found tf2_ros: 0.25.16 (/opt/ros/humble/share/tf2_ros/cmake)
[38.231s] -- Configuring done
[38.253s] -- Generating done
[38.263s] -- Build files have been written to: /home/joon/mission_hard/mission_hard/build/autonomous_driving
[38.277s] Invoked command in '/home/joon/mission_hard/mission_hard/build/autonomous_driving' returned '0': AMENT_PREFIX_PATH=/home/joon/mission_hard/mission_hard/install/ad_msgs:${AMENT_PREFIX_PATH} CMAKE_PREFIX_PATH=/home/joon/mission_hard/mission_hard/install/ad_msgs:/opt/ros/humble LD_LIBRARY_PATH=/home/joon/mission_hard/mission_hard/install/ad_msgs/lib:${LD_LIBRARY_PATH} PYTHONPATH=/home/joon/mission_hard/mission_hard/install/ad_msgs/local/lib/python3.10/dist-packages:${PYTHONPATH} /usr/bin/cmake /home/joon/mission_hard/mission_hard/src/app/autonomous_driving -DCMAKE_INSTALL_PREFIX=/home/joon/mission_hard/mission_hard/install/autonomous_driving
[38.279s] Invoking command in '/home/joon/mission_hard/mission_hard/build/autonomous_driving': AMENT_PREFIX_PATH=/home/joon/mission_hard/mission_hard/install/ad_msgs:${AMENT_PREFIX_PATH} CMAKE_PREFIX_PATH=/home/joon/mission_hard/mission_hard/install/ad_msgs:/opt/ros/humble LD_LIBRARY_PATH=/home/joon/mission_hard/mission_hard/install/ad_msgs/lib:${LD_LIBRARY_PATH} PYTHONPATH=/home/joon/mission_hard/mission_hard/install/ad_msgs/local/lib/python3.10/dist-packages:${PYTHONPATH} /usr/bin/cmake --build /home/joon/mission_hard/mission_hard/build/autonomous_driving -- -j16 -l16
[38.337s] Consolidate compiler generated dependencies of target lane_processor_node
[38.358s] [ 50%] Building CXX object CMakeFiles/lane_processor_node.dir/src/lane_processor.cpp.o
[73.550s] [100%] Linking CXX executable lane_processor_node
[75.163s] [100%] Built target lane_processor_node
[75.181s] Invoked command in '/home/joon/mission_hard/mission_hard/build/autonomous_driving' returned '0': AMENT_PREFIX_PATH=/home/joon/mission_hard/mission_hard/install/ad_msgs:${AMENT_PREFIX_PATH} CMAKE_PREFIX_PATH=/home/joon/mission_hard/mission_hard/install/ad_msgs:/opt/ros/humble LD_LIBRARY_PATH=/home/joon/mission_hard/mission_hard/install/ad_msgs/lib:${LD_LIBRARY_PATH} PYTHONPATH=/home/joon/mission_hard/mission_hard/install/ad_msgs/local/lib/python3.10/dist-packages:${PYTHONPATH} /usr/bin/cmake --build /home/joon/mission_hard/mission_hard/build/autonomous_driving -- -j16 -l16
[75.196s] Invoking command in '/home/joon/mission_hard/mission_hard/build/autonomous_driving': AMENT_PREFIX_PATH=/home/joon/mission_hard/mission_hard/install/ad_msgs:${AMENT_PREFIX_PATH} CMAKE_PREFIX_PATH=/home/joon/mission_hard/mission_hard/install/ad_msgs:/opt/ros/humble LD_LIBRARY_PATH=/home/joon/mission_hard/mission_hard/install/ad_msgs/lib:${LD_LIBRARY_PATH} PYTHONPATH=/home/joon/mission_hard/mission_hard/install/ad_msgs/local/lib/python3.10/dist-packages:${PYTHONPATH} /usr/bin/cmake --install /home/joon/mission_hard/mission_hard/build/autonomous_driving
[75.209s] -- Install configuration: ""
[75.211s] -- Execute custom install script
[75.211s] -- Up-to-date symlink: /home/joon/mission_hard/mission_hard/install/autonomous_driving/lib/autonomous_driving/lane_processor_node
[75.213s] -- Up-to-date symlink: /home/joon/mission_hard/mission_hard/install/autonomous_driving/share/autonomous_driving/launch/autonomous_driving.launch.xml
[75.213s] -- Up-to-date symlink: /home/joon/mission_hard/mission_hard/install/autonomous_driving/share/autonomous_driving/launch/autonomous_driving.launch.xml:Zone.Identifier
[75.213s] -- Up-to-date symlink: /home/joon/mission_hard/mission_hard/install/autonomous_driving/share/autonomous_driving/launch/autonomous_driving.launch.xml:Zone.Identifier:Zone.Identifier
[75.213s] -- Up-to-date symlink: /home/joon/mission_hard/mission_hard/install/autonomous_driving/share/autonomous_driving/launch/manual_driving.launch.xml
[75.214s] -- Up-to-date symlink: /home/joon/mission_hard/mission_hard/install/autonomous_driving/share/autonomous_driving/launch/manual_driving.launch.xml:Zone.Identifier
[75.214s] -- Up-to-date symlink: /home/joon/mission_hard/mission_hard/install/autonomous_driving/share/autonomous_driving/launch/manual_driving.launch.xml:Zone.Identifier:Zone.Identifier
[75.214s] -- Up-to-date symlink: /home/joon/mission_hard/mission_hard/install/autonomous_driving/lib/autonomous_driving/simultaneous_inputs.py
[75.215s] -- Up-to-date symlink: /home/joon/mission_hard/mission_hard/install/autonomous_driving/share/ament_index/resource_index/package_run_dependencies/autonomous_driving
[75.215s] -- Up-to-date symlink: /home/joon/mission_hard/mission_hard/install/autonomous_driving/share/ament_index/resource_index/parent_prefix_path/autonomous_driving
[75.215s] -- Up-to-date symlink: /home/joon/mission_hard/mission_hard/install/autonomous_driving/share/autonomous_driving/environment/ament_prefix_path.sh
[75.215s] -- Up-to-date symlink: /home/joon/mission_hard/mission_hard/install/autonomous_driving/share/autonomous_driving/environment/ament_prefix_path.dsv
[75.216s] -- Up-to-date symlink: /home/joon/mission_hard/mission_hard/install/autonomous_driving/share/autonomous_driving/environment/path.sh
[75.216s] -- Up-to-date symlink: /home/joon/mission_hard/mission_hard/install/autonomous_driving/share/autonomous_driving/environment/path.dsv
[75.216s] -- Up-to-date symlink: /home/joon/mission_hard/mission_hard/install/autonomous_driving/share/autonomous_driving/local_setup.bash
[75.216s] -- Up-to-date symlink: /home/joon/mission_hard/mission_hard/install/autonomous_driving/share/autonomous_driving/local_setup.sh
[75.216s] -- Up-to-date symlink: /home/joon/mission_hard/mission_hard/install/autonomous_driving/share/autonomous_driving/local_setup.zsh
[75.216s] -- Up-to-date symlink: /home/joon/mission_hard/mission_hard/install/autonomous_driving/share/autonomous_driving/local_setup.dsv
[75.216s] -- Symlinking: /home/joon/mission_hard/mission_hard/install/autonomous_driving/share/autonomous_driving/package.dsv
[75.231s] -- Up-to-date symlink: /home/joon/mission_hard/mission_hard/install/autonomous_driving/share/ament_index/resource_index/packages/autonomous_driving
[75.231s] -- Up-to-date symlink: /home/joon/mission_hard/mission_hard/install/autonomous_driving/share/autonomous_driving/cmake/autonomous_drivingConfig.cmake
[75.231s] -- Up-to-date symlink: /home/joon/mission_hard/mission_hard/install/autonomous_driving/share/autonomous_driving/cmake/autonomous_drivingConfig-version.cmake
[75.232s] -- Up-to-date symlink: /home/joon/mission_hard/mission_hard/install/autonomous_driving/share/autonomous_driving/package.xml
[75.235s] Invoked command in '/home/joon/mission_hard/mission_hard/build/autonomous_driving' returned '0': AMENT_PREFIX_PATH=/home/joon/mission_hard/mission_hard/install/ad_msgs:${AMENT_PREFIX_PATH} CMAKE_PREFIX_PATH=/home/joon/mission_hard/mission_hard/install/ad_msgs:/opt/ros/humble LD_LIBRARY_PATH=/home/joon/mission_hard/mission_hard/install/ad_msgs/lib:${LD_LIBRARY_PATH} PYTHONPATH=/home/joon/mission_hard/mission_hard/install/ad_msgs/local/lib/python3.10/dist-packages:${PYTHONPATH} /usr/bin/cmake --install /home/joon/mission_hard/mission_hard/build/autonomous_driving
