[0.090s] Invoking command in '/home/joon/automotive_software_final/build/simulator': CMAKE_PREFIX_PATH=/home/joon/automotive_software_final/install/ad_msgs:/home/joon/automotive_software_final/install/simulator:/home/joon/automotive_software_final/install/mission_manager:/home/joon/automotive_software_final/install/evaluation:/home/joon/automotive_software_final/install/autonomous_driving:/opt/ros/humble /usr/bin/cmake --build /home/joon/automotive_software_final/build/simulator -- -j16 -l16
[0.133s] [35m[1mConsolidate compiler generated dependencies of target vehicle[0m
[0.139s] [35m[1mConsolidate compiler generated dependencies of target lane_detection[0m
[0.140s] [35m[1mConsolidate compiler generated dependencies of target display[0m
[0.160s] [ 28%] Built target vehicle
[0.169s] [ 57%] Built target display
[0.170s] [100%] Built target lane_detection
[0.204s] Invoked command in '/home/joon/automotive_software_final/build/simulator' returned '0': CMAKE_PREFIX_PATH=/home/joon/automotive_software_final/install/ad_msgs:/home/joon/automotive_software_final/install/simulator:/home/joon/automotive_software_final/install/mission_manager:/home/joon/automotive_software_final/install/evaluation:/home/joon/automotive_software_final/install/autonomous_driving:/opt/ros/humble /usr/bin/cmake --build /home/joon/automotive_software_final/build/simulator -- -j16 -l16
[0.204s] Invoking command in '/home/joon/automotive_software_final/build/simulator': CMAKE_PREFIX_PATH=/home/joon/automotive_software_final/install/ad_msgs:/home/joon/automotive_software_final/install/simulator:/home/joon/automotive_software_final/install/mission_manager:/home/joon/automotive_software_final/install/evaluation:/home/joon/automotive_software_final/install/autonomous_driving:/opt/ros/humble /usr/bin/cmake --install /home/joon/automotive_software_final/build/simulator
[0.225s] -- Install configuration: ""
[0.226s] -- Execute custom install script
[0.226s] -- Up-to-date symlink: /home/joon/automotive_software_final/install/simulator/lib/simulator/vehicle
[0.226s] -- Up-to-date symlink: /home/joon/automotive_software_final/install/simulator/lib/simulator/lane_detection
[0.226s] -- Up-to-date symlink: /home/joon/automotive_software_final/install/simulator/lib/simulator/display
[0.226s] -- Up-to-date symlink: /home/joon/automotive_software_final/install/simulator/share/simulator/launch/simulation.launch.xml
[0.226s] -- Up-to-date symlink: /home/joon/automotive_software_final/install/simulator/share/simulator/launch/simulation.launch.xml:Zone.Identifier
[0.226s] -- Up-to-date symlink: /home/joon/automotive_software_final/install/simulator/share/ament_index/resource_index/package_run_dependencies/simulator
[0.226s] -- Up-to-date symlink: /home/joon/automotive_software_final/install/simulator/share/ament_index/resource_index/parent_prefix_path/simulator
[0.226s] -- Up-to-date symlink: /home/joon/automotive_software_final/install/simulator/share/simulator/environment/ament_prefix_path.sh
[0.227s] -- Up-to-date symlink: /home/joon/automotive_software_final/install/simulator/share/simulator/environment/ament_prefix_path.dsv
[0.227s] -- Up-to-date symlink: /home/joon/automotive_software_final/install/simulator/share/simulator/environment/path.sh
[0.227s] -- Up-to-date symlink: /home/joon/automotive_software_final/install/simulator/share/simulator/environment/path.dsv
[0.228s] -- Up-to-date symlink: /home/joon/automotive_software_final/install/simulator/share/simulator/local_setup.bash
[0.228s] -- Up-to-date symlink: /home/joon/automotive_software_final/install/simulator/share/simulator/local_setup.sh
[0.228s] -- Up-to-date symlink: /home/joon/automotive_software_final/install/simulator/share/simulator/local_setup.zsh
[0.228s] -- Up-to-date symlink: /home/joon/automotive_software_final/install/simulator/share/simulator/local_setup.dsv
[0.228s] -- Symlinking: /home/joon/automotive_software_final/install/simulator/share/simulator/package.dsv
[0.228s] -- Up-to-date symlink: /home/joon/automotive_software_final/install/simulator/share/ament_index/resource_index/packages/simulator
[0.229s] -- Up-to-date symlink: /home/joon/automotive_software_final/install/simulator/share/simulator/cmake/simulatorConfig.cmake
[0.229s] -- Up-to-date symlink: /home/joon/automotive_software_final/install/simulator/share/simulator/cmake/simulatorConfig-version.cmake
[0.230s] -- Up-to-date symlink: /home/joon/automotive_software_final/install/simulator/share/simulator/package.xml
[0.232s] Invoked command in '/home/joon/automotive_software_final/build/simulator' returned '0': CMAKE_PREFIX_PATH=/home/joon/automotive_software_final/install/ad_msgs:/home/joon/automotive_software_final/install/simulator:/home/joon/automotive_software_final/install/mission_manager:/home/joon/automotive_software_final/install/evaluation:/home/joon/automotive_software_final/install/autonomous_driving:/opt/ros/humble /usr/bin/cmake --install /home/joon/automotive_software_final/build/simulator
