/home/joon/automotive_software_final/src/app/autonomous_driving/src/lane_processor.cpp: In member function ‘void lane_processor::LaneProcessor::GenerateEgoCenterLane(bool)’:
/home/joon/automotive_software_final/src/app/autonomous_driving/src/lane_processor.cpp:600:48: warning: unused parameter ‘should_log’ [-Wunused-parameter]
  600 | void LaneProcessor::GenerateEgoCenterLane(bool should_log) {
      |                                           ~~~~~^~~~~~~~~~
/home/joon/automotive_software_final/src/app/autonomous_driving/src/lane_processor.cpp: In member function ‘void lane_processor::LaneProcessor::FilterStoredPointsByRange(const interface::VehicleState&)’:
/home/joon/automotive_software_final/src/app/autonomous_driving/src/lane_processor.cpp:667:78: warning: unused parameter ‘vehicle_state’ [-Wunused-parameter]
  667 | void LaneProcessor::FilterStoredPointsByRange(const interface::VehicleState& vehicle_state) {
      |                                               ~~~~~~~~~~~~~~~~~~~~~~~~~~~~~~~^~~~~~~~~~~~~
/home/joon/automotive_software_final/src/app/autonomous_driving/src/lane_processor.cpp: In member function ‘std::vector<geometry_msgs::msg::Point_<std::allocator<void> > > lane_processor::LaneProcessor::getLane1PointsMemoryVehicleFrame(const interface::VehicleState&) const’:
/home/joon/automotive_software_final/src/app/autonomous_driving/src/lane_processor.cpp:805:36: warning: unused parameter ‘vehicle_state’ [-Wunused-parameter]
  805 |     const interface::VehicleState& vehicle_state) const {
      |     ~~~~~~~~~~~~~~~~~~~~~~~~~~~~~~~^~~~~~~~~~~~~
/home/joon/automotive_software_final/src/app/autonomous_driving/src/lane_processor.cpp: In member function ‘std::vector<geometry_msgs::msg::Point_<std::allocator<void> > > lane_processor::LaneProcessor::getLane2PointsMemoryVehicleFrame(const interface::VehicleState&) const’:
/home/joon/automotive_software_final/src/app/autonomous_driving/src/lane_processor.cpp:822:36: warning: unused parameter ‘vehicle_state’ [-Wunused-parameter]
  822 |     const interface::VehicleState& vehicle_state) const {
      |     ~~~~~~~~~~~~~~~~~~~~~~~~~~~~~~~^~~~~~~~~~~~~
/home/joon/automotive_software_final/src/app/autonomous_driving/src/lane_processor.cpp: In member function ‘std::vector<geometry_msgs::msg::Point_<std::allocator<void> > > lane_processor::LaneProcessor::getLane3PointsMemoryVehicleFrame(const interface::VehicleState&) const’:
/home/joon/automotive_software_final/src/app/autonomous_driving/src/lane_processor.cpp:839:36: warning: unused parameter ‘vehicle_state’ [-Wunused-parameter]
  839 |     const interface::VehicleState& vehicle_state) const {
      |     ~~~~~~~~~~~~~~~~~~~~~~~~~~~~~~~^~~~~~~~~~~~~
/home/joon/automotive_software_final/src/app/autonomous_driving/src/lane_processor.cpp: In member function ‘std::vector<geometry_msgs::msg::Point_<std::allocator<void> > > lane_processor::LaneProcessor::getLane4PointsMemoryVehicleFrame(const interface::VehicleState&) const’:
/home/joon/automotive_software_final/src/app/autonomous_driving/src/lane_processor.cpp:856:36: warning: unused parameter ‘vehicle_state’ [-Wunused-parameter]
  856 |     const interface::VehicleState& vehicle_state) const {
      |     ~~~~~~~~~~~~~~~~~~~~~~~~~~~~~~~^~~~~~~~~~~~~
