[0.108s] Invoking command in '/home/joon/automotive_software_final/build/autonomous_driving': AMENT_PREFIX_PATH=/home/joon/automotive_software_final/install/ad_msgs:${AMENT_PREFIX_PATH} CMAKE_PREFIX_PATH=/home/joon/automotive_software_final/install/ad_msgs:/opt/ros/humble LD_LIBRARY_PATH=/home/joon/automotive_software_final/install/ad_msgs/lib:${LD_LIBRARY_PATH} PYTHONPATH=/home/joon/automotive_software_final/install/ad_msgs/local/lib/python3.10/dist-packages:${PYTHONPATH} /usr/bin/cmake /home/joon/automotive_software_final/src/app/autonomous_driving -DCMAKE_BUILD_TYPE=Release -DCMAKE_INSTALL_PREFIX=/home/joon/automotive_software_final/install/autonomous_driving
[0.126s] -- Found ament_cmake: 1.3.12 (/opt/ros/humble/share/ament_cmake/cmake)
[0.300s] -- Override CMake install command with custom implementation using symlinks instead of copying resources
[0.338s] -- Found rclcpp: 16.0.15 (/opt/ros/humble/share/rclcpp/cmake)
[0.607s] -- Found rosidl_generator_c: 3.1.7 (/opt/ros/humble/share/rosidl_generator_c/cmake)
[0.617s] -- Found rosidl_adapter: 3.1.7 (/opt/ros/humble/share/rosidl_adapter/cmake)
[0.638s] -- Found rosidl_generator_cpp: 3.1.7 (/opt/ros/humble/share/rosidl_generator_cpp/cmake)
[0.672s] -- Using all available rosidl_typesupport_c: rosidl_typesupport_fastrtps_c;rosidl_typesupport_introspection_c
[0.708s] -- Using all available rosidl_typesupport_cpp: rosidl_typesupport_fastrtps_cpp;rosidl_typesupport_introspection_cpp
[0.812s] -- Found rmw_implementation_cmake: 6.1.2 (/opt/ros/humble/share/rmw_implementation_cmake/cmake)
[0.819s] -- Found rmw_fastrtps_cpp: 6.2.8 (/opt/ros/humble/share/rmw_fastrtps_cpp/cmake)
[6.915s] -- Using RMW implementation 'rmw_fastrtps_cpp' as default
[7.018s] -- Found ad_msgs: 0.0.0 (/home/joon/automotive_software_final/install/ad_msgs/share/ad_msgs/cmake)
[7.163s] -- Found tf2: 0.25.16 (/opt/ros/humble/share/tf2/cmake)
[7.173s] -- Found tf2_ros: 0.25.16 (/opt/ros/humble/share/tf2_ros/cmake)
[7.439s] -- Configuring done
[7.464s] -- Generating done
[7.473s] -- Build files have been written to: /home/joon/automotive_software_final/build/autonomous_driving
[7.488s] Invoked command in '/home/joon/automotive_software_final/build/autonomous_driving' returned '0': AMENT_PREFIX_PATH=/home/joon/automotive_software_final/install/ad_msgs:${AMENT_PREFIX_PATH} CMAKE_PREFIX_PATH=/home/joon/automotive_software_final/install/ad_msgs:/opt/ros/humble LD_LIBRARY_PATH=/home/joon/automotive_software_final/install/ad_msgs/lib:${LD_LIBRARY_PATH} PYTHONPATH=/home/joon/automotive_software_final/install/ad_msgs/local/lib/python3.10/dist-packages:${PYTHONPATH} /usr/bin/cmake /home/joon/automotive_software_final/src/app/autonomous_driving -DCMAKE_BUILD_TYPE=Release -DCMAKE_INSTALL_PREFIX=/home/joon/automotive_software_final/install/autonomous_driving
[7.491s] Invoking command in '/home/joon/automotive_software_final/build/autonomous_driving': AMENT_PREFIX_PATH=/home/joon/automotive_software_final/install/ad_msgs:${AMENT_PREFIX_PATH} CMAKE_PREFIX_PATH=/home/joon/automotive_software_final/install/ad_msgs:/opt/ros/humble LD_LIBRARY_PATH=/home/joon/automotive_software_final/install/ad_msgs/lib:${LD_LIBRARY_PATH} PYTHONPATH=/home/joon/automotive_software_final/install/ad_msgs/local/lib/python3.10/dist-packages:${PYTHONPATH} /usr/bin/cmake --build /home/joon/automotive_software_final/build/autonomous_driving -- -j16 -l16
[7.553s] Consolidate compiler generated dependencies of target autonomous_driving
[7.573s] [ 33%] Building CXX object CMakeFiles/autonomous_driving.dir/src/lane_processor.cpp.o
[9.732s] /home/joon/automotive_software_final/src/app/autonomous_driving/src/lane_processor.cpp: In member function ‘void lane_processor::LaneProcessor::GenerateEgoCenterLane(bool)’:
[9.732s] /home/joon/automotive_software_final/src/app/autonomous_driving/src/lane_processor.cpp:600:48: warning: unused parameter ‘should_log’ [-Wunused-parameter]
[9.732s]   600 | void LaneProcessor::GenerateEgoCenterLane(bool should_log) {
[9.732s]       |                                           ~~~~~^~~~~~~~~~
[9.735s] /home/joon/automotive_software_final/src/app/autonomous_driving/src/lane_processor.cpp: In member function ‘void lane_processor::LaneProcessor::FilterStoredPointsByRange(const interface::VehicleState&)’:
[9.736s] /home/joon/automotive_software_final/src/app/autonomous_driving/src/lane_processor.cpp:667:78: warning: unused parameter ‘vehicle_state’ [-Wunused-parameter]
[9.736s]   667 | void LaneProcessor::FilterStoredPointsByRange(const interface::VehicleState& vehicle_state) {
[9.736s]       |                                               ~~~~~~~~~~~~~~~~~~~~~~~~~~~~~~~^~~~~~~~~~~~~
[9.882s] /home/joon/automotive_software_final/src/app/autonomous_driving/src/lane_processor.cpp: In member function ‘std::vector<geometry_msgs::msg::Point_<std::allocator<void> > > lane_processor::LaneProcessor::getLane1PointsMemoryVehicleFrame(const interface::VehicleState&) const’:
[9.882s] /home/joon/automotive_software_final/src/app/autonomous_driving/src/lane_processor.cpp:805:36: warning: unused parameter ‘vehicle_state’ [-Wunused-parameter]
[9.883s]   805 |     const interface::VehicleState& vehicle_state) const {
[9.883s]       |     ~~~~~~~~~~~~~~~~~~~~~~~~~~~~~~~^~~~~~~~~~~~~
[9.883s] /home/joon/automotive_software_final/src/app/autonomous_driving/src/lane_processor.cpp: In member function ‘std::vector<geometry_msgs::msg::Point_<std::allocator<void> > > lane_processor::LaneProcessor::getLane2PointsMemoryVehicleFrame(const interface::VehicleState&) const’:
[9.883s] /home/joon/automotive_software_final/src/app/autonomous_driving/src/lane_processor.cpp:822:36: warning: unused parameter ‘vehicle_state’ [-Wunused-parameter]
[9.883s]   822 |     const interface::VehicleState& vehicle_state) const {
[9.884s]       |     ~~~~~~~~~~~~~~~~~~~~~~~~~~~~~~~^~~~~~~~~~~~~
[9.884s] /home/joon/automotive_software_final/src/app/autonomous_driving/src/lane_processor.cpp: In member function ‘std::vector<geometry_msgs::msg::Point_<std::allocator<void> > > lane_processor::LaneProcessor::getLane3PointsMemoryVehicleFrame(const interface::VehicleState&) const’:
[9.884s] /home/joon/automotive_software_final/src/app/autonomous_driving/src/lane_processor.cpp:839:36: warning: unused parameter ‘vehicle_state’ [-Wunused-parameter]
[9.884s]   839 |     const interface::VehicleState& vehicle_state) const {
[9.884s]       |     ~~~~~~~~~~~~~~~~~~~~~~~~~~~~~~~^~~~~~~~~~~~~
[9.885s] /home/joon/automotive_software_final/src/app/autonomous_driving/src/lane_processor.cpp: In member function ‘std::vector<geometry_msgs::msg::Point_<std::allocator<void> > > lane_processor::LaneProcessor::getLane4PointsMemoryVehicleFrame(const interface::VehicleState&) const’:
[9.885s] /home/joon/automotive_software_final/src/app/autonomous_driving/src/lane_processor.cpp:856:36: warning: unused parameter ‘vehicle_state’ [-Wunused-parameter]
[9.885s]   856 |     const interface::VehicleState& vehicle_state) const {
[9.885s]       |     ~~~~~~~~~~~~~~~~~~~~~~~~~~~~~~~^~~~~~~~~~~~~
[17.220s] [ 66%] Linking CXX executable autonomous_driving
[17.648s] [100%] Built target autonomous_driving
[17.667s] Invoked command in '/home/joon/automotive_software_final/build/autonomous_driving' returned '0': AMENT_PREFIX_PATH=/home/joon/automotive_software_final/install/ad_msgs:${AMENT_PREFIX_PATH} CMAKE_PREFIX_PATH=/home/joon/automotive_software_final/install/ad_msgs:/opt/ros/humble LD_LIBRARY_PATH=/home/joon/automotive_software_final/install/ad_msgs/lib:${LD_LIBRARY_PATH} PYTHONPATH=/home/joon/automotive_software_final/install/ad_msgs/local/lib/python3.10/dist-packages:${PYTHONPATH} /usr/bin/cmake --build /home/joon/automotive_software_final/build/autonomous_driving -- -j16 -l16
[17.684s] Invoking command in '/home/joon/automotive_software_final/build/autonomous_driving': AMENT_PREFIX_PATH=/home/joon/automotive_software_final/install/ad_msgs:${AMENT_PREFIX_PATH} CMAKE_PREFIX_PATH=/home/joon/automotive_software_final/install/ad_msgs:/opt/ros/humble LD_LIBRARY_PATH=/home/joon/automotive_software_final/install/ad_msgs/lib:${LD_LIBRARY_PATH} PYTHONPATH=/home/joon/automotive_software_final/install/ad_msgs/local/lib/python3.10/dist-packages:${PYTHONPATH} /usr/bin/cmake --install /home/joon/automotive_software_final/build/autonomous_driving
[17.698s] -- Install configuration: "Release"
[17.699s] -- Execute custom install script
[17.699s] -- Up-to-date symlink: /home/joon/automotive_software_final/install/autonomous_driving/lib/autonomous_driving/autonomous_driving
[17.700s] -- Up-to-date symlink: /home/joon/automotive_software_final/install/autonomous_driving/share/autonomous_driving/launch/autonomous_driving.launch.xml
[17.701s] -- Up-to-date symlink: /home/joon/automotive_software_final/install/autonomous_driving/share/autonomous_driving/launch/autonomous_driving.launch.xml:Zone.Identifier
[17.702s] -- Up-to-date symlink: /home/joon/automotive_software_final/install/autonomous_driving/share/autonomous_driving/launch/manual_driving.launch.xml
[17.702s] -- Up-to-date symlink: /home/joon/automotive_software_final/install/autonomous_driving/share/autonomous_driving/launch/manual_driving.launch.xml:Zone.Identifier
[17.702s] -- Up-to-date symlink: /home/joon/automotive_software_final/install/autonomous_driving/lib/autonomous_driving/simultaneous_inputs.py
[17.702s] -- Up-to-date symlink: /home/joon/automotive_software_final/install/autonomous_driving/share/ament_index/resource_index/package_run_dependencies/autonomous_driving
[17.702s] -- Up-to-date symlink: /home/joon/automotive_software_final/install/autonomous_driving/share/ament_index/resource_index/parent_prefix_path/autonomous_driving
[17.702s] -- Up-to-date symlink: /home/joon/automotive_software_final/install/autonomous_driving/share/autonomous_driving/environment/ament_prefix_path.sh
[17.703s] -- Up-to-date symlink: /home/joon/automotive_software_final/install/autonomous_driving/share/autonomous_driving/environment/ament_prefix_path.dsv
[17.703s] -- Up-to-date symlink: /home/joon/automotive_software_final/install/autonomous_driving/share/autonomous_driving/environment/path.sh
[17.703s] -- Up-to-date symlink: /home/joon/automotive_software_final/install/autonomous_driving/share/autonomous_driving/environment/path.dsv
[17.703s] -- Up-to-date symlink: /home/joon/automotive_software_final/install/autonomous_driving/share/autonomous_driving/local_setup.bash
[17.704s] -- Up-to-date symlink: /home/joon/automotive_software_final/install/autonomous_driving/share/autonomous_driving/local_setup.sh
[17.704s] -- Up-to-date symlink: /home/joon/automotive_software_final/install/autonomous_driving/share/autonomous_driving/local_setup.zsh
[17.704s] -- Up-to-date symlink: /home/joon/automotive_software_final/install/autonomous_driving/share/autonomous_driving/local_setup.dsv
[17.704s] -- Symlinking: /home/joon/automotive_software_final/install/autonomous_driving/share/autonomous_driving/package.dsv
[17.725s] -- Up-to-date symlink: /home/joon/automotive_software_final/install/autonomous_driving/share/ament_index/resource_index/packages/autonomous_driving
[17.725s] -- Up-to-date symlink: /home/joon/automotive_software_final/install/autonomous_driving/share/autonomous_driving/cmake/autonomous_drivingConfig.cmake
[17.725s] -- Up-to-date symlink: /home/joon/automotive_software_final/install/autonomous_driving/share/autonomous_driving/cmake/autonomous_drivingConfig-version.cmake
[17.725s] -- Up-to-date symlink: /home/joon/automotive_software_final/install/autonomous_driving/share/autonomous_driving/package.xml
[17.731s] Invoked command in '/home/joon/automotive_software_final/build/autonomous_driving' returned '0': AMENT_PREFIX_PATH=/home/joon/automotive_software_final/install/ad_msgs:${AMENT_PREFIX_PATH} CMAKE_PREFIX_PATH=/home/joon/automotive_software_final/install/ad_msgs:/opt/ros/humble LD_LIBRARY_PATH=/home/joon/automotive_software_final/install/ad_msgs/lib:${LD_LIBRARY_PATH} PYTHONPATH=/home/joon/automotive_software_final/install/ad_msgs/local/lib/python3.10/dist-packages:${PYTHONPATH} /usr/bin/cmake --install /home/joon/automotive_software_final/build/autonomous_driving
