[2.566s] DEBUG:colcon:Command line arguments: ['/usr/bin/colcon', 'build', '--symlink-install']
[2.566s] DEBUG:colcon:Parsed command line arguments: Namespace(log_base=None, log_level=None, verb_name='build', build_base='build', install_base='install', merge_install=False, symlink_install=True, test_result_base=None, continue_on_error=False, executor='parallel', parallel_workers=16, event_handlers=None, ignore_user_meta=False, metas=['./colcon.meta'], base_paths=['.'], packages_ignore=None, packages_ignore_regex=None, paths=None, packages_up_to=None, packages_up_to_regex=None, packages_above=None, packages_above_and_dependencies=None, packages_above_depth=None, packages_select_by_dep=None, packages_skip_by_dep=None, packages_skip_up_to=None, packages_select_build_failed=False, packages_skip_build_finished=False, packages_select_test_failures=False, packages_skip_test_passed=False, packages_select=None, packages_skip=None, packages_select_regex=None, packages_skip_regex=None, packages_start=None, packages_end=None, allow_overriding=[], cmake_args=None, cmake_target=None, cmake_target_skip_unavailable=False, cmake_clean_cache=False, cmake_clean_first=False, cmake_force_configure=False, ament_cmake_args=None, catkin_cmake_args=None, catkin_skip_building_tests=False, mixin_files=None, mixin=None, verb_parser=<colcon_mixin.mixin.mixin_argument.MixinArgumentDecorator object at 0x70a3941a91e0>, verb_extension=<colcon_core.verb.build.BuildVerb object at 0x70a3942b2020>, main=<bound method BuildVerb.main of <colcon_core.verb.build.BuildVerb object at 0x70a3942b2020>>, mixin_verb=('build',))
[2.743s] Level 1:colcon.colcon_core.package_discovery:discover_packages(colcon_meta) check parameters
[2.744s] Level 1:colcon.colcon_core.package_discovery:discover_packages(recursive) check parameters
[2.744s] Level 1:colcon.colcon_core.package_discovery:discover_packages(ignore) check parameters
[2.744s] Level 1:colcon.colcon_core.package_discovery:discover_packages(path) check parameters
[2.744s] Level 1:colcon.colcon_core.package_discovery:discover_packages(colcon_meta) discover
[2.744s] Level 1:colcon.colcon_core.package_discovery:discover_packages(recursive) discover
[2.744s] INFO:colcon.colcon_core.package_discovery:Crawling recursively for packages in '/home/joon/mission_hard/mission_hard'
[2.744s] Level 1:colcon.colcon_core.package_identification:_identify(.) by extensions ['ignore', 'ignore_ament_install']
[2.744s] Level 1:colcon.colcon_core.package_identification:_identify(.) by extension 'ignore'
[2.745s] Level 1:colcon.colcon_core.package_identification:_identify(.) by extension 'ignore_ament_install'
[2.745s] Level 1:colcon.colcon_core.package_identification:_identify(.) by extensions ['colcon_pkg']
[2.745s] Level 1:colcon.colcon_core.package_identification:_identify(.) by extension 'colcon_pkg'
[2.745s] Level 1:colcon.colcon_core.package_identification:_identify(.) by extensions ['colcon_meta']
[2.745s] Level 1:colcon.colcon_core.package_identification:_identify(.) by extension 'colcon_meta'
[2.745s] Level 1:colcon.colcon_core.package_identification:_identify(.) by extensions ['ros']
[2.745s] Level 1:colcon.colcon_core.package_identification:_identify(.) by extension 'ros'
[2.764s] Level 1:colcon.colcon_core.package_identification:_identify(.) by extensions ['cmake', 'python']
[2.765s] Level 1:colcon.colcon_core.package_identification:_identify(.) by extension 'cmake'
[2.765s] Level 1:colcon.colcon_core.package_identification:_identify(.) by extension 'python'
[2.765s] Level 1:colcon.colcon_core.package_identification:_identify(.) by extensions ['python_setup_py']
[2.765s] Level 1:colcon.colcon_core.package_identification:_identify(.) by extension 'python_setup_py'
[2.765s] Level 1:colcon.colcon_core.package_identification:_identify(build) by extensions ['ignore', 'ignore_ament_install']
[2.765s] Level 1:colcon.colcon_core.package_identification:_identify(build) by extension 'ignore'
[2.765s] Level 1:colcon.colcon_core.package_identification:_identify(build) ignored
[2.765s] Level 1:colcon.colcon_core.package_identification:_identify(install) by extensions ['ignore', 'ignore_ament_install']
[2.765s] Level 1:colcon.colcon_core.package_identification:_identify(install) by extension 'ignore'
[2.765s] Level 1:colcon.colcon_core.package_identification:_identify(install) ignored
[2.765s] Level 1:colcon.colcon_core.package_identification:_identify(log) by extensions ['ignore', 'ignore_ament_install']
[2.765s] Level 1:colcon.colcon_core.package_identification:_identify(log) by extension 'ignore'
[2.765s] Level 1:colcon.colcon_core.package_identification:_identify(log) ignored
[2.765s] Level 1:colcon.colcon_core.package_identification:_identify(resources) by extensions ['ignore', 'ignore_ament_install']
[2.766s] Level 1:colcon.colcon_core.package_identification:_identify(resources) by extension 'ignore'
[2.766s] Level 1:colcon.colcon_core.package_identification:_identify(resources) by extension 'ignore_ament_install'
[2.766s] Level 1:colcon.colcon_core.package_identification:_identify(resources) by extensions ['colcon_pkg']
[2.766s] Level 1:colcon.colcon_core.package_identification:_identify(resources) by extension 'colcon_pkg'
[2.766s] Level 1:colcon.colcon_core.package_identification:_identify(resources) by extensions ['colcon_meta']
[2.766s] Level 1:colcon.colcon_core.package_identification:_identify(resources) by extension 'colcon_meta'
[2.766s] Level 1:colcon.colcon_core.package_identification:_identify(resources) by extensions ['ros']
[2.766s] Level 1:colcon.colcon_core.package_identification:_identify(resources) by extension 'ros'
[2.766s] Level 1:colcon.colcon_core.package_identification:_identify(resources) by extensions ['cmake', 'python']
[2.766s] Level 1:colcon.colcon_core.package_identification:_identify(resources) by extension 'cmake'
[2.766s] Level 1:colcon.colcon_core.package_identification:_identify(resources) by extension 'python'
[2.766s] Level 1:colcon.colcon_core.package_identification:_identify(resources) by extensions ['python_setup_py']
[2.766s] Level 1:colcon.colcon_core.package_identification:_identify(resources) by extension 'python_setup_py'
[2.766s] Level 1:colcon.colcon_core.package_identification:_identify(resources/csv) by extensions ['ignore', 'ignore_ament_install']
[2.766s] Level 1:colcon.colcon_core.package_identification:_identify(resources/csv) by extension 'ignore'
[2.766s] Level 1:colcon.colcon_core.package_identification:_identify(resources/csv) by extension 'ignore_ament_install'
[2.766s] Level 1:colcon.colcon_core.package_identification:_identify(resources/csv) by extensions ['colcon_pkg']
[2.766s] Level 1:colcon.colcon_core.package_identification:_identify(resources/csv) by extension 'colcon_pkg'
[2.767s] Level 1:colcon.colcon_core.package_identification:_identify(resources/csv) by extensions ['colcon_meta']
[2.767s] Level 1:colcon.colcon_core.package_identification:_identify(resources/csv) by extension 'colcon_meta'
[2.767s] Level 1:colcon.colcon_core.package_identification:_identify(resources/csv) by extensions ['ros']
[2.767s] Level 1:colcon.colcon_core.package_identification:_identify(resources/csv) by extension 'ros'
[2.767s] Level 1:colcon.colcon_core.package_identification:_identify(resources/csv) by extensions ['cmake', 'python']
[2.767s] Level 1:colcon.colcon_core.package_identification:_identify(resources/csv) by extension 'cmake'
[2.767s] Level 1:colcon.colcon_core.package_identification:_identify(resources/csv) by extension 'python'
[2.767s] Level 1:colcon.colcon_core.package_identification:_identify(resources/csv) by extensions ['python_setup_py']
[2.767s] Level 1:colcon.colcon_core.package_identification:_identify(resources/csv) by extension 'python_setup_py'
[2.768s] Level 1:colcon.colcon_core.package_identification:_identify(resources/csv/evaluation_lane) by extensions ['ignore', 'ignore_ament_install']
[2.768s] Level 1:colcon.colcon_core.package_identification:_identify(resources/csv/evaluation_lane) by extension 'ignore'
[2.768s] Level 1:colcon.colcon_core.package_identification:_identify(resources/csv/evaluation_lane) by extension 'ignore_ament_install'
[2.768s] Level 1:colcon.colcon_core.package_identification:_identify(resources/csv/evaluation_lane) by extensions ['colcon_pkg']
[2.768s] Level 1:colcon.colcon_core.package_identification:_identify(resources/csv/evaluation_lane) by extension 'colcon_pkg'
[2.768s] Level 1:colcon.colcon_core.package_identification:_identify(resources/csv/evaluation_lane) by extensions ['colcon_meta']
[2.768s] Level 1:colcon.colcon_core.package_identification:_identify(resources/csv/evaluation_lane) by extension 'colcon_meta'
[2.768s] Level 1:colcon.colcon_core.package_identification:_identify(resources/csv/evaluation_lane) by extensions ['ros']
[2.769s] Level 1:colcon.colcon_core.package_identification:_identify(resources/csv/evaluation_lane) by extension 'ros'
[2.769s] Level 1:colcon.colcon_core.package_identification:_identify(resources/csv/evaluation_lane) by extensions ['cmake', 'python']
[2.769s] Level 1:colcon.colcon_core.package_identification:_identify(resources/csv/evaluation_lane) by extension 'cmake'
[2.769s] Level 1:colcon.colcon_core.package_identification:_identify(resources/csv/evaluation_lane) by extension 'python'
[2.769s] Level 1:colcon.colcon_core.package_identification:_identify(resources/csv/evaluation_lane) by extensions ['python_setup_py']
[2.769s] Level 1:colcon.colcon_core.package_identification:_identify(resources/csv/evaluation_lane) by extension 'python_setup_py'
[2.769s] Level 1:colcon.colcon_core.package_identification:_identify(resources/csv/simulation_lane) by extensions ['ignore', 'ignore_ament_install']
[2.769s] Level 1:colcon.colcon_core.package_identification:_identify(resources/csv/simulation_lane) by extension 'ignore'
[2.769s] Level 1:colcon.colcon_core.package_identification:_identify(resources/csv/simulation_lane) by extension 'ignore_ament_install'
[2.769s] Level 1:colcon.colcon_core.package_identification:_identify(resources/csv/simulation_lane) by extensions ['colcon_pkg']
[2.769s] Level 1:colcon.colcon_core.package_identification:_identify(resources/csv/simulation_lane) by extension 'colcon_pkg'
[2.769s] Level 1:colcon.colcon_core.package_identification:_identify(resources/csv/simulation_lane) by extensions ['colcon_meta']
[2.769s] Level 1:colcon.colcon_core.package_identification:_identify(resources/csv/simulation_lane) by extension 'colcon_meta'
[2.769s] Level 1:colcon.colcon_core.package_identification:_identify(resources/csv/simulation_lane) by extensions ['ros']
[2.769s] Level 1:colcon.colcon_core.package_identification:_identify(resources/csv/simulation_lane) by extension 'ros'
[2.769s] Level 1:colcon.colcon_core.package_identification:_identify(resources/csv/simulation_lane) by extensions ['cmake', 'python']
[2.769s] Level 1:colcon.colcon_core.package_identification:_identify(resources/csv/simulation_lane) by extension 'cmake'
[2.769s] Level 1:colcon.colcon_core.package_identification:_identify(resources/csv/simulation_lane) by extension 'python'
[2.770s] Level 1:colcon.colcon_core.package_identification:_identify(resources/csv/simulation_lane) by extensions ['python_setup_py']
[2.770s] Level 1:colcon.colcon_core.package_identification:_identify(resources/csv/simulation_lane) by extension 'python_setup_py'
[2.770s] Level 1:colcon.colcon_core.package_identification:_identify(resources/meshes) by extensions ['ignore', 'ignore_ament_install']
[2.770s] Level 1:colcon.colcon_core.package_identification:_identify(resources/meshes) by extension 'ignore'
[2.770s] Level 1:colcon.colcon_core.package_identification:_identify(resources/meshes) by extension 'ignore_ament_install'
[2.770s] Level 1:colcon.colcon_core.package_identification:_identify(resources/meshes) by extensions ['colcon_pkg']
[2.770s] Level 1:colcon.colcon_core.package_identification:_identify(resources/meshes) by extension 'colcon_pkg'
[2.770s] Level 1:colcon.colcon_core.package_identification:_identify(resources/meshes) by extensions ['colcon_meta']
[2.770s] Level 1:colcon.colcon_core.package_identification:_identify(resources/meshes) by extension 'colcon_meta'
[2.770s] Level 1:colcon.colcon_core.package_identification:_identify(resources/meshes) by extensions ['ros']
[2.770s] Level 1:colcon.colcon_core.package_identification:_identify(resources/meshes) by extension 'ros'
[2.770s] Level 1:colcon.colcon_core.package_identification:_identify(resources/meshes) by extensions ['cmake', 'python']
[2.770s] Level 1:colcon.colcon_core.package_identification:_identify(resources/meshes) by extension 'cmake'
[2.770s] Level 1:colcon.colcon_core.package_identification:_identify(resources/meshes) by extension 'python'
[2.770s] Level 1:colcon.colcon_core.package_identification:_identify(resources/meshes) by extensions ['python_setup_py']
[2.770s] Level 1:colcon.colcon_core.package_identification:_identify(resources/meshes) by extension 'python_setup_py'
[2.770s] Level 1:colcon.colcon_core.package_identification:_identify(resources/rviz) by extensions ['ignore', 'ignore_ament_install']
[2.770s] Level 1:colcon.colcon_core.package_identification:_identify(resources/rviz) by extension 'ignore'
[2.770s] Level 1:colcon.colcon_core.package_identification:_identify(resources/rviz) by extension 'ignore_ament_install'
[2.770s] Level 1:colcon.colcon_core.package_identification:_identify(resources/rviz) by extensions ['colcon_pkg']
[2.770s] Level 1:colcon.colcon_core.package_identification:_identify(resources/rviz) by extension 'colcon_pkg'
[2.770s] Level 1:colcon.colcon_core.package_identification:_identify(resources/rviz) by extensions ['colcon_meta']
[2.770s] Level 1:colcon.colcon_core.package_identification:_identify(resources/rviz) by extension 'colcon_meta'
[2.771s] Level 1:colcon.colcon_core.package_identification:_identify(resources/rviz) by extensions ['ros']
[2.771s] Level 1:colcon.colcon_core.package_identification:_identify(resources/rviz) by extension 'ros'
[2.771s] Level 1:colcon.colcon_core.package_identification:_identify(resources/rviz) by extensions ['cmake', 'python']
[2.771s] Level 1:colcon.colcon_core.package_identification:_identify(resources/rviz) by extension 'cmake'
[2.771s] Level 1:colcon.colcon_core.package_identification:_identify(resources/rviz) by extension 'python'
[2.771s] Level 1:colcon.colcon_core.package_identification:_identify(resources/rviz) by extensions ['python_setup_py']
[2.771s] Level 1:colcon.colcon_core.package_identification:_identify(resources/rviz) by extension 'python_setup_py'
[2.771s] Level 1:colcon.colcon_core.package_identification:_identify(src) by extensions ['ignore', 'ignore_ament_install']
[2.771s] Level 1:colcon.colcon_core.package_identification:_identify(src) by extension 'ignore'
[2.771s] Level 1:colcon.colcon_core.package_identification:_identify(src) by extension 'ignore_ament_install'
[2.771s] Level 1:colcon.colcon_core.package_identification:_identify(src) by extensions ['colcon_pkg']
[2.771s] Level 1:colcon.colcon_core.package_identification:_identify(src) by extension 'colcon_pkg'
[2.771s] Level 1:colcon.colcon_core.package_identification:_identify(src) by extensions ['colcon_meta']
[2.771s] Level 1:colcon.colcon_core.package_identification:_identify(src) by extension 'colcon_meta'
[2.771s] Level 1:colcon.colcon_core.package_identification:_identify(src) by extensions ['ros']
[2.771s] Level 1:colcon.colcon_core.package_identification:_identify(src) by extension 'ros'
[2.771s] Level 1:colcon.colcon_core.package_identification:_identify(src) by extensions ['cmake', 'python']
[2.771s] Level 1:colcon.colcon_core.package_identification:_identify(src) by extension 'cmake'
[2.771s] Level 1:colcon.colcon_core.package_identification:_identify(src) by extension 'python'
[2.771s] Level 1:colcon.colcon_core.package_identification:_identify(src) by extensions ['python_setup_py']
[2.771s] Level 1:colcon.colcon_core.package_identification:_identify(src) by extension 'python_setup_py'
[2.771s] Level 1:colcon.colcon_core.package_identification:_identify(src/app) by extensions ['ignore', 'ignore_ament_install']
[2.771s] Level 1:colcon.colcon_core.package_identification:_identify(src/app) by extension 'ignore'
[2.771s] Level 1:colcon.colcon_core.package_identification:_identify(src/app) by extension 'ignore_ament_install'
[2.771s] Level 1:colcon.colcon_core.package_identification:_identify(src/app) by extensions ['colcon_pkg']
[2.771s] Level 1:colcon.colcon_core.package_identification:_identify(src/app) by extension 'colcon_pkg'
[2.771s] Level 1:colcon.colcon_core.package_identification:_identify(src/app) by extensions ['colcon_meta']
[2.771s] Level 1:colcon.colcon_core.package_identification:_identify(src/app) by extension 'colcon_meta'
[2.771s] Level 1:colcon.colcon_core.package_identification:_identify(src/app) by extensions ['ros']
[2.771s] Level 1:colcon.colcon_core.package_identification:_identify(src/app) by extension 'ros'
[2.772s] Level 1:colcon.colcon_core.package_identification:_identify(src/app) by extensions ['cmake', 'python']
[2.772s] Level 1:colcon.colcon_core.package_identification:_identify(src/app) by extension 'cmake'
[2.772s] Level 1:colcon.colcon_core.package_identification:_identify(src/app) by extension 'python'
[2.772s] Level 1:colcon.colcon_core.package_identification:_identify(src/app) by extensions ['python_setup_py']
[2.772s] Level 1:colcon.colcon_core.package_identification:_identify(src/app) by extension 'python_setup_py'
[2.772s] Level 1:colcon.colcon_core.package_identification:_identify(src/app/autonomous_driving) by extensions ['ignore', 'ignore_ament_install']
[2.772s] Level 1:colcon.colcon_core.package_identification:_identify(src/app/autonomous_driving) by extension 'ignore'
[2.772s] Level 1:colcon.colcon_core.package_identification:_identify(src/app/autonomous_driving) by extension 'ignore_ament_install'
[2.772s] Level 1:colcon.colcon_core.package_identification:_identify(src/app/autonomous_driving) by extensions ['colcon_pkg']
[2.772s] Level 1:colcon.colcon_core.package_identification:_identify(src/app/autonomous_driving) by extension 'colcon_pkg'
[2.772s] Level 1:colcon.colcon_core.package_identification:_identify(src/app/autonomous_driving) by extensions ['colcon_meta']
[2.772s] Level 1:colcon.colcon_core.package_identification:_identify(src/app/autonomous_driving) by extension 'colcon_meta'
[2.772s] Level 1:colcon.colcon_core.package_identification:_identify(src/app/autonomous_driving) by extensions ['ros']
[2.772s] Level 1:colcon.colcon_core.package_identification:_identify(src/app/autonomous_driving) by extension 'ros'
[2.777s] DEBUG:colcon.colcon_core.package_identification:Package 'src/app/autonomous_driving' with type 'ros.ament_cmake' and name 'autonomous_driving'
[2.778s] Level 1:colcon.colcon_core.package_identification:_identify(src/app/evaluation) by extensions ['ignore', 'ignore_ament_install']
[2.778s] Level 1:colcon.colcon_core.package_identification:_identify(src/app/evaluation) by extension 'ignore'
[2.778s] Level 1:colcon.colcon_core.package_identification:_identify(src/app/evaluation) by extension 'ignore_ament_install'
[2.778s] Level 1:colcon.colcon_core.package_identification:_identify(src/app/evaluation) by extensions ['colcon_pkg']
[2.778s] Level 1:colcon.colcon_core.package_identification:_identify(src/app/evaluation) by extension 'colcon_pkg'
[2.778s] Level 1:colcon.colcon_core.package_identification:_identify(src/app/evaluation) by extensions ['colcon_meta']
[2.778s] Level 1:colcon.colcon_core.package_identification:_identify(src/app/evaluation) by extension 'colcon_meta'
[2.778s] Level 1:colcon.colcon_core.package_identification:_identify(src/app/evaluation) by extensions ['ros']
[2.779s] Level 1:colcon.colcon_core.package_identification:_identify(src/app/evaluation) by extension 'ros'
[2.779s] DEBUG:colcon.colcon_core.package_identification:Package 'src/app/evaluation' with type 'ros.ament_cmake' and name 'evaluation'
[2.779s] Level 1:colcon.colcon_core.package_identification:_identify(src/app/mission_manager) by extensions ['ignore', 'ignore_ament_install']
[2.780s] Level 1:colcon.colcon_core.package_identification:_identify(src/app/mission_manager) by extension 'ignore'
[2.780s] Level 1:colcon.colcon_core.package_identification:_identify(src/app/mission_manager) by extension 'ignore_ament_install'
[2.780s] Level 1:colcon.colcon_core.package_identification:_identify(src/app/mission_manager) by extensions ['colcon_pkg']
[2.780s] Level 1:colcon.colcon_core.package_identification:_identify(src/app/mission_manager) by extension 'colcon_pkg'
[2.780s] Level 1:colcon.colcon_core.package_identification:_identify(src/app/mission_manager) by extensions ['colcon_meta']
[2.780s] Level 1:colcon.colcon_core.package_identification:_identify(src/app/mission_manager) by extension 'colcon_meta'
[2.780s] Level 1:colcon.colcon_core.package_identification:_identify(src/app/mission_manager) by extensions ['ros']
[2.780s] Level 1:colcon.colcon_core.package_identification:_identify(src/app/mission_manager) by extension 'ros'
[2.781s] DEBUG:colcon.colcon_core.package_identification:Package 'src/app/mission_manager' with type 'ros.ament_cmake' and name 'mission_manager'
[2.781s] Level 1:colcon.colcon_core.package_identification:_identify(src/app/simulator) by extensions ['ignore', 'ignore_ament_install']
[2.781s] Level 1:colcon.colcon_core.package_identification:_identify(src/app/simulator) by extension 'ignore'
[2.781s] Level 1:colcon.colcon_core.package_identification:_identify(src/app/simulator) by extension 'ignore_ament_install'
[2.781s] Level 1:colcon.colcon_core.package_identification:_identify(src/app/simulator) by extensions ['colcon_pkg']
[2.781s] Level 1:colcon.colcon_core.package_identification:_identify(src/app/simulator) by extension 'colcon_pkg'
[2.781s] Level 1:colcon.colcon_core.package_identification:_identify(src/app/simulator) by extensions ['colcon_meta']
[2.781s] Level 1:colcon.colcon_core.package_identification:_identify(src/app/simulator) by extension 'colcon_meta'
[2.781s] Level 1:colcon.colcon_core.package_identification:_identify(src/app/simulator) by extensions ['ros']
[2.781s] Level 1:colcon.colcon_core.package_identification:_identify(src/app/simulator) by extension 'ros'
[2.782s] DEBUG:colcon.colcon_core.package_identification:Package 'src/app/simulator' with type 'ros.ament_cmake' and name 'simulator'
[2.782s] Level 1:colcon.colcon_core.package_identification:_identify(src/bsw) by extensions ['ignore', 'ignore_ament_install']
[2.782s] Level 1:colcon.colcon_core.package_identification:_identify(src/bsw) by extension 'ignore'
[2.782s] Level 1:colcon.colcon_core.package_identification:_identify(src/bsw) by extension 'ignore_ament_install'
[2.782s] Level 1:colcon.colcon_core.package_identification:_identify(src/bsw) by extensions ['colcon_pkg']
[2.782s] Level 1:colcon.colcon_core.package_identification:_identify(src/bsw) by extension 'colcon_pkg'
[2.782s] Level 1:colcon.colcon_core.package_identification:_identify(src/bsw) by extensions ['colcon_meta']
[2.782s] Level 1:colcon.colcon_core.package_identification:_identify(src/bsw) by extension 'colcon_meta'
[2.782s] Level 1:colcon.colcon_core.package_identification:_identify(src/bsw) by extensions ['ros']
[2.782s] Level 1:colcon.colcon_core.package_identification:_identify(src/bsw) by extension 'ros'
[2.782s] Level 1:colcon.colcon_core.package_identification:_identify(src/bsw) by extensions ['cmake', 'python']
[2.782s] Level 1:colcon.colcon_core.package_identification:_identify(src/bsw) by extension 'cmake'
[2.783s] Level 1:colcon.colcon_core.package_identification:_identify(src/bsw) by extension 'python'
[2.783s] Level 1:colcon.colcon_core.package_identification:_identify(src/bsw) by extensions ['python_setup_py']
[2.783s] Level 1:colcon.colcon_core.package_identification:_identify(src/bsw) by extension 'python_setup_py'
[2.783s] Level 1:colcon.colcon_core.package_identification:_identify(src/bsw/system) by extensions ['ignore', 'ignore_ament_install']
[2.783s] Level 1:colcon.colcon_core.package_identification:_identify(src/bsw/system) by extension 'ignore'
[2.783s] Level 1:colcon.colcon_core.package_identification:_identify(src/bsw/system) by extension 'ignore_ament_install'
[2.783s] Level 1:colcon.colcon_core.package_identification:_identify(src/bsw/system) by extensions ['colcon_pkg']
[2.783s] Level 1:colcon.colcon_core.package_identification:_identify(src/bsw/system) by extension 'colcon_pkg'
[2.783s] Level 1:colcon.colcon_core.package_identification:_identify(src/bsw/system) by extensions ['colcon_meta']
[2.783s] Level 1:colcon.colcon_core.package_identification:_identify(src/bsw/system) by extension 'colcon_meta'
[2.784s] Level 1:colcon.colcon_core.package_identification:_identify(src/bsw/system) by extensions ['ros']
[2.784s] Level 1:colcon.colcon_core.package_identification:_identify(src/bsw/system) by extension 'ros'
[2.784s] Level 1:colcon.colcon_core.package_identification:_identify(src/bsw/system) by extensions ['cmake', 'python']
[2.784s] Level 1:colcon.colcon_core.package_identification:_identify(src/bsw/system) by extension 'cmake'
[2.784s] Level 1:colcon.colcon_core.package_identification:_identify(src/bsw/system) by extension 'python'
[2.784s] Level 1:colcon.colcon_core.package_identification:_identify(src/bsw/system) by extensions ['python_setup_py']
[2.785s] Level 1:colcon.colcon_core.package_identification:_identify(src/bsw/system) by extension 'python_setup_py'
[2.785s] Level 1:colcon.colcon_core.package_identification:_identify(src/bsw/system/bridge) by extensions ['ignore', 'ignore_ament_install']
[2.785s] Level 1:colcon.colcon_core.package_identification:_identify(src/bsw/system/bridge) by extension 'ignore'
[2.785s] Level 1:colcon.colcon_core.package_identification:_identify(src/bsw/system/bridge) by extension 'ignore_ament_install'
[2.785s] Level 1:colcon.colcon_core.package_identification:_identify(src/bsw/system/bridge) by extensions ['colcon_pkg']
[2.785s] Level 1:colcon.colcon_core.package_identification:_identify(src/bsw/system/bridge) by extension 'colcon_pkg'
[2.785s] Level 1:colcon.colcon_core.package_identification:_identify(src/bsw/system/bridge) by extensions ['colcon_meta']
[2.785s] Level 1:colcon.colcon_core.package_identification:_identify(src/bsw/system/bridge) by extension 'colcon_meta'
[2.785s] Level 1:colcon.colcon_core.package_identification:_identify(src/bsw/system/bridge) by extensions ['ros']
[2.785s] Level 1:colcon.colcon_core.package_identification:_identify(src/bsw/system/bridge) by extension 'ros'
[2.786s] Level 1:colcon.colcon_core.package_identification:_identify(src/bsw/system/bridge) by extensions ['cmake', 'python']
[2.786s] Level 1:colcon.colcon_core.package_identification:_identify(src/bsw/system/bridge) by extension 'cmake'
[2.786s] Level 1:colcon.colcon_core.package_identification:_identify(src/bsw/system/bridge) by extension 'python'
[2.786s] Level 1:colcon.colcon_core.package_identification:_identify(src/bsw/system/bridge) by extensions ['python_setup_py']
[2.786s] Level 1:colcon.colcon_core.package_identification:_identify(src/bsw/system/bridge) by extension 'python_setup_py'
[2.786s] Level 1:colcon.colcon_core.package_identification:_identify(src/bsw/system/interface) by extensions ['ignore', 'ignore_ament_install']
[2.786s] Level 1:colcon.colcon_core.package_identification:_identify(src/bsw/system/interface) by extension 'ignore'
[2.786s] Level 1:colcon.colcon_core.package_identification:_identify(src/bsw/system/interface) by extension 'ignore_ament_install'
[2.786s] Level 1:colcon.colcon_core.package_identification:_identify(src/bsw/system/interface) by extensions ['colcon_pkg']
[2.786s] Level 1:colcon.colcon_core.package_identification:_identify(src/bsw/system/interface) by extension 'colcon_pkg'
[2.786s] Level 1:colcon.colcon_core.package_identification:_identify(src/bsw/system/interface) by extensions ['colcon_meta']
[2.786s] Level 1:colcon.colcon_core.package_identification:_identify(src/bsw/system/interface) by extension 'colcon_meta'
[2.786s] Level 1:colcon.colcon_core.package_identification:_identify(src/bsw/system/interface) by extensions ['ros']
[2.786s] Level 1:colcon.colcon_core.package_identification:_identify(src/bsw/system/interface) by extension 'ros'
[2.787s] Level 1:colcon.colcon_core.package_identification:_identify(src/bsw/system/interface) by extensions ['cmake', 'python']
[2.787s] Level 1:colcon.colcon_core.package_identification:_identify(src/bsw/system/interface) by extension 'cmake'
[2.787s] Level 1:colcon.colcon_core.package_identification:_identify(src/bsw/system/interface) by extension 'python'
[2.787s] Level 1:colcon.colcon_core.package_identification:_identify(src/bsw/system/interface) by extensions ['python_setup_py']
[2.787s] Level 1:colcon.colcon_core.package_identification:_identify(src/bsw/system/interface) by extension 'python_setup_py'
[2.787s] Level 1:colcon.colcon_core.package_identification:_identify(src/rte) by extensions ['ignore', 'ignore_ament_install']
[2.787s] Level 1:colcon.colcon_core.package_identification:_identify(src/rte) by extension 'ignore'
[2.787s] Level 1:colcon.colcon_core.package_identification:_identify(src/rte) by extension 'ignore_ament_install'
[2.787s] Level 1:colcon.colcon_core.package_identification:_identify(src/rte) by extensions ['colcon_pkg']
[2.787s] Level 1:colcon.colcon_core.package_identification:_identify(src/rte) by extension 'colcon_pkg'
[2.788s] Level 1:colcon.colcon_core.package_identification:_identify(src/rte) by extensions ['colcon_meta']
[2.788s] Level 1:colcon.colcon_core.package_identification:_identify(src/rte) by extension 'colcon_meta'
[2.788s] Level 1:colcon.colcon_core.package_identification:_identify(src/rte) by extensions ['ros']
[2.788s] Level 1:colcon.colcon_core.package_identification:_identify(src/rte) by extension 'ros'
[2.788s] Level 1:colcon.colcon_core.package_identification:_identify(src/rte) by extensions ['cmake', 'python']
[2.788s] Level 1:colcon.colcon_core.package_identification:_identify(src/rte) by extension 'cmake'
[2.788s] Level 1:colcon.colcon_core.package_identification:_identify(src/rte) by extension 'python'
[2.788s] Level 1:colcon.colcon_core.package_identification:_identify(src/rte) by extensions ['python_setup_py']
[2.788s] Level 1:colcon.colcon_core.package_identification:_identify(src/rte) by extension 'python_setup_py'
[2.788s] Level 1:colcon.colcon_core.package_identification:_identify(src/rte/msg) by extensions ['ignore', 'ignore_ament_install']
[2.788s] Level 1:colcon.colcon_core.package_identification:_identify(src/rte/msg) by extension 'ignore'
[2.788s] Level 1:colcon.colcon_core.package_identification:_identify(src/rte/msg) by extension 'ignore_ament_install'
[2.789s] Level 1:colcon.colcon_core.package_identification:_identify(src/rte/msg) by extensions ['colcon_pkg']
[2.789s] Level 1:colcon.colcon_core.package_identification:_identify(src/rte/msg) by extension 'colcon_pkg'
[2.789s] Level 1:colcon.colcon_core.package_identification:_identify(src/rte/msg) by extensions ['colcon_meta']
[2.789s] Level 1:colcon.colcon_core.package_identification:_identify(src/rte/msg) by extension 'colcon_meta'
[2.789s] Level 1:colcon.colcon_core.package_identification:_identify(src/rte/msg) by extensions ['ros']
[2.789s] Level 1:colcon.colcon_core.package_identification:_identify(src/rte/msg) by extension 'ros'
[2.789s] Level 1:colcon.colcon_core.package_identification:_identify(src/rte/msg) by extensions ['cmake', 'python']
[2.789s] Level 1:colcon.colcon_core.package_identification:_identify(src/rte/msg) by extension 'cmake'
[2.789s] Level 1:colcon.colcon_core.package_identification:_identify(src/rte/msg) by extension 'python'
[2.789s] Level 1:colcon.colcon_core.package_identification:_identify(src/rte/msg) by extensions ['python_setup_py']
[2.789s] Level 1:colcon.colcon_core.package_identification:_identify(src/rte/msg) by extension 'python_setup_py'
[2.789s] Level 1:colcon.colcon_core.package_identification:_identify(src/rte/msg/ad_msgs) by extensions ['ignore', 'ignore_ament_install']
[2.789s] Level 1:colcon.colcon_core.package_identification:_identify(src/rte/msg/ad_msgs) by extension 'ignore'
[2.789s] Level 1:colcon.colcon_core.package_identification:_identify(src/rte/msg/ad_msgs) by extension 'ignore_ament_install'
[2.790s] Level 1:colcon.colcon_core.package_identification:_identify(src/rte/msg/ad_msgs) by extensions ['colcon_pkg']
[2.790s] Level 1:colcon.colcon_core.package_identification:_identify(src/rte/msg/ad_msgs) by extension 'colcon_pkg'
[2.790s] Level 1:colcon.colcon_core.package_identification:_identify(src/rte/msg/ad_msgs) by extensions ['colcon_meta']
[2.790s] Level 1:colcon.colcon_core.package_identification:_identify(src/rte/msg/ad_msgs) by extension 'colcon_meta'
[2.790s] Level 1:colcon.colcon_core.package_identification:_identify(src/rte/msg/ad_msgs) by extensions ['ros']
[2.790s] Level 1:colcon.colcon_core.package_identification:_identify(src/rte/msg/ad_msgs) by extension 'ros'
[2.792s] DEBUG:colcon.colcon_core.package_identification:Package 'src/rte/msg/ad_msgs' with type 'ros.ament_cmake' and name 'ad_msgs'
[2.792s] Level 1:colcon.colcon_core.package_discovery:discover_packages(recursive) using defaults
[2.792s] Level 1:colcon.colcon_core.package_discovery:discover_packages(ignore) discover
[2.792s] Level 1:colcon.colcon_core.package_discovery:discover_packages(ignore) using defaults
[2.792s] Level 1:colcon.colcon_core.package_discovery:discover_packages(path) discover
[2.792s] Level 1:colcon.colcon_core.package_discovery:discover_packages(path) using defaults
[2.832s] Level 1:colcon.colcon_core.package_discovery:discover_packages(prefix_path) check parameters
[2.832s] Level 1:colcon.colcon_core.package_discovery:discover_packages(prefix_path) discover
[2.834s] Level 1:colcon.colcon_core.package_discovery:discover_packages(prefix_path) using defaults
[2.836s] Level 5:colcon.colcon_core.verb:set package 'ad_msgs' build argument 'cmake_args' from command line to 'None'
[2.836s] Level 5:colcon.colcon_core.verb:set package 'ad_msgs' build argument 'cmake_target' from command line to 'None'
[2.836s] Level 5:colcon.colcon_core.verb:set package 'ad_msgs' build argument 'cmake_target_skip_unavailable' from command line to 'False'
[2.836s] Level 5:colcon.colcon_core.verb:set package 'ad_msgs' build argument 'cmake_clean_cache' from command line to 'False'
[2.836s] Level 5:colcon.colcon_core.verb:set package 'ad_msgs' build argument 'cmake_clean_first' from command line to 'False'
[2.836s] Level 5:colcon.colcon_core.verb:set package 'ad_msgs' build argument 'cmake_force_configure' from command line to 'False'
[2.836s] Level 5:colcon.colcon_core.verb:set package 'ad_msgs' build argument 'ament_cmake_args' from command line to 'None'
[2.836s] Level 5:colcon.colcon_core.verb:set package 'ad_msgs' build argument 'catkin_cmake_args' from command line to 'None'
[2.836s] Level 5:colcon.colcon_core.verb:set package 'ad_msgs' build argument 'catkin_skip_building_tests' from command line to 'False'
[2.836s] DEBUG:colcon.colcon_core.verb:Building package 'ad_msgs' with the following arguments: {'ament_cmake_args': None, 'build_base': '/home/joon/mission_hard/mission_hard/build/ad_msgs', 'catkin_cmake_args': None, 'catkin_skip_building_tests': False, 'cmake_args': None, 'cmake_clean_cache': False, 'cmake_clean_first': False, 'cmake_force_configure': False, 'cmake_target': None, 'cmake_target_skip_unavailable': False, 'install_base': '/home/joon/mission_hard/mission_hard/install/ad_msgs', 'merge_install': False, 'path': '/home/joon/mission_hard/mission_hard/src/rte/msg/ad_msgs', 'symlink_install': True, 'test_result_base': None}
[2.836s] Level 5:colcon.colcon_core.verb:set package 'autonomous_driving' build argument 'cmake_args' from command line to 'None'
[2.836s] Level 5:colcon.colcon_core.verb:set package 'autonomous_driving' build argument 'cmake_target' from command line to 'None'
[2.836s] Level 5:colcon.colcon_core.verb:set package 'autonomous_driving' build argument 'cmake_target_skip_unavailable' from command line to 'False'
[2.836s] Level 5:colcon.colcon_core.verb:set package 'autonomous_driving' build argument 'cmake_clean_cache' from command line to 'False'
[2.836s] Level 5:colcon.colcon_core.verb:set package 'autonomous_driving' build argument 'cmake_clean_first' from command line to 'False'
[2.836s] Level 5:colcon.colcon_core.verb:set package 'autonomous_driving' build argument 'cmake_force_configure' from command line to 'False'
[2.836s] Level 5:colcon.colcon_core.verb:set package 'autonomous_driving' build argument 'ament_cmake_args' from command line to 'None'
[2.837s] Level 5:colcon.colcon_core.verb:set package 'autonomous_driving' build argument 'catkin_cmake_args' from command line to 'None'
[2.837s] Level 5:colcon.colcon_core.verb:set package 'autonomous_driving' build argument 'catkin_skip_building_tests' from command line to 'False'
[2.837s] DEBUG:colcon.colcon_core.verb:Building package 'autonomous_driving' with the following arguments: {'ament_cmake_args': None, 'build_base': '/home/joon/mission_hard/mission_hard/build/autonomous_driving', 'catkin_cmake_args': None, 'catkin_skip_building_tests': False, 'cmake_args': None, 'cmake_clean_cache': False, 'cmake_clean_first': False, 'cmake_force_configure': False, 'cmake_target': None, 'cmake_target_skip_unavailable': False, 'install_base': '/home/joon/mission_hard/mission_hard/install/autonomous_driving', 'merge_install': False, 'path': '/home/joon/mission_hard/mission_hard/src/app/autonomous_driving', 'symlink_install': True, 'test_result_base': None}
[2.837s] Level 5:colcon.colcon_core.verb:set package 'evaluation' build argument 'cmake_args' from command line to 'None'
[2.837s] Level 5:colcon.colcon_core.verb:set package 'evaluation' build argument 'cmake_target' from command line to 'None'
[2.837s] Level 5:colcon.colcon_core.verb:set package 'evaluation' build argument 'cmake_target_skip_unavailable' from command line to 'False'
[2.837s] Level 5:colcon.colcon_core.verb:set package 'evaluation' build argument 'cmake_clean_cache' from command line to 'False'
[2.837s] Level 5:colcon.colcon_core.verb:set package 'evaluation' build argument 'cmake_clean_first' from command line to 'False'
[2.837s] Level 5:colcon.colcon_core.verb:set package 'evaluation' build argument 'cmake_force_configure' from command line to 'False'
[2.837s] Level 5:colcon.colcon_core.verb:set package 'evaluation' build argument 'ament_cmake_args' from command line to 'None'
[2.837s] Level 5:colcon.colcon_core.verb:set package 'evaluation' build argument 'catkin_cmake_args' from command line to 'None'
[2.837s] Level 5:colcon.colcon_core.verb:set package 'evaluation' build argument 'catkin_skip_building_tests' from command line to 'False'
[2.837s] DEBUG:colcon.colcon_core.verb:Building package 'evaluation' with the following arguments: {'ament_cmake_args': None, 'build_base': '/home/joon/mission_hard/mission_hard/build/evaluation', 'catkin_cmake_args': None, 'catkin_skip_building_tests': False, 'cmake_args': None, 'cmake_clean_cache': False, 'cmake_clean_first': False, 'cmake_force_configure': False, 'cmake_target': None, 'cmake_target_skip_unavailable': False, 'install_base': '/home/joon/mission_hard/mission_hard/install/evaluation', 'merge_install': False, 'path': '/home/joon/mission_hard/mission_hard/src/app/evaluation', 'symlink_install': True, 'test_result_base': None}
[2.838s] Level 5:colcon.colcon_core.verb:set package 'mission_manager' build argument 'cmake_args' from command line to 'None'
[2.838s] Level 5:colcon.colcon_core.verb:set package 'mission_manager' build argument 'cmake_target' from command line to 'None'
[2.838s] Level 5:colcon.colcon_core.verb:set package 'mission_manager' build argument 'cmake_target_skip_unavailable' from command line to 'False'
[2.838s] Level 5:colcon.colcon_core.verb:set package 'mission_manager' build argument 'cmake_clean_cache' from command line to 'False'
[2.838s] Level 5:colcon.colcon_core.verb:set package 'mission_manager' build argument 'cmake_clean_first' from command line to 'False'
[2.838s] Level 5:colcon.colcon_core.verb:set package 'mission_manager' build argument 'cmake_force_configure' from command line to 'False'
[2.839s] Level 5:colcon.colcon_core.verb:set package 'mission_manager' build argument 'ament_cmake_args' from command line to 'None'
[2.839s] Level 5:colcon.colcon_core.verb:set package 'mission_manager' build argument 'catkin_cmake_args' from command line to 'None'
[2.839s] Level 5:colcon.colcon_core.verb:set package 'mission_manager' build argument 'catkin_skip_building_tests' from command line to 'False'
[2.839s] DEBUG:colcon.colcon_core.verb:Building package 'mission_manager' with the following arguments: {'ament_cmake_args': None, 'build_base': '/home/joon/mission_hard/mission_hard/build/mission_manager', 'catkin_cmake_args': None, 'catkin_skip_building_tests': False, 'cmake_args': None, 'cmake_clean_cache': False, 'cmake_clean_first': False, 'cmake_force_configure': False, 'cmake_target': None, 'cmake_target_skip_unavailable': False, 'install_base': '/home/joon/mission_hard/mission_hard/install/mission_manager', 'merge_install': False, 'path': '/home/joon/mission_hard/mission_hard/src/app/mission_manager', 'symlink_install': True, 'test_result_base': None}
[2.839s] Level 5:colcon.colcon_core.verb:set package 'simulator' build argument 'cmake_args' from command line to 'None'
[2.839s] Level 5:colcon.colcon_core.verb:set package 'simulator' build argument 'cmake_target' from command line to 'None'
[2.839s] Level 5:colcon.colcon_core.verb:set package 'simulator' build argument 'cmake_target_skip_unavailable' from command line to 'False'
[2.839s] Level 5:colcon.colcon_core.verb:set package 'simulator' build argument 'cmake_clean_cache' from command line to 'False'
[2.839s] Level 5:colcon.colcon_core.verb:set package 'simulator' build argument 'cmake_clean_first' from command line to 'False'
[2.839s] Level 5:colcon.colcon_core.verb:set package 'simulator' build argument 'cmake_force_configure' from command line to 'False'
[2.839s] Level 5:colcon.colcon_core.verb:set package 'simulator' build argument 'ament_cmake_args' from command line to 'None'
[2.839s] Level 5:colcon.colcon_core.verb:set package 'simulator' build argument 'catkin_cmake_args' from command line to 'None'
[2.840s] Level 5:colcon.colcon_core.verb:set package 'simulator' build argument 'catkin_skip_building_tests' from command line to 'False'
[2.840s] DEBUG:colcon.colcon_core.verb:Building package 'simulator' with the following arguments: {'ament_cmake_args': None, 'build_base': '/home/joon/mission_hard/mission_hard/build/simulator', 'catkin_cmake_args': None, 'catkin_skip_building_tests': False, 'cmake_args': None, 'cmake_clean_cache': False, 'cmake_clean_first': False, 'cmake_force_configure': False, 'cmake_target': None, 'cmake_target_skip_unavailable': False, 'install_base': '/home/joon/mission_hard/mission_hard/install/simulator', 'merge_install': False, 'path': '/home/joon/mission_hard/mission_hard/src/app/simulator', 'symlink_install': True, 'test_result_base': None}
[2.840s] INFO:colcon.colcon_core.executor:Executing jobs using 'parallel' executor
[2.841s] DEBUG:colcon.colcon_parallel_executor.executor.parallel:run_until_complete
[2.842s] INFO:colcon.colcon_ros.task.ament_cmake.build:Building ROS package in '/home/joon/mission_hard/mission_hard/src/rte/msg/ad_msgs' with build type 'ament_cmake'
[2.842s] INFO:colcon.colcon_cmake.task.cmake.build:Building CMake package in '/home/joon/mission_hard/mission_hard/src/rte/msg/ad_msgs'
[2.847s] INFO:colcon.colcon_core.plugin_system:Skipping extension 'colcon_core.shell.bat': Not used on non-Windows systems
[2.847s] INFO:colcon.colcon_core.shell:Skip shell extension 'powershell' for command environment: Not usable outside of PowerShell
[2.847s] DEBUG:colcon.colcon_core.shell:Skip shell extension 'dsv' for command environment
[2.857s] DEBUG:colcon.colcon_core.event_handler.log_command:Invoking command in '/home/joon/mission_hard/mission_hard/build/ad_msgs': /usr/bin/cmake --build /home/joon/mission_hard/mission_hard/build/ad_msgs -- -j16 -l16
[3.293s] DEBUG:colcon.colcon_core.event_handler.log_command:Invoked command in '/home/joon/mission_hard/mission_hard/build/ad_msgs' returned '0': /usr/bin/cmake --build /home/joon/mission_hard/mission_hard/build/ad_msgs -- -j16 -l16
[3.307s] DEBUG:colcon.colcon_core.event_handler.log_command:Invoking command in '/home/joon/mission_hard/mission_hard/build/ad_msgs': /usr/bin/cmake --install /home/joon/mission_hard/mission_hard/build/ad_msgs
[3.427s] Level 1:colcon.colcon_core.environment:create_environment_scripts_only(ad_msgs)
[3.427s] DEBUG:colcon.colcon_core.event_handler.log_command:Invoked command in '/home/joon/mission_hard/mission_hard/build/ad_msgs' returned '0': /usr/bin/cmake --install /home/joon/mission_hard/mission_hard/build/ad_msgs
[3.431s] Level 1:colcon.colcon_core.environment:checking '/home/joon/mission_hard/mission_hard/install/ad_msgs' for CMake module files
[3.432s] Level 1:colcon.colcon_core.environment:checking '/home/joon/mission_hard/mission_hard/install/ad_msgs' for CMake config files
[3.433s] Level 1:colcon.colcon_core.shell:create_environment_hook('ad_msgs', 'cmake_prefix_path')
[3.434s] INFO:colcon.colcon_core.shell:Creating environment hook '/home/joon/mission_hard/mission_hard/install/ad_msgs/share/ad_msgs/hook/cmake_prefix_path.ps1'
[3.435s] INFO:colcon.colcon_core.shell:Creating environment descriptor '/home/joon/mission_hard/mission_hard/install/ad_msgs/share/ad_msgs/hook/cmake_prefix_path.dsv'
[3.436s] INFO:colcon.colcon_core.shell:Creating environment hook '/home/joon/mission_hard/mission_hard/install/ad_msgs/share/ad_msgs/hook/cmake_prefix_path.sh'
[3.438s] Level 1:colcon.colcon_core.environment:checking '/home/joon/mission_hard/mission_hard/install/ad_msgs/lib'
[3.438s] Level 1:colcon.colcon_core.shell:create_environment_hook('ad_msgs', 'ld_library_path_lib')
[3.438s] INFO:colcon.colcon_core.shell:Creating environment hook '/home/joon/mission_hard/mission_hard/install/ad_msgs/share/ad_msgs/hook/ld_library_path_lib.ps1'
[3.439s] INFO:colcon.colcon_core.shell:Creating environment descriptor '/home/joon/mission_hard/mission_hard/install/ad_msgs/share/ad_msgs/hook/ld_library_path_lib.dsv'
[3.440s] INFO:colcon.colcon_core.shell:Creating environment hook '/home/joon/mission_hard/mission_hard/install/ad_msgs/share/ad_msgs/hook/ld_library_path_lib.sh'
[3.440s] Level 1:colcon.colcon_core.environment:checking '/home/joon/mission_hard/mission_hard/install/ad_msgs/bin'
[3.440s] Level 1:colcon.colcon_core.environment:checking '/home/joon/mission_hard/mission_hard/install/ad_msgs/lib/pkgconfig/ad_msgs.pc'
[3.443s] Level 1:colcon.colcon_core.environment:checking '/home/joon/mission_hard/mission_hard/install/ad_msgs/lib/python3.10/site-packages'
[3.444s] Level 1:colcon.colcon_core.environment:checking '/home/joon/mission_hard/mission_hard/install/ad_msgs/bin'
[3.444s] INFO:colcon.colcon_core.shell:Creating package script '/home/joon/mission_hard/mission_hard/install/ad_msgs/share/ad_msgs/package.ps1'
[3.445s] INFO:colcon.colcon_core.shell:Creating package descriptor '/home/joon/mission_hard/mission_hard/install/ad_msgs/share/ad_msgs/package.dsv'
[3.446s] INFO:colcon.colcon_core.shell:Creating package script '/home/joon/mission_hard/mission_hard/install/ad_msgs/share/ad_msgs/package.sh'
[3.447s] INFO:colcon.colcon_core.shell:Creating package script '/home/joon/mission_hard/mission_hard/install/ad_msgs/share/ad_msgs/package.bash'
[3.449s] INFO:colcon.colcon_core.shell:Creating package script '/home/joon/mission_hard/mission_hard/install/ad_msgs/share/ad_msgs/package.zsh'
[3.450s] Level 1:colcon.colcon_core.environment:create_file_with_runtime_dependencies(/home/joon/mission_hard/mission_hard/install/ad_msgs/share/colcon-core/packages/ad_msgs)
[3.452s] Level 1:colcon.colcon_core.environment:create_environment_scripts_only(ad_msgs)
[3.453s] Level 1:colcon.colcon_core.environment:checking '/home/joon/mission_hard/mission_hard/install/ad_msgs' for CMake module files
[3.455s] Level 1:colcon.colcon_core.environment:checking '/home/joon/mission_hard/mission_hard/install/ad_msgs' for CMake config files
[3.456s] Level 1:colcon.colcon_core.shell:create_environment_hook('ad_msgs', 'cmake_prefix_path')
[3.457s] INFO:colcon.colcon_core.shell:Creating environment hook '/home/joon/mission_hard/mission_hard/install/ad_msgs/share/ad_msgs/hook/cmake_prefix_path.ps1'
[3.459s] INFO:colcon.colcon_core.shell:Creating environment descriptor '/home/joon/mission_hard/mission_hard/install/ad_msgs/share/ad_msgs/hook/cmake_prefix_path.dsv'
[3.460s] INFO:colcon.colcon_core.shell:Creating environment hook '/home/joon/mission_hard/mission_hard/install/ad_msgs/share/ad_msgs/hook/cmake_prefix_path.sh'
[3.461s] Level 1:colcon.colcon_core.environment:checking '/home/joon/mission_hard/mission_hard/install/ad_msgs/lib'
[3.461s] Level 1:colcon.colcon_core.shell:create_environment_hook('ad_msgs', 'ld_library_path_lib')
[3.461s] INFO:colcon.colcon_core.shell:Creating environment hook '/home/joon/mission_hard/mission_hard/install/ad_msgs/share/ad_msgs/hook/ld_library_path_lib.ps1'
[3.462s] INFO:colcon.colcon_core.shell:Creating environment descriptor '/home/joon/mission_hard/mission_hard/install/ad_msgs/share/ad_msgs/hook/ld_library_path_lib.dsv'
[3.462s] INFO:colcon.colcon_core.shell:Creating environment hook '/home/joon/mission_hard/mission_hard/install/ad_msgs/share/ad_msgs/hook/ld_library_path_lib.sh'
[3.462s] Level 1:colcon.colcon_core.environment:checking '/home/joon/mission_hard/mission_hard/install/ad_msgs/bin'
[3.462s] Level 1:colcon.colcon_core.environment:checking '/home/joon/mission_hard/mission_hard/install/ad_msgs/lib/pkgconfig/ad_msgs.pc'
[3.463s] Level 1:colcon.colcon_core.environment:checking '/home/joon/mission_hard/mission_hard/install/ad_msgs/lib/python3.10/site-packages'
[3.463s] Level 1:colcon.colcon_core.environment:checking '/home/joon/mission_hard/mission_hard/install/ad_msgs/bin'
[3.463s] INFO:colcon.colcon_core.shell:Creating package script '/home/joon/mission_hard/mission_hard/install/ad_msgs/share/ad_msgs/package.ps1'
[3.464s] INFO:colcon.colcon_core.shell:Creating package descriptor '/home/joon/mission_hard/mission_hard/install/ad_msgs/share/ad_msgs/package.dsv'
[3.464s] INFO:colcon.colcon_core.shell:Creating package script '/home/joon/mission_hard/mission_hard/install/ad_msgs/share/ad_msgs/package.sh'
[3.465s] INFO:colcon.colcon_core.shell:Creating package script '/home/joon/mission_hard/mission_hard/install/ad_msgs/share/ad_msgs/package.bash'
[3.466s] INFO:colcon.colcon_core.shell:Creating package script '/home/joon/mission_hard/mission_hard/install/ad_msgs/share/ad_msgs/package.zsh'
[3.466s] Level 1:colcon.colcon_core.environment:create_file_with_runtime_dependencies(/home/joon/mission_hard/mission_hard/install/ad_msgs/share/colcon-core/packages/ad_msgs)
[3.467s] INFO:colcon.colcon_ros.task.ament_cmake.build:Building ROS package in '/home/joon/mission_hard/mission_hard/src/app/autonomous_driving' with build type 'ament_cmake'
[3.467s] INFO:colcon.colcon_cmake.task.cmake.build:Building CMake package in '/home/joon/mission_hard/mission_hard/src/app/autonomous_driving'
[3.468s] INFO:colcon.colcon_core.shell:Skip shell extension 'powershell' for command environment: Not usable outside of PowerShell
[3.468s] DEBUG:colcon.colcon_core.shell:Skip shell extension 'dsv' for command environment
[3.472s] INFO:colcon.colcon_ros.task.ament_cmake.build:Building ROS package in '/home/joon/mission_hard/mission_hard/src/app/evaluation' with build type 'ament_cmake'
[3.472s] INFO:colcon.colcon_cmake.task.cmake.build:Building CMake package in '/home/joon/mission_hard/mission_hard/src/app/evaluation'
[3.472s] INFO:colcon.colcon_core.shell:Skip shell extension 'powershell' for command environment: Not usable outside of PowerShell
[3.472s] DEBUG:colcon.colcon_core.shell:Skip shell extension 'dsv' for command environment
[3.475s] INFO:colcon.colcon_ros.task.ament_cmake.build:Building ROS package in '/home/joon/mission_hard/mission_hard/src/app/mission_manager' with build type 'ament_cmake'
[3.475s] INFO:colcon.colcon_cmake.task.cmake.build:Building CMake package in '/home/joon/mission_hard/mission_hard/src/app/mission_manager'
[3.475s] INFO:colcon.colcon_core.shell:Skip shell extension 'powershell' for command environment: Not usable outside of PowerShell
[3.475s] DEBUG:colcon.colcon_core.shell:Skip shell extension 'dsv' for command environment
[3.478s] INFO:colcon.colcon_ros.task.ament_cmake.build:Building ROS package in '/home/joon/mission_hard/mission_hard/src/app/simulator' with build type 'ament_cmake'
[3.478s] INFO:colcon.colcon_cmake.task.cmake.build:Building CMake package in '/home/joon/mission_hard/mission_hard/src/app/simulator'
[3.479s] INFO:colcon.colcon_core.shell:Skip shell extension 'powershell' for command environment: Not usable outside of PowerShell
[3.479s] DEBUG:colcon.colcon_core.shell:Skip shell extension 'dsv' for command environment
[3.802s] DEBUG:colcon.colcon_core.event_handler.log_command:Invoking command in '/home/joon/mission_hard/mission_hard/build/simulator': AMENT_PREFIX_PATH=/home/joon/mission_hard/mission_hard/install/ad_msgs CMAKE_PREFIX_PATH=/home/joon/mission_hard/mission_hard/install/ad_msgs LD_LIBRARY_PATH=/home/joon/mission_hard/mission_hard/install/ad_msgs/lib PYTHONPATH=/home/joon/mission_hard/mission_hard/install/ad_msgs/local/lib/python3.10/dist-packages /usr/bin/cmake --build /home/joon/mission_hard/mission_hard/build/simulator -- -j16 -l16
[3.812s] DEBUG:colcon.colcon_core.event_handler.log_command:Invoking command in '/home/joon/mission_hard/mission_hard/build/autonomous_driving': AMENT_PREFIX_PATH=/home/joon/mission_hard/mission_hard/install/ad_msgs CMAKE_PREFIX_PATH=/home/joon/mission_hard/mission_hard/install/ad_msgs LD_LIBRARY_PATH=/home/joon/mission_hard/mission_hard/install/ad_msgs/lib PYTHONPATH=/home/joon/mission_hard/mission_hard/install/ad_msgs/local/lib/python3.10/dist-packages /usr/bin/cmake --build /home/joon/mission_hard/mission_hard/build/autonomous_driving -- -j16 -l16
[3.819s] DEBUG:colcon.colcon_core.event_handler.log_command:Invoking command in '/home/joon/mission_hard/mission_hard/build/evaluation': AMENT_PREFIX_PATH=/home/joon/mission_hard/mission_hard/install/ad_msgs CMAKE_PREFIX_PATH=/home/joon/mission_hard/mission_hard/install/ad_msgs LD_LIBRARY_PATH=/home/joon/mission_hard/mission_hard/install/ad_msgs/lib PYTHONPATH=/home/joon/mission_hard/mission_hard/install/ad_msgs/local/lib/python3.10/dist-packages /usr/bin/cmake --build /home/joon/mission_hard/mission_hard/build/evaluation -- -j16 -l16
[3.829s] DEBUG:colcon.colcon_core.event_handler.log_command:Invoking command in '/home/joon/mission_hard/mission_hard/build/mission_manager': AMENT_PREFIX_PATH=/home/joon/mission_hard/mission_hard/install/ad_msgs CMAKE_PREFIX_PATH=/home/joon/mission_hard/mission_hard/install/ad_msgs LD_LIBRARY_PATH=/home/joon/mission_hard/mission_hard/install/ad_msgs/lib PYTHONPATH=/home/joon/mission_hard/mission_hard/install/ad_msgs/local/lib/python3.10/dist-packages /usr/bin/cmake --build /home/joon/mission_hard/mission_hard/build/mission_manager -- -j16 -l16
[3.932s] DEBUG:colcon.colcon_core.event_handler.log_command:Invoked command in '/home/joon/mission_hard/mission_hard/build/evaluation' returned '0': AMENT_PREFIX_PATH=/home/joon/mission_hard/mission_hard/install/ad_msgs CMAKE_PREFIX_PATH=/home/joon/mission_hard/mission_hard/install/ad_msgs LD_LIBRARY_PATH=/home/joon/mission_hard/mission_hard/install/ad_msgs/lib PYTHONPATH=/home/joon/mission_hard/mission_hard/install/ad_msgs/local/lib/python3.10/dist-packages /usr/bin/cmake --build /home/joon/mission_hard/mission_hard/build/evaluation -- -j16 -l16
[3.934s] DEBUG:colcon.colcon_core.event_handler.log_command:Invoking command in '/home/joon/mission_hard/mission_hard/build/evaluation': AMENT_PREFIX_PATH=/home/joon/mission_hard/mission_hard/install/ad_msgs CMAKE_PREFIX_PATH=/home/joon/mission_hard/mission_hard/install/ad_msgs LD_LIBRARY_PATH=/home/joon/mission_hard/mission_hard/install/ad_msgs/lib PYTHONPATH=/home/joon/mission_hard/mission_hard/install/ad_msgs/local/lib/python3.10/dist-packages /usr/bin/cmake --install /home/joon/mission_hard/mission_hard/build/evaluation
[3.948s] DEBUG:colcon.colcon_core.event_handler.log_command:Invoked command in '/home/joon/mission_hard/mission_hard/build/mission_manager' returned '0': AMENT_PREFIX_PATH=/home/joon/mission_hard/mission_hard/install/ad_msgs CMAKE_PREFIX_PATH=/home/joon/mission_hard/mission_hard/install/ad_msgs LD_LIBRARY_PATH=/home/joon/mission_hard/mission_hard/install/ad_msgs/lib PYTHONPATH=/home/joon/mission_hard/mission_hard/install/ad_msgs/local/lib/python3.10/dist-packages /usr/bin/cmake --build /home/joon/mission_hard/mission_hard/build/mission_manager -- -j16 -l16
[3.951s] DEBUG:colcon.colcon_core.event_handler.log_command:Invoking command in '/home/joon/mission_hard/mission_hard/build/mission_manager': AMENT_PREFIX_PATH=/home/joon/mission_hard/mission_hard/install/ad_msgs CMAKE_PREFIX_PATH=/home/joon/mission_hard/mission_hard/install/ad_msgs LD_LIBRARY_PATH=/home/joon/mission_hard/mission_hard/install/ad_msgs/lib PYTHONPATH=/home/joon/mission_hard/mission_hard/install/ad_msgs/local/lib/python3.10/dist-packages /usr/bin/cmake --install /home/joon/mission_hard/mission_hard/build/mission_manager
[3.968s] Level 1:colcon.colcon_core.environment:create_environment_scripts_only(evaluation)
[3.969s] Level 1:colcon.colcon_core.environment:checking '/home/joon/mission_hard/mission_hard/install/evaluation' for CMake module files
[3.971s] DEBUG:colcon.colcon_core.event_handler.log_command:Invoked command in '/home/joon/mission_hard/mission_hard/build/evaluation' returned '0': AMENT_PREFIX_PATH=/home/joon/mission_hard/mission_hard/install/ad_msgs CMAKE_PREFIX_PATH=/home/joon/mission_hard/mission_hard/install/ad_msgs LD_LIBRARY_PATH=/home/joon/mission_hard/mission_hard/install/ad_msgs/lib PYTHONPATH=/home/joon/mission_hard/mission_hard/install/ad_msgs/local/lib/python3.10/dist-packages /usr/bin/cmake --install /home/joon/mission_hard/mission_hard/build/evaluation
[3.971s] Level 1:colcon.colcon_core.environment:checking '/home/joon/mission_hard/mission_hard/install/evaluation' for CMake config files
[3.972s] Level 1:colcon.colcon_core.shell:create_environment_hook('evaluation', 'cmake_prefix_path')
[3.972s] INFO:colcon.colcon_core.shell:Creating environment hook '/home/joon/mission_hard/mission_hard/install/evaluation/share/evaluation/hook/cmake_prefix_path.ps1'
[3.973s] INFO:colcon.colcon_core.shell:Creating environment descriptor '/home/joon/mission_hard/mission_hard/install/evaluation/share/evaluation/hook/cmake_prefix_path.dsv'
[3.974s] INFO:colcon.colcon_core.shell:Creating environment hook '/home/joon/mission_hard/mission_hard/install/evaluation/share/evaluation/hook/cmake_prefix_path.sh'
[3.975s] Level 1:colcon.colcon_core.environment:checking '/home/joon/mission_hard/mission_hard/install/evaluation/lib'
[3.975s] Level 1:colcon.colcon_core.environment:checking '/home/joon/mission_hard/mission_hard/install/evaluation/bin'
[3.975s] Level 1:colcon.colcon_core.environment:checking '/home/joon/mission_hard/mission_hard/install/evaluation/lib/pkgconfig/evaluation.pc'
[3.975s] Level 1:colcon.colcon_core.environment:checking '/home/joon/mission_hard/mission_hard/install/evaluation/lib/python3.10/site-packages'
[3.976s] Level 1:colcon.colcon_core.environment:checking '/home/joon/mission_hard/mission_hard/install/evaluation/bin'
[3.976s] INFO:colcon.colcon_core.shell:Creating package script '/home/joon/mission_hard/mission_hard/install/evaluation/share/evaluation/package.ps1'
[3.977s] INFO:colcon.colcon_core.shell:Creating package descriptor '/home/joon/mission_hard/mission_hard/install/evaluation/share/evaluation/package.dsv'
[3.978s] INFO:colcon.colcon_core.shell:Creating package script '/home/joon/mission_hard/mission_hard/install/evaluation/share/evaluation/package.sh'
[3.978s] INFO:colcon.colcon_core.shell:Creating package script '/home/joon/mission_hard/mission_hard/install/evaluation/share/evaluation/package.bash'
[3.979s] INFO:colcon.colcon_core.shell:Creating package script '/home/joon/mission_hard/mission_hard/install/evaluation/share/evaluation/package.zsh'
[3.980s] Level 1:colcon.colcon_core.environment:create_file_with_runtime_dependencies(/home/joon/mission_hard/mission_hard/install/evaluation/share/colcon-core/packages/evaluation)
[3.980s] Level 1:colcon.colcon_core.environment:create_environment_scripts_only(evaluation)
[3.981s] Level 1:colcon.colcon_core.environment:checking '/home/joon/mission_hard/mission_hard/install/evaluation' for CMake module files
[3.981s] Level 1:colcon.colcon_core.environment:checking '/home/joon/mission_hard/mission_hard/install/evaluation' for CMake config files
[3.982s] Level 1:colcon.colcon_core.shell:create_environment_hook('evaluation', 'cmake_prefix_path')
[3.982s] INFO:colcon.colcon_core.shell:Creating environment hook '/home/joon/mission_hard/mission_hard/install/evaluation/share/evaluation/hook/cmake_prefix_path.ps1'
[3.982s] INFO:colcon.colcon_core.shell:Creating environment descriptor '/home/joon/mission_hard/mission_hard/install/evaluation/share/evaluation/hook/cmake_prefix_path.dsv'
[3.983s] INFO:colcon.colcon_core.shell:Creating environment hook '/home/joon/mission_hard/mission_hard/install/evaluation/share/evaluation/hook/cmake_prefix_path.sh'
[3.983s] Level 1:colcon.colcon_core.environment:checking '/home/joon/mission_hard/mission_hard/install/evaluation/lib'
[3.984s] Level 1:colcon.colcon_core.environment:checking '/home/joon/mission_hard/mission_hard/install/evaluation/bin'
[3.984s] Level 1:colcon.colcon_core.environment:checking '/home/joon/mission_hard/mission_hard/install/evaluation/lib/pkgconfig/evaluation.pc'
[3.984s] Level 1:colcon.colcon_core.environment:checking '/home/joon/mission_hard/mission_hard/install/evaluation/lib/python3.10/site-packages'
[3.984s] Level 1:colcon.colcon_core.environment:checking '/home/joon/mission_hard/mission_hard/install/evaluation/bin'
[3.984s] INFO:colcon.colcon_core.shell:Creating package script '/home/joon/mission_hard/mission_hard/install/evaluation/share/evaluation/package.ps1'
[3.986s] INFO:colcon.colcon_core.shell:Creating package descriptor '/home/joon/mission_hard/mission_hard/install/evaluation/share/evaluation/package.dsv'
[3.987s] INFO:colcon.colcon_core.shell:Creating package script '/home/joon/mission_hard/mission_hard/install/evaluation/share/evaluation/package.sh'
[3.990s] INFO:colcon.colcon_core.shell:Creating package script '/home/joon/mission_hard/mission_hard/install/evaluation/share/evaluation/package.bash'
[3.990s] INFO:colcon.colcon_core.shell:Creating package script '/home/joon/mission_hard/mission_hard/install/evaluation/share/evaluation/package.zsh'
[3.991s] Level 1:colcon.colcon_core.environment:create_file_with_runtime_dependencies(/home/joon/mission_hard/mission_hard/install/evaluation/share/colcon-core/packages/evaluation)
[3.992s] Level 1:colcon.colcon_core.environment:create_environment_scripts_only(mission_manager)
[3.993s] Level 1:colcon.colcon_core.environment:checking '/home/joon/mission_hard/mission_hard/install/mission_manager' for CMake module files
[3.995s] DEBUG:colcon.colcon_core.event_handler.log_command:Invoked command in '/home/joon/mission_hard/mission_hard/build/mission_manager' returned '0': AMENT_PREFIX_PATH=/home/joon/mission_hard/mission_hard/install/ad_msgs CMAKE_PREFIX_PATH=/home/joon/mission_hard/mission_hard/install/ad_msgs LD_LIBRARY_PATH=/home/joon/mission_hard/mission_hard/install/ad_msgs/lib PYTHONPATH=/home/joon/mission_hard/mission_hard/install/ad_msgs/local/lib/python3.10/dist-packages /usr/bin/cmake --install /home/joon/mission_hard/mission_hard/build/mission_manager
[3.996s] Level 1:colcon.colcon_core.environment:checking '/home/joon/mission_hard/mission_hard/install/mission_manager' for CMake config files
[3.996s] Level 1:colcon.colcon_core.shell:create_environment_hook('mission_manager', 'cmake_prefix_path')
[3.996s] INFO:colcon.colcon_core.shell:Creating environment hook '/home/joon/mission_hard/mission_hard/install/mission_manager/share/mission_manager/hook/cmake_prefix_path.ps1'
[3.997s] INFO:colcon.colcon_core.shell:Creating environment descriptor '/home/joon/mission_hard/mission_hard/install/mission_manager/share/mission_manager/hook/cmake_prefix_path.dsv'
[3.997s] INFO:colcon.colcon_core.shell:Creating environment hook '/home/joon/mission_hard/mission_hard/install/mission_manager/share/mission_manager/hook/cmake_prefix_path.sh'
[3.998s] Level 1:colcon.colcon_core.environment:checking '/home/joon/mission_hard/mission_hard/install/mission_manager/lib'
[3.999s] Level 1:colcon.colcon_core.environment:checking '/home/joon/mission_hard/mission_hard/install/mission_manager/bin'
[3.999s] Level 1:colcon.colcon_core.environment:checking '/home/joon/mission_hard/mission_hard/install/mission_manager/lib/pkgconfig/mission_manager.pc'
[3.999s] Level 1:colcon.colcon_core.environment:checking '/home/joon/mission_hard/mission_hard/install/mission_manager/lib/python3.10/site-packages'
[3.999s] Level 1:colcon.colcon_core.environment:checking '/home/joon/mission_hard/mission_hard/install/mission_manager/bin'
[4.000s] INFO:colcon.colcon_core.shell:Creating package script '/home/joon/mission_hard/mission_hard/install/mission_manager/share/mission_manager/package.ps1'
[4.000s] INFO:colcon.colcon_core.shell:Creating package descriptor '/home/joon/mission_hard/mission_hard/install/mission_manager/share/mission_manager/package.dsv'
[4.001s] INFO:colcon.colcon_core.shell:Creating package script '/home/joon/mission_hard/mission_hard/install/mission_manager/share/mission_manager/package.sh'
[4.002s] INFO:colcon.colcon_core.shell:Creating package script '/home/joon/mission_hard/mission_hard/install/mission_manager/share/mission_manager/package.bash'
[4.002s] INFO:colcon.colcon_core.shell:Creating package script '/home/joon/mission_hard/mission_hard/install/mission_manager/share/mission_manager/package.zsh'
[4.002s] Level 1:colcon.colcon_core.environment:create_file_with_runtime_dependencies(/home/joon/mission_hard/mission_hard/install/mission_manager/share/colcon-core/packages/mission_manager)
[4.004s] Level 1:colcon.colcon_core.environment:create_environment_scripts_only(mission_manager)
[4.004s] Level 1:colcon.colcon_core.environment:checking '/home/joon/mission_hard/mission_hard/install/mission_manager' for CMake module files
[4.004s] Level 1:colcon.colcon_core.environment:checking '/home/joon/mission_hard/mission_hard/install/mission_manager' for CMake config files
[4.005s] Level 1:colcon.colcon_core.shell:create_environment_hook('mission_manager', 'cmake_prefix_path')
[4.005s] INFO:colcon.colcon_core.shell:Creating environment hook '/home/joon/mission_hard/mission_hard/install/mission_manager/share/mission_manager/hook/cmake_prefix_path.ps1'
[4.006s] INFO:colcon.colcon_core.shell:Creating environment descriptor '/home/joon/mission_hard/mission_hard/install/mission_manager/share/mission_manager/hook/cmake_prefix_path.dsv'
[4.006s] INFO:colcon.colcon_core.shell:Creating environment hook '/home/joon/mission_hard/mission_hard/install/mission_manager/share/mission_manager/hook/cmake_prefix_path.sh'
[4.007s] Level 1:colcon.colcon_core.environment:checking '/home/joon/mission_hard/mission_hard/install/mission_manager/lib'
[4.007s] Level 1:colcon.colcon_core.environment:checking '/home/joon/mission_hard/mission_hard/install/mission_manager/bin'
[4.007s] Level 1:colcon.colcon_core.environment:checking '/home/joon/mission_hard/mission_hard/install/mission_manager/lib/pkgconfig/mission_manager.pc'
[4.007s] Level 1:colcon.colcon_core.environment:checking '/home/joon/mission_hard/mission_hard/install/mission_manager/lib/python3.10/site-packages'
[4.007s] Level 1:colcon.colcon_core.environment:checking '/home/joon/mission_hard/mission_hard/install/mission_manager/bin'
[4.008s] INFO:colcon.colcon_core.shell:Creating package script '/home/joon/mission_hard/mission_hard/install/mission_manager/share/mission_manager/package.ps1'
[4.010s] INFO:colcon.colcon_core.shell:Creating package descriptor '/home/joon/mission_hard/mission_hard/install/mission_manager/share/mission_manager/package.dsv'
[4.011s] INFO:colcon.colcon_core.shell:Creating package script '/home/joon/mission_hard/mission_hard/install/mission_manager/share/mission_manager/package.sh'
[4.012s] INFO:colcon.colcon_core.shell:Creating package script '/home/joon/mission_hard/mission_hard/install/mission_manager/share/mission_manager/package.bash'
[4.013s] INFO:colcon.colcon_core.shell:Creating package script '/home/joon/mission_hard/mission_hard/install/mission_manager/share/mission_manager/package.zsh'
[4.013s] Level 1:colcon.colcon_core.environment:create_file_with_runtime_dependencies(/home/joon/mission_hard/mission_hard/install/mission_manager/share/colcon-core/packages/mission_manager)
[53.252s] DEBUG:colcon.colcon_core.event_handler.log_command:Invoked command in '/home/joon/mission_hard/mission_hard/build/autonomous_driving' returned '0': AMENT_PREFIX_PATH=/home/joon/mission_hard/mission_hard/install/ad_msgs CMAKE_PREFIX_PATH=/home/joon/mission_hard/mission_hard/install/ad_msgs LD_LIBRARY_PATH=/home/joon/mission_hard/mission_hard/install/ad_msgs/lib PYTHONPATH=/home/joon/mission_hard/mission_hard/install/ad_msgs/local/lib/python3.10/dist-packages /usr/bin/cmake --build /home/joon/mission_hard/mission_hard/build/autonomous_driving -- -j16 -l16
[53.254s] DEBUG:colcon.colcon_core.event_handler.log_command:Invoking command in '/home/joon/mission_hard/mission_hard/build/autonomous_driving': AMENT_PREFIX_PATH=/home/joon/mission_hard/mission_hard/install/ad_msgs CMAKE_PREFIX_PATH=/home/joon/mission_hard/mission_hard/install/ad_msgs LD_LIBRARY_PATH=/home/joon/mission_hard/mission_hard/install/ad_msgs/lib PYTHONPATH=/home/joon/mission_hard/mission_hard/install/ad_msgs/local/lib/python3.10/dist-packages /usr/bin/cmake --install /home/joon/mission_hard/mission_hard/build/autonomous_driving
[53.285s] Level 1:colcon.colcon_core.environment:create_environment_scripts_only(autonomous_driving)
[53.285s] DEBUG:colcon.colcon_core.event_handler.log_command:Invoked command in '/home/joon/mission_hard/mission_hard/build/autonomous_driving' returned '0': AMENT_PREFIX_PATH=/home/joon/mission_hard/mission_hard/install/ad_msgs CMAKE_PREFIX_PATH=/home/joon/mission_hard/mission_hard/install/ad_msgs LD_LIBRARY_PATH=/home/joon/mission_hard/mission_hard/install/ad_msgs/lib PYTHONPATH=/home/joon/mission_hard/mission_hard/install/ad_msgs/local/lib/python3.10/dist-packages /usr/bin/cmake --install /home/joon/mission_hard/mission_hard/build/autonomous_driving
[53.285s] Level 1:colcon.colcon_core.environment:checking '/home/joon/mission_hard/mission_hard/install/autonomous_driving' for CMake module files
[53.286s] Level 1:colcon.colcon_core.environment:checking '/home/joon/mission_hard/mission_hard/install/autonomous_driving' for CMake config files
[53.287s] Level 1:colcon.colcon_core.shell:create_environment_hook('autonomous_driving', 'cmake_prefix_path')
[53.287s] INFO:colcon.colcon_core.shell:Creating environment hook '/home/joon/mission_hard/mission_hard/install/autonomous_driving/share/autonomous_driving/hook/cmake_prefix_path.ps1'
[53.288s] INFO:colcon.colcon_core.shell:Creating environment descriptor '/home/joon/mission_hard/mission_hard/install/autonomous_driving/share/autonomous_driving/hook/cmake_prefix_path.dsv'
[53.288s] INFO:colcon.colcon_core.shell:Creating environment hook '/home/joon/mission_hard/mission_hard/install/autonomous_driving/share/autonomous_driving/hook/cmake_prefix_path.sh'
[53.289s] Level 1:colcon.colcon_core.environment:checking '/home/joon/mission_hard/mission_hard/install/autonomous_driving/lib'
[53.290s] Level 1:colcon.colcon_core.environment:checking '/home/joon/mission_hard/mission_hard/install/autonomous_driving/bin'
[53.290s] Level 1:colcon.colcon_core.environment:checking '/home/joon/mission_hard/mission_hard/install/autonomous_driving/lib/pkgconfig/autonomous_driving.pc'
[53.290s] Level 1:colcon.colcon_core.environment:checking '/home/joon/mission_hard/mission_hard/install/autonomous_driving/lib/python3.10/site-packages'
[53.290s] Level 1:colcon.colcon_core.environment:checking '/home/joon/mission_hard/mission_hard/install/autonomous_driving/bin'
[53.290s] INFO:colcon.colcon_core.shell:Creating package script '/home/joon/mission_hard/mission_hard/install/autonomous_driving/share/autonomous_driving/package.ps1'
[53.291s] INFO:colcon.colcon_core.shell:Creating package descriptor '/home/joon/mission_hard/mission_hard/install/autonomous_driving/share/autonomous_driving/package.dsv'
[53.292s] INFO:colcon.colcon_core.shell:Creating package script '/home/joon/mission_hard/mission_hard/install/autonomous_driving/share/autonomous_driving/package.sh'
[53.292s] INFO:colcon.colcon_core.shell:Creating package script '/home/joon/mission_hard/mission_hard/install/autonomous_driving/share/autonomous_driving/package.bash'
[53.293s] INFO:colcon.colcon_core.shell:Creating package script '/home/joon/mission_hard/mission_hard/install/autonomous_driving/share/autonomous_driving/package.zsh'
[53.294s] Level 1:colcon.colcon_core.environment:create_file_with_runtime_dependencies(/home/joon/mission_hard/mission_hard/install/autonomous_driving/share/colcon-core/packages/autonomous_driving)
[53.294s] Level 1:colcon.colcon_core.environment:create_environment_scripts_only(autonomous_driving)
[53.294s] Level 1:colcon.colcon_core.environment:checking '/home/joon/mission_hard/mission_hard/install/autonomous_driving' for CMake module files
[53.295s] Level 1:colcon.colcon_core.environment:checking '/home/joon/mission_hard/mission_hard/install/autonomous_driving' for CMake config files
[53.296s] Level 1:colcon.colcon_core.shell:create_environment_hook('autonomous_driving', 'cmake_prefix_path')
[53.296s] INFO:colcon.colcon_core.shell:Creating environment hook '/home/joon/mission_hard/mission_hard/install/autonomous_driving/share/autonomous_driving/hook/cmake_prefix_path.ps1'
[53.296s] INFO:colcon.colcon_core.shell:Creating environment descriptor '/home/joon/mission_hard/mission_hard/install/autonomous_driving/share/autonomous_driving/hook/cmake_prefix_path.dsv'
[53.297s] INFO:colcon.colcon_core.shell:Creating environment hook '/home/joon/mission_hard/mission_hard/install/autonomous_driving/share/autonomous_driving/hook/cmake_prefix_path.sh'
[53.298s] Level 1:colcon.colcon_core.environment:checking '/home/joon/mission_hard/mission_hard/install/autonomous_driving/lib'
[53.298s] Level 1:colcon.colcon_core.environment:checking '/home/joon/mission_hard/mission_hard/install/autonomous_driving/bin'
[53.298s] Level 1:colcon.colcon_core.environment:checking '/home/joon/mission_hard/mission_hard/install/autonomous_driving/lib/pkgconfig/autonomous_driving.pc'
[53.299s] Level 1:colcon.colcon_core.environment:checking '/home/joon/mission_hard/mission_hard/install/autonomous_driving/lib/python3.10/site-packages'
[53.299s] Level 1:colcon.colcon_core.environment:checking '/home/joon/mission_hard/mission_hard/install/autonomous_driving/bin'
[53.299s] INFO:colcon.colcon_core.shell:Creating package script '/home/joon/mission_hard/mission_hard/install/autonomous_driving/share/autonomous_driving/package.ps1'
[53.300s] INFO:colcon.colcon_core.shell:Creating package descriptor '/home/joon/mission_hard/mission_hard/install/autonomous_driving/share/autonomous_driving/package.dsv'
[53.300s] INFO:colcon.colcon_core.shell:Creating package script '/home/joon/mission_hard/mission_hard/install/autonomous_driving/share/autonomous_driving/package.sh'
[53.301s] INFO:colcon.colcon_core.shell:Creating package script '/home/joon/mission_hard/mission_hard/install/autonomous_driving/share/autonomous_driving/package.bash'
[53.301s] INFO:colcon.colcon_core.shell:Creating package script '/home/joon/mission_hard/mission_hard/install/autonomous_driving/share/autonomous_driving/package.zsh'
[53.302s] Level 1:colcon.colcon_core.environment:create_file_with_runtime_dependencies(/home/joon/mission_hard/mission_hard/install/autonomous_driving/share/colcon-core/packages/autonomous_driving)
[56.983s] DEBUG:colcon.colcon_core.event_handler.log_command:Invoked command in '/home/joon/mission_hard/mission_hard/build/simulator' returned '0': AMENT_PREFIX_PATH=/home/joon/mission_hard/mission_hard/install/ad_msgs CMAKE_PREFIX_PATH=/home/joon/mission_hard/mission_hard/install/ad_msgs LD_LIBRARY_PATH=/home/joon/mission_hard/mission_hard/install/ad_msgs/lib PYTHONPATH=/home/joon/mission_hard/mission_hard/install/ad_msgs/local/lib/python3.10/dist-packages /usr/bin/cmake --build /home/joon/mission_hard/mission_hard/build/simulator -- -j16 -l16
[56.986s] DEBUG:colcon.colcon_core.event_handler.log_command:Invoking command in '/home/joon/mission_hard/mission_hard/build/simulator': AMENT_PREFIX_PATH=/home/joon/mission_hard/mission_hard/install/ad_msgs CMAKE_PREFIX_PATH=/home/joon/mission_hard/mission_hard/install/ad_msgs LD_LIBRARY_PATH=/home/joon/mission_hard/mission_hard/install/ad_msgs/lib PYTHONPATH=/home/joon/mission_hard/mission_hard/install/ad_msgs/local/lib/python3.10/dist-packages /usr/bin/cmake --install /home/joon/mission_hard/mission_hard/build/simulator
[57.015s] Level 1:colcon.colcon_core.environment:create_environment_scripts_only(simulator)
[57.016s] DEBUG:colcon.colcon_core.event_handler.log_command:Invoked command in '/home/joon/mission_hard/mission_hard/build/simulator' returned '0': AMENT_PREFIX_PATH=/home/joon/mission_hard/mission_hard/install/ad_msgs CMAKE_PREFIX_PATH=/home/joon/mission_hard/mission_hard/install/ad_msgs LD_LIBRARY_PATH=/home/joon/mission_hard/mission_hard/install/ad_msgs/lib PYTHONPATH=/home/joon/mission_hard/mission_hard/install/ad_msgs/local/lib/python3.10/dist-packages /usr/bin/cmake --install /home/joon/mission_hard/mission_hard/build/simulator
[57.016s] Level 1:colcon.colcon_core.environment:checking '/home/joon/mission_hard/mission_hard/install/simulator' for CMake module files
[57.018s] Level 1:colcon.colcon_core.environment:checking '/home/joon/mission_hard/mission_hard/install/simulator' for CMake config files
[57.019s] Level 1:colcon.colcon_core.shell:create_environment_hook('simulator', 'cmake_prefix_path')
[57.019s] INFO:colcon.colcon_core.shell:Creating environment hook '/home/joon/mission_hard/mission_hard/install/simulator/share/simulator/hook/cmake_prefix_path.ps1'
[57.020s] INFO:colcon.colcon_core.shell:Creating environment descriptor '/home/joon/mission_hard/mission_hard/install/simulator/share/simulator/hook/cmake_prefix_path.dsv'
[57.021s] INFO:colcon.colcon_core.shell:Creating environment hook '/home/joon/mission_hard/mission_hard/install/simulator/share/simulator/hook/cmake_prefix_path.sh'
[57.021s] Level 1:colcon.colcon_core.environment:checking '/home/joon/mission_hard/mission_hard/install/simulator/lib'
[57.022s] Level 1:colcon.colcon_core.environment:checking '/home/joon/mission_hard/mission_hard/install/simulator/bin'
[57.022s] Level 1:colcon.colcon_core.environment:checking '/home/joon/mission_hard/mission_hard/install/simulator/lib/pkgconfig/simulator.pc'
[57.022s] Level 1:colcon.colcon_core.environment:checking '/home/joon/mission_hard/mission_hard/install/simulator/lib/python3.10/site-packages'
[57.022s] Level 1:colcon.colcon_core.environment:checking '/home/joon/mission_hard/mission_hard/install/simulator/bin'
[57.022s] INFO:colcon.colcon_core.shell:Creating package script '/home/joon/mission_hard/mission_hard/install/simulator/share/simulator/package.ps1'
[57.023s] INFO:colcon.colcon_core.shell:Creating package descriptor '/home/joon/mission_hard/mission_hard/install/simulator/share/simulator/package.dsv'
[57.023s] INFO:colcon.colcon_core.shell:Creating package script '/home/joon/mission_hard/mission_hard/install/simulator/share/simulator/package.sh'
[57.024s] INFO:colcon.colcon_core.shell:Creating package script '/home/joon/mission_hard/mission_hard/install/simulator/share/simulator/package.bash'
[57.024s] INFO:colcon.colcon_core.shell:Creating package script '/home/joon/mission_hard/mission_hard/install/simulator/share/simulator/package.zsh'
[57.025s] Level 1:colcon.colcon_core.environment:create_file_with_runtime_dependencies(/home/joon/mission_hard/mission_hard/install/simulator/share/colcon-core/packages/simulator)
[57.026s] Level 1:colcon.colcon_core.environment:create_environment_scripts_only(simulator)
[57.026s] Level 1:colcon.colcon_core.environment:checking '/home/joon/mission_hard/mission_hard/install/simulator' for CMake module files
[57.026s] Level 1:colcon.colcon_core.environment:checking '/home/joon/mission_hard/mission_hard/install/simulator' for CMake config files
[57.026s] Level 1:colcon.colcon_core.shell:create_environment_hook('simulator', 'cmake_prefix_path')
[57.027s] INFO:colcon.colcon_core.shell:Creating environment hook '/home/joon/mission_hard/mission_hard/install/simulator/share/simulator/hook/cmake_prefix_path.ps1'
[57.027s] INFO:colcon.colcon_core.shell:Creating environment descriptor '/home/joon/mission_hard/mission_hard/install/simulator/share/simulator/hook/cmake_prefix_path.dsv'
[57.028s] INFO:colcon.colcon_core.shell:Creating environment hook '/home/joon/mission_hard/mission_hard/install/simulator/share/simulator/hook/cmake_prefix_path.sh'
[57.030s] Level 1:colcon.colcon_core.environment:checking '/home/joon/mission_hard/mission_hard/install/simulator/lib'
[57.030s] Level 1:colcon.colcon_core.environment:checking '/home/joon/mission_hard/mission_hard/install/simulator/bin'
[57.031s] Level 1:colcon.colcon_core.environment:checking '/home/joon/mission_hard/mission_hard/install/simulator/lib/pkgconfig/simulator.pc'
[57.031s] Level 1:colcon.colcon_core.environment:checking '/home/joon/mission_hard/mission_hard/install/simulator/lib/python3.10/site-packages'
[57.032s] Level 1:colcon.colcon_core.environment:checking '/home/joon/mission_hard/mission_hard/install/simulator/bin'
[57.032s] INFO:colcon.colcon_core.shell:Creating package script '/home/joon/mission_hard/mission_hard/install/simulator/share/simulator/package.ps1'
[57.032s] INFO:colcon.colcon_core.shell:Creating package descriptor '/home/joon/mission_hard/mission_hard/install/simulator/share/simulator/package.dsv'
[57.033s] INFO:colcon.colcon_core.shell:Creating package script '/home/joon/mission_hard/mission_hard/install/simulator/share/simulator/package.sh'
[57.034s] INFO:colcon.colcon_core.shell:Creating package script '/home/joon/mission_hard/mission_hard/install/simulator/share/simulator/package.bash'
[57.035s] INFO:colcon.colcon_core.shell:Creating package script '/home/joon/mission_hard/mission_hard/install/simulator/share/simulator/package.zsh'
[57.035s] Level 1:colcon.colcon_core.environment:create_file_with_runtime_dependencies(/home/joon/mission_hard/mission_hard/install/simulator/share/colcon-core/packages/simulator)
[57.036s] DEBUG:colcon.colcon_parallel_executor.executor.parallel:closing loop
[57.037s] DEBUG:colcon.colcon_parallel_executor.executor.parallel:loop closed
[57.037s] DEBUG:colcon.colcon_parallel_executor.executor.parallel:run_until_complete finished with '0'
[57.037s] DEBUG:colcon.colcon_core.event_reactor:joining thread
[64.937s] INFO:colcon.colcon_core.plugin_system:Skipping extension 'colcon_notification.desktop_notification.notify_send': Could not find 'notify-send'
[64.937s] INFO:colcon.colcon_core.plugin_system:Skipping extension 'colcon_notification.desktop_notification.terminal_notifier': Not used on non-Darwin systems
[64.937s] INFO:colcon.colcon_core.plugin_system:Skipping extension 'colcon_notification.desktop_notification.win32': Not used on non-Windows systems
[64.937s] INFO:colcon.colcon_notification.desktop_notification:Sending desktop notification using 'notify2'
[64.938s] DEBUG:colcon.colcon_notification.desktop_notification.notify2:Failed to initialize notify2: org.freedesktop.DBus.Error.FileNotFound: Failed to connect to socket /run/user/1000/bus: No such file or directory
[64.938s] DEBUG:colcon.colcon_core.event_reactor:joined thread
[64.938s] INFO:colcon.colcon_core.shell:Creating prefix script '/home/joon/mission_hard/mission_hard/install/local_setup.ps1'
[64.941s] INFO:colcon.colcon_core.shell:Creating prefix util module '/home/joon/mission_hard/mission_hard/install/_local_setup_util_ps1.py'
[64.944s] INFO:colcon.colcon_core.shell:Creating prefix chain script '/home/joon/mission_hard/mission_hard/install/setup.ps1'
[64.946s] INFO:colcon.colcon_core.shell:Creating prefix script '/home/joon/mission_hard/mission_hard/install/local_setup.sh'
[64.947s] INFO:colcon.colcon_core.shell:Creating prefix util module '/home/joon/mission_hard/mission_hard/install/_local_setup_util_sh.py'
[64.948s] INFO:colcon.colcon_core.shell:Creating prefix chain script '/home/joon/mission_hard/mission_hard/install/setup.sh'
[64.950s] INFO:colcon.colcon_core.shell:Creating prefix script '/home/joon/mission_hard/mission_hard/install/local_setup.bash'
[64.951s] INFO:colcon.colcon_core.shell:Creating prefix chain script '/home/joon/mission_hard/mission_hard/install/setup.bash'
[64.952s] INFO:colcon.colcon_core.shell:Creating prefix script '/home/joon/mission_hard/mission_hard/install/local_setup.zsh'
[64.954s] INFO:colcon.colcon_core.shell:Creating prefix chain script '/home/joon/mission_hard/mission_hard/install/setup.zsh'
